10-17 12:40:30.970 D/GSM     (  605): [GSMPhone] getDataConnectionState: Data is Out of Service. ret = DISCONNECTED
10-17 12:40:30.980 I/SearchManagerService(  399): Building list of searchable activities
10-17 12:40:30.980 E/PHONE   (  605): Settings Exception Reading Dual Sim Data Call Values
10-17 12:40:30.980 D/GSM     (  605): [MSimDefaultPhoneNotifier] subscription = 0, DDS = 0
10-17 12:40:31.010 D/GSM     (  605): [ApnContext:default] setDataConnection: old dc=null new dc=null this={mApnType=default mState=IDLE mWaitingApns=null mWaitingApnsPermanentFailureCountDown=0 mDataProfile =null mDataConnectionAc=null mReason=radioTurnedOff mDataEnabled=true mDependencyMet=true}
10-17 12:40:31.010 D/GSM     (  605): [ApnContext:default] setDataConnectionAc: old dcac=null new dcac=null
10-17 12:40:31.010 D/GSM     (  605): [ApnContext:mms] set reason as radioTurnedOff,current state IDLE
10-17 12:40:31.010 D/GSM     (  605): [ApnContext:mms] setState: IDLE, previous state:IDLE
10-17 12:40:31.010 D/GSM     (  605): [GSMPhone] getDataConnectionState: Data is Out of Service. ret = DISCONNECTED
10-17 12:40:31.010 E/PHONE   (  605): Settings Exception Reading Dual Sim Data Call Values
10-17 12:40:31.010 D/OpenGLRenderer(  527): Enabling debug mode 0
10-17 12:40:31.010 D/GSM     (  605): [MSimDefaultPhoneNotifier] subscription = 0, DDS = 0
10-17 12:40:31.030 D/GSM     (  605): [ApnContext:mms] setDataConnection: old dc=null new dc=null this={mApnType=mms mState=IDLE mWaitingApns=null mWaitingApnsPermanentFailureCountDown=0 mDataProfile =null mDataConnectionAc=null mReason=radioTurnedOff mDataEnabled=false mDependencyMet=true}
10-17 12:40:31.030 D/GSM     (  605): [ApnContext:mms] setDataConnectionAc: old dcac=null new dcac=null
10-17 12:40:31.030 D/GSM     (  605): [ApnContext:cbs] set reason as radioTurnedOff,current state IDLE
10-17 12:40:31.030 D/GSM     (  605): [ApnContext:cbs] setState: IDLE, previous state:IDLE
10-17 12:40:31.030 D/GSM     (  605): [GSMPhone] getDataConnectionState: Data is Out of Service. ret = DISCONNECTED
10-17 12:40:31.030 E/PHONE   (  605): Settings Exception Reading Dual Sim Data Call Values
10-17 12:40:31.030 D/GSM     (  605): [MSimDefaultPhoneNotifier] subscription = 0, DDS = 0
10-17 12:40:31.040 D/GSM     (  605): [ApnContext:cbs] setDataConnection: old dc=null new dc=null this={mApnType=cbs mState=IDLE mWaitingApns=null mWaitingApnsPermanentFailureCountDown=0 mDataProfile =null mDataConnectionAc=null mReason=radioTurnedOff mDataEnabled=false mDependencyMet=true}
10-17 12:40:31.040 D/GSM     (  605): [ApnContext:cbs] setDataConnectionAc: old dcac=null new dcac=null
10-17 12:40:31.040 D/GSM     (  605): [MSimGsmDCT:0] cleanUpConnection: mDisconnectPendingCount = 0
10-17 12:40:31.040 E/PHONE   (  605): Settings Exception Reading Dual Sim Data Call Values
10-17 12:40:31.040 D/GSM     (  605): [MSimDefaultPhoneNotifier] subscription = 0, DDS = 0
10-17 12:40:31.050 E/PHONE   (  605): Settings Exception Reading Dual Sim Data Call Values
10-17 12:40:31.050 D/GSM     (  605): [MSimDefaultPhoneNotifier] subscription = 0, DDS = 0
10-17 12:40:31.080 E/PHONE   (  605): Settings Exception Reading Dual Sim Data Call Values
10-17 12:40:31.080 D/GSM     (  605): [MSimDefaultPhoneNotifier] subscription = 0, DDS = 0
10-17 12:40:31.090 E/PHONE   (  605): Settings Exception Reading Dual Sim Data Call Values
10-17 12:40:31.090 D/GSM     (  605): [MSimDefaultPhoneNotifier] subscription = 0, DDS = 0
10-17 12:40:31.090 E/PHONE   (  605): Settings Exception Reading Dual Sim Data Call Values
10-17 12:40:31.090 D/GSM     (  605): [MSimDefaultPhoneNotifier] subscription = 0, DDS = 0
10-17 12:40:31.090 E/PHONE   (  605): Settings Exception Reading Dual Sim Data Call Values
10-17 12:40:31.090 D/GSM     (  605): [MSimDefaultPhoneNotifier] subscription = 0, DDS = 0
10-17 12:40:31.120 E/PHONE   (  605): Settings Exception Reading Dual Sim Data Call Values
10-17 12:40:31.120 D/GSM     (  605): [MSimDefaultPhoneNotifier] subscription = 0, DDS = 0
10-17 12:40:31.150 E/PHONE   (  605): Settings Exception Reading Dual Sim Data Call Values
10-17 12:40:31.150 D/GSM     (  605): [GSMPhone] getDataConnectionState: Data is Out of Service. ret = DISCONNECTED
10-17 12:40:31.150 E/PHONE   (  605): Settings Exception Reading Dual Sim Data Call Values
10-17 12:40:31.150 D/GSM     (  605): [MSimDefaultPhoneNotifier] subscription = 0, DDS = 0
10-17 12:40:31.160 I/content_query_sample(  605): [content://call_log/calls,_id/number/date/duration/type,type=3 AND new=1,date DESC,407,,82]
10-17 12:40:31.160 E/PHONE   (  605): Settings Exception Reading Dual Sim Data Call Values
10-17 12:40:31.170 E/Sensors (  399): sensors_poll_context_t::pollEvents, line 202: receive event #### i=3, nb=1
10-17 12:40:31.170 D/GSM     (  605): [MSimDefaultPhoneNotifier] subscription = 0, DDS = 0
10-17 12:40:31.170 E/PHONE   (  605): Settings Exception Reading Dual Sim Data Call Values
10-17 12:40:31.170 D/GSM     (  605): [MSimDefaultPhoneNotifier] subscription = 0, DDS = 0
10-17 12:40:31.180 D/PhoneStatusBar(  527): disable: < expand icons alerts ticker system_info BACK* HOME* RECENT* CLOCK* >
10-17 12:40:31.180 E/PHONE   (  605): Settings Exception Reading Dual Sim Data Call Values
10-17 12:40:31.180 D/GSM     (  605): [MSimDefaultPhoneNotifier] subscription = 0, DDS = 0
10-17 12:40:31.180 E/PHONE   (  605): Settings Exception Reading Dual Sim Data Call Values
10-17 12:40:31.180 D/GSM     (  605): [MSimDefaultPhoneNotifier] subscription = 0, DDS = 0
10-17 12:40:31.200 E/PHONE   (  605): Settings Exception Reading Dual Sim Data Call Values
10-17 12:40:31.200 D/GSM     (  605): [MSimDefaultPhoneNotifier] subscription = 0, DDS = 0
10-17 12:40:31.200 D/WifiService(  399): New client listening to asynchronous messages
10-17 12:40:31.210 E/PHONE   (  605): Settings Exception Reading Dual Sim Data Call Values
10-17 12:40:31.210 D/GSM     (  605): [MSimDefaultPhoneNotifier] subscription = 0, DDS = 0
10-17 12:40:31.220 E/PHONE   (  605): Settings Exception Reading Dual Sim Data Call Values
10-17 12:40:31.220 D/GSM     (  605): [MSimDefaultPhoneNotifier] subscription = 0, DDS = 0
10-17 12:40:31.220 E/PHONE   (  605): Settings Exception Reading Dual Sim Data Call Values
10-17 12:40:31.220 E/PHONE   (  605): Settings Exception Reading Dual Sim Data Call Values
10-17 12:40:31.220 D/GSM     (  605): [MSimDefaultPhoneNotifier] subscription = 0, DDS = 0
10-17 12:40:31.230 E/PHONE   (  605): Settings Exception Reading Dual Sim Data Call Values
10-17 12:40:31.230 D/GSM     (  605): [MSimDefaultPhoneNotifier] subscription = 0, DDS = 0
10-17 12:40:31.230 I/binder_sample(  605): [com.android.internal.telephony.ITelephonyRegistryMSim,8,9,com.android.phone,1]
10-17 12:40:31.250 E/PHONE   (  605): Settings Exception Reading Dual Sim Data Call Values
10-17 12:40:31.250 D/GSM     (  605): [MSimDefaultPhoneNotifier] subscription = 0, DDS = 0
10-17 12:40:31.260 E/PHONE   (  605): Settings Exception Reading Dual Sim Data Call Values
10-17 12:40:31.260 D/GSM     (  605): [MSimDefaultPhoneNotifier] subscription = 0, DDS = 0
10-17 12:40:31.260 E/PHONE   (  605): Settings Exception Reading Dual Sim Data Call Values
10-17 12:40:31.260 D/GSM     (  605): [MSimDefaultPhoneNotifier] subscription = 0, DDS = 0
10-17 12:40:31.280 I/binder_sample(  623): [android.app.ISearchManager,4,302,com.cyanogenmod.trebuchet,60]
10-17 12:40:31.280 E/PHONE   (  605): Settings Exception Reading Dual Sim Data Call Values
10-17 12:40:31.280 D/GSM     (  605): [MSimDefaultPhoneNotifier] subscription = 0, DDS = 0
10-17 12:40:31.290 E/PHONE   (  605): Settings Exception Reading Dual Sim Data Call Values
10-17 12:40:31.290 D/GSM     (  605): [MSimDefaultPhoneNotifier] subscription = 0, DDS = 0
10-17 12:40:31.310 D/GSM     (  605): [MSimGsmDCT:0] setupDataOnReadyApns: roamingOff
10-17 12:40:31.310 D/GSM     (  605): [ApnContext:default] set reason as roamingOff,current state IDLE
10-17 12:40:31.320 E/PHONE   (  605): Settings Exception Reading Dual Sim Data Call Values
10-17 12:40:31.320 D/GSM     (  605): [MSimDefaultPhoneNotifier] subscription = 0, DDS = 0
10-17 12:40:31.330 E/PHONE   (  605): Settings Exception Reading Dual Sim Data Call Values
10-17 12:40:31.330 D/GSM     (  605): [MSimDefaultPhoneNotifier] subscription = 0, DDS = 0
10-17 12:40:31.330 E/PHONE   (  605): Settings Exception Reading Dual Sim Data Call Values
10-17 12:40:31.330 D/GSM     (  605): [MSimDefaultPhoneNotifier] subscription = 0, DDS = 0
10-17 12:40:31.340 E/PHONE   (  605): Settings Exception Reading Dual Sim Data Call Values
10-17 12:40:31.340 D/GSM     (  605): [MSimDefaultPhoneNotifier] subscription = 0, DDS = 0
10-17 12:40:31.340 I/am_on_resume_called(  623): com.cyanogenmod.trebuchet.Launcher
10-17 12:40:31.350 E/PHONE   (  605): Settings Exception Reading Dual Sim Data Call Values
10-17 12:40:31.350 D/GSM     (  605): [MSimDefaultPhoneNotifier] subscription = 0, DDS = 0
10-17 12:40:31.360 E/PHONE   (  605): Settings Exception Reading Dual Sim Data Call Values
10-17 12:40:31.360 D/GSM     (  605): [MSimDefaultPhoneNotifier] subscription = 0, DDS = 0
10-17 12:40:31.370 E/PHONE   (  605): Settings Exception Reading Dual Sim Data Call Values
10-17 12:40:31.370 D/GSM     (  605): [MSimDefaultPhoneNotifier] subscription = 0, DDS = 0
10-17 12:40:31.380 D/GSM     (  605): MSimGsmSMSDispatcher: subId = 0 slotId = -1
10-17 12:40:31.380 D/RIL_MSimIccCardProxy(  605): No card available
10-17 12:40:31.390 D/RIL_MSimIccCardProxy(  605): No card available
10-17 12:40:31.390 D/RILJ    (  605): [0006]> GET_CURRENT_CALLS [SUB1]
10-17 12:40:31.390 D/RILJ    (  605): [0007]> RADIO_POWER on [SUB1]
10-17 12:40:31.410 I/ActivityManager(  399): Start proc com.android.settings for broadcast com.android.settings/.widget.SettingsAppWidgetProvider: pid=723 uid=1000 gids={1015, 3002, 3001, 3003, 1028}
10-17 12:40:31.410 I/GSM     (  605): Network State Changed, get EONS and update operator name display
10-17 12:40:31.410 I/gsm_service_state_change(  605): [1,1,3,1]
10-17 12:40:31.410 I/am_proc_start(  399): [723,1000,com.android.settings,broadcast,com.android.settings/.widget.SettingsAppWidgetProvider]
10-17 12:40:31.420 I/MSimTelephonyRegistry(  399): notifyServiceState: 3 home null null null  Unknown CSS not supported -1 -1 mDataState=3 RoamInd=-1 DefRoamInd=-1 EmergOnly=false
10-17 12:40:31.420 D/StatusBar.MSimNetworkController(  527): updateSimState for subscription :0
10-17 12:40:31.420 E/PHONE   (  605): Settings Exception Reading Dual Sim Data Call Values
10-17 12:40:31.420 E/GSM     (  605): [MSimGsmDCT:1] Ignore GSM msgs since GSM phone is not the current DDS
10-17 12:40:31.420 E/PHONE   (  605): Settings Exception Reading Dual Sim Data Call Values
10-17 12:40:31.420 E/GSM     (  605): [MSimGsmDCT:1] Ignore GSM msgs since GSM phone is not the current DDS
10-17 12:40:31.420 E/PHONE   (  605): Settings Exception Reading Dual Sim Data Call Values
10-17 12:40:31.430 D/DebugService(  605): DebugService DebugService:
10-17 12:40:31.430 W/SignalStrength(  527): getLTELevel - rsrp:2147483647 snr:2147483647 rsrpIconLevel:-1 snrIconLevel:-1
10-17 12:40:31.430 W/SignalStrength(  527): getLTELevel - rssi:99 rssiIconLevel:0
10-17 12:40:31.430 W/SignalStrength(  527): getGsmLevel=0
10-17 12:40:31.430 W/SignalStrength(  527): getLevel=0
10-17 12:40:31.430 D/StatusBar.MSimNetworkController(  527): updateSimState simState =UNKNOWN
10-17 12:40:31.430 D/StatusBar.MSimNetworkController(  527): In updateSimIcon card =0, simState= UNKNOWN
10-17 12:40:31.430 D/StatusBar.MSimNetworkController(  527): refreshViews subscription =0mMSimDataConnected =false
10-17 12:40:31.430 D/StatusBar.MSimNetworkController(  527): refreshViews mMSimDataActivity =0
10-17 12:40:31.430 D/StatusBar.MSimNetworkController(  527): refreshViews connected={ } level=0 mMSimcombinedSignalIconId=0x0/(null) mMSimcombinedActivityIconId=0x0 mAirplaneMode=false mMSimDataActivity=0 mMSimPhoneSignalIconId=0x7f0200f8 mMSimDataDirectionIconId=0x0 mMSimDataSignalIconId=0x0 mMSimDataTypeIconId=0x0 mNoMSimIconId=0x0 mWifiIconId=0x0 mBluetoothTetherIconId=0x1080580
10-17 12:40:31.430 E/GSM     (  605): [MSimGsmDCT:1] Ignore GSM msgs since GSM phone is not the current DDS
10-17 12:40:31.430 E/PHONE   (  605): Settings Exception Reading Dual Sim Data Call Values
10-17 12:40:31.430 E/GSM     (  605): [MSimGsmDCT:1] Ignore GSM msgs since GSM phone is not the current DDS
10-17 12:40:31.430 D/GSM     (  605): MSimGsmSMSDispatcher: subId = 1 slotId = -1
10-17 12:40:31.430 D/RIL_MSimIccCardProxy(  605): No card available
10-17 12:40:31.430 D/RIL_MSimIccCardProxy(  605): No card available
10-17 12:40:31.440 D/TelephonyDebugService(  605): TelephonyDebugService()
10-17 12:40:31.440 D/StatusBar.MSimNetworkController(  527): changing data overlay icon id to 0
10-17 12:40:31.440 D/StatusBar.MSimNetworkController(  527): updateDataIcon subscription =0
10-17 12:40:31.440 D/StatusBar.MSimNetworkController(  527): updateDataIcon dataSub =0
10-17 12:40:31.440 D/StatusBar.MSimNetworkController(  527): updateDataIcon  when SimState =UNKNOWN
10-17 12:40:31.440 D/StatusBar.MSimNetworkController(  527): updateDataIcon when mMSimDataConnected =false
10-17 12:40:31.440 D/StatusBar.MSimNetworkController(  527): updateDataIcon subscription =0
10-17 12:40:31.440 D/RILJ    (  605): [0008]> RADIO_POWER on [SUB0]
10-17 12:40:31.440 I/GSM     (  605): Network State Changed, get EONS and update operator name display
10-17 12:40:31.440 D/RILJ    (  605): [0009]> RADIO_POWER on [SUB0]
10-17 12:40:31.450 W/SignalStrength(  527): getLTELevel - rsrp:2147483647 snr:2147483647 rsrpIconLevel:-1 snrIconLevel:-1
10-17 12:40:31.450 W/SignalStrength(  527): getLTELevel - rssi:99 rssiIconLevel:0
10-17 12:40:31.450 W/SignalStrength(  527): getGsmLevel=0
10-17 12:40:31.450 W/SignalStrength(  527): getLevel=0
10-17 12:40:31.450 I/Choreographer(  527): Skipped 70 frames!  The application may be doing too much work on its main thread.
10-17 12:40:31.450 D/StatusBar.MSimNetworkController(  527): updateDataIcon dataSub =0
10-17 12:40:31.450 D/StatusBar.MSimNetworkController(  527): updateDataIcon  when SimState =UNKNOWN
10-17 12:40:31.450 D/StatusBar.MSimNetworkController(  527): updateDataIcon when mMSimDataConnected =false
10-17 12:40:31.450 D/StatusBar.MSimNetworkController(  527): refreshViews subscription =0mMSimDataConnected =false
10-17 12:40:31.450 D/StatusBar.MSimNetworkController(  527): refreshViews mMSimDataActivity =0
10-17 12:40:31.450 D/StatusBar.MSimNetworkController(  527): refreshViews connected={ } level=0 mMSimcombinedSignalIconId=0x0/(null) mMSimcombinedActivityIconId=0x0 mAirplaneMode=false mMSimDataActivity=0 mMSimPhoneSignalIconId=0x7f0200f8 mMSimDataDirectionIconId=0x0 mMSimDataSignalIconId=0x0 mMSimDataTypeIconId=0x0 mNoMSimIconId=0x0 mWifiIconId=0x0 mBluetoothTetherIconId=0x1080580
10-17 12:40:31.450 D/PhoneStatusBarPolicy(  527): updateSimState for subscription :0
10-17 12:40:31.450 D/RILJ    (  605): [0010]> BASEBAND_VERSION [SUB0]
10-17 12:40:31.450 D/RILJ    (  605): [0011]> GET_IMEI [SUB0]
10-17 12:40:31.450 D/RILJ    (  605): [0012]> GET_IMEISV [SUB0]
10-17 12:40:31.450 E/PHONE   (  605): Settings Exception Reading Dual Sim Data Call Values
10-17 12:40:31.450 D/RILJ    (  605): [0013]> RADIO_POWER on [SUB1]
10-17 12:40:31.450 I/GSM     (  605): Network State Changed, get EONS and update operator name display
10-17 12:40:31.450 D/RILJ    (  605): [0014]> RADIO_POWER on [SUB1]
10-17 12:40:31.450 D/RILJ    (  605): [0015]> BASEBAND_VERSION [SUB1]
10-17 12:40:31.460 D/RILJ    (  605): [0016]> GET_IMEI [SUB1]
10-17 12:40:31.480 D/RILJ    (  605): [0017]> GET_IMEISV [SUB1]
10-17 12:40:31.480 D/libEGL  (  623): loaded /system/lib/egl/libEGL_adreno200.so
10-17 12:40:31.480 E/PHONE   (  605): Settings Exception Reading Dual Sim Data Call Values
10-17 12:40:31.490 E/GSM     (  605): [MSimGsmDCT:1] Ignore GSM msgs since GSM phone is not the current DDS
10-17 12:40:31.490 D/libEGL  (  623): loaded /system/lib/egl/libGLESv1_CM_adreno200.so
10-17 12:40:31.510 D/libEGL  (  623): loaded /system/lib/egl/libGLESv2_adreno200.so
10-17 12:40:31.520 I/Adreno200-EGL(  623): <qeglDrvAPI_eglInitialize:299>: EGL 1.4 QUALCOMM build: AU_LINUX_ANDROID_JB_REL_2.0.3.04.01.01.21.010_msm8625_JB_REL_2.0.3_Merge_release_AU (Merge)
10-17 12:40:31.520 I/Adreno200-EGL(  623): Build Date: 10/26/12 Fri
10-17 12:40:31.520 I/Adreno200-EGL(  623): Local Branch: 
10-17 12:40:31.520 I/Adreno200-EGL(  623): Remote Branch: quic/jb_rel_2.0.3
10-17 12:40:31.520 I/Adreno200-EGL(  623): Local Patches: NONE
10-17 12:40:31.520 I/Adreno200-EGL(  623): Reconstruct Branch: AU_LINUX_ANDROID_JB_REL_2.0.3.04.01.01.21.010 +  NOTHING
10-17 12:40:31.530 D/Bluetooth HSHFP(  605): Starting BluetoothHeadsetService
10-17 12:40:31.530 V/MSimPhoneApp(  605): Action intent recieved:android.intent.action.SIM_STATE_CHANGED
10-17 12:40:31.530 V/MSimPhoneApp(  605): Action intent recieved:android.media.RINGER_MODE_CHANGED
10-17 12:40:31.530 I/notification_cancel(  399): [com.android.phone,5,NULL,0,64]
10-17 12:40:31.530 I/am_proc_bound(  399): [723,com.android.settings]
10-17 12:40:31.530 I/notification_cancel(  399): [com.android.phone,6,NULL,0,64]
10-17 12:40:31.530 I/notification_cancel(  399): [com.android.phone,5,NULL,0,64]
10-17 12:40:31.530 I/notification_cancel(  399): [com.android.phone,21,NULL,0,64]
10-17 12:40:31.540 D/SubscriptionManager(  605): EVENT_CARD_INFO_NOT_AVAILABLE
10-17 12:40:31.540 D/SubscriptionManager(  605): processCardInfoNotAvailable on cardIndex = 0 reason = REASON_RADIO_UNAVAILABLE
10-17 12:40:31.540 D/SubscriptionManager(  605): processCardInfoNotAvailable mSetSubsModeRequired = true
10-17 12:40:31.540 D/SubscriptionManager(  605): EVENT_CARD_INFO_NOT_AVAILABLE
10-17 12:40:31.540 D/SubscriptionManager(  605): processCardInfoNotAvailable on cardIndex = 1 reason = REASON_RADIO_UNAVAILABLE
10-17 12:40:31.540 D/SubscriptionManager(  605): processCardInfoNotAvailable mSetSubsModeRequired = true
10-17 12:40:31.540 V/MSimPhoneApp(  605): Action intent recieved:android.intent.action.SERVICE_STATE
10-17 12:40:31.550 V/MSimPhoneApp(  605): Action intent recieved:android.intent.action.ANY_DATA_STATE
10-17 12:40:31.550 V/MSimPhoneApp(  605): Action intent recieved:android.intent.action.ANY_DATA_STATE
10-17 12:40:31.550 V/MSimPhoneApp(  605): Action intent recieved:android.intent.action.ANY_DATA_STATE
10-17 12:40:31.560 V/MSimPhoneApp(  605): Action intent recieved:android.intent.action.ANY_DATA_STATE
10-17 12:40:31.560 V/MSimPhoneApp(  605): Action intent recieved:android.intent.action.ANY_DATA_STATE
10-17 12:40:31.560 V/MSimPhoneApp(  605): Action intent recieved:android.intent.action.ANY_DATA_STATE
10-17 12:40:31.560 V/MSimPhoneApp(  605): Action intent recieved:android.intent.action.ANY_DATA_STATE
10-17 12:40:31.570 V/MSimPhoneApp(  605): Action intent recieved:android.intent.action.ANY_DATA_STATE
10-17 12:40:31.570 V/MSimPhoneApp(  605): Action intent recieved:android.intent.action.ANY_DATA_STATE
10-17 12:40:31.570 V/MSimPhoneApp(  605): Action intent recieved:android.intent.action.ANY_DATA_STATE
10-17 12:40:31.570 V/MSimPhoneApp(  605): Action intent recieved:android.intent.action.ANY_DATA_STATE
10-17 12:40:31.580 V/MSimPhoneApp(  605): Action intent recieved:android.intent.action.ANY_DATA_STATE
10-17 12:40:31.580 V/MSimPhoneApp(  605): Action intent recieved:android.intent.action.ANY_DATA_STATE
10-17 12:40:31.580 V/MSimPhoneApp(  605): Action intent recieved:android.intent.action.ANY_DATA_STATE
10-17 12:40:31.580 V/MSimPhoneApp(  605): Action intent recieved:android.intent.action.ANY_DATA_STATE
10-17 12:40:31.590 V/MSimPhoneApp(  605): Action intent recieved:android.intent.action.ANY_DATA_STATE
10-17 12:40:31.590 V/MSimPhoneApp(  605): Action intent recieved:android.intent.action.ANY_DATA_STATE
10-17 12:40:31.590 V/MSimPhoneApp(  605): Action intent recieved:android.intent.action.ANY_DATA_STATE
10-17 12:40:31.600 V/MSimPhoneApp(  605): Action intent recieved:android.intent.action.ANY_DATA_STATE
10-17 12:40:31.600 D/OpenGLRenderer(  623): Enabling debug mode 0
10-17 12:40:31.600 V/MSimPhoneApp(  605): Action intent recieved:android.intent.action.ANY_DATA_STATE
10-17 12:40:31.600 V/MSimPhoneApp(  605): Action intent recieved:android.intent.action.ANY_DATA_STATE
10-17 12:40:31.610 V/MSimPhoneApp(  605): Action intent recieved:android.intent.action.ANY_DATA_STATE
10-17 12:40:31.610 V/MSimPhoneApp(  605): Action intent recieved:android.intent.action.ANY_DATA_STATE
10-17 12:40:31.620 V/MSimPhoneApp(  605): Action intent recieved:android.intent.action.ANY_DATA_STATE
10-17 12:40:31.620 V/MSimPhoneApp(  605): Action intent recieved:android.intent.action.ANY_DATA_STATE
10-17 12:40:31.620 V/MSimPhoneApp(  605): Action intent recieved:android.intent.action.ANY_DATA_STATE
10-17 12:40:31.620 V/MSimPhoneApp(  605): Action intent recieved:android.intent.action.ANY_DATA_STATE
10-17 12:40:31.620 V/MSimPhoneApp(  605): Action intent recieved:android.intent.action.ANY_DATA_STATE
10-17 12:40:31.620 V/MSimPhoneApp(  605): Action intent recieved:android.intent.action.ANY_DATA_STATE
10-17 12:40:31.620 V/MSimPhoneApp(  605): Action intent recieved:android.intent.action.ANY_DATA_STATE
10-17 12:40:31.620 V/MSimPhoneApp(  605): Action intent recieved:android.intent.action.ANY_DATA_STATE
10-17 12:40:31.620 V/MSimPhoneApp(  605): Action intent recieved:android.intent.action.ANY_DATA_STATE
10-17 12:40:31.620 V/MSimPhoneApp(  605): Action intent recieved:android.intent.action.ANY_DATA_STATE
10-17 12:40:31.630 V/MSimPhoneApp(  605): Action intent recieved:android.intent.action.ANY_DATA_STATE
10-17 12:40:31.630 V/MSimPhoneApp(  605): Action intent recieved:android.intent.action.ANY_DATA_STATE
10-17 12:40:31.640 V/MSimPhoneApp(  605): Action intent recieved:android.intent.action.ANY_DATA_STATE
10-17 12:40:31.640 V/MSimPhoneApp(  605): Action intent recieved:android.intent.action.ANY_DATA_STATE
10-17 12:40:31.640 V/MSimPhoneApp(  605): Action intent recieved:android.intent.action.SERVICE_STATE
10-17 12:40:31.640 I/notification_cancel(  399): [com.android.phone,7,NULL,0,64]
10-17 12:40:31.640 I/notification_cancel(  399): [com.android.phone,7,NULL,0,64]
10-17 12:40:31.640 I/notification_cancel(  399): [com.android.phone,7,NULL,0,64]
10-17 12:40:31.650 I/notification_cancel(  399): [com.android.phone,7,NULL,0,64]
10-17 12:40:31.650 I/notification_cancel(  399): [com.android.phone,7,NULL,0,64]
10-17 12:40:31.650 I/notification_cancel(  399): [com.android.phone,7,NULL,0,64]
10-17 12:40:31.660 I/notification_cancel(  399): [com.android.phone,7,NULL,0,64]
10-17 12:40:31.660 I/notification_cancel(  399): [com.android.phone,7,NULL,0,64]
10-17 12:40:31.660 I/notification_cancel(  399): [com.android.phone,7,NULL,0,64]
10-17 12:40:31.660 I/notification_cancel(  399): [com.android.phone,7,NULL,0,64]
10-17 12:40:31.660 I/notification_cancel(  399): [com.android.phone,7,NULL,0,64]
10-17 12:40:31.660 I/notification_cancel(  399): [com.android.phone,7,NULL,0,64]
10-17 12:40:31.660 I/notification_cancel(  399): [com.android.phone,7,NULL,0,64]
10-17 12:40:31.660 I/notification_cancel(  399): [com.android.phone,7,NULL,0,64]
10-17 12:40:31.670 I/notification_cancel(  399): [com.android.phone,7,NULL,0,64]
10-17 12:40:31.670 I/notification_cancel(  399): [com.android.phone,7,NULL,0,64]
10-17 12:40:31.670 I/notification_cancel(  399): [com.android.phone,7,NULL,0,64]
10-17 12:40:31.670 I/notification_cancel(  399): [com.android.phone,7,NULL,0,64]
10-17 12:40:31.670 I/notification_cancel(  399): [com.android.phone,7,NULL,0,64]
10-17 12:40:31.670 I/notification_cancel(  399): [com.android.phone,7,NULL,0,64]
10-17 12:40:31.670 I/notification_cancel(  399): [com.android.phone,7,NULL,0,64]
10-17 12:40:31.680 I/notification_cancel(  399): [com.android.phone,7,NULL,0,64]
10-17 12:40:31.680 I/notification_cancel(  399): [com.android.phone,7,NULL,0,64]
10-17 12:40:31.680 I/notification_cancel(  399): [com.android.phone,7,NULL,0,64]
10-17 12:40:31.680 I/notification_cancel(  399): [com.android.phone,7,NULL,0,64]
10-17 12:40:31.680 I/notification_cancel(  399): [com.android.phone,7,NULL,0,64]
10-17 12:40:31.680 I/notification_cancel(  399): [com.android.phone,7,NULL,0,64]
10-17 12:40:31.690 I/notification_cancel(  399): [com.android.phone,7,NULL,0,64]
10-17 12:40:31.690 I/notification_cancel(  399): [com.android.phone,7,NULL,0,64]
10-17 12:40:31.690 I/notification_cancel(  399): [com.android.phone,7,NULL,0,64]
10-17 12:40:31.690 I/notification_cancel(  399): [com.android.phone,7,NULL,0,64]
10-17 12:40:31.700 I/StorageNotification(  527): UMS connection changed to false (media state unmounted)
10-17 12:40:31.700 I/notification_cancel(  399): [com.android.phone,7,NULL,0,64]
10-17 12:40:31.700 I/notification_cancel(  399): [com.android.phone,7,NULL,0,64]
10-17 12:40:31.700 I/notification_cancel(  399): [com.android.phone,7,NULL,0,64]
10-17 12:40:31.700 I/notification_cancel(  399): [com.android.phone,7,NULL,0,64]
10-17 12:40:31.700 I/notification_cancel(  399): [com.android.phone,7,NULL,0,64]
10-17 12:40:31.710 I/notification_cancel(  399): [com.android.phone,7,NULL,0,64]
10-17 12:40:31.800 D/LocalBluetoothProfileManager(  723): LocalBluetoothProfileManager construction complete
10-17 12:40:31.850 D/dalvikvm(  527): GC_CONCURRENT freed 348K, 16% free 6895K/8195K, paused 2ms+11ms, total 74ms
10-17 12:40:31.900 V/SipBroadcastReceiver(  605): start auto registration
10-17 12:40:31.920 D/StatusBar.MSimNetworkController(  527): updateSimState for subscription :0
10-17 12:40:31.920 D/StatusBar.MSimNetworkController(  527): updateSimState simState =UNKNOWN
10-17 12:40:31.920 D/StatusBar.MSimNetworkController(  527): In updateSimIcon card =0, simState= UNKNOWN
10-17 12:40:31.920 D/StatusBar.MSimNetworkController(  527): refreshViews subscription =0mMSimDataConnected =false
10-17 12:40:31.920 W/SignalStrength(  527): getLTELevel - rsrp:2147483647 snr:2147483647 rsrpIconLevel:-1 snrIconLevel:-1
10-17 12:40:31.920 W/SignalStrength(  527): getLTELevel - rssi:99 rssiIconLevel:0
10-17 12:40:31.920 D/StatusBar.MSimNetworkController(  527): refreshViews mMSimDataActivity =0
10-17 12:40:31.930 W/SignalStrength(  527): getGsmLevel=0
10-17 12:40:31.930 W/SignalStrength(  527): getLevel=0
10-17 12:40:31.930 D/StatusBar.MSimNetworkController(  527): refreshViews connected={ } level=0 mMSimcombinedSignalIconId=0x0/(null) mMSimcombinedActivityIconId=0x0 mAirplaneMode=false mMSimDataActivity=0 mMSimPhoneSignalIconId=0x7f0200f8 mMSimDataDirectionIconId=0x0 mMSimDataSignalIconId=0x0 mMSimDataTypeIconId=0x0 mNoMSimIconId=0x0 mWifiIconId=0x0 mBluetoothTetherIconId=0x1080580
10-17 12:40:31.930 D/StatusBar.MSimNetworkController(  527): updateDataIcon subscription =0
10-17 12:40:31.930 D/StatusBar.MSimNetworkController(  527): updateDataIcon dataSub =0
10-17 12:40:31.930 D/StatusBar.MSimNetworkController(  527): updateDataIcon  when SimState =UNKNOWN
10-17 12:40:31.940 I/ActivityManager(  399): Start proc com.android.deskclock for broadcast com.android.deskclock/com.android.alarmclock.AnalogAppWidgetProvider: pid=740 uid=10015 gids={1028}
10-17 12:40:31.940 I/am_proc_start(  399): [740,10015,com.android.deskclock,broadcast,com.android.deskclock/com.android.alarmclock.AnalogAppWidgetProvider]
10-17 12:40:31.950 D/StatusBar.MSimNetworkController(  527): updateDataIcon when mMSimDataConnected =false
10-17 12:40:31.950 D/StatusBar.MSimNetworkController(  527): updateDataIcon subscription =0
10-17 12:40:31.950 D/StatusBar.MSimNetworkController(  527): updateDataIcon dataSub =0
10-17 12:40:31.950 D/StatusBar.MSimNetworkController(  527): updateDataIcon  when SimState =UNKNOWN
10-17 12:40:31.960 D/StatusBar.MSimNetworkController(  527): updateDataIcon when mMSimDataConnected =false
10-17 12:40:31.960 D/StatusBar.MSimNetworkController(  527): refreshViews subscription =0mMSimDataConnected =false
10-17 12:40:31.960 W/SignalStrength(  527): getLTELevel - rsrp:2147483647 snr:2147483647 rsrpIconLevel:-1 snrIconLevel:-1
10-17 12:40:31.960 W/SignalStrength(  527): getLTELevel - rssi:99 rssiIconLevel:0
10-17 12:40:31.960 W/SignalStrength(  527): getGsmLevel=0
10-17 12:40:31.960 W/SignalStrength(  527): getLevel=0
10-17 12:40:31.960 D/StatusBar.MSimNetworkController(  527): refreshViews mMSimDataActivity =0
10-17 12:40:31.960 D/StatusBar.MSimNetworkController(  527): refreshViews connected={ } level=0 mMSimcombinedSignalIconId=0x0/(null) mMSimcombinedActivityIconId=0x0 mAirplaneMode=false mMSimDataActivity=0 mMSimPhoneSignalIconId=0x7f0200f8 mMSimDataDirectionIconId=0x0 mMSimDataSignalIconId=0x0 mMSimDataTypeIconId=0x0 mNoMSimIconId=0x0 mWifiIconId=0x0 mBluetoothTetherIconId=0x1080580
10-17 12:40:31.960 D/PhoneStatusBarPolicy(  527): updateSimState for subscription :0
10-17 12:40:31.970 D/dalvikvm(  137): GC_EXPLICIT freed 34K, 74% free 2164K/8195K, paused 2ms+2ms, total 38ms
10-17 12:40:31.970 D/StatusBar.MSimNetworkController(  527): onServiceStateChanged received on subscription :0state=3
10-17 12:40:31.970 D/StatusBar.MSimNetworkController(  527): updateTelephonySignalStrength: subscription =0
10-17 12:40:31.970 D/StatusBar.MSimNetworkController(  527):  No service
10-17 12:40:31.970 D/StatusBar.MSimNetworkController(  527): updateDataNetType sub = 0 mDataNetType = 0
10-17 12:40:31.970 E/StatusBar.MSimNetworkController(  527): updateDataNetType NETWORK_TYPE_UNKNOWN
10-17 12:40:31.970 D/StatusBar.MSimNetworkController(  527): updateDataIcon subscription =0
10-17 12:40:31.970 D/StatusBar.MSimNetworkController(  527): updateDataIcon dataSub =0
10-17 12:40:31.970 D/StatusBar.MSimNetworkController(  527): updateDataIcon  when SimState =UNKNOWN
10-17 12:40:31.970 D/StatusBar.MSimNetworkController(  527): updateDataIcon when mMSimDataConnected =false
10-17 12:40:31.980 W/SignalStrength(  527): getLTELevel - rsrp:2147483647 snr:2147483647 rsrpIconLevel:-1 snrIconLevel:-1
10-17 12:40:31.980 W/SignalStrength(  527): getLTELevel - rssi:99 rssiIconLevel:0
10-17 12:40:31.980 W/SignalStrength(  527): getGsmLevel=0
10-17 12:40:31.980 W/SignalStrength(  527): getLevel=0
10-17 12:40:31.980 D/StatusBar.MSimNetworkController(  527): refreshViews subscription =0mMSimDataConnected =false
10-17 12:40:31.980 D/StatusBar.MSimNetworkController(  527): refreshViews mMSimDataActivity =0
10-17 12:40:31.980 D/StatusBar.MSimNetworkController(  527): refreshViews connected={ } level=0 mMSimcombinedSignalIconId=0x7f0200f8/com.android.systemui:drawable/stat_sys_signal_null mMSimcombinedActivityIconId=0x0 mAirplaneMode=false mMSimDataActivity=0 mMSimPhoneSignalIconId=0x7f0200f8 mMSimDataDirectionIconId=0x0 mMSimDataSignalIconId=0x7f0200f8 mMSimDataTypeIconId=0x0 mNoMSimIconId=0x0 mWifiIconId=0x0 mBluetoothTetherIconId=0x1080580
10-17 12:40:32.000 D/dalvikvm(  137): GC_EXPLICIT freed <1K, 74% free 2164K/8195K, paused 2ms+2ms, total 26ms
10-17 12:40:32.000 D/StatusBar.MSimNetworkController(  527): onServiceStateChanged received on subscription :1state=3
10-17 12:40:32.010 W/SignalStrength(  527): getLTELevel - rsrp:2147483647 snr:2147483647 rsrpIconLevel:-1 snrIconLevel:-1
10-17 12:40:32.010 W/SignalStrength(  527): getLTELevel - rssi:99 rssiIconLevel:0
10-17 12:40:32.010 W/SignalStrength(  527): getGsmLevel=0
10-17 12:40:32.010 W/SignalStrength(  527): getLevel=0
10-17 12:40:32.010 D/StatusBar.MSimNetworkController(  527): updateTelephonySignalStrength: subscription =1
10-17 12:40:32.010 D/StatusBar.MSimNetworkController(  527):  No service
10-17 12:40:32.010 D/StatusBar.MSimNetworkController(  527): updateDataNetType sub = 1 mDataNetType = 0
10-17 12:40:32.010 E/StatusBar.MSimNetworkController(  527): updateDataNetType NETWORK_TYPE_UNKNOWN
10-17 12:40:32.010 D/StatusBar.MSimNetworkController(  527): updateDataIcon subscription =1
10-17 12:40:32.010 D/StatusBar.MSimNetworkController(  527): updateDataIcon dataSub =0
10-17 12:40:32.010 D/StatusBar.MSimNetworkController(  527): updateDataIcon return
10-17 12:40:32.010 D/StatusBar.MSimNetworkController(  527): refreshViews subscription =1mMSimDataConnected =false
10-17 12:40:32.010 D/StatusBar.MSimNetworkController(  527): refreshViews mMSimDataActivity =0
10-17 12:40:32.010 D/StatusBar.MSimNetworkController(  527): refreshViews connected={ } level=0 mMSimcombinedSignalIconId=0x7f0200f8/com.android.systemui:drawable/stat_sys_signal_null mMSimcombinedActivityIconId=0x0 mAirplaneMode=false mMSimDataActivity=0 mMSimPhoneSignalIconId=0x7f0200f8 mMSimDataDirectionIconId=0x0 mMSimDataSignalIconId=0x7f0200f8 mMSimDataTypeIconId=0x0 mNoMSimIconId=0x0 mWifiIconId=0x0 mBluetoothTetherIconId=0x1080580
10-17 12:40:32.030 D/dalvikvm(  137): GC_EXPLICIT freed <1K, 74% free 2164K/8195K, paused 2ms+4ms, total 24ms
10-17 12:40:32.070 D/SizeAdaptiveLayout(  527): com.android.internal.widget.SizeAdaptiveLayout@412e6cc0child view android.widget.FrameLayout@412ed170 measured out of bounds at 95px clamped to 96px
10-17 12:40:32.080 I/ActivityManager(  399): Displayed com.cyanogenmod.trebuchet/.Launcher: +2s860ms
10-17 12:40:32.080 I/activity_launch_time(  399): [1093835352,com.cyanogenmod.trebuchet/.Launcher,2860,2860]
10-17 12:40:32.100 I/am_proc_bound(  399): [740,com.android.deskclock]
10-17 12:40:32.160 I/ActivityThread(  740): Pub com.android.deskclock: com.android.deskclock.AlarmProvider
10-17 12:40:32.180 I/ActivityThread(  740): Pub com.android.deskclock.timers: com.android.deskclock.TimersProvider
10-17 12:40:32.190 W/ActivityManager(  399): Permission denied: checkComponentPermission() owningUid=1000
10-17 12:40:32.190 W/BroadcastQueue(  399): Permission Denial: broadcasting Intent { act=android.appwidget.action.APPWIDGET_UPDATE_OPTIONS flg=0x10 cmp=com.android.settings/.widget.SettingsAppWidgetProvider (has extras) } from android (pid=623, uid=10042) is not exported from uid 1000 due to receiver com.android.settings/com.android.settings.widget.SettingsAppWidgetProvider
10-17 12:40:32.220 D/PowerManagerService(  399): bootCompleted
10-17 12:40:32.240 V/DevicePolicyManagerService(  399): Sending password expiration notifications for action android.intent.action.BOOT_COMPLETED
10-17 12:40:32.240 D/VoldCmdListener(  130): volume mount /storage/sdcard1
10-17 12:40:32.240 I/Vold    (  130): /dev/block/vold/179:33 being considered for volume sdcard
10-17 12:40:32.240 D/Vold    (  130): Volume sdcard state changing 1 (Idle-Unmounted) -> 3 (Checking)
10-17 12:40:32.250 D/MountService(  399): volume state changed for /storage/sdcard1 (unmounted -> checking)
10-17 12:40:32.260 I/StorageNotification(  527): Media {/storage/sdcard1} state changed from {unmounted} -> {checking} (primary = true)
10-17 12:40:32.270 D/MtpService(  573): onStorageStateChanged /storage/sdcard1 unmounted -> checking
10-17 12:40:32.270 D/MountService(  399): sendStorageIntent Intent { act=android.intent.action.MEDIA_CHECKING dat=file:///storage/sdcard1 (has extras) }
10-17 12:40:32.270 I/am_proc_start(  399): [760,10001,com.android.contacts,broadcast,com.android.contacts/.calllog.CallLogReceiver]
10-17 12:40:32.280 I/ActivityManager(  399): Start proc com.android.contacts for broadcast com.android.contacts/.calllog.CallLogReceiver: pid=760 uid=10001 gids={3003, 1015, 1028}
10-17 12:40:32.280 I/boot_progress_enable_screen(  399): 17771
10-17 12:40:32.290 I//system/bin/fsck_msdos(  130): ** /dev/block/vold/179:33
10-17 12:40:32.310 I/SurfaceFlinger(  136): Boot is finished (11154 ms)
10-17 12:40:32.310 I//system/bin/fsck_msdos(  130): ** Phase 1 - Read FAT (compare skipped)
10-17 12:40:32.310 I//system/bin/fsck_msdos(  130): Attempting to allocate 7483 KB for FAT
10-17 12:40:32.310 I/notification_enqueue(  399): [com.android.systemui,17301675,NULL,Notification(pri=0 contentView=com.android.systemui/0x1090071 vibrate=null sound=null defaults=0x0 flags=0x2 kind=[null])]
10-17 12:40:32.320 D/PhoneStatusBar(  527): addNotification score=0
10-17 12:40:32.320 V/WiredAccessoryObserver(  399): init()
10-17 12:40:32.370 W/WVMExtractor(  139): Failed to open libwvm.so
10-17 12:40:32.370 W/QComExtractorFactory(  139): Didn't match the sniff <=== status = 5 
10-17 12:40:32.370 W/QComExtractorFactory(  139): Didn't match the sniff <=== status = 1 
10-17 12:40:32.370 W/QComExtractorFactory(  139): Didn't match the sniff <=== status = 1 
10-17 12:40:32.370 W/QComExtractorFactory(  139): Didn't match the sniff <=== status = 1 
10-17 12:40:32.370 E/MM_OSAL (  139): ValidateAACFile failed
10-17 12:40:32.370 W/QComExtractorFactory(  139): Didn't match the sniff <=== status = 1 
10-17 12:40:32.370 W/QComExtractorFactory(  139): Didn't match the sniff <=== status = 1 
10-17 12:40:32.400 E/MP-Decision(  791): MPDecision server starting
10-17 12:40:32.400 E/MP-Decision(  791): OPTION ENABLED: Control sleep modes
10-17 12:40:32.400 E/MP-Decision(  791): OPTION ENABLED: Adjusting average
10-17 12:40:32.400 E/MP-Decision(  791): 
10-17 12:40:32.400 E/MP-Decision(  791):  MP Decision Options:
10-17 12:40:32.400 E/MP-Decision(  791): --poll_ms --decision_ms --no_sleep --avg_comp --debug
10-17 12:40:32.400 E/MP-Decision(  791): --Nw=[1..3]:[value] --Tw=[1..3]:[value] --Ns=[1..3]:[value] --Ts=[1..3]:[value]
10-17 12:40:32.440 W/WVMExtractor(  139): Failed to open libwvm.so
10-17 12:40:32.440 W/QComExtractorFactory(  139): Didn't match the sniff <=== status = 5 
10-17 12:40:32.440 W/QComExtractorFactory(  139): Didn't match the sniff <=== status = 1 
10-17 12:40:32.440 W/QComExtractorFactory(  139): Didn't match the sniff <=== status = 1 
10-17 12:40:32.440 W/QComExtractorFactory(  139): Didn't match the sniff <=== status = 1 
10-17 12:40:32.440 E/MM_OSAL (  139): ValidateAACFile failed
10-17 12:40:32.440 W/QComExtractorFactory(  139): Didn't match the sniff <=== status = 1 
10-17 12:40:32.440 W/QComExtractorFactory(  139): Didn't match the sniff <=== status = 1 
10-17 12:40:32.460 D/SizeAdaptiveLayout(  527): com.android.internal.widget.SizeAdaptiveLayout@4130aef8child view android.widget.FrameLayout@4118ea80 measured out of bounds at 95px clamped to 96px
10-17 12:40:32.460 I/am_proc_bound(  399): [760,com.android.contacts]
10-17 12:40:32.540 W/WVMExtractor(  139): Failed to open libwvm.so
10-17 12:40:32.540 W/QComExtractorFactory(  139): Didn't match the sniff <=== status = 5 
10-17 12:40:32.540 W/QComExtractorFactory(  139): Didn't match the sniff <=== status = 1 
10-17 12:40:32.540 W/QComExtractorFactory(  139): Didn't match the sniff <=== status = 1 
10-17 12:40:32.540 W/QComExtractorFactory(  139): Didn't match the sniff <=== status = 1 
10-17 12:40:32.540 E/MM_OSAL (  139): ValidateAACFile failed
10-17 12:40:32.540 W/QComExtractorFactory(  139): Didn't match the sniff <=== status = 1 
10-17 12:40:32.540 W/QComExtractorFactory(  139): Didn't match the sniff <=== status = 1 
10-17 12:40:32.600 E/Sensors (  399): sensors_poll_context_t::pollEvents, line 202: receive event #### i=3, nb=1
10-17 12:40:32.660 W/WVMExtractor(  139): Failed to open libwvm.so
10-17 12:40:32.660 W/QComExtractorFactory(  139): Didn't match the sniff <=== status = 5 
10-17 12:40:32.660 W/QComExtractorFactory(  139): Didn't match the sniff <=== status = 1 
10-17 12:40:32.660 W/QComExtractorFactory(  139): Didn't match the sniff <=== status = 1 
10-17 12:40:32.660 W/QComExtractorFactory(  139): Didn't match the sniff <=== status = 1 
10-17 12:40:32.660 E/MM_OSAL (  139): ValidateAACFile failed
10-17 12:40:32.660 W/QComExtractorFactory(  139): Didn't match the sniff <=== status = 1 
10-17 12:40:32.660 W/QComExtractorFactory(  139): Didn't match the sniff <=== status = 1 
10-17 12:40:32.730 I/am_create_service(  399): [1093158808,com.android.contacts/.calllog.CallLogNotificationsService,act=com.android.contacts.calllog.UPDATE_NOTIFICATIONS,760]
10-17 12:40:32.790 W/WVMExtractor(  139): Failed to open libwvm.so
10-17 12:40:32.790 W/QComExtractorFactory(  139): Didn't match the sniff <=== status = 5 
10-17 12:40:32.790 W/QComExtractorFactory(  139): Didn't match the sniff <=== status = 1 
10-17 12:40:32.790 W/QComExtractorFactory(  139): Didn't match the sniff <=== status = 1 
10-17 12:40:32.790 W/QComExtractorFactory(  139): Didn't match the sniff <=== status = 1 
10-17 12:40:32.790 I/ActivityManager(  399): Start proc com.bel.android.dspmanager for broadcast com.bel.android.dspmanager/.receiver.BootCompletedReceiver: pid=823 uid=10013 gids={3002, 1028}
10-17 12:40:32.790 I/am_proc_start(  399): [823,10013,com.bel.android.dspmanager,broadcast,com.bel.android.dspmanager/.receiver.BootCompletedReceiver]
10-17 12:40:32.800 E/MM_OSAL (  139): ValidateAACFile failed
10-17 12:40:32.800 W/QComExtractorFactory(  139): Didn't match the sniff <=== status = 1 
10-17 12:40:32.800 W/QComExtractorFactory(  139): Didn't match the sniff <=== status = 1 
10-17 12:40:32.870 I/notification_cancel(  399): [com.android.contacts,1,DefaultVoicemailNotifier,0,64]
10-17 12:40:32.870 I/am_destroy_service(  399): [1093158808,com.android.contacts/.calllog.CallLogNotificationsService,760]
10-17 12:40:32.900 I/am_proc_bound(  399): [823,com.bel.android.dspmanager]
10-17 12:40:33.000 I/am_create_service(  399): [1093172656,com.bel.android.dspmanager/.service.HeadsetService,,823]
10-17 12:40:33.030 I/HeadsetService(  823): Starting service.
10-17 12:40:33.060 I/RecoverySystem(  399): No recovery log file
10-17 12:40:33.100 I/ActivityManager(  399): Start proc com.cyanogenmod.updater for broadcast com.cyanogenmod.updater/.receiver.UpdateCheckReceiver: pid=843 uid=10007 gids={3003, 1015, 2001, 1028}
10-17 12:40:33.100 I/am_proc_start(  399): [843,10007,com.cyanogenmod.updater,broadcast,com.cyanogenmod.updater/.receiver.UpdateCheckReceiver]
10-17 12:40:33.130 I/am_proc_bound(  399): [843,com.cyanogenmod.updater]
10-17 12:40:33.170 I/UpdateCheckReceiver(  843): Scheduling future, repeating update checks.
10-17 12:40:33.230 I/ActivityManager(  399): Start proc com.cyanogenmod.updater.updater.service.UpdateCheckService for service com.cyanogenmod.updater/.service.UpdateCheckService: pid=859 uid=10007 gids={3003, 1015, 2001, 1028}
10-17 12:40:33.230 I/am_proc_start(  399): [859,10007,com.cyanogenmod.updater.updater.service.UpdateCheckService,service,com.cyanogenmod.updater/.service.UpdateCheckService]
10-17 12:40:33.260 I/ActivityManager(  399): Start proc com.android.providers.calendar for broadcast com.android.providers.calendar/.CalendarReceiver: pid=872 uid=10011 gids={3003, 1015, 1028}
10-17 12:40:33.260 I/am_proc_start(  399): [872,10011,com.android.providers.calendar,broadcast,com.android.providers.calendar/.CalendarReceiver]
10-17 12:40:33.260 I/am_proc_bound(  399): [859,com.cyanogenmod.updater.updater.service.UpdateCheckService]
10-17 12:40:33.270 I/am_create_service(  399): [1092664336,com.cyanogenmod.updater/.service.UpdateCheckService,,859]
10-17 12:40:33.330 I/am_proc_bound(  399): [872,com.android.providers.calendar]
10-17 12:40:33.380 I/ActivityThread(  872): Pub com.android.calendar: com.android.providers.calendar.CalendarProvider2
10-17 12:40:33.380 I/UpdateCheckService(  859): Checking for updates...
10-17 12:40:33.390 I/AccountTypeManager(  760): Loaded meta-data for 1 account types, 0 accounts in 30ms(wall) 12ms(cpu)
10-17 12:40:33.450 I/UpdateCheckService(  859): Could not check for updates. Not connected to the network.
10-17 12:40:33.520 I/am_create_service(  399): [1092777704,com.android.providers.calendar/.EmptyService,,872]
10-17 12:40:33.550 V/AlarmClock(  740): AlarmInitReceiver finished
10-17 12:40:33.550 I/am_create_service(  399): [1092429208,com.android.providers.downloads/.DownloadService,,573]
10-17 12:40:33.560 I/notification_cancel_all(  399): [com.android.providers.downloads,0,64]
10-17 12:40:33.600 I/ActivityManager(  399): Start proc com.android.email for broadcast com.android.email/.service.EmailBroadcastReceiver: pid=894 uid=10018 gids={3003, 1015, 1028}
10-17 12:40:33.600 I/am_proc_start(  399): [894,10018,com.android.email,broadcast,com.android.email/.service.EmailBroadcastReceiver]
10-17 12:40:33.620 I//system/bin/fsck_msdos(  130): ** Phase 2 - Check Cluster Chains
10-17 12:40:33.620 I/am_proc_bound(  399): [894,com.android.email]
10-17 12:40:33.660 I/content_query_sample(  605): [content://com.android.contacts/data/callables,data1/data4/custom_ringtone/send_to_voicemail,((custom_ringtone IS NOT NULL OR send_to_voicemail=1) AND data1 IS NOT NULL),,2840,,100]
10-17 12:40:33.700 I/am_destroy_service(  399): [1092429208,com.android.providers.downloads/.DownloadService,573]
10-17 12:40:33.730 I/ActivityThread(  894): Pub com.android.email.provider;com.android.email.notifier: com.android.email.provider.EmailProvider
10-17 12:40:33.780 I/ActivityThread(  894): Pub com.android.email.attachmentprovider: com.android.email.provider.AttachmentProvider
10-17 12:40:33.780 D/ActivityThread(  894): Loading provider com.android.email.provider;com.android.email.notifier: com.android.email.provider.EmailProvider
10-17 12:40:33.850 I/ActivityManager(  399): Start proc com.android.exchange for service com.android.exchange/.ExchangeService: pid=912 uid=10019 gids={3003, 1015, 1028}
10-17 12:40:33.850 I/am_proc_start(  399): [912,10019,com.android.exchange,service,com.android.exchange/.ExchangeService]
10-17 12:40:33.850 I/am_create_service(  399): [1092402600,com.android.email/.service.EmailBroadcastProcessorService,act=broadcast_receiver,894]
10-17 12:40:33.880 I/am_proc_bound(  399): [912,com.android.exchange]
10-17 12:40:33.880 I/am_create_service(  399): [1092397296,com.android.exchange/.ExchangeService,act=com.android.email.EXCHANGE_INTENT,912]
10-17 12:40:33.890 D/su      (  928): Executing exec /system/bin/am broadcast -a com.noshufou.android.su.RESULT --es socket '' --ei caller_uid 2000 --ei allow 1 --ei version_code 18
10-17 12:40:34.040 D/AndroidRuntime(  928): 
10-17 12:40:34.040 D/AndroidRuntime(  928): >>>>>> AndroidRuntime START com.android.internal.os.RuntimeInit <<<<<<
10-17 12:40:34.040 D/AndroidRuntime(  928): CheckJNI is OFF
10-17 12:40:34.040 E/Sensors (  399): sensors_poll_context_t::pollEvents, line 202: receive event #### i=3, nb=1
10-17 12:40:34.050 I//system/bin/fsck_msdos(  130): ** Phase 3 - Checking Directories
10-17 12:40:34.050 I/ActivityThread(  912): Pub com.android.exchange.directory.provider: com.android.exchange.provider.ExchangeDirectoryProvider
10-17 12:40:34.060 D/dalvikvm(  928): Trying to load lib libjavacore.so 0x0
10-17 12:40:34.060 D/dalvikvm(  928): Added shared lib libjavacore.so 0x0
10-17 12:40:34.070 D/dalvikvm(  928): Trying to load lib libnativehelper.so 0x0
10-17 12:40:34.070 D/dalvikvm(  928): Added shared lib libnativehelper.so 0x0
10-17 12:40:34.100 I/am_create_service(  399): [1092414808,com.android.exchange/.service.ExchangeBroadcastProcessorService,act=broadcast_receiver,912]
10-17 12:40:34.120 I/am_create_service(  399): [1092526464,com.android.providers.media/.MediaScannerService,,573]
10-17 12:40:34.150 D/ExchangeService(  912): !!! EAS ExchangeService, onCreate
10-17 12:40:34.160 I/ActivityManager(  399): Start proc com.android.mms for broadcast com.android.mms/.transaction.MmsSystemEventReceiver: pid=939 uid=10028 gids={3003, 1015, 1028}
10-17 12:40:34.160 I/am_proc_start(  399): [939,10028,com.android.mms,broadcast,com.android.mms/.transaction.MmsSystemEventReceiver]
10-17 12:40:34.180 D/ExchangeService(  912): !!! EAS ExchangeService, onStartCommand, startingUp = false, running = false
10-17 12:40:34.190 I/am_destroy_service(  399): [1092414808,com.android.exchange/.service.ExchangeBroadcastProcessorService,912]
10-17 12:40:34.200 D/ExchangeService(  912): !!! EAS ExchangeService, onStartCommand, startingUp = true, running = false
10-17 12:40:34.200 I/am_proc_bound(  399): [939,com.android.mms]
10-17 12:40:34.220 D/Eas Debug(  912): Logging: 
10-17 12:40:34.300 I/ActivityThread(  939): Pub mms_temp_file: com.android.mms.TempFileProvider
10-17 12:40:34.300 I/ActivityThread(  939): Pub com.android.mms.SuggestionsProvider: com.android.mms.SuggestionsProvider
10-17 12:40:34.300 I/ActivityThread(  939): Pub com.android.cm.mms: com.android.mms.templates.TemplatesProvider
10-17 12:40:34.300 I/am_create_service(  399): [1092540936,com.android.email/.service.AccountService,act=com.android.email.ACCOUNT_INTENT,894]
10-17 12:40:34.310 D/AndroidRuntime(  928): Calling main entry com.android.commands.am.Am
10-17 12:40:34.330 I/am_destroy_service(  399): [1092540936,com.android.email/.service.AccountService,894]
10-17 12:40:34.340 I/force_gc(  399): Binder
10-17 12:40:34.350 D/EmailProvider(  894): fromDatabase accounts: 0
10-17 12:40:34.360 D/EmailProvider(  894): ending toDatabase transaction; copyCount = 0
10-17 12:40:34.410 D/dalvikvm(  399): GC_EXPLICIT freed 592K, 30% free 5770K/8195K, paused 4ms+6ms, total 69ms
10-17 12:40:34.410 I/am_create_service(  399): [1095275064,com.android.email/.service.AccountService,act=com.android.email.ACCOUNT_INTENT,894]
10-17 12:40:34.420 D/CountryDetector(  399): The first listener is added
10-17 12:40:34.450 D/ExchangeService(  912): !!! EAS ExchangeService, onStartCommand, startingUp = true, running = false
10-17 12:40:34.450 I/am_destroy_service(  399): [1095275064,com.android.email/.service.AccountService,894]
10-17 12:40:34.460 V/MmsConfig(  939): mnc/mcc: ,
10-17 12:40:34.460 D/ExchangeService(  912): Received deviceId from Email app: android1382012605320
10-17 12:40:34.460 D/ExchangeService(  912): Reconciling accounts...
10-17 12:40:34.460 I/am_create_service(  399): [1094921248,com.android.email/.service.AccountService,act=com.android.email.ACCOUNT_INTENT,894]
10-17 12:40:34.470 V/MmsConfig(  939): tag: bool value: enabledMMS - true
10-17 12:40:34.470 V/MmsConfig(  939): tag: int value: maxMessageSize - 307200
10-17 12:40:34.470 V/MmsConfig(  939): tag: int value: maxImageHeight - 480
10-17 12:40:34.470 V/MmsConfig(  939): tag: int value: maxImageWidth - 640
10-17 12:40:34.470 V/MmsConfig(  939): tag: int value: defaultSMSMessagesPerThread - 500
10-17 12:40:34.470 V/MmsConfig(  939): tag: int value: defaultMMSMessagesPerThread - 50
10-17 12:40:34.470 V/MmsConfig(  939): tag: int value: minMessageCountPerThread - 10
