10-17 12:45:10.099 D/CardSubscriptionManager( 1310): getInstance
10-17 12:45:10.099 D/CardSubscriptionManager( 1310): Constructor - Enter
10-17 12:45:10.099 D/CardSubscriptionManager( 1310): Constructor - Exit
10-17 12:45:10.099 D/SubscriptionManager( 1310): getUserPreferredSubs: strUserSub = ,,,4,-1,-1
10-17 12:45:10.099 D/SubscriptionManager( 1310): getUserPreferredSubs: mUserPrefSubs.subscription[0] = Subscription = { slotId = -1, 3gppIndex = -1, 3gpp2Index = -1, subId = 0, subStatus = SUB_INVALID, appId = null, appLabel = null, appType = null, iccId = null }
10-17 12:45:10.099 D/SubscriptionManager( 1310): getUserPreferredSubs: strUserSub = ,,,4,-1,-1
10-17 12:45:10.099 D/SubscriptionManager( 1310): getUserPreferredSubs: mUserPrefSubs.subscription[1] = Subscription = { slotId = -1, 3gppIndex = -1, 3gpp2Index = -1, subId = 1, subStatus = SUB_INVALID, appId = null, appLabel = null, appType = null, iccId = null }
10-17 12:45:10.099 D/CardSubscriptionManager( 1310): getInstance
10-17 12:45:10.099 E/RIL_UiccController( 1310): new UiccController() ....registerForIccStatusChanged()....mCi[i] = com.android.internal.telephony.RIL@41161638
10-17 12:45:10.099 E/PHONE   ( 1310): Settings Exception Reading Dual Sim Data Call Values
10-17 12:45:10.109 D/PHONE   ( 1310): mDoesRilSendMultipleCallRing=true
10-17 12:45:10.109 D/PHONE   ( 1310): mCallRingDelay=3000
10-17 12:45:10.109 D/PHONE   ( 1310): mOosIsDisconnect=true
10-17 12:45:10.109 D/RILJ    ( 1310): setPhoneType=1 old value=0 [SUB0]
10-17 12:45:10.119 I/GSM     ( 1310): Is EONS enabled: true
10-17 12:45:10.119 D/GSM     ( 1310): MSimGSMPhone: constructor: sub = 0
10-17 12:45:10.129 D/        ( 1310): [ApnContext:default] set reason as dataEnabled,current state IDLE
10-17 12:45:10.129 D/GSM     ( 1310): [ApnContext:default] set mDependencyMet as false current state is true
10-17 12:45:10.129 D/GSM     ( 1310): [ApnContext:default] set enabled as true, current state is false
10-17 12:45:10.129 D/GSM     ( 1310): [ApnContext:default] set reason as dependencyMet,current state IDLE
10-17 12:45:10.129 D/GSM     ( 1310): [ApnContext:default] set enabled as true, current state is true
10-17 12:45:10.129 D/GSM     ( 1310): [ApnContext:default] set mDependencyMet as true current state is false
10-17 12:45:10.139 D/        ( 1310): [ApnContext:mms] set reason as dataEnabled,current state IDLE
10-17 12:45:10.139 D/        ( 1310): [ApnContext:supl] set reason as dataEnabled,current state IDLE
10-17 12:45:10.139 D/        ( 1310): [ApnContext:dun] set reason as dataEnabled,current state IDLE
10-17 12:45:10.139 D/        ( 1310): [ApnContext:hipri] set reason as dataEnabled,current state IDLE
10-17 12:45:10.139 D/        ( 1310): [ApnContext:fota] set reason as dataEnabled,current state IDLE
10-17 12:45:10.139 D/        ( 1310): [ApnContext:ims] set reason as dataEnabled,current state IDLE
10-17 12:45:10.139 D/        ( 1310): [ApnContext:cbs] set reason as dataEnabled,current state IDLE
10-17 12:45:10.139 D/GSM     ( 1310): [ApnContext:mms] set mDependencyMet as false current state is true
10-17 12:45:10.139 D/GSM     ( 1310): [ApnContext:mms] set enabled as false, current state is false
10-17 12:45:10.139 D/GSM     ( 1310): [ApnContext:mms] set mDependencyMet as true current state is false
10-17 12:45:10.139 D/GSM     ( 1310): [ApnContext:supl] set mDependencyMet as false current state is true
10-17 12:45:10.139 D/GSM     ( 1310): [ApnContext:supl] set enabled as false, current state is false
10-17 12:45:10.139 D/GSM     ( 1310): [ApnContext:supl] set mDependencyMet as true current state is false
10-17 12:45:10.139 D/GSM     ( 1310): [ApnContext:dun] set mDependencyMet as false current state is true
10-17 12:45:10.139 D/GSM     ( 1310): [ApnContext:dun] set enabled as false, current state is false
10-17 12:45:10.139 D/GSM     ( 1310): [ApnContext:dun] set mDependencyMet as true current state is false
10-17 12:45:10.139 D/GSM     ( 1310): [ApnContext:hipri] set mDependencyMet as false current state is true
10-17 12:45:10.139 D/GSM     ( 1310): [ApnContext:hipri] set enabled as false, current state is false
10-17 12:45:10.139 D/GSM     ( 1310): [ApnContext:hipri] set mDependencyMet as true current state is false
10-17 12:45:10.139 D/GSM     ( 1310): [ApnContext:fota] set mDependencyMet as false current state is true
10-17 12:45:10.139 D/GSM     ( 1310): [ApnContext:fota] set enabled as false, current state is false
10-17 12:45:10.139 D/GSM     ( 1310): [ApnContext:fota] set mDependencyMet as true current state is false
10-17 12:45:10.139 D/GSM     ( 1310): [ApnContext:ims] set mDependencyMet as false current state is true
10-17 12:45:10.139 D/GSM     ( 1310): [ApnContext:ims] set enabled as false, current state is false
10-17 12:45:10.139 D/GSM     ( 1310): [ApnContext:ims] set mDependencyMet as true current state is false
10-17 12:45:10.139 D/GSM     ( 1310): [ApnContext:cbs] set mDependencyMet as false current state is true
10-17 12:45:10.139 D/GSM     ( 1310): [ApnContext:cbs] set enabled as false, current state is false
10-17 12:45:10.139 D/GSM     ( 1310): [ApnContext:cbs] set mDependencyMet as true current state is false
10-17 12:45:10.139 E/PHONE   ( 1310): Settings Exception Reading Dual Sim Data Call Values
10-17 12:45:10.139 E/GSM     ( 1310): [MSimGsmDCT:0] =================broadcastMessenger () ============> this = Handler (com.android.internal.telephony.msim.MSimGsmDataConnectionTracker) {41173ee0}
10-17 12:45:10.139 D/GSM     ( 1310): [MSimGsmDCT:0] SUPPORT_MPDN = true
10-17 12:45:10.139 D/GSM     ( 1310): [MSimGsmDCT:0] mCdmaHomeOperatorNumeric = 
10-17 12:45:10.139 D/GSM     ( 1310): [MSimGsmDCT:0] mUseNvOperatorForEhrpd = false
10-17 12:45:10.139 E/PHONE   ( 1310): Settings Exception Reading Dual Sim Data Call Values
10-17 12:45:10.139 D/GSM     ( 1310): [MSimGsmDCT:0] mInternalDataEnabled (is data sub?) = true
10-17 12:45:10.149 D/RILB    ( 1310): =====================> registerForRilConnected h=Handler (com.android.internal.telephony.msim.MSimPhoneProxy) {4116ae58} w=4
10-17 12:45:10.149 D/RIL_IccSms( 1310): MSimIccSmsInterfaceManager: initDispatchers()
10-17 12:45:10.149 I/am_create_service(  399): [1096569736,com.android.smspush/.WapPushManager,act=com.android.internal.telephony.IWapPushManager,685]
10-17 12:45:10.159 E/RIL_ImsSms( 1310): getFormat should never be called from here!
10-17 12:45:10.159 D/SMS     ( 1310): SMSDispatcher: ctor mSmsCapable=true format=unknown mSmsReceiveDisabled=false mSmsSendDisabled=false
10-17 12:45:10.159 D/RIL_IMS ( 1310): MSimImsSMSDispatcher: initDispatchers()
10-17 12:45:10.159 D/SMS     ( 1310): SMSDispatcher: ctor mSmsCapable=true format=3gpp2 mSmsReceiveDisabled=false mSmsSendDisabled=false
10-17 12:45:10.159 D/CDMA    ( 1310): CdmaSMSDispatcher created
10-17 12:45:10.159 D/CDMA    ( 1310): MSimCdmaSMSDispatcher created
10-17 12:45:10.159 D/SMS     ( 1310): SMSDispatcher: ctor mSmsCapable=true format=3gpp mSmsReceiveDisabled=false mSmsSendDisabled=false
10-17 12:45:10.159 D/GSM     ( 1310): GsmSMSDispatcher created
10-17 12:45:10.159 D/GSM     ( 1310): MSimGsmSMSDispatcher created
10-17 12:45:10.159 D/RIL_IMS ( 1310): MSimImsSMSDispatcher created
10-17 12:45:10.159 D/RIL_IccSms( 1310): MSimIccSmsInterfaceManager created
10-17 12:45:10.159 D/RIL_MSimIccCardProxy( 1310): Creating
10-17 12:45:10.159 D/RIL_MSimIccCardProxy( 1310): Broadcasting intent ACTION_SIM_STATE_CHANGED NOT_READY reason null for subscription : 0
10-17 12:45:10.169 W/SignalStrength(  527): getLTELevel - rsrp:2147483647 snr:2147483647 rsrpIconLevel:-1 snrIconLevel:-1
10-17 12:45:10.169 W/SignalStrength(  527): getLTELevel - rssi:99 rssiIconLevel:0
10-17 12:45:10.169 W/SignalStrength(  527): getGsmLevel=0
10-17 12:45:10.169 W/SignalStrength(  527): getLevel=0
10-17 12:45:10.169 W/SignalStrength(  527): getLTELevel - rsrp:2147483647 snr:2147483647 rsrpIconLevel:-1 snrIconLevel:-1
10-17 12:45:10.169 W/SignalStrength(  527): getLTELevel - rssi:99 rssiIconLevel:0
10-17 12:45:10.169 W/SignalStrength(  527): getGsmLevel=0
10-17 12:45:10.169 D/StatusBar.MSimNetworkController(  527): updateSimState for subscription :0
10-17 12:45:10.169 D/StatusBar.MSimNetworkController(  527): updateSimState simState =UNKNOWN
10-17 12:45:10.169 D/StatusBar.MSimNetworkController(  527): In updateSimIcon card =0, simState= UNKNOWN
10-17 12:45:10.169 D/StatusBar.MSimNetworkController(  527): refreshViews subscription =0mMSimDataConnected =false
10-17 12:45:10.169 D/StatusBar.MSimNetworkController(  527): refreshViews mMSimDataActivity =0
10-17 12:45:10.169 D/StatusBar.MSimNetworkController(  527): refreshViews connected={ } level=0 mMSimcombinedSignalIconId=0x7f0200f8/com.android.systemui:drawable/stat_sys_signal_null mMSimcombinedActivityIconId=0x0 mAirplaneMode=false mMSimDataActivity=0 mMSimPhoneSignalIconId=0x7f0200f8 mMSimDataDirectionIconId=0x0 mMSimDataSignalIconId=0x7f0200f8 mMSimDataTypeIconId=0x0 mNoMSimIconId=0x0 mWifiIconId=0x0 mBluetoothTetherIconId=0x1080580
10-17 12:45:10.169 D/StatusBar.MSimNetworkController(  527): updateDataIcon subscription =0
10-17 12:45:10.169 D/StatusBar.MSimNetworkController(  527): updateDataIcon dataSub =0
10-17 12:45:10.169 D/StatusBar.MSimNetworkController(  527): updateDataIcon  when SimState =UNKNOWN
10-17 12:45:10.169 D/StatusBar.MSimNetworkController(  527): updateDataIcon when mMSimDataConnected =false
10-17 12:45:10.169 D/StatusBar.MSimNetworkController(  527): updateDataIcon subscription =0
10-17 12:45:10.169 D/StatusBar.MSimNetworkController(  527): updateDataIcon dataSub =0
10-17 12:45:10.169 D/StatusBar.MSimNetworkController(  527): updateDataIcon  when SimState =UNKNOWN
10-17 12:45:10.169 D/StatusBar.MSimNetworkController(  527): updateDataIcon when mMSimDataConnected =false
10-17 12:45:10.169 D/StatusBar.MSimNetworkController(  527): refreshViews subscription =0mMSimDataConnected =false
10-17 12:45:10.169 D/StatusBar.MSimNetworkController(  527): refreshViews mMSimDataActivity =0
10-17 12:45:10.179 W/SignalStrength(  527): getLevel=0
10-17 12:45:10.179 D/StatusBar.MSimNetworkController(  527): refreshViews connected={ } level=0 mMSimcombinedSignalIconId=0x7f0200f8/com.android.systemui:drawable/stat_sys_signal_null mMSimcombinedActivityIconId=0x0 mAirplaneMode=false mMSimDataActivity=0 mMSimPhoneSignalIconId=0x7f0200f8 mMSimDataDirectionIconId=0x0 mMSimDataSignalIconId=0x7f0200f8 mMSimDataTypeIconId=0x0 mNoMSimIconId=0x0 mWifiIconId=0x0 mBluetoothTetherIconId=0x1080580
10-17 12:45:10.179 D/PhoneStatusBarPolicy(  527): updateSimState for subscription :0
10-17 12:45:10.179 D/RIL_MSimIccCardProxy( 1310): Setting radio tech UMTS
10-17 12:45:10.179 D/RIL_MSimIccCardProxy( 1310): Updating quiet mode
10-17 12:45:10.179 D/RIL_MSimIccCardProxy( 1310): 3GPP subscription -> QuietMode: false
10-17 12:45:10.179 D/RIL_MSimIccCardProxy( 1310): QuietMode is false (app_type: 1 nv: false multimode: false)
10-17 12:45:10.179 D/PHONE   ( 1310): mDoesRilSendMultipleCallRing=true
10-17 12:45:10.179 D/PHONE   ( 1310): mCallRingDelay=3000
10-17 12:45:10.179 D/PHONE   ( 1310): mOosIsDisconnect=true
10-17 12:45:10.179 D/RILJ    ( 1310): setPhoneType=1 old value=0 [SUB1]
10-17 12:45:10.179 I/GSM     ( 1310): Is EONS enabled: true
10-17 12:45:10.179 D/GSM     ( 1310): MSimGSMPhone: constructor: sub = 1
10-17 12:45:10.189 D/        ( 1310): [ApnContext:default] set reason as dataEnabled,current state IDLE
10-17 12:45:10.189 D/        ( 1310): [ApnContext:mms] set reason as dataEnabled,current state IDLE
10-17 12:45:10.189 D/        ( 1310): [ApnContext:supl] set reason as dataEnabled,current state IDLE
10-17 12:45:10.189 D/        ( 1310): [ApnContext:dun] set reason as dataEnabled,current state IDLE
10-17 12:45:10.189 D/        ( 1310): [ApnContext:hipri] set reason as dataEnabled,current state IDLE
10-17 12:45:10.189 D/        ( 1310): [ApnContext:fota] set reason as dataEnabled,current state IDLE
10-17 12:45:10.189 D/        ( 1310): [ApnContext:ims] set reason as dataEnabled,current state IDLE
10-17 12:45:10.189 D/        ( 1310): [ApnContext:cbs] set reason as dataEnabled,current state IDLE
10-17 12:45:10.189 D/GSM     ( 1310): [ApnContext:default] set mDependencyMet as false current state is true
10-17 12:45:10.189 D/GSM     ( 1310): [ApnContext:default] set enabled as true, current state is false
10-17 12:45:10.189 D/GSM     ( 1310): [ApnContext:default] set reason as dependencyMet,current state IDLE
10-17 12:45:10.189 D/GSM     ( 1310): [ApnContext:default] set enabled as true, current state is true
10-17 12:45:10.189 D/GSM     ( 1310): [ApnContext:default] set mDependencyMet as true current state is false
10-17 12:45:10.189 D/GSM     ( 1310): [ApnContext:mms] set mDependencyMet as false current state is true
10-17 12:45:10.189 D/GSM     ( 1310): [ApnContext:mms] set enabled as false, current state is false
10-17 12:45:10.189 D/GSM     ( 1310): [ApnContext:mms] set mDependencyMet as true current state is false
10-17 12:45:10.189 D/GSM     ( 1310): [ApnContext:supl] set mDependencyMet as false current state is true
10-17 12:45:10.189 D/GSM     ( 1310): [ApnContext:supl] set enabled as false, current state is false
10-17 12:45:10.189 D/GSM     ( 1310): [ApnContext:supl] set mDependencyMet as true current state is false
10-17 12:45:10.189 D/GSM     ( 1310): [ApnContext:dun] set mDependencyMet as false current state is true
10-17 12:45:10.189 D/GSM     ( 1310): [ApnContext:dun] set enabled as false, current state is false
10-17 12:45:10.189 D/GSM     ( 1310): [ApnContext:dun] set mDependencyMet as true current state is false
10-17 12:45:10.189 D/GSM     ( 1310): [ApnContext:hipri] set mDependencyMet as false current state is true
10-17 12:45:10.189 D/GSM     ( 1310): [ApnContext:hipri] set enabled as false, current state is false
10-17 12:45:10.189 D/GSM     ( 1310): [ApnContext:hipri] set mDependencyMet as true current state is false
10-17 12:45:10.189 D/GSM     ( 1310): [ApnContext:fota] set mDependencyMet as false current state is true
10-17 12:45:10.189 D/GSM     ( 1310): [ApnContext:fota] set enabled as false, current state is false
10-17 12:45:10.189 D/GSM     ( 1310): [ApnContext:fota] set mDependencyMet as true current state is false
10-17 12:45:10.189 D/GSM     ( 1310): [ApnContext:ims] set mDependencyMet as false current state is true
10-17 12:45:10.189 D/GSM     ( 1310): [ApnContext:ims] set enabled as false, current state is false
10-17 12:45:10.189 D/GSM     ( 1310): [ApnContext:ims] set mDependencyMet as true current state is false
10-17 12:45:10.189 D/GSM     ( 1310): [ApnContext:cbs] set mDependencyMet as false current state is true
10-17 12:45:10.189 D/GSM     ( 1310): [ApnContext:cbs] set enabled as false, current state is false
10-17 12:45:10.189 D/GSM     ( 1310): [ApnContext:cbs] set mDependencyMet as true current state is false
10-17 12:45:10.189 E/PHONE   ( 1310): Settings Exception Reading Dual Sim Data Call Values
10-17 12:45:10.189 E/GSM     ( 1310): [MSimGsmDCT:0] =================broadcastMessenger () ============> this = Handler (com.android.internal.telephony.msim.MSimGsmDataConnectionTracker) {4118dd58}
10-17 12:45:10.189 D/GSM     ( 1310): [MSimGsmDCT:0] SUPPORT_MPDN = true
10-17 12:45:10.189 D/GSM     ( 1310): [MSimGsmDCT:0] mCdmaHomeOperatorNumeric = 
10-17 12:45:10.189 D/GSM     ( 1310): [MSimGsmDCT:0] mUseNvOperatorForEhrpd = false
10-17 12:45:10.189 E/PHONE   ( 1310): Settings Exception Reading Dual Sim Data Call Values
10-17 12:45:10.189 D/GSM     ( 1310): [MSimGsmDCT:1] mInternalDataEnabled (is data sub?) = false
10-17 12:45:10.189 D/RILB    ( 1310): =====================> registerForRilConnected h=Handler (com.android.internal.telephony.msim.MSimPhoneProxy) {4118b848} w=4
10-17 12:45:10.189 D/RIL_IccSms( 1310): MSimIccSmsInterfaceManager: initDispatchers()
10-17 12:45:10.199 D/PROXY   ( 1310): Constructor - Enter
10-17 12:45:10.199 W/SignalStrength(  527): getLTELevel - rsrp:2147483647 snr:2147483647 rsrpIconLevel:-1 snrIconLevel:-1
10-17 12:45:10.199 W/SignalStrength(  527): getLTELevel - rssi:99 rssiIconLevel:0
10-17 12:45:10.199 W/SignalStrength(  527): getGsmLevel=0
10-17 12:45:10.199 W/SignalStrength(  527): getLevel=0
10-17 12:45:10.199 D/StatusBar.MSimNetworkController(  527): updateSimState for subscription :0
10-17 12:45:10.199 D/StatusBar.MSimNetworkController(  527): updateSimState simState =UNKNOWN
10-17 12:45:10.199 D/StatusBar.MSimNetworkController(  527): In updateSimIcon card =0, simState= UNKNOWN
10-17 12:45:10.199 D/StatusBar.MSimNetworkController(  527): refreshViews subscription =0mMSimDataConnected =false
10-17 12:45:10.199 D/StatusBar.MSimNetworkController(  527): refreshViews mMSimDataActivity =0
10-17 12:45:10.199 E/RIL_ImsSms( 1310): getFormat should never be called from here!
10-17 12:45:10.199 D/SMS     ( 1310): SMSDispatcher: ctor mSmsCapable=true format=unknown mSmsReceiveDisabled=false mSmsSendDisabled=false
10-17 12:45:10.199 D/RIL_IMS ( 1310): MSimImsSMSDispatcher: initDispatchers()
10-17 12:45:10.199 D/SMS     ( 1310): SMSDispatcher: ctor mSmsCapable=true format=3gpp2 mSmsReceiveDisabled=false mSmsSendDisabled=false
10-17 12:45:10.199 D/CDMA    ( 1310): CdmaSMSDispatcher created
10-17 12:45:10.199 D/CDMA    ( 1310): MSimCdmaSMSDispatcher created
10-17 12:45:10.199 D/SMS     ( 1310): SMSDispatcher: ctor mSmsCapable=true format=3gpp mSmsReceiveDisabled=false mSmsSendDisabled=false
10-17 12:45:10.199 D/GSM     ( 1310): GsmSMSDispatcher created
10-17 12:45:10.199 D/GSM     ( 1310): MSimGsmSMSDispatcher created
10-17 12:45:10.199 D/RIL_IMS ( 1310): MSimImsSMSDispatcher created
10-17 12:45:10.199 D/RIL_IccSms( 1310): MSimIccSmsInterfaceManager created
10-17 12:45:10.199 D/RIL_MSimIccCardProxy( 1310): Creating
10-17 12:45:10.199 D/RIL_MSimIccCardProxy( 1310): Broadcasting intent ACTION_SIM_STATE_CHANGED NOT_READY reason null for subscription : 0
10-17 12:45:10.199 D/RIL_MSimIccCardProxy( 1310): Setting radio tech UMTS
10-17 12:45:10.199 D/RIL_MSimIccCardProxy( 1310): Updating quiet mode
10-17 12:45:10.199 D/RIL_MSimIccCardProxy( 1310): 3GPP subscription -> QuietMode: false
10-17 12:45:10.199 D/RIL_MSimIccCardProxy( 1310): QuietMode is false (app_type: 1 nv: false multimode: false)
10-17 12:45:10.209 D/CardSubscriptionManager( 1310): getInstance
10-17 12:45:10.209 D/PROXY   ( 1310): Constructor - Exit
10-17 12:45:10.209 D/StatusBar.MSimNetworkController(  527): refreshViews connected={ } level=0 mMSimcombinedSignalIconId=0x7f0200f8/com.android.systemui:drawable/stat_sys_signal_null mMSimcombinedActivityIconId=0x0 mAirplaneMode=false mMSimDataActivity=0 mMSimPhoneSignalIconId=0x7f0200f8 mMSimDataDirectionIconId=0x0 mMSimDataSignalIconId=0x7f0200f8 mMSimDataTypeIconId=0x0 mNoMSimIconId=0x0 mWifiIconId=0x0 mBluetoothTetherIconId=0x1080580
10-17 12:45:10.209 D/StatusBar.MSimNetworkController(  527): updateDataIcon subscription =0
10-17 12:45:10.209 D/StatusBar.MSimNetworkController(  527): updateDataIcon dataSub =0
10-17 12:45:10.209 D/StatusBar.MSimNetworkController(  527): updateDataIcon  when SimState =UNKNOWN
10-17 12:45:10.209 D/StatusBar.MSimNetworkController(  527): updateDataIcon when mMSimDataConnected =false
10-17 12:45:10.209 I/am_create_service(  399): [1095046880,com.android.phone/.TelephonyDebugService,,1310]
10-17 12:45:10.219 W/SignalStrength(  527): getLTELevel - rsrp:2147483647 snr:2147483647 rsrpIconLevel:-1 snrIconLevel:-1
10-17 12:45:10.219 W/SignalStrength(  527): getLTELevel - rssi:99 rssiIconLevel:0
10-17 12:45:10.219 W/SignalStrength(  527): getGsmLevel=0
10-17 12:45:10.219 W/SignalStrength(  527): getLevel=0
10-17 12:45:10.219 D/CallManager( 1310): registerPhone(GSM Handler (com.android.internal.telephony.msim.MSimPhoneProxy) {4116ae58})
10-17 12:45:10.219 D/CallManager( 1310): registerPhone(GSM Handler (com.android.internal.telephony.msim.MSimPhoneProxy) {4118b848})
10-17 12:45:10.219 D/StatusBar.MSimNetworkController(  527): updateDataIcon subscription =0
10-17 12:45:10.219 D/StatusBar.MSimNetworkController(  527): updateDataIcon dataSub =0
10-17 12:45:10.219 D/StatusBar.MSimNetworkController(  527): updateDataIcon  when SimState =UNKNOWN
10-17 12:45:10.219 D/StatusBar.MSimNetworkController(  527): updateDataIcon when mMSimDataConnected =false
10-17 12:45:10.219 D/StatusBar.MSimNetworkController(  527): refreshViews subscription =0mMSimDataConnected =false
10-17 12:45:10.219 D/StatusBar.MSimNetworkController(  527): refreshViews mMSimDataActivity =0
10-17 12:45:10.219 D/StatusBar.MSimNetworkController(  527): refreshViews connected={ } level=0 mMSimcombinedSignalIconId=0x7f0200f8/com.android.systemui:drawable/stat_sys_signal_null mMSimcombinedActivityIconId=0x0 mAirplaneMode=false mMSimDataActivity=0 mMSimPhoneSignalIconId=0x7f0200f8 mMSimDataDirectionIconId=0x0 mMSimDataSignalIconId=0x7f0200f8 mMSimDataTypeIconId=0x0 mNoMSimIconId=0x0 mWifiIconId=0x0 mBluetoothTetherIconId=0x1080580
10-17 12:45:10.219 D/PhoneStatusBarPolicy(  527): updateSimState for subscription :0
10-17 12:45:10.219 D/RILJ    ( 1310): [0000]> SET_SUPP_SVC_NOTIFICATION [SUB0]
10-17 12:45:10.219 E/RILC    (  178): Should not come here !!! buffer red :: 
10-17 12:45:10.219 D/RILJ    ( 1310): [0001]> SET_SUPP_SVC_NOTIFICATION [SUB1]
10-17 12:45:10.219 D/RILJ    ( 1310): [UNSL]< UNSOL_RIL_CONNECTED {7} [SUB0]
10-17 12:45:10.219 D/RILJ    ( 1310): [UNSL]< UNSOL_RESPONSE_RADIO_STATE_CHANGED RADIO_OFF [SUB0]
10-17 12:45:10.219 D/RILB    ( 1310): Notifying: radio available
10-17 12:45:10.219 E/RILC    (  181): Should not come here !!! buffer red :: 
10-17 12:45:10.219 D/RILJ    ( 1310): [0002]> SCREEN_STATE: true [SUB0]
10-17 12:45:10.219 D/RILJ    ( 1310): [UNSL]< UNSOL_RIL_CONNECTED {7} [SUB1]
10-17 12:45:10.229 V/MSimPhoneApp( 1310): updatePhoneAppCdmaVariables0
10-17 12:45:10.229 D/RILJ    ( 1310): [UNSL]< UNSOL_RESPONSE_RADIO_STATE_CHANGED RADIO_OFF [SUB1]
10-17 12:45:10.229 D/RILB    ( 1310): Notifying: radio available
10-17 12:45:10.229 D/RILJ    ( 1310): [0003]> SCREEN_STATE: true [SUB1]
10-17 12:45:10.229 D/PhoneInterfaceManager( 1310):  Registering for UNSOL OEM HOOK Responses to deliver external apps
10-17 12:45:10.229 I/notification_cancel(  399): [com.android.phone,2,NULL,0,64]
10-17 12:45:10.239 D/MSimPhoneInterfaceManager( 1310):  Registering for UNSOL OEM HOOK Responses to deliver external apps
10-17 12:45:10.249 I/am_create_service(  399): [1094846664,com.android.phone/.BluetoothHeadsetService,,1310]
10-17 12:45:10.279 D/MSimCallNotifier( 1310): getPhoneStateListener: SUBSCRIPTION == 0
10-17 12:45:10.279 D/MSimCallNotifier( 1310): getPhoneStateListener: SUBSCRIPTION == 1
10-17 12:45:10.279 W/ActivityManager(  399): Unable to start service Intent { act=com.android.ussd.IExtendedNetworkService }: not found
10-17 12:45:10.289 D/CallManager( 1310): setAudioMode useInCallMode = false, Baseband = msm
10-17 12:45:10.289 D/CardSubscriptionManager( 1310): EVENT_RADIO_OFF_OR_NOT_AVAILABLE
10-17 12:45:10.289 D/CardSubscriptionManager( 1310): processRadioUnavailable on cardIndex = 0
10-17 12:45:10.289 D/CardSubscriptionManager( 1310): resetCardInfo(): cardIndex = 0
10-17 12:45:10.289 E/RIL_UiccController( 1310): EVENT_RADIO_UNAVAILABLE 
10-17 12:45:10.289 E/RIL_UiccController( 1310): EVENT_RADIO_UNAVAILABLE 
10-17 12:45:10.299 D/CardSubscriptionManager( 1310): EVENT_RADIO_OFF_OR_NOT_AVAILABLE
10-17 12:45:10.299 D/CardSubscriptionManager( 1310): processRadioUnavailable on cardIndex = 1
10-17 12:45:10.299 D/CardSubscriptionManager( 1310): resetCardInfo(): cardIndex = 1
10-17 12:45:10.299 D/CardSubscriptionManager( 1310): EVENT_ICC_CHANGED
10-17 12:45:10.299 D/CardSubscriptionManager( 1310): handleIccChanged: ENTER
10-17 12:45:10.299 D/CardSubscriptionManager( 1310): handleIccChanged: EXIT
10-17 12:45:10.299 D/SubscriptionManager( 1310): EVENT_RADIO_OFF_OR_NOT_AVAILABLE on SUB: 0
10-17 12:45:10.299 D/SubscriptionManager( 1310): EVENT_RADIO_OFF_OR_NOT_AVAILABLE on SUB: 1
10-17 12:45:10.299 I/MSimTelephonyRegistry(  399): notifyServiceState: 3 home null null null  Unknown CSS not supported -1 -1 mDataState=3 RoamInd=-1 DefRoamInd=-1 EmergOnly=false
10-17 12:45:10.299 D/StatusBar.MSimNetworkController(  527): onServiceStateChanged received on subscription :0state=3
10-17 12:45:10.299 D/StatusBar.MSimNetworkController(  527): updateTelephonySignalStrength: subscription =0
10-17 12:45:10.299 D/StatusBar.MSimNetworkController(  527):  No service
10-17 12:45:10.299 D/StatusBar.MSimNetworkController(  527): updateDataNetType sub = 0 mDataNetType = 0
10-17 12:45:10.299 E/StatusBar.MSimNetworkController(  527): updateDataNetType NETWORK_TYPE_UNKNOWN
10-17 12:45:10.299 D/StatusBar.MSimNetworkController(  527): updateDataIcon subscription =0
10-17 12:45:10.299 D/StatusBar.MSimNetworkController(  527): updateDataIcon dataSub =0
10-17 12:45:10.299 D/StatusBar.MSimNetworkController(  527): updateDataIcon  when SimState =UNKNOWN
10-17 12:45:10.299 D/RILJ    ( 1310): [0004]> GET_CURRENT_CALLS [SUB0]
10-17 12:45:10.299 D/RILJ    ( 1310): [0005]> RADIO_POWER on [SUB0]
10-17 12:45:10.299 I/GSM     ( 1310): Network State Changed, get EONS and update operator name display
10-17 12:45:10.299 E/PHONE   ( 1310): Settings Exception Reading Dual Sim Data Call Values
10-17 12:45:10.299 I/gsm_service_state_change( 1310): [1,1,3,1]
10-17 12:45:10.309 W/SignalStrength(  527): getLTELevel - rsrp:2147483647 snr:2147483647 rsrpIconLevel:-1 snrIconLevel:-1
10-17 12:45:10.309 W/SignalStrength(  527): getLTELevel - rssi:99 rssiIconLevel:0
10-17 12:45:10.309 W/SignalStrength(  527): getGsmLevel=0
10-17 12:45:10.309 W/SignalStrength(  527): getLevel=0
10-17 12:45:10.309 D/StatusBar.MSimNetworkController(  527): updateDataIcon when mMSimDataConnected =false
10-17 12:45:10.309 D/StatusBar.MSimNetworkController(  527): refreshViews subscription =0mMSimDataConnected =false
10-17 12:45:10.309 D/StatusBar.MSimNetworkController(  527): refreshViews mMSimDataActivity =0
10-17 12:45:10.309 D/StatusBar.MSimNetworkController(  527): refreshViews connected={ } level=0 mMSimcombinedSignalIconId=0x7f0200f8/com.android.systemui:drawable/stat_sys_signal_null mMSimcombinedActivityIconId=0x0 mAirplaneMode=false mMSimDataActivity=0 mMSimPhoneSignalIconId=0x7f0200f8 mMSimDataDirectionIconId=0x0 mMSimDataSignalIconId=0x7f0200f8 mMSimDataTypeIconId=0x0 mNoMSimIconId=0x0 mWifiIconId=0x0 mBluetoothTetherIconId=0x1080580
10-17 12:45:10.309 D/GSM     ( 1310): [MSimGsmDCT:0] ******************&&&&&&&&&&&&&&&&&&&&newIccRecords = null
10-17 12:45:10.309 E/PHONE   ( 1310): Settings Exception Reading Dual Sim Data Call Values
10-17 12:45:10.309 D/GSM     ( 1310): [ApnContext:fota] set reason as radioTurnedOff,current state IDLE
10-17 12:45:10.309 D/GSM     ( 1310): [ApnContext:fota] setState: IDLE, previous state:IDLE
10-17 12:45:10.309 D/GSM     ( 1310): [GSMPhone] getDataConnectionState: Data is Out of Service. ret = DISCONNECTED
10-17 12:45:10.309 E/PHONE   ( 1310): Settings Exception Reading Dual Sim Data Call Values
10-17 12:45:10.309 D/GSM     ( 1310): [MSimDefaultPhoneNotifier] subscription = 0, DDS = 0
10-17 12:45:10.309 D/GSM     ( 1310): [ApnContext:fota] setDataConnection: old dc=null new dc=null this={mApnType=fota mState=IDLE mWaitingApns=null mWaitingApnsPermanentFailureCountDown=0 mDataProfile =null mDataConnectionAc=null mReason=radioTurnedOff mDataEnabled=false mDependencyMet=true}
10-17 12:45:10.309 D/GSM     ( 1310): [ApnContext:fota] setDataConnectionAc: old dcac=null new dcac=null
10-17 12:45:10.309 D/GSM     ( 1310): [ApnContext:dun] set reason as radioTurnedOff,current state IDLE
10-17 12:45:10.309 D/GSM     ( 1310): [ApnContext:dun] setState: IDLE, previous state:IDLE
10-17 12:45:10.309 D/GSM     ( 1310): [GSMPhone] getDataConnectionState: Data is Out of Service. ret = DISCONNECTED
10-17 12:45:10.309 E/PHONE   ( 1310): Settings Exception Reading Dual Sim Data Call Values
10-17 12:45:10.309 D/GSM     ( 1310): [MSimDefaultPhoneNotifier] subscription = 0, DDS = 0
10-17 12:45:10.319 D/GSM     ( 1310): [ApnContext:dun] setDataConnection: old dc=null new dc=null this={mApnType=dun mState=IDLE mWaitingApns=null mWaitingApnsPermanentFailureCountDown=0 mDataProfile =null mDataConnectionAc=null mReason=radioTurnedOff mDataEnabled=false mDependencyMet=true}
10-17 12:45:10.319 D/GSM     ( 1310): [ApnContext:dun] setDataConnectionAc: old dcac=null new dcac=null
10-17 12:45:10.319 D/GSM     ( 1310): [ApnContext:supl] set reason as radioTurnedOff,current state IDLE
10-17 12:45:10.319 D/GSM     ( 1310): [ApnContext:supl] setState: IDLE, previous state:IDLE
10-17 12:45:10.319 D/GSM     ( 1310): [GSMPhone] getDataConnectionState: Data is Out of Service. ret = DISCONNECTED
10-17 12:45:10.319 E/PHONE   ( 1310): Settings Exception Reading Dual Sim Data Call Values
10-17 12:45:10.319 D/GSM     ( 1310): [MSimDefaultPhoneNotifier] subscription = 0, DDS = 0
10-17 12:45:10.319 D/GSM     ( 1310): [ApnContext:supl] setDataConnection: old dc=null new dc=null this={mApnType=supl mState=IDLE mWaitingApns=null mWaitingApnsPermanentFailureCountDown=0 mDataProfile =null mDataConnectionAc=null mReason=radioTurnedOff mDataEnabled=false mDependencyMet=true}
10-17 12:45:10.319 D/GSM     ( 1310): [ApnContext:supl] setDataConnectionAc: old dcac=null new dcac=null
10-17 12:45:10.319 D/GSM     ( 1310): [ApnContext:hipri] set reason as radioTurnedOff,current state IDLE
10-17 12:45:10.319 D/GSM     ( 1310): [ApnContext:hipri] setState: IDLE, previous state:IDLE
10-17 12:45:10.319 D/GSM     ( 1310): [GSMPhone] getDataConnectionState: Data is Out of Service. ret = DISCONNECTED
10-17 12:45:10.319 E/PHONE   ( 1310): Settings Exception Reading Dual Sim Data Call Values
10-17 12:45:10.319 D/GSM     ( 1310): [MSimDefaultPhoneNotifier] subscription = 0, DDS = 0
10-17 12:45:10.329 D/GSM     ( 1310): [ApnContext:hipri] setDataConnection: old dc=null new dc=null this={mApnType=hipri mState=IDLE mWaitingApns=null mWaitingApnsPermanentFailureCountDown=0 mDataProfile =null mDataConnectionAc=null mReason=radioTurnedOff mDataEnabled=false mDependencyMet=true}
10-17 12:45:10.329 D/GSM     ( 1310): [ApnContext:hipri] setDataConnectionAc: old dcac=null new dcac=null
10-17 12:45:10.329 D/GSM     ( 1310): [ApnContext:ims] set reason as radioTurnedOff,current state IDLE
10-17 12:45:10.329 D/GSM     ( 1310): [ApnContext:ims] setState: IDLE, previous state:IDLE
10-17 12:45:10.329 D/GSM     ( 1310): [GSMPhone] getDataConnectionState: Data is Out of Service. ret = DISCONNECTED
10-17 12:45:10.329 E/PHONE   ( 1310): Settings Exception Reading Dual Sim Data Call Values
10-17 12:45:10.329 D/GSM     ( 1310): [MSimDefaultPhoneNotifier] subscription = 0, DDS = 0
10-17 12:45:10.329 D/GSM     ( 1310): [ApnContext:ims] setDataConnection: old dc=null new dc=null this={mApnType=ims mState=IDLE mWaitingApns=null mWaitingApnsPermanentFailureCountDown=0 mDataProfile =null mDataConnectionAc=null mReason=radioTurnedOff mDataEnabled=false mDependencyMet=true}
10-17 12:45:10.329 D/GSM     ( 1310): [ApnContext:ims] setDataConnectionAc: old dcac=null new dcac=null
10-17 12:45:10.329 D/GSM     ( 1310): [ApnContext:default] set reason as radioTurnedOff,current state IDLE
10-17 12:45:10.329 D/GSM     ( 1310): [ApnContext:default] setState: IDLE, previous state:IDLE
10-17 12:45:10.329 D/GSM     ( 1310): [GSMPhone] getDataConnectionState: Data is Out of Service. ret = DISCONNECTED
10-17 12:45:10.329 E/PHONE   ( 1310): Settings Exception Reading Dual Sim Data Call Values
10-17 12:45:10.329 D/GSM     ( 1310): [MSimDefaultPhoneNotifier] subscription = 0, DDS = 0
10-17 12:45:10.339 D/GSM     ( 1310): [ApnContext:default] setDataConnection: old dc=null new dc=null this={mApnType=default mState=IDLE mWaitingApns=null mWaitingApnsPermanentFailureCountDown=0 mDataProfile =null mDataConnectionAc=null mReason=radioTurnedOff mDataEnabled=true mDependencyMet=true}
10-17 12:45:10.339 D/GSM     ( 1310): [ApnContext:default] setDataConnectionAc: old dcac=null new dcac=null
10-17 12:45:10.339 D/GSM     ( 1310): [ApnContext:mms] set reason as radioTurnedOff,current state IDLE
10-17 12:45:10.339 D/GSM     ( 1310): [ApnContext:mms] setState: IDLE, previous state:IDLE
10-17 12:45:10.339 D/GSM     ( 1310): [GSMPhone] getDataConnectionState: Data is Out of Service. ret = DISCONNECTED
10-17 12:45:10.339 E/PHONE   ( 1310): Settings Exception Reading Dual Sim Data Call Values
10-17 12:45:10.339 D/GSM     ( 1310): [MSimDefaultPhoneNotifier] subscription = 0, DDS = 0
10-17 12:45:10.339 D/GSM     ( 1310): [ApnContext:mms] setDataConnection: old dc=null new dc=null this={mApnType=mms mState=IDLE mWaitingApns=null mWaitingApnsPermanentFailureCountDown=0 mDataProfile =null mDataConnectionAc=null mReason=radioTurnedOff mDataEnabled=false mDependencyMet=true}
10-17 12:45:10.339 D/GSM     ( 1310): [ApnContext:mms] setDataConnectionAc: old dcac=null new dcac=null
10-17 12:45:10.339 D/GSM     ( 1310): [ApnContext:cbs] set reason as radioTurnedOff,current state IDLE
10-17 12:45:10.339 D/GSM     ( 1310): [ApnContext:cbs] setState: IDLE, previous state:IDLE
10-17 12:45:10.339 D/GSM     ( 1310): [GSMPhone] getDataConnectionState: Data is Out of Service. ret = DISCONNECTED
10-17 12:45:10.339 E/PHONE   ( 1310): Settings Exception Reading Dual Sim Data Call Values
10-17 12:45:10.339 D/GSM     ( 1310): [MSimDefaultPhoneNotifier] subscription = 0, DDS = 0
10-17 12:45:10.349 D/GSM     ( 1310): [ApnContext:cbs] setDataConnection: old dc=null new dc=null this={mApnType=cbs mState=IDLE mWaitingApns=null mWaitingApnsPermanentFailureCountDown=0 mDataProfile =null mDataConnectionAc=null mReason=radioTurnedOff mDataEnabled=false mDependencyMet=true}
10-17 12:45:10.349 D/GSM     ( 1310): [ApnContext:cbs] setDataConnectionAc: old dcac=null new dcac=null
10-17 12:45:10.349 D/GSM     ( 1310): [MSimGsmDCT:0] cleanUpConnection: mDisconnectPendingCount = 0
10-17 12:45:10.349 E/PHONE   ( 1310): Settings Exception Reading Dual Sim Data Call Values
10-17 12:45:10.349 D/GSM     ( 1310): [MSimDefaultPhoneNotifier] subscription = 0, DDS = 0
10-17 12:45:10.349 E/PHONE   ( 1310): Settings Exception Reading Dual Sim Data Call Values
10-17 12:45:10.349 D/GSM     ( 1310): [MSimDefaultPhoneNotifier] subscription = 0, DDS = 0
10-17 12:45:10.349 E/PHONE   ( 1310): Settings Exception Reading Dual Sim Data Call Values
10-17 12:45:10.349 D/GSM     ( 1310): [MSimDefaultPhoneNotifier] subscription = 0, DDS = 0
10-17 12:45:10.349 E/PHONE   ( 1310): Settings Exception Reading Dual Sim Data Call Values
10-17 12:45:10.349 D/GSM     ( 1310): [MSimDefaultPhoneNotifier] subscription = 0, DDS = 0
10-17 12:45:10.359 E/PHONE   ( 1310): Settings Exception Reading Dual Sim Data Call Values
10-17 12:45:10.359 D/GSM     ( 1310): [MSimDefaultPhoneNotifier] subscription = 0, DDS = 0
10-17 12:45:10.359 E/PHONE   ( 1310): Settings Exception Reading Dual Sim Data Call Values
10-17 12:45:10.359 D/GSM     ( 1310): [MSimDefaultPhoneNotifier] subscription = 0, DDS = 0
10-17 12:45:10.359 E/PHONE   ( 1310): Settings Exception Reading Dual Sim Data Call Values
10-17 12:45:10.359 D/GSM     ( 1310): [MSimDefaultPhoneNotifier] subscription = 0, DDS = 0
10-17 12:45:10.359 E/PHONE   ( 1310): Settings Exception Reading Dual Sim Data Call Values
10-17 12:45:10.369 D/GSM     ( 1310): [GSMPhone] getDataConnectionState: Data is Out of Service. ret = DISCONNECTED
10-17 12:45:10.369 E/PHONE   ( 1310): Settings Exception Reading Dual Sim Data Call Values
10-17 12:45:10.369 D/GSM     ( 1310): [MSimDefaultPhoneNotifier] subscription = 0, DDS = 0
10-17 12:45:10.369 E/PHONE   ( 1310): Settings Exception Reading Dual Sim Data Call Values
10-17 12:45:10.369 D/GSM     ( 1310): [MSimDefaultPhoneNotifier] subscription = 0, DDS = 0
10-17 12:45:10.369 E/PHONE   ( 1310): Settings Exception Reading Dual Sim Data Call Values
10-17 12:45:10.369 D/GSM     ( 1310): [MSimDefaultPhoneNotifier] subscription = 0, DDS = 0
10-17 12:45:10.369 E/PHONE   ( 1310): Settings Exception Reading Dual Sim Data Call Values
10-17 12:45:10.369 D/GSM     ( 1310): [MSimDefaultPhoneNotifier] subscription = 0, DDS = 0
10-17 12:45:10.379 E/PHONE   ( 1310): Settings Exception Reading Dual Sim Data Call Values
10-17 12:45:10.379 D/GSM     ( 1310): [MSimDefaultPhoneNotifier] subscription = 0, DDS = 0
10-17 12:45:10.379 E/PHONE   ( 1310): Settings Exception Reading Dual Sim Data Call Values
10-17 12:45:10.379 D/GSM     ( 1310): [MSimDefaultPhoneNotifier] subscription = 0, DDS = 0
10-17 12:45:10.379 E/PHONE   ( 1310): Settings Exception Reading Dual Sim Data Call Values
10-17 12:45:10.379 D/GSM     ( 1310): [MSimDefaultPhoneNotifier] subscription = 0, DDS = 0
10-17 12:45:10.389 E/Sensors (  399): sensors_poll_context_t::pollEvents, line 202: receive event #### i=3, nb=1
10-17 12:45:10.389 E/PHONE   ( 1310): Settings Exception Reading Dual Sim Data Call Values
10-17 12:45:10.389 D/GSM     ( 1310): [MSimDefaultPhoneNotifier] subscription = 0, DDS = 0
10-17 12:45:10.389 E/PHONE   ( 1310): Settings Exception Reading Dual Sim Data Call Values
10-17 12:45:10.389 E/PHONE   ( 1310): Settings Exception Reading Dual Sim Data Call Values
10-17 12:45:10.389 D/GSM     ( 1310): [MSimDefaultPhoneNotifier] subscription = 0, DDS = 0
10-17 12:45:10.389 E/PHONE   ( 1310): Settings Exception Reading Dual Sim Data Call Values
10-17 12:45:10.389 D/GSM     ( 1310): [MSimDefaultPhoneNotifier] subscription = 0, DDS = 0
10-17 12:45:10.399 E/PHONE   ( 1310): Settings Exception Reading Dual Sim Data Call Values
10-17 12:45:10.399 D/GSM     ( 1310): [MSimDefaultPhoneNotifier] subscription = 0, DDS = 0
10-17 12:45:10.399 E/PHONE   ( 1310): Settings Exception Reading Dual Sim Data Call Values
10-17 12:45:10.399 D/GSM     ( 1310): [MSimDefaultPhoneNotifier] subscription = 0, DDS = 0
10-17 12:45:10.399 E/PHONE   ( 1310): Settings Exception Reading Dual Sim Data Call Values
10-17 12:45:10.399 D/GSM     ( 1310): [MSimDefaultPhoneNotifier] subscription = 0, DDS = 0
10-17 12:45:10.409 E/PHONE   ( 1310): Settings Exception Reading Dual Sim Data Call Values
10-17 12:45:10.409 D/GSM     ( 1310): [MSimDefaultPhoneNotifier] subscription = 0, DDS = 0
10-17 12:45:10.409 E/PHONE   ( 1310): Settings Exception Reading Dual Sim Data Call Values
10-17 12:45:10.409 D/GSM     ( 1310): [MSimDefaultPhoneNotifier] subscription = 0, DDS = 0
10-17 12:45:10.409 D/GSM     ( 1310): [MSimGsmDCT:0] setupDataOnReadyApns: roamingOff
10-17 12:45:10.409 D/GSM     ( 1310): [ApnContext:default] set reason as roamingOff,current state IDLE
10-17 12:45:10.409 E/PHONE   ( 1310): Settings Exception Reading Dual Sim Data Call Values
10-17 12:45:10.409 D/GSM     ( 1310): [MSimDefaultPhoneNotifier] subscription = 0, DDS = 0
10-17 12:45:10.419 E/PHONE   ( 1310): Settings Exception Reading Dual Sim Data Call Values
10-17 12:45:10.419 D/GSM     ( 1310): [MSimDefaultPhoneNotifier] subscription = 0, DDS = 0
10-17 12:45:10.419 E/PHONE   ( 1310): Settings Exception Reading Dual Sim Data Call Values
10-17 12:45:10.419 D/GSM     ( 1310): [MSimDefaultPhoneNotifier] subscription = 0, DDS = 0
10-17 12:45:10.419 E/PHONE   ( 1310): Settings Exception Reading Dual Sim Data Call Values
10-17 12:45:10.429 D/GSM     ( 1310): [MSimDefaultPhoneNotifier] subscription = 0, DDS = 0
10-17 12:45:10.429 E/PHONE   ( 1310): Settings Exception Reading Dual Sim Data Call Values
10-17 12:45:10.429 D/GSM     ( 1310): [MSimDefaultPhoneNotifier] subscription = 0, DDS = 0
10-17 12:45:10.429 E/PHONE   ( 1310): Settings Exception Reading Dual Sim Data Call Values
10-17 12:45:10.429 D/GSM     ( 1310): [MSimDefaultPhoneNotifier] subscription = 0, DDS = 0
10-17 12:45:10.439 E/PHONE   ( 1310): Settings Exception Reading Dual Sim Data Call Values
10-17 12:45:10.439 D/GSM     ( 1310): [MSimDefaultPhoneNotifier] subscription = 0, DDS = 0
10-17 12:45:10.439 D/GSM     ( 1310): MSimGsmSMSDispatcher: subId = 0 slotId = -1
10-17 12:45:10.439 D/RIL_MSimIccCardProxy( 1310): No card available
10-17 12:45:10.439 D/RIL_MSimIccCardProxy( 1310): No card available
10-17 12:45:10.439 D/RILJ    ( 1310): [0006]> GET_CURRENT_CALLS [SUB1]
10-17 12:45:10.439 D/RILJ    ( 1310): [0007]> RADIO_POWER on [SUB1]
10-17 12:45:10.449 W/SignalStrength(  527): getLTELevel - rsrp:2147483647 snr:2147483647 rsrpIconLevel:-1 snrIconLevel:-1
10-17 12:45:10.449 W/SignalStrength(  527): getLTELevel - rssi:99 rssiIconLevel:0
10-17 12:45:10.449 W/SignalStrength(  527): getGsmLevel=0
10-17 12:45:10.449 W/SignalStrength(  527): getLevel=0
10-17 12:45:10.449 I/MSimTelephonyRegistry(  399): notifyServiceState: 3 home null null null  Unknown CSS not supported -1 -1 mDataState=3 RoamInd=-1 DefRoamInd=-1 EmergOnly=false
10-17 12:45:10.449 D/StatusBar.MSimNetworkController(  527): onServiceStateChanged received on subscription :1state=3
10-17 12:45:10.449 D/StatusBar.MSimNetworkController(  527): updateTelephonySignalStrength: subscription =1
10-17 12:45:10.449 D/StatusBar.MSimNetworkController(  527):  No service
10-17 12:45:10.449 D/StatusBar.MSimNetworkController(  527): updateDataNetType sub = 1 mDataNetType = 0
10-17 12:45:10.449 E/StatusBar.MSimNetworkController(  527): updateDataNetType NETWORK_TYPE_UNKNOWN
10-17 12:45:10.449 D/StatusBar.MSimNetworkController(  527): updateDataIcon subscription =1
10-17 12:45:10.449 D/StatusBar.MSimNetworkController(  527): updateDataIcon dataSub =0
10-17 12:45:10.449 D/StatusBar.MSimNetworkController(  527): updateDataIcon return
10-17 12:45:10.449 D/StatusBar.MSimNetworkController(  527): refreshViews subscription =1mMSimDataConnected =false
10-17 12:45:10.449 D/StatusBar.MSimNetworkController(  527): refreshViews mMSimDataActivity =0
10-17 12:45:10.449 D/StatusBar.MSimNetworkController(  527): refreshViews connected={ } level=0 mMSimcombinedSignalIconId=0x7f0200f8/com.android.systemui:drawable/stat_sys_signal_null mMSimcombinedActivityIconId=0x0 mAirplaneMode=false mMSimDataActivity=0 mMSimPhoneSignalIconId=0x7f0200f8 mMSimDataDirectionIconId=0x0 mMSimDataSignalIconId=0x7f0200f8 mMSimDataTypeIconId=0x0 mNoMSimIconId=0x0 mWifiIconId=0x0 mBluetoothTetherIconId=0x1080580
10-17 12:45:10.449 I/GSM     ( 1310): Network State Changed, get EONS and update operator name display
10-17 12:45:10.449 E/PHONE   ( 1310): Settings Exception Reading Dual Sim Data Call Values
10-17 12:45:10.449 E/GSM     ( 1310): [MSimGsmDCT:1] Ignore GSM msgs since GSM phone is not the current DDS
10-17 12:45:10.449 E/PHONE   ( 1310): Settings Exception Reading Dual Sim Data Call Values
10-17 12:45:10.449 E/GSM     ( 1310): [MSimGsmDCT:1] Ignore GSM msgs since GSM phone is not the current DDS
10-17 12:45:10.449 E/PHONE   ( 1310): Settings Exception Reading Dual Sim Data Call Values
10-17 12:45:10.449 E/GSM     ( 1310): [MSimGsmDCT:1] Ignore GSM msgs since GSM phone is not the current DDS
10-17 12:45:10.449 E/PHONE   ( 1310): Settings Exception Reading Dual Sim Data Call Values
10-17 12:45:10.449 I/gsm_service_state_change( 1310): [1,1,3,1]
10-17 12:45:10.459 D/DebugService( 1310): DebugService DebugService:
10-17 12:45:10.459 D/TelephonyDebugService( 1310): TelephonyDebugService()
10-17 12:45:10.459 E/GSM     ( 1310): [MSimGsmDCT:1] Ignore GSM msgs since GSM phone is not the current DDS
10-17 12:45:10.459 D/GSM     ( 1310): MSimGsmSMSDispatcher: subId = 1 slotId = -1
10-17 12:45:10.459 D/RIL_MSimIccCardProxy( 1310): No card available
10-17 12:45:10.459 D/RIL_MSimIccCardProxy( 1310): No card available
10-17 12:45:10.459 D/RILJ    ( 1310): [0008]> RADIO_POWER on [SUB0]
10-17 12:45:10.459 I/GSM     ( 1310): Network State Changed, get EONS and update operator name display
10-17 12:45:10.459 D/RILJ    ( 1310): [0009]> RADIO_POWER on [SUB0]
10-17 12:45:10.459 D/RILJ    ( 1310): [0010]> BASEBAND_VERSION [SUB0]
10-17 12:45:10.459 D/RILJ    ( 1310): [0011]> GET_IMEI [SUB0]
10-17 12:45:10.459 D/RILJ    ( 1310): [0012]> GET_IMEISV [SUB0]
10-17 12:45:10.459 E/PHONE   ( 1310): Settings Exception Reading Dual Sim Data Call Values
10-17 12:45:10.459 D/RILJ    ( 1310): [0013]> RADIO_POWER on [SUB1]
10-17 12:45:10.469 I/GSM     ( 1310): Network State Changed, get EONS and update operator name display
10-17 12:45:10.469 D/RILJ    ( 1310): [0014]> RADIO_POWER on [SUB1]
10-17 12:45:10.469 D/RILJ    ( 1310): [0015]> BASEBAND_VERSION [SUB1]
10-17 12:45:10.469 D/RILJ    ( 1310): [0016]> GET_IMEI [SUB1]
10-17 12:45:10.469 D/RILJ    ( 1310): [0017]> GET_IMEISV [SUB1]
10-17 12:45:10.469 E/PHONE   ( 1310): Settings Exception Reading Dual Sim Data Call Values
10-17 12:45:10.469 E/GSM     ( 1310): [MSimGsmDCT:1] Ignore GSM msgs since GSM phone is not the current DDS
10-17 12:45:10.479 I/force_gc(  399): Binder
10-17 12:45:10.489 D/Bluetooth HSHFP( 1310): Starting BluetoothHeadsetService
10-17 12:45:10.489 I/notification_cancel(  399): [com.android.phone,5,NULL,0,64]
10-17 12:45:10.489 I/notification_cancel(  399): [com.android.phone,6,NULL,0,64]
10-17 12:45:10.489 I/notification_cancel(  399): [com.android.phone,5,NULL,0,64]
10-17 12:45:10.499 V/MSimPhoneApp( 1310): Action intent recieved:android.intent.action.ANY_DATA_STATE
10-17 12:45:10.499 V/MSimPhoneApp( 1310): Action intent recieved:android.intent.action.SIM_STATE_CHANGED
10-17 12:45:10.499 V/MSimPhoneApp( 1310): Action intent recieved:android.intent.action.SERVICE_STATE
10-17 12:45:10.499 V/MSimPhoneApp( 1310): Action intent recieved:android.media.RINGER_MODE_CHANGED
10-17 12:45:10.499 D/SubscriptionManager( 1310): EVENT_CARD_INFO_NOT_AVAILABLE
10-17 12:45:10.499 D/SubscriptionManager( 1310): processCardInfoNotAvailable on cardIndex = 0 reason = REASON_RADIO_UNAVAILABLE
10-17 12:45:10.499 D/SubscriptionManager( 1310): processCardInfoNotAvailable mSetSubsModeRequired = true
10-17 12:45:10.499 D/SubscriptionManager( 1310): EVENT_CARD_INFO_NOT_AVAILABLE
10-17 12:45:10.499 D/SubscriptionManager( 1310): processCardInfoNotAvailable on cardIndex = 1 reason = REASON_RADIO_UNAVAILABLE
10-17 12:45:10.499 D/SubscriptionManager( 1310): processCardInfoNotAvailable mSetSubsModeRequired = true
10-17 12:45:10.499 V/MSimPhoneApp( 1310): Action intent recieved:android.intent.action.SERVICE_STATE
10-17 12:45:10.499 I/notification_cancel(  399): [com.android.phone,21,NULL,0,64]
10-17 12:45:10.509 V/MSimPhoneApp( 1310): Action intent recieved:android.intent.action.ANY_DATA_STATE
10-17 12:45:10.509 V/MSimPhoneApp( 1310): Action intent recieved:android.intent.action.ANY_DATA_STATE
10-17 12:45:10.509 V/MSimPhoneApp( 1310): Action intent recieved:android.intent.action.ANY_DATA_STATE
10-17 12:45:10.509 V/MSimPhoneApp( 1310): Action intent recieved:android.intent.action.ANY_DATA_STATE
10-17 12:45:10.509 V/MSimPhoneApp( 1310): Action intent recieved:android.intent.action.ANY_DATA_STATE
10-17 12:45:10.509 V/MSimPhoneApp( 1310): Action intent recieved:android.intent.action.ANY_DATA_STATE
10-17 12:45:10.509 V/MSimPhoneApp( 1310): Action intent recieved:android.intent.action.ANY_DATA_STATE
10-17 12:45:10.509 V/MSimPhoneApp( 1310): Action intent recieved:android.intent.action.ANY_DATA_STATE
10-17 12:45:10.509 V/MSimPhoneApp( 1310): Action intent recieved:android.intent.action.ANY_DATA_STATE
10-17 12:45:10.509 V/MSimPhoneApp( 1310): Action intent recieved:android.intent.action.ANY_DATA_STATE
10-17 12:45:10.519 V/MSimPhoneApp( 1310): Action intent recieved:android.intent.action.ANY_DATA_STATE
10-17 12:45:10.519 V/MSimPhoneApp( 1310): Action intent recieved:android.intent.action.ANY_DATA_STATE
10-17 12:45:10.519 V/MSimPhoneApp( 1310): Action intent recieved:android.intent.action.ANY_DATA_STATE
10-17 12:45:10.519 V/MSimPhoneApp( 1310): Action intent recieved:android.intent.action.ANY_DATA_STATE
10-17 12:45:10.519 V/MSimPhoneApp( 1310): Action intent recieved:android.intent.action.ANY_DATA_STATE
10-17 12:45:10.519 V/MSimPhoneApp( 1310): Action intent recieved:android.intent.action.ANY_DATA_STATE
10-17 12:45:10.519 V/MSimPhoneApp( 1310): Action intent recieved:android.intent.action.ANY_DATA_STATE
10-17 12:45:10.519 V/MSimPhoneApp( 1310): Action intent recieved:android.intent.action.ANY_DATA_STATE
10-17 12:45:10.519 V/MSimPhoneApp( 1310): Action intent recieved:android.intent.action.ANY_DATA_STATE
10-17 12:45:10.519 V/MSimPhoneApp( 1310): Action intent recieved:android.intent.action.ANY_DATA_STATE
10-17 12:45:10.519 V/MSimPhoneApp( 1310): Action intent recieved:android.intent.action.ANY_DATA_STATE
10-17 12:45:10.519 V/MSimPhoneApp( 1310): Action intent recieved:android.intent.action.ANY_DATA_STATE
10-17 12:45:10.529 V/MSimPhoneApp( 1310): Action intent recieved:android.intent.action.ANY_DATA_STATE
10-17 12:45:10.529 V/MSimPhoneApp( 1310): Action intent recieved:android.intent.action.ANY_DATA_STATE
10-17 12:45:10.529 V/MSimPhoneApp( 1310): Action intent recieved:android.intent.action.ANY_DATA_STATE
10-17 12:45:10.529 V/MSimPhoneApp( 1310): Action intent recieved:android.intent.action.ANY_DATA_STATE
10-17 12:45:10.529 V/MSimPhoneApp( 1310): Action intent recieved:android.intent.action.ANY_DATA_STATE
10-17 12:45:10.529 V/MSimPhoneApp( 1310): Action intent recieved:android.intent.action.ANY_DATA_STATE
10-17 12:45:10.529 V/MSimPhoneApp( 1310): Action intent recieved:android.intent.action.ANY_DATA_STATE
10-17 12:45:10.529 V/MSimPhoneApp( 1310): Action intent recieved:android.intent.action.ANY_DATA_STATE
10-17 12:45:10.529 V/MSimPhoneApp( 1310): Action intent recieved:android.intent.action.ANY_DATA_STATE
10-17 12:45:10.529 V/MSimPhoneApp( 1310): Action intent recieved:android.intent.action.ANY_DATA_STATE
10-17 12:45:10.539 V/MSimPhoneApp( 1310): Action intent recieved:android.intent.action.ANY_DATA_STATE
10-17 12:45:10.539 V/MSimPhoneApp( 1310): Action intent recieved:android.intent.action.ANY_DATA_STATE
10-17 12:45:10.539 V/MSimPhoneApp( 1310): Action intent recieved:android.intent.action.ANY_DATA_STATE
10-17 12:45:10.539 V/MSimPhoneApp( 1310): Action intent recieved:android.intent.action.ANY_DATA_STATE
10-17 12:45:10.539 V/MSimPhoneApp( 1310): Action intent recieved:android.intent.action.ANY_DATA_STATE
10-17 12:45:10.539 V/MSimPhoneApp( 1310): Action intent recieved:android.intent.action.SERVICE_STATE
10-17 12:45:10.549 I/notification_cancel(  399): [com.android.phone,7,NULL,0,64]
10-17 12:45:10.549 I/notification_cancel(  399): [com.android.phone,7,NULL,0,64]
