10-17 12:41:59.289 I/dalvikvm(  573): Wrote stack traces to '/data/anr/traces.txt'
10-17 12:41:59.289 E/ActivityManager(  399): ANR in com.android.phone
10-17 12:41:59.289 E/ActivityManager(  399): Reason: Executing service com.android.stk/.StkAppService
10-17 12:41:59.289 E/ActivityManager(  399): Load: 10.4 / 3.74 / 1.35
10-17 12:41:59.289 E/ActivityManager(  399): CPU usage from 24109ms to 0ms ago with 99% awake:
10-17 12:41:59.289 E/ActivityManager(  399):   99% 573/android.process.media: 0.5% user + 98% kernel / faults: 201 minor
10-17 12:41:59.289 E/ActivityManager(  399):   0.7% 399/system_server: 0.4% user + 0.2% kernel / faults: 6 minor
10-17 12:41:59.289 E/ActivityManager(  399):   0.4% 85/kworker/u:3: 0% user + 0.4% kernel
10-17 12:41:59.289 E/ActivityManager(  399):   0% 1067/com.android.phone: 0% user + 0% kernel / faults: 101 minor
10-17 12:41:59.289 E/ActivityManager(  399):   0% 25/kworker/0:1: 0% user + 0% kernel
10-17 12:41:59.289 E/ActivityManager(  399):   0% 1//init: 0% user + 0% kernel / faults: 36 minor
10-17 12:41:59.289 E/ActivityManager(  399):   0% 13/irq/53-msmdatam: 0% user + 0% kernel
10-17 12:41:59.289 E/ActivityManager(  399):   0% 24/kworker/u:1: 0% user + 0% kernel
10-17 12:41:59.289 E/ActivityManager(  399):   0% 94/mmcqd/0: 0% user + 0% kernel
10-17 12:41:59.289 E/ActivityManager(  399):   0% 146/bridgemgrd: 0% user + 0% kernel
10-17 12:41:59.289 E/ActivityManager(  399):   0% 459/logcat: 0% user + 0% kernel
10-17 12:41:59.289 E/ActivityManager(  399): 50% TOTAL: 0.5% user + 49% kernel + 0.1% iowait
10-17 12:41:59.289 E/ActivityManager(  399): CPU usage from 468ms to 987ms later:
10-17 12:41:59.289 E/ActivityManager(  399):   98% 573/android.process.media: 1.9% user + 96% kernel
10-17 12:41:59.289 E/ActivityManager(  399):     98% 1049/MediaScannerSer: 1.9% user + 96% kernel
10-17 12:41:59.289 E/ActivityManager(  399):   5.7% 399/system_server: 1.9% user + 3.8% kernel / faults: 13 minor
10-17 12:41:59.289 E/ActivityManager(  399):     1.9% 414/ActivityManager: 0% user + 1.9% kernel
10-17 12:41:59.289 E/ActivityManager(  399):     1.9% 597/ThrottleService: 1.9% user + 0% kernel
10-17 12:41:59.289 E/ActivityManager(  399):   1.3% 85/kworker/u:3: 0% user + 1.3% kernel
10-17 12:41:59.289 E/ActivityManager(  399): 53% TOTAL: 2.8% user + 50% kernel
10-17 12:41:59.289 W/ActivityManager(  399): Killing ProcessRecord{41140af8 605:com.android.phone/1001}: background ANR
10-17 12:41:59.289 I/am_kill (  399): [1067,com.android.phone,-12,background ANR]
10-17 12:41:59.309 I/ServiceManager(  129): service 'sip' died
10-17 12:41:59.309 I/ServiceManager(  129): service 'isms' died
10-17 12:41:59.309 I/ServiceManager(  129): service 'iphonesubinfo_msim' died
10-17 12:41:59.309 I/ServiceManager(  129): service 'iphonesubinfo' died
10-17 12:41:59.309 I/ServiceManager(  129): service 'isms_msim' died
10-17 12:41:59.309 I/ServiceManager(  129): service 'simphonebook' died
10-17 12:41:59.309 I/ServiceManager(  129): service 'simphonebook_msim' died
10-17 12:41:59.309 I/ServiceManager(  129): service 'phone' died
10-17 12:41:59.309 I/ServiceManager(  129): service 'phone_msim' died
10-17 12:41:59.309 W/RILC    (  178): EOS.  Closing command socket.
10-17 12:41:59.309 W/RILC    (  181): EOS.  Closing command socket.
10-17 12:41:59.359 D/dalvikvm(  399): GC_FOR_ALLOC freed 1312K, 36% free 5998K/9287K, paused 54ms, total 55ms
10-17 12:41:59.359 I/ActivityManager(  399): Process com.android.phone (pid 1067) has died.
10-17 12:41:59.359 W/ActivityManager(  399): Scheduling restart of crashed service com.android.phone/.BluetoothHeadsetService in 1250ms
10-17 12:41:59.359 W/ActivityManager(  399): Scheduling restart of crashed service com.android.phone/.TelephonyDebugService in 11250ms
10-17 12:41:59.359 W/ActivityManager(  399): Scheduling restart of crashed service com.android.stk/.StkAppService in 169408ms
10-17 12:41:59.359 I/am_proc_died(  399): [1067,com.android.phone]
10-17 12:41:59.359 I/am_destroy_service(  399): [1092825912,com.android.smspush/.WapPushManager,685]
10-17 12:41:59.359 I/am_schedule_service_restart(  399): [com.android.phone/.BluetoothHeadsetService,1250]
10-17 12:41:59.359 I/am_schedule_service_restart(  399): [com.android.phone/.TelephonyDebugService,11250]
10-17 12:41:59.359 I/am_schedule_service_restart(  399): [com.android.stk/.StkAppService,169408]
10-17 12:41:59.399 I/ActivityManager(  399): Start proc com.android.phone for restart com.android.phone: pid=1159 uid=1001 gids={3002, 3001, 3003, 1015, 1028}
10-17 12:41:59.399 I/ActivityManager(  399): No longer want com.android.mms (pid 939): hidden #11
10-17 12:41:59.399 I/am_proc_start(  399): [1159,1001,com.android.phone,restart,com.android.phone]
10-17 12:41:59.399 I/am_kill (  399): [939,com.android.mms,14,too many background]
10-17 12:41:59.409 D/CountryDetector(  399): No listener is left
10-17 12:41:59.409 I/am_proc_died(  399): [939,com.android.mms]
10-17 12:41:59.419 I/am_proc_bound(  399): [1159,com.android.phone]
10-17 12:41:59.459 I/ActivityThread( 1159): Pub mms: com.android.providers.telephony.MmsProvider
10-17 12:41:59.469 I/ActivityThread( 1159): Pub iccmsim: com.android.phone.MSimIccProvider
10-17 12:41:59.469 I/ActivityThread( 1159): Pub sms: com.android.providers.telephony.SmsProvider
10-17 12:41:59.469 I/ActivityThread( 1159): Pub telephony: com.android.providers.telephony.TelephonyProvider
10-17 12:41:59.469 W/TelephonyProvider( 1159): onCreate: confFile=/system/etc/apns-conf.xml oldCheckSum=-1
10-17 12:41:59.479 D/RILB    ( 1159): /proc/cmdline=androidboot.hardware=huawei loglevel=1 androidboot.mode=boot alarm_time=0xdffe37c9 RTC_time=0x2ab66 hw_status_loc=0x1 androidboot.localproppath=unicom/cn usb.pid.index=25 usb.serial=2469A5526E2F androidboot.serialno=2469A5526E2F androidboot.network=umts_gsm androidboot.swtype=normal androidboot.platform=msm7627a androidboot.emmc=true androidboot.baseband=msm
10-17 12:41:59.479 I/ActivityThread( 1159): Pub icc: com.android.phone.IccProvider
10-17 12:41:59.479 I/ActivityThread( 1159): Pub mms-sms: com.android.providers.telephony.MmsSmsProvider
10-17 12:41:59.479 D/RILB    ( 1159): getLteOnCdmaMode=-1 curVal=-1 product_type='' lteOnCdmaProductType=''
10-17 12:41:59.479 V/PhoneApp( 1159): PhoneApp onCreate() DSDS Enabled!!!!
10-17 12:41:59.489 D/MSimPhoneApp( 1159): MSPhoneApp creation
10-17 12:41:59.489 D/MSimPhoneApp( 1159): MSPhoneApp creationcom.android.phone.MSimPhoneApp@41157bc0
10-17 12:41:59.489 D/MSimPhoneApp( 1159): MSimPhoneApp:com.android.phone.MSimPhoneApp@41157bc0
10-17 12:41:59.489 D/MSimPhoneApp( 1159):  DSDS PhoneApp:
10-17 12:41:59.489 E/PHONE   ( 1159): ------MSimPhoneFactory.java----------->hasException = false 
10-17 12:41:59.489 D/RILB    ( 1159): getLteOnCdmaMode=-1 curVal=-1 product_type='' lteOnCdmaProductType=''
10-17 12:41:59.509 D/RILJ    ( 1159): RIL(context, preferredNetworkType=0 cdmaSubscription=1)
10-17 12:41:59.509 D/RILJ    ( 1159): Starting RILReceiver [SUB0]
10-17 12:41:59.509 I/RILJ    ( 1159): Connected to 'rild' socket
10-17 12:41:59.509 D/RILJ    ( 1159): RIL(context, preferredNetworkType=0 cdmaSubscription=1)
10-17 12:41:59.509 D/RILJ    ( 1159): Starting RILReceiver [SUB1]
10-17 12:41:59.509 I/RILJ    ( 1159): Connected to 'rild1' socket
10-17 12:41:59.509 E/RIL_UiccController( 1159): new UiccController() ....registerForIccStatusChanged()....mCi[i] = com.android.internal.telephony.RIL@4115c5a8
10-17 12:41:59.509 E/RIL_UiccController( 1159): new UiccController() ....registerForIccStatusChanged()....mCi[i] = com.android.internal.telephony.RIL@41160838
10-17 12:41:59.519 D/CardSubscriptionManager( 1159): getInstance
10-17 12:41:59.519 D/CardSubscriptionManager( 1159): Constructor - Enter
10-17 12:41:59.519 D/CardSubscriptionManager( 1159): Constructor - Exit
10-17 12:41:59.519 D/SubscriptionManager( 1159): getUserPreferredSubs: strUserSub = ,,,4,-1,-1
10-17 12:41:59.519 D/SubscriptionManager( 1159): getUserPreferredSubs: mUserPrefSubs.subscription[0] = Subscription = { slotId = -1, 3gppIndex = -1, 3gpp2Index = -1, subId = 0, subStatus = SUB_INVALID, appId = null, appLabel = null, appType = null, iccId = null }
10-17 12:41:59.519 D/SubscriptionManager( 1159): getUserPreferredSubs: strUserSub = ,,,4,-1,-1
10-17 12:41:59.519 D/SubscriptionManager( 1159): getUserPreferredSubs: mUserPrefSubs.subscription[1] = Subscription = { slotId = -1, 3gppIndex = -1, 3gpp2Index = -1, subId = 1, subStatus = SUB_INVALID, appId = null, appLabel = null, appType = null, iccId = null }
10-17 12:41:59.519 D/CardSubscriptionManager( 1159): getInstance
10-17 12:41:59.519 E/PHONE   ( 1159): Settings Exception Reading Dual Sim Data Call Values
10-17 12:41:59.529 D/PHONE   ( 1159): mDoesRilSendMultipleCallRing=true
10-17 12:41:59.529 D/PHONE   ( 1159): mCallRingDelay=3000
10-17 12:41:59.529 D/PHONE   ( 1159): mOosIsDisconnect=true
10-17 12:41:59.529 D/RILJ    ( 1159): setPhoneType=1 old value=0 [SUB0]
10-17 12:41:59.539 I/GSM     ( 1159): Is EONS enabled: true
10-17 12:41:59.539 D/GSM     ( 1159): MSimGSMPhone: constructor: sub = 0
10-17 12:41:59.549 D/        ( 1159): [ApnContext:default] set reason as dataEnabled,current state IDLE
10-17 12:41:59.549 D/        ( 1159): [ApnContext:mms] set reason as dataEnabled,current state IDLE
10-17 12:41:59.549 D/        ( 1159): [ApnContext:supl] set reason as dataEnabled,current state IDLE
10-17 12:41:59.549 D/        ( 1159): [ApnContext:dun] set reason as dataEnabled,current state IDLE
10-17 12:41:59.549 D/        ( 1159): [ApnContext:hipri] set reason as dataEnabled,current state IDLE
10-17 12:41:59.549 D/        ( 1159): [ApnContext:fota] set reason as dataEnabled,current state IDLE
10-17 12:41:59.549 D/        ( 1159): [ApnContext:ims] set reason as dataEnabled,current state IDLE
10-17 12:41:59.549 D/        ( 1159): [ApnContext:cbs] set reason as dataEnabled,current state IDLE
10-17 12:41:59.549 D/GSM     ( 1159): [ApnContext:default] set mDependencyMet as false current state is true
10-17 12:41:59.549 D/GSM     ( 1159): [ApnContext:default] set enabled as true, current state is false
10-17 12:41:59.549 D/GSM     ( 1159): [ApnContext:default] set reason as dependencyMet,current state IDLE
10-17 12:41:59.549 D/GSM     ( 1159): [ApnContext:default] set enabled as true, current state is true
10-17 12:41:59.549 D/GSM     ( 1159): [ApnContext:default] set mDependencyMet as true current state is false
10-17 12:41:59.549 D/GSM     ( 1159): [ApnContext:mms] set mDependencyMet as false current state is true
10-17 12:41:59.549 D/GSM     ( 1159): [ApnContext:mms] set enabled as false, current state is false
10-17 12:41:59.549 D/GSM     ( 1159): [ApnContext:mms] set mDependencyMet as true current state is false
10-17 12:41:59.549 D/GSM     ( 1159): [ApnContext:supl] set mDependencyMet as false current state is true
10-17 12:41:59.549 D/GSM     ( 1159): [ApnContext:supl] set enabled as false, current state is false
10-17 12:41:59.549 D/GSM     ( 1159): [ApnContext:supl] set mDependencyMet as true current state is false
10-17 12:41:59.549 D/GSM     ( 1159): [ApnContext:dun] set mDependencyMet as false current state is true
10-17 12:41:59.549 D/GSM     ( 1159): [ApnContext:dun] set enabled as false, current state is false
10-17 12:41:59.549 D/GSM     ( 1159): [ApnContext:dun] set mDependencyMet as true current state is false
10-17 12:41:59.549 D/GSM     ( 1159): [ApnContext:hipri] set mDependencyMet as false current state is true
10-17 12:41:59.549 D/GSM     ( 1159): [ApnContext:hipri] set enabled as false, current state is false
10-17 12:41:59.549 D/GSM     ( 1159): [ApnContext:hipri] set mDependencyMet as true current state is false
10-17 12:41:59.549 D/GSM     ( 1159): [ApnContext:fota] set mDependencyMet as false current state is true
10-17 12:41:59.549 D/GSM     ( 1159): [ApnContext:fota] set enabled as false, current state is false
10-17 12:41:59.549 D/GSM     ( 1159): [ApnContext:fota] set mDependencyMet as true current state is false
10-17 12:41:59.549 D/GSM     ( 1159): [ApnContext:ims] set mDependencyMet as false current state is true
10-17 12:41:59.549 D/GSM     ( 1159): [ApnContext:ims] set enabled as false, current state is false
10-17 12:41:59.549 D/GSM     ( 1159): [ApnContext:ims] set mDependencyMet as true current state is false
10-17 12:41:59.549 D/GSM     ( 1159): [ApnContext:cbs] set mDependencyMet as false current state is true
10-17 12:41:59.549 D/GSM     ( 1159): [ApnContext:cbs] set enabled as false, current state is false
10-17 12:41:59.549 D/GSM     ( 1159): [ApnContext:cbs] set mDependencyMet as true current state is false
10-17 12:41:59.549 E/PHONE   ( 1159): Settings Exception Reading Dual Sim Data Call Values
10-17 12:41:59.549 E/GSM     ( 1159): [MSimGsmDCT:0] =================broadcastMessenger () ============> this = Handler (com.android.internal.telephony.msim.MSimGsmDataConnectionTracker) {411730e0}
10-17 12:41:59.559 D/GSM     ( 1159): [MSimGsmDCT:0] SUPPORT_MPDN = true
10-17 12:41:59.559 D/GSM     ( 1159): [MSimGsmDCT:0] mCdmaHomeOperatorNumeric = 
10-17 12:41:59.559 D/GSM     ( 1159): [MSimGsmDCT:0] mUseNvOperatorForEhrpd = false
10-17 12:41:59.559 E/PHONE   ( 1159): Settings Exception Reading Dual Sim Data Call Values
10-17 12:41:59.559 D/GSM     ( 1159): [MSimGsmDCT:0] mInternalDataEnabled (is data sub?) = true
10-17 12:41:59.559 D/RILB    ( 1159): =====================> registerForRilConnected h=Handler (com.android.internal.telephony.msim.MSimPhoneProxy) {4116a058} w=4
10-17 12:41:59.559 D/RIL_IccSms( 1159): MSimIccSmsInterfaceManager: initDispatchers()
10-17 12:41:59.559 I/am_create_service(  399): [1093845504,com.android.smspush/.WapPushManager,act=com.android.internal.telephony.IWapPushManager,685]
10-17 12:41:59.569 E/RIL_ImsSms( 1159): getFormat should never be called from here!
10-17 12:41:59.569 D/SMS     ( 1159): SMSDispatcher: ctor mSmsCapable=true format=unknown mSmsReceiveDisabled=false mSmsSendDisabled=false
10-17 12:41:59.569 D/RIL_IMS ( 1159): MSimImsSMSDispatcher: initDispatchers()
10-17 12:41:59.569 D/SMS     ( 1159): SMSDispatcher: ctor mSmsCapable=true format=3gpp2 mSmsReceiveDisabled=false mSmsSendDisabled=false
10-17 12:41:59.569 D/CDMA    ( 1159): CdmaSMSDispatcher created
10-17 12:41:59.569 D/CDMA    ( 1159): MSimCdmaSMSDispatcher created
10-17 12:41:59.569 D/SMS     ( 1159): SMSDispatcher: ctor mSmsCapable=true format=3gpp mSmsReceiveDisabled=false mSmsSendDisabled=false
10-17 12:41:59.569 D/GSM     ( 1159): GsmSMSDispatcher created
10-17 12:41:59.569 D/GSM     ( 1159): MSimGsmSMSDispatcher created
10-17 12:41:59.569 D/RIL_IMS ( 1159): MSimImsSMSDispatcher created
10-17 12:41:59.569 D/RIL_IccSms( 1159): MSimIccSmsInterfaceManager created
10-17 12:41:59.569 D/RIL_MSimIccCardProxy( 1159): Creating
10-17 12:41:59.569 D/RIL_MSimIccCardProxy( 1159): Broadcasting intent ACTION_SIM_STATE_CHANGED NOT_READY reason null for subscription : 0
10-17 12:41:59.579 W/SignalStrength(  527): getLTELevel - rsrp:2147483647 snr:2147483647 rsrpIconLevel:-1 snrIconLevel:-1
10-17 12:41:59.579 W/SignalStrength(  527): getLTELevel - rssi:99 rssiIconLevel:0
10-17 12:41:59.579 W/SignalStrength(  527): getGsmLevel=0
10-17 12:41:59.579 W/SignalStrength(  527): getLevel=0
10-17 12:41:59.579 D/StatusBar.MSimNetworkController(  527): updateSimState for subscription :0
10-17 12:41:59.579 D/StatusBar.MSimNetworkController(  527): updateSimState simState =UNKNOWN
10-17 12:41:59.579 D/StatusBar.MSimNetworkController(  527): In updateSimIcon card =0, simState= UNKNOWN
10-17 12:41:59.579 D/StatusBar.MSimNetworkController(  527): refreshViews subscription =0mMSimDataConnected =false
10-17 12:41:59.579 D/StatusBar.MSimNetworkController(  527): refreshViews mMSimDataActivity =0
10-17 12:41:59.579 D/StatusBar.MSimNetworkController(  527): refreshViews connected={ } level=0 mMSimcombinedSignalIconId=0x7f0200f8/com.android.systemui:drawable/stat_sys_signal_null mMSimcombinedActivityIconId=0x0 mAirplaneMode=false mMSimDataActivity=0 mMSimPhoneSignalIconId=0x7f0200f8 mMSimDataDirectionIconId=0x0 mMSimDataSignalIconId=0x7f0200f8 mMSimDataTypeIconId=0x0 mNoMSimIconId=0x0 mWifiIconId=0x0 mBluetoothTetherIconId=0x1080580
10-17 12:41:59.579 D/StatusBar.MSimNetworkController(  527): updateDataIcon subscription =0
10-17 12:41:59.579 D/StatusBar.MSimNetworkController(  527): updateDataIcon dataSub =0
10-17 12:41:59.579 D/StatusBar.MSimNetworkController(  527): updateDataIcon  when SimState =UNKNOWN
10-17 12:41:59.579 D/StatusBar.MSimNetworkController(  527): updateDataIcon when mMSimDataConnected =false
10-17 12:41:59.579 D/StatusBar.MSimNetworkController(  527): updateDataIcon subscription =0
10-17 12:41:59.579 D/StatusBar.MSimNetworkController(  527): updateDataIcon dataSub =0
10-17 12:41:59.579 D/StatusBar.MSimNetworkController(  527): updateDataIcon  when SimState =UNKNOWN
10-17 12:41:59.589 W/SignalStrength(  527): getLTELevel - rsrp:2147483647 snr:2147483647 rsrpIconLevel:-1 snrIconLevel:-1
10-17 12:41:59.589 W/SignalStrength(  527): getLTELevel - rssi:99 rssiIconLevel:0
10-17 12:41:59.589 W/SignalStrength(  527): getGsmLevel=0
10-17 12:41:59.589 W/SignalStrength(  527): getLevel=0
10-17 12:41:59.589 D/StatusBar.MSimNetworkController(  527): updateDataIcon when mMSimDataConnected =false
10-17 12:41:59.589 D/StatusBar.MSimNetworkController(  527): refreshViews subscription =0mMSimDataConnected =false
10-17 12:41:59.589 D/StatusBar.MSimNetworkController(  527): refreshViews mMSimDataActivity =0
10-17 12:41:59.589 D/StatusBar.MSimNetworkController(  527): refreshViews connected={ } level=0 mMSimcombinedSignalIconId=0x7f0200f8/com.android.systemui:drawable/stat_sys_signal_null mMSimcombinedActivityIconId=0x0 mAirplaneMode=false mMSimDataActivity=0 mMSimPhoneSignalIconId=0x7f0200f8 mMSimDataDirectionIconId=0x0 mMSimDataSignalIconId=0x7f0200f8 mMSimDataTypeIconId=0x0 mNoMSimIconId=0x0 mWifiIconId=0x0 mBluetoothTetherIconId=0x1080580
10-17 12:41:59.589 D/PhoneStatusBarPolicy(  527): updateSimState for subscription :0
10-17 12:41:59.589 D/RIL_MSimIccCardProxy( 1159): Setting radio tech UMTS
10-17 12:41:59.589 D/RIL_MSimIccCardProxy( 1159): Updating quiet mode
10-17 12:41:59.589 D/RIL_MSimIccCardProxy( 1159): 3GPP subscription -> QuietMode: false
10-17 12:41:59.589 D/RIL_MSimIccCardProxy( 1159): QuietMode is false (app_type: 1 nv: false multimode: false)
10-17 12:41:59.589 D/PHONE   ( 1159): mDoesRilSendMultipleCallRing=true
10-17 12:41:59.589 D/PHONE   ( 1159): mCallRingDelay=3000
10-17 12:41:59.589 D/PHONE   ( 1159): mOosIsDisconnect=true
10-17 12:41:59.589 D/RILJ    ( 1159): setPhoneType=1 old value=0 [SUB1]
10-17 12:41:59.589 I/GSM     ( 1159): Is EONS enabled: true
10-17 12:41:59.589 D/GSM     ( 1159): MSimGSMPhone: constructor: sub = 1
10-17 12:41:59.599 D/        ( 1159): [ApnContext:default] set reason as dataEnabled,current state IDLE
10-17 12:41:59.599 D/        ( 1159): [ApnContext:mms] set reason as dataEnabled,current state IDLE
10-17 12:41:59.599 D/        ( 1159): [ApnContext:supl] set reason as dataEnabled,current state IDLE
10-17 12:41:59.599 D/        ( 1159): [ApnContext:dun] set reason as dataEnabled,current state IDLE
10-17 12:41:59.599 D/        ( 1159): [ApnContext:hipri] set reason as dataEnabled,current state IDLE
10-17 12:41:59.599 D/        ( 1159): [ApnContext:fota] set reason as dataEnabled,current state IDLE
10-17 12:41:59.599 D/        ( 1159): [ApnContext:ims] set reason as dataEnabled,current state IDLE
10-17 12:41:59.599 D/        ( 1159): [ApnContext:cbs] set reason as dataEnabled,current state IDLE
10-17 12:41:59.599 D/GSM     ( 1159): [ApnContext:default] set mDependencyMet as false current state is true
10-17 12:41:59.599 D/GSM     ( 1159): [ApnContext:default] set enabled as true, current state is false
10-17 12:41:59.599 D/GSM     ( 1159): [ApnContext:default] set reason as dependencyMet,current state IDLE
10-17 12:41:59.599 D/GSM     ( 1159): [ApnContext:default] set enabled as true, current state is true
10-17 12:41:59.599 D/GSM     ( 1159): [ApnContext:default] set mDependencyMet as true current state is false
10-17 12:41:59.599 D/GSM     ( 1159): [ApnContext:mms] set mDependencyMet as false current state is true
10-17 12:41:59.599 D/GSM     ( 1159): [ApnContext:mms] set enabled as false, current state is false
10-17 12:41:59.599 D/GSM     ( 1159): [ApnContext:mms] set mDependencyMet as true current state is false
10-17 12:41:59.599 D/GSM     ( 1159): [ApnContext:supl] set mDependencyMet as false current state is true
10-17 12:41:59.599 D/GSM     ( 1159): [ApnContext:supl] set enabled as false, current state is false
10-17 12:41:59.599 D/GSM     ( 1159): [ApnContext:supl] set mDependencyMet as true current state is false
10-17 12:41:59.599 D/GSM     ( 1159): [ApnContext:dun] set mDependencyMet as false current state is true
10-17 12:41:59.599 D/GSM     ( 1159): [ApnContext:dun] set enabled as false, current state is false
10-17 12:41:59.599 D/GSM     ( 1159): [ApnContext:dun] set mDependencyMet as true current state is false
10-17 12:41:59.599 D/GSM     ( 1159): [ApnContext:hipri] set mDependencyMet as false current state is true
10-17 12:41:59.599 D/GSM     ( 1159): [ApnContext:hipri] set enabled as false, current state is false
10-17 12:41:59.599 D/GSM     ( 1159): [ApnContext:hipri] set mDependencyMet as true current state is false
10-17 12:41:59.599 D/GSM     ( 1159): [ApnContext:fota] set mDependencyMet as false current state is true
10-17 12:41:59.599 D/GSM     ( 1159): [ApnContext:fota] set enabled as false, current state is false
10-17 12:41:59.599 D/GSM     ( 1159): [ApnContext:fota] set mDependencyMet as true current state is false
10-17 12:41:59.599 D/GSM     ( 1159): [ApnContext:ims] set mDependencyMet as false current state is true
10-17 12:41:59.599 D/GSM     ( 1159): [ApnContext:ims] set enabled as false, current state is false
10-17 12:41:59.599 D/GSM     ( 1159): [ApnContext:ims] set mDependencyMet as true current state is false
10-17 12:41:59.599 D/GSM     ( 1159): [ApnContext:cbs] set mDependencyMet as false current state is true
10-17 12:41:59.599 D/GSM     ( 1159): [ApnContext:cbs] set enabled as false, current state is false
10-17 12:41:59.599 D/GSM     ( 1159): [ApnContext:cbs] set mDependencyMet as true current state is false
10-17 12:41:59.599 E/PHONE   ( 1159): Settings Exception Reading Dual Sim Data Call Values
10-17 12:41:59.599 E/GSM     ( 1159): [MSimGsmDCT:0] =================broadcastMessenger () ============> this = Handler (com.android.internal.telephony.msim.MSimGsmDataConnectionTracker) {4118cf58}
10-17 12:41:59.599 D/GSM     ( 1159): [MSimGsmDCT:0] SUPPORT_MPDN = true
10-17 12:41:59.599 D/GSM     ( 1159): [MSimGsmDCT:0] mCdmaHomeOperatorNumeric = 
10-17 12:41:59.599 D/GSM     ( 1159): [MSimGsmDCT:0] mUseNvOperatorForEhrpd = false
10-17 12:41:59.599 E/PHONE   ( 1159): Settings Exception Reading Dual Sim Data Call Values
10-17 12:41:59.599 D/GSM     ( 1159): [MSimGsmDCT:1] mInternalDataEnabled (is data sub?) = false
10-17 12:41:59.609 D/StatusBar.MSimNetworkController(  527): updateSimState for subscription :0
10-17 12:41:59.609 D/RILB    ( 1159): =====================> registerForRilConnected h=Handler (com.android.internal.telephony.msim.MSimPhoneProxy) {4118aa48} w=4
10-17 12:41:59.609 D/RIL_IccSms( 1159): MSimIccSmsInterfaceManager: initDispatchers()
10-17 12:41:59.609 E/RIL_ImsSms( 1159): getFormat should never be called from here!
10-17 12:41:59.609 D/SMS     ( 1159): SMSDispatcher: ctor mSmsCapable=true format=unknown mSmsReceiveDisabled=false mSmsSendDisabled=false
10-17 12:41:59.609 D/RIL_IMS ( 1159): MSimImsSMSDispatcher: initDispatchers()
10-17 12:41:59.609 D/SMS     ( 1159): SMSDispatcher: ctor mSmsCapable=true format=3gpp2 mSmsReceiveDisabled=false mSmsSendDisabled=false
10-17 12:41:59.609 D/CDMA    ( 1159): CdmaSMSDispatcher created
10-17 12:41:59.609 D/CDMA    ( 1159): MSimCdmaSMSDispatcher created
10-17 12:41:59.609 D/SMS     ( 1159): SMSDispatcher: ctor mSmsCapable=true format=3gpp mSmsReceiveDisabled=false mSmsSendDisabled=false
10-17 12:41:59.609 D/GSM     ( 1159): GsmSMSDispatcher created
10-17 12:41:59.609 D/GSM     ( 1159): MSimGsmSMSDispatcher created
10-17 12:41:59.609 D/RIL_IMS ( 1159): MSimImsSMSDispatcher created
10-17 12:41:59.609 D/RIL_IccSms( 1159): MSimIccSmsInterfaceManager created
10-17 12:41:59.609 D/RIL_MSimIccCardProxy( 1159): Creating
10-17 12:41:59.609 D/RIL_MSimIccCardProxy( 1159): Broadcasting intent ACTION_SIM_STATE_CHANGED NOT_READY reason null for subscription : 0
10-17 12:41:59.619 W/SignalStrength(  527): getLTELevel - rsrp:2147483647 snr:2147483647 rsrpIconLevel:-1 snrIconLevel:-1
10-17 12:41:59.619 W/SignalStrength(  527): getLTELevel - rssi:99 rssiIconLevel:0
10-17 12:41:59.619 W/SignalStrength(  527): getGsmLevel=0
10-17 12:41:59.619 W/SignalStrength(  527): getLevel=0
10-17 12:41:59.619 W/SignalStrength(  527): getLTELevel - rsrp:2147483647 snr:2147483647 rsrpIconLevel:-1 snrIconLevel:-1
10-17 12:41:59.619 W/SignalStrength(  527): getLTELevel - rssi:99 rssiIconLevel:0
10-17 12:41:59.619 W/SignalStrength(  527): getGsmLevel=0
10-17 12:41:59.619 W/SignalStrength(  527): getLevel=0
10-17 12:41:59.619 D/PROXY   ( 1159): Constructor - Enter
10-17 12:41:59.619 D/CardSubscriptionManager( 1159): getInstance
10-17 12:41:59.619 D/PROXY   ( 1159): Constructor - Exit
10-17 12:41:59.619 D/StatusBar.MSimNetworkController(  527): updateSimState simState =UNKNOWN
10-17 12:41:59.619 D/StatusBar.MSimNetworkController(  527): In updateSimIcon card =0, simState= UNKNOWN
10-17 12:41:59.619 D/StatusBar.MSimNetworkController(  527): refreshViews subscription =0mMSimDataConnected =false
10-17 12:41:59.619 D/StatusBar.MSimNetworkController(  527): refreshViews mMSimDataActivity =0
10-17 12:41:59.619 D/StatusBar.MSimNetworkController(  527): refreshViews connected={ } level=0 mMSimcombinedSignalIconId=0x7f0200f8/com.android.systemui:drawable/stat_sys_signal_null mMSimcombinedActivityIconId=0x0 mAirplaneMode=false mMSimDataActivity=0 mMSimPhoneSignalIconId=0x7f0200f8 mMSimDataDirectionIconId=0x0 mMSimDataSignalIconId=0x7f0200f8 mMSimDataTypeIconId=0x0 mNoMSimIconId=0x0 mWifiIconId=0x0 mBluetoothTetherIconId=0x1080580
10-17 12:41:59.619 D/StatusBar.MSimNetworkController(  527): updateDataIcon subscription =0
10-17 12:41:59.619 D/StatusBar.MSimNetworkController(  527): updateDataIcon dataSub =0
10-17 12:41:59.619 D/StatusBar.MSimNetworkController(  527): updateDataIcon  when SimState =UNKNOWN
10-17 12:41:59.619 D/StatusBar.MSimNetworkController(  527): updateDataIcon when mMSimDataConnected =false
10-17 12:41:59.619 D/StatusBar.MSimNetworkController(  527): updateDataIcon subscription =0
10-17 12:41:59.619 D/StatusBar.MSimNetworkController(  527): updateDataIcon dataSub =0
10-17 12:41:59.619 D/StatusBar.MSimNetworkController(  527): updateDataIcon  when SimState =UNKNOWN
10-17 12:41:59.619 D/StatusBar.MSimNetworkController(  527): updateDataIcon when mMSimDataConnected =false
10-17 12:41:59.619 D/StatusBar.MSimNetworkController(  527): refreshViews subscription =0mMSimDataConnected =false
10-17 12:41:59.619 D/StatusBar.MSimNetworkController(  527): refreshViews mMSimDataActivity =0
10-17 12:41:59.619 D/StatusBar.MSimNetworkController(  527): refreshViews connected={ } level=0 mMSimcombinedSignalIconId=0x7f0200f8/com.android.systemui:drawable/stat_sys_signal_null mMSimcombinedActivityIconId=0x0 mAirplaneMode=false mMSimDataActivity=0 mMSimPhoneSignalIconId=0x7f0200f8 mMSimDataDirectionIconId=0x0 mMSimDataSignalIconId=0x7f0200f8 mMSimDataTypeIconId=0x0 mNoMSimIconId=0x0 mWifiIconId=0x0 mBluetoothTetherIconId=0x1080580
10-17 12:41:59.619 D/PhoneStatusBarPolicy(  527): updateSimState for subscription :0
10-17 12:41:59.619 D/RIL_MSimIccCardProxy( 1159): Setting radio tech UMTS
10-17 12:41:59.619 D/RIL_MSimIccCardProxy( 1159): Updating quiet mode
10-17 12:41:59.619 D/RIL_MSimIccCardProxy( 1159): 3GPP subscription -> QuietMode: false
10-17 12:41:59.619 D/RIL_MSimIccCardProxy( 1159): QuietMode is false (app_type: 1 nv: false multimode: false)
10-17 12:41:59.629 D/CallManager( 1159): registerPhone(GSM Handler (com.android.internal.telephony.msim.MSimPhoneProxy) {4116a058})
10-17 12:41:59.629 I/am_create_service(  399): [1095046880,com.android.phone/.TelephonyDebugService,,1159]
10-17 12:41:59.639 D/CallManager( 1159): registerPhone(GSM Handler (com.android.internal.telephony.msim.MSimPhoneProxy) {4118aa48})
10-17 12:41:59.639 V/MSimPhoneApp( 1159): updatePhoneAppCdmaVariables0
10-17 12:41:59.639 D/RILJ    ( 1159): [0000]> SET_SUPP_SVC_NOTIFICATION [SUB0]
10-17 12:41:59.639 E/RILC    (  178): Should not come here !!! buffer red :: 
10-17 12:41:59.639 D/RILJ    ( 1159): [UNSL]< UNSOL_RIL_CONNECTED {7} [SUB0]
10-17 12:41:59.639 D/RILJ    ( 1159): [UNSL]< UNSOL_RESPONSE_RADIO_STATE_CHANGED RADIO_OFF [SUB0]
10-17 12:41:59.639 D/RILB    ( 1159): Notifying: radio available
10-17 12:41:59.639 D/RILJ    ( 1159): [0001]> SCREEN_STATE: true [SUB0]
10-17 12:41:59.639 D/RILJ    ( 1159): [0002]> SET_SUPP_SVC_NOTIFICATION [SUB1]
10-17 12:41:59.639 E/RILC    (  181): Should not come here !!! buffer red :: 
10-17 12:41:59.639 D/RILJ    ( 1159): [UNSL]< UNSOL_RIL_CONNECTED {7} [SUB1]
10-17 12:41:59.639 D/RILJ    ( 1159): [UNSL]< UNSOL_RESPONSE_RADIO_STATE_CHANGED RADIO_OFF [SUB1]
10-17 12:41:59.639 D/RILB    ( 1159): Notifying: radio available
10-17 12:41:59.639 D/RILJ    ( 1159): [0003]> SCREEN_STATE: true [SUB1]
10-17 12:41:59.649 D/PhoneInterfaceManager( 1159):  Registering for UNSOL OEM HOOK Responses to deliver external apps
10-17 12:41:59.649 I/notification_cancel(  399): [com.android.phone,2,NULL,0,64]
10-17 12:41:59.659 D/MSimPhoneInterfaceManager( 1159):  Registering for UNSOL OEM HOOK Responses to deliver external apps
10-17 12:41:59.679 I/am_create_service(  399): [1094846664,com.android.phone/.BluetoothHeadsetService,,1159]
10-17 12:41:59.709 D/MSimCallNotifier( 1159): getPhoneStateListener: SUBSCRIPTION == 0
10-17 12:41:59.709 D/MSimCallNotifier( 1159): getPhoneStateListener: SUBSCRIPTION == 1
10-17 12:41:59.719 W/ActivityManager(  399): Unable to start service Intent { act=com.android.ussd.IExtendedNetworkService }: not found
10-17 12:41:59.729 D/CallManager( 1159): setAudioMode useInCallMode = false, Baseband = msm
10-17 12:41:59.729 D/CardSubscriptionManager( 1159): EVENT_RADIO_OFF_OR_NOT_AVAILABLE
10-17 12:41:59.729 D/CardSubscriptionManager( 1159): processRadioUnavailable on cardIndex = 0
10-17 12:41:59.729 D/CardSubscriptionManager( 1159): resetCardInfo(): cardIndex = 0
10-17 12:41:59.729 D/CardSubscriptionManager( 1159): EVENT_RADIO_OFF_OR_NOT_AVAILABLE
10-17 12:41:59.729 D/CardSubscriptionManager( 1159): processRadioUnavailable on cardIndex = 1
10-17 12:41:59.729 D/CardSubscriptionManager( 1159): resetCardInfo(): cardIndex = 1
10-17 12:41:59.729 D/CardSubscriptionManager( 1159): EVENT_ICC_CHANGED
10-17 12:41:59.729 D/CardSubscriptionManager( 1159): handleIccChanged: ENTER
10-17 12:41:59.729 D/CardSubscriptionManager( 1159): handleIccChanged: EXIT
10-17 12:41:59.729 D/SubscriptionManager( 1159): EVENT_RADIO_OFF_OR_NOT_AVAILABLE on SUB: 0
10-17 12:41:59.729 D/SubscriptionManager( 1159): EVENT_RADIO_OFF_OR_NOT_AVAILABLE on SUB: 1
10-17 12:41:59.729 E/RIL_UiccController( 1159): EVENT_RADIO_UNAVAILABLE 
10-17 12:41:59.729 E/RIL_UiccController( 1159): EVENT_RADIO_UNAVAILABLE 
10-17 12:41:59.729 D/RILJ    ( 1159): [0004]> GET_CURRENT_CALLS [SUB0]
10-17 12:41:59.729 D/RILJ    ( 1159): [0005]> RADIO_POWER on [SUB0]
10-17 12:41:59.729 I/GSM     ( 1159): Network State Changed, get EONS and update operator name display
10-17 12:41:59.729 I/gsm_service_state_change( 1159): [1,1,3,1]
10-17 12:41:59.739 W/SignalStrength(  527): getLTELevel - rsrp:2147483647 snr:2147483647 rsrpIconLevel:-1 snrIconLevel:-1
10-17 12:41:59.739 W/SignalStrength(  527): getLTELevel - rssi:99 rssiIconLevel:0
10-17 12:41:59.739 W/SignalStrength(  527): getGsmLevel=0
10-17 12:41:59.739 W/SignalStrength(  527): getLevel=0
10-17 12:41:59.739 I/MSimTelephonyRegistry(  399): notifyServiceState: 3 home null null null  Unknown CSS not supported -1 -1 mDataState=3 RoamInd=-1 DefRoamInd=-1 EmergOnly=false
10-17 12:41:59.739 D/StatusBar.MSimNetworkController(  527): onServiceStateChanged received on subscription :0state=3
10-17 12:41:59.739 D/StatusBar.MSimNetworkController(  527): updateTelephonySignalStrength: subscription =0
10-17 12:41:59.739 D/StatusBar.MSimNetworkController(  527):  No service
10-17 12:41:59.739 D/StatusBar.MSimNetworkController(  527): updateDataNetType sub = 0 mDataNetType = 0
10-17 12:41:59.739 E/StatusBar.MSimNetworkController(  527): updateDataNetType NETWORK_TYPE_UNKNOWN
10-17 12:41:59.739 D/StatusBar.MSimNetworkController(  527): updateDataIcon subscription =0
10-17 12:41:59.739 D/StatusBar.MSimNetworkController(  527): updateDataIcon dataSub =0
10-17 12:41:59.739 D/StatusBar.MSimNetworkController(  527): updateDataIcon  when SimState =UNKNOWN
10-17 12:41:59.739 D/StatusBar.MSimNetworkController(  527): updateDataIcon when mMSimDataConnected =false
10-17 12:41:59.739 D/StatusBar.MSimNetworkController(  527): refreshViews subscription =0mMSimDataConnected =false
10-17 12:41:59.739 D/StatusBar.MSimNetworkController(  527): refreshViews mMSimDataActivity =0
10-17 12:41:59.739 D/StatusBar.MSimNetworkController(  527): refreshViews connected={ } level=0 mMSimcombinedSignalIconId=0x7f0200f8/com.android.systemui:drawable/stat_sys_signal_null mMSimcombinedActivityIconId=0x0 mAirplaneMode=false mMSimDataActivity=0 mMSimPhoneSignalIconId=0x7f0200f8 mMSimDataDirectionIconId=0x0 mMSimDataSignalIconId=0x7f0200f8 mMSimDataTypeIconId=0x0 mNoMSimIconId=0x0 mWifiIconId=0x0 mBluetoothTetherIconId=0x1080580
10-17 12:41:59.739 E/PHONE   ( 1159): Settings Exception Reading Dual Sim Data Call Values
10-17 12:41:59.739 D/GSM     ( 1159): [MSimGsmDCT:0] ******************&&&&&&&&&&&&&&&&&&&&newIccRecords = null
10-17 12:41:59.739 E/PHONE   ( 1159): Settings Exception Reading Dual Sim Data Call Values
10-17 12:41:59.739 D/GSM     ( 1159): [ApnContext:fota] set reason as radioTurnedOff,current state IDLE
10-17 12:41:59.739 D/GSM     ( 1159): [ApnContext:fota] setState: IDLE, previous state:IDLE
10-17 12:41:59.739 D/GSM     ( 1159): [GSMPhone] getDataConnectionState: Data is Out of Service. ret = DISCONNECTED
10-17 12:41:59.739 E/PHONE   ( 1159): Settings Exception Reading Dual Sim Data Call Values
10-17 12:41:59.739 D/GSM     ( 1159): [MSimDefaultPhoneNotifier] subscription = 0, DDS = 0
10-17 12:41:59.749 D/GSM     ( 1159): [ApnContext:fota] setDataConnection: old dc=null new dc=null this={mApnType=fota mState=IDLE mWaitingApns=null mWaitingApnsPermanentFailureCountDown=0 mDataProfile =null mDataConnectionAc=null mReason=radioTurnedOff mDataEnabled=false mDependencyMet=true}
10-17 12:41:59.749 D/GSM     ( 1159): [ApnContext:fota] setDataConnectionAc: old dcac=null new dcac=null
10-17 12:41:59.749 D/GSM     ( 1159): [ApnContext:dun] set reason as radioTurnedOff,current state IDLE
10-17 12:41:59.749 D/GSM     ( 1159): [ApnContext:dun] setState: IDLE, previous state:IDLE
10-17 12:41:59.749 D/GSM     ( 1159): [GSMPhone] getDataConnectionState: Data is Out of Service. ret = DISCONNECTED
10-17 12:41:59.749 E/PHONE   ( 1159): Settings Exception Reading Dual Sim Data Call Values
10-17 12:41:59.749 D/GSM     ( 1159): [MSimDefaultPhoneNotifier] subscription = 0, DDS = 0
10-17 12:41:59.749 D/GSM     ( 1159): [ApnContext:dun] setDataConnection: old dc=null new dc=null this={mApnType=dun mState=IDLE mWaitingApns=null mWaitingApnsPermanentFailureCountDown=0 mDataProfile =null mDataConnectionAc=null mReason=radioTurnedOff mDataEnabled=false mDependencyMet=true}
10-17 12:41:59.749 D/GSM     ( 1159): [ApnContext:dun] setDataConnectionAc: old dcac=null new dcac=null
10-17 12:41:59.749 D/GSM     ( 1159): [ApnContext:supl] set reason as radioTurnedOff,current state IDLE
10-17 12:41:59.749 D/GSM     ( 1159): [ApnContext:supl] setState: IDLE, previous state:IDLE
10-17 12:41:59.749 D/GSM     ( 1159): [GSMPhone] getDataConnectionState: Data is Out of Service. ret = DISCONNECTED
10-17 12:41:59.749 E/PHONE   ( 1159): Settings Exception Reading Dual Sim Data Call Values
10-17 12:41:59.749 D/GSM     ( 1159): [MSimDefaultPhoneNotifier] subscription = 0, DDS = 0
10-17 12:41:59.759 D/GSM     ( 1159): [ApnContext:supl] setDataConnection: old dc=null new dc=null this={mApnType=supl mState=IDLE mWaitingApns=null mWaitingApnsPermanentFailureCountDown=0 mDataProfile =null mDataConnectionAc=null mReason=radioTurnedOff mDataEnabled=false mDependencyMet=true}
10-17 12:41:59.759 D/GSM     ( 1159): [ApnContext:supl] setDataConnectionAc: old dcac=null new dcac=null
10-17 12:41:59.759 D/GSM     ( 1159): [ApnContext:hipri] set reason as radioTurnedOff,current state IDLE
10-17 12:41:59.759 D/GSM     ( 1159): [ApnContext:hipri] setState: IDLE, previous state:IDLE
10-17 12:41:59.759 D/GSM     ( 1159): [GSMPhone] getDataConnectionState: Data is Out of Service. ret = DISCONNECTED
10-17 12:41:59.759 E/PHONE   ( 1159): Settings Exception Reading Dual Sim Data Call Values
10-17 12:41:59.759 D/GSM     ( 1159): [MSimDefaultPhoneNotifier] subscription = 0, DDS = 0
10-17 12:41:59.759 D/GSM     ( 1159): [ApnContext:hipri] setDataConnection: old dc=null new dc=null this={mApnType=hipri mState=IDLE mWaitingApns=null mWaitingApnsPermanentFailureCountDown=0 mDataProfile =null mDataConnectionAc=null mReason=radioTurnedOff mDataEnabled=false mDependencyMet=true}
10-17 12:41:59.759 D/GSM     ( 1159): [ApnContext:hipri] setDataConnectionAc: old dcac=null new dcac=null
10-17 12:41:59.759 D/GSM     ( 1159): [ApnContext:ims] set reason as radioTurnedOff,current state IDLE
10-17 12:41:59.759 D/GSM     ( 1159): [ApnContext:ims] setState: IDLE, previous state:IDLE
10-17 12:41:59.759 D/GSM     ( 1159): [GSMPhone] getDataConnectionState: Data is Out of Service. ret = DISCONNECTED
10-17 12:41:59.759 E/PHONE   ( 1159): Settings Exception Reading Dual Sim Data Call Values
10-17 12:41:59.759 D/GSM     ( 1159): [MSimDefaultPhoneNotifier] subscription = 0, DDS = 0
10-17 12:41:59.759 D/GSM     ( 1159): [ApnContext:ims] setDataConnection: old dc=null new dc=null this={mApnType=ims mState=IDLE mWaitingApns=null mWaitingApnsPermanentFailureCountDown=0 mDataProfile =null mDataConnectionAc=null mReason=radioTurnedOff mDataEnabled=false mDependencyMet=true}
10-17 12:41:59.759 D/GSM     ( 1159): [ApnContext:ims] setDataConnectionAc: old dcac=null new dcac=null
10-17 12:41:59.759 D/GSM     ( 1159): [ApnContext:default] set reason as radioTurnedOff,current state IDLE
10-17 12:41:59.759 D/GSM     ( 1159): [ApnContext:default] setState: IDLE, previous state:IDLE
10-17 12:41:59.759 D/GSM     ( 1159): [GSMPhone] getDataConnectionState: Data is Out of Service. ret = DISCONNECTED
10-17 12:41:59.769 E/PHONE   ( 1159): Settings Exception Reading Dual Sim Data Call Values
10-17 12:41:59.769 D/GSM     ( 1159): [MSimDefaultPhoneNotifier] subscription = 0, DDS = 0
10-17 12:41:59.769 D/GSM     ( 1159): [ApnContext:default] setDataConnection: old dc=null new dc=null this={mApnType=default mState=IDLE mWaitingApns=null mWaitingApnsPermanentFailureCountDown=0 mDataProfile =null mDataConnectionAc=null mReason=radioTurnedOff mDataEnabled=true mDependencyMet=true}
10-17 12:41:59.769 D/GSM     ( 1159): [ApnContext:default] setDataConnectionAc: old dcac=null new dcac=null
10-17 12:41:59.769 D/GSM     ( 1159): [ApnContext:mms] set reason as radioTurnedOff,current state IDLE
10-17 12:41:59.769 D/GSM     ( 1159): [ApnContext:mms] setState: IDLE, previous state:IDLE
10-17 12:41:59.769 D/GSM     ( 1159): [GSMPhone] getDataConnectionState: Data is Out of Service. ret = DISCONNECTED
10-17 12:41:59.769 E/PHONE   ( 1159): Settings Exception Reading Dual Sim Data Call Values
10-17 12:41:59.769 D/GSM     ( 1159): [MSimDefaultPhoneNotifier] subscription = 0, DDS = 0
10-17 12:41:59.769 D/GSM     ( 1159): [ApnContext:mms] setDataConnection: old dc=null new dc=null this={mApnType=mms mState=IDLE mWaitingApns=null mWaitingApnsPermanentFailureCountDown=0 mDataProfile =null mDataConnectionAc=null mReason=radioTurnedOff mDataEnabled=false mDependencyMet=true}
10-17 12:41:59.769 D/GSM     ( 1159): [ApnContext:mms] setDataConnectionAc: old dcac=null new dcac=null
10-17 12:41:59.769 D/GSM     ( 1159): [ApnContext:cbs] set reason as radioTurnedOff,current state IDLE
10-17 12:41:59.769 D/GSM     ( 1159): [ApnContext:cbs] setState: IDLE, previous state:IDLE
10-17 12:41:59.769 D/GSM     ( 1159): [GSMPhone] getDataConnectionState: Data is Out of Service. ret = DISCONNECTED
10-17 12:41:59.769 E/PHONE   ( 1159): Settings Exception Reading Dual Sim Data Call Values
10-17 12:41:59.769 D/GSM     ( 1159): [MSimDefaultPhoneNotifier] subscription = 0, DDS = 0
10-17 12:41:59.779 D/GSM     ( 1159): [ApnContext:cbs] setDataConnection: old dc=null new dc=null this={mApnType=cbs mState=IDLE mWaitingApns=null mWaitingApnsPermanentFailureCountDown=0 mDataProfile =null mDataConnectionAc=null mReason=radioTurnedOff mDataEnabled=false mDependencyMet=true}
10-17 12:41:59.779 D/GSM     ( 1159): [ApnContext:cbs] setDataConnectionAc: old dcac=null new dcac=null
10-17 12:41:59.779 D/GSM     ( 1159): [MSimGsmDCT:0] cleanUpConnection: mDisconnectPendingCount = 0
10-17 12:41:59.779 E/PHONE   ( 1159): Settings Exception Reading Dual Sim Data Call Values
10-17 12:41:59.779 D/GSM     ( 1159): [MSimDefaultPhoneNotifier] subscription = 0, DDS = 0
10-17 12:41:59.779 E/PHONE   ( 1159): Settings Exception Reading Dual Sim Data Call Values
10-17 12:41:59.779 D/GSM     ( 1159): [MSimDefaultPhoneNotifier] subscription = 0, DDS = 0
10-17 12:41:59.779 E/PHONE   ( 1159): Settings Exception Reading Dual Sim Data Call Values
10-17 12:41:59.779 D/GSM     ( 1159): [MSimDefaultPhoneNotifier] subscription = 0, DDS = 0
10-17 12:41:59.789 E/Sensors (  399): sensors_poll_context_t::pollEvents, line 202: receive event #### i=3, nb=1
10-17 12:41:59.789 E/PHONE   ( 1159): Settings Exception Reading Dual Sim Data Call Values
10-17 12:41:59.789 D/GSM     ( 1159): [MSimDefaultPhoneNotifier] subscription = 0, DDS = 0
10-17 12:41:59.789 E/PHONE   ( 1159): Settings Exception Reading Dual Sim Data Call Values
10-17 12:41:59.789 D/GSM     ( 1159): [MSimDefaultPhoneNotifier] subscription = 0, DDS = 0
10-17 12:41:59.789 E/PHONE   ( 1159): Settings Exception Reading Dual Sim Data Call Values
10-17 12:41:59.789 D/GSM     ( 1159): [MSimDefaultPhoneNotifier] subscription = 0, DDS = 0
10-17 12:41:59.799 E/PHONE   ( 1159): Settings Exception Reading Dual Sim Data Call Values
10-17 12:41:59.799 D/GSM     ( 1159): [MSimDefaultPhoneNotifier] subscription = 0, DDS = 0
10-17 12:41:59.799 E/PHONE   ( 1159): Settings Exception Reading Dual Sim Data Call Values
10-17 12:41:59.799 D/GSM     ( 1159): [GSMPhone] getDataConnectionState: Data is Out of Service. ret = DISCONNECTED
10-17 12:41:59.799 E/PHONE   ( 1159): Settings Exception Reading Dual Sim Data Call Values
10-17 12:41:59.799 D/GSM     ( 1159): [MSimDefaultPhoneNotifier] subscription = 0, DDS = 0
10-17 12:41:59.799 E/PHONE   ( 1159): Settings Exception Reading Dual Sim Data Call Values
10-17 12:41:59.799 D/GSM     ( 1159): [MSimDefaultPhoneNotifier] subscription = 0, DDS = 0
10-17 12:41:59.809 E/PHONE   ( 1159): Settings Exception Reading Dual Sim Data Call Values
10-17 12:41:59.809 D/GSM     ( 1159): [MSimDefaultPhoneNotifier] subscription = 0, DDS = 0
10-17 12:41:59.809 E/PHONE   ( 1159): Settings Exception Reading Dual Sim Data Call Values
10-17 12:41:59.809 D/GSM     ( 1159): [MSimDefaultPhoneNotifier] subscription = 0, DDS = 0
10-17 12:41:59.809 E/PHONE   ( 1159): Settings Exception Reading Dual Sim Data Call Values
10-17 12:41:59.809 D/GSM     ( 1159): [MSimDefaultPhoneNotifier] subscription = 0, DDS = 0
10-17 12:41:59.819 E/PHONE   ( 1159): Settings Exception Reading Dual Sim Data Call Values
10-17 12:41:59.819 D/GSM     ( 1159): [MSimDefaultPhoneNotifier] subscription = 0, DDS = 0
10-17 12:41:59.819 E/PHONE   ( 1159): Settings Exception Reading Dual Sim Data Call Values
10-17 12:41:59.819 D/GSM     ( 1159): [MSimDefaultPhoneNotifier] subscription = 0, DDS = 0
10-17 12:41:59.819 E/PHONE   ( 1159): Settings Exception Reading Dual Sim Data Call Values
10-17 12:41:59.819 D/GSM     ( 1159): [MSimDefaultPhoneNotifier] subscription = 0, DDS = 0
10-17 12:41:59.829 I/dalvikvm(  399): Jit: resizing JitTable from 4096 to 8192
10-17 12:41:59.829 E/PHONE   ( 1159): Settings Exception Reading Dual Sim Data Call Values
10-17 12:41:59.829 E/PHONE   ( 1159): Settings Exception Reading Dual Sim Data Call Values
10-17 12:41:59.829 D/GSM     ( 1159): [MSimDefaultPhoneNotifier] subscription = 0, DDS = 0
10-17 12:41:59.829 E/PHONE   ( 1159): Settings Exception Reading Dual Sim Data Call Values
10-17 12:41:59.829 D/GSM     ( 1159): [MSimDefaultPhoneNotifier] subscription = 0, DDS = 0
10-17 12:41:59.839 E/PHONE   ( 1159): Settings Exception Reading Dual Sim Data Call Values
10-17 12:41:59.839 D/GSM     ( 1159): [MSimDefaultPhoneNotifier] subscription = 0, DDS = 0
10-17 12:41:59.839 E/PHONE   ( 1159): Settings Exception Reading Dual Sim Data Call Values
10-17 12:41:59.839 D/GSM     ( 1159): [MSimDefaultPhoneNotifier] subscription = 0, DDS = 0
10-17 12:41:59.839 E/PHONE   ( 1159): Settings Exception Reading Dual Sim Data Call Values
10-17 12:41:59.849 D/GSM     ( 1159): [MSimDefaultPhoneNotifier] subscription = 0, DDS = 0
10-17 12:41:59.849 E/PHONE   ( 1159): Settings Exception Reading Dual Sim Data Call Values
10-17 12:41:59.849 D/GSM     ( 1159): [MSimDefaultPhoneNotifier] subscription = 0, DDS = 0
10-17 12:41:59.849 E/PHONE   ( 1159): Settings Exception Reading Dual Sim Data Call Values
10-17 12:41:59.849 D/GSM     ( 1159): [MSimDefaultPhoneNotifier] subscription = 0, DDS = 0
10-17 12:41:59.869 D/GSM     ( 1159): [MSimGsmDCT:0] setupDataOnReadyApns: roamingOff
10-17 12:41:59.869 D/GSM     ( 1159): [ApnContext:default] set reason as roamingOff,current state IDLE
10-17 12:41:59.869 E/PHONE   ( 1159): Settings Exception Reading Dual Sim Data Call Values
10-17 12:41:59.869 D/GSM     ( 1159): [MSimDefaultPhoneNotifier] subscription = 0, DDS = 0
10-17 12:41:59.869 E/PHONE   ( 1159): Settings Exception Reading Dual Sim Data Call Values
10-17 12:41:59.869 D/GSM     ( 1159): [MSimDefaultPhoneNotifier] subscription = 0, DDS = 0
10-17 12:41:59.869 E/PHONE   ( 1159): Settings Exception Reading Dual Sim Data Call Values
10-17 12:41:59.869 D/GSM     ( 1159): [MSimDefaultPhoneNotifier] subscription = 0, DDS = 0
10-17 12:41:59.879 E/PHONE   ( 1159): Settings Exception Reading Dual Sim Data Call Values
10-17 12:41:59.879 D/GSM     ( 1159): [MSimDefaultPhoneNotifier] subscription = 0, DDS = 0
10-17 12:41:59.879 E/PHONE   ( 1159): Settings Exception Reading Dual Sim Data Call Values
10-17 12:41:59.879 D/GSM     ( 1159): [MSimDefaultPhoneNotifier] subscription = 0, DDS = 0
10-17 12:41:59.889 E/PHONE   ( 1159): Settings Exception Reading Dual Sim Data Call Values
10-17 12:41:59.889 D/GSM     ( 1159): [MSimDefaultPhoneNotifier] subscription = 0, DDS = 0
10-17 12:41:59.889 E/PHONE   ( 1159): Settings Exception Reading Dual Sim Data Call Values
10-17 12:41:59.889 D/GSM     ( 1159): [MSimDefaultPhoneNotifier] subscription = 0, DDS = 0
10-17 12:41:59.899 D/GSM     ( 1159): MSimGsmSMSDispatcher: subId = 0 slotId = -1
10-17 12:41:59.899 D/RIL_MSimIccCardProxy( 1159): No card available
10-17 12:41:59.899 D/RIL_MSimIccCardProxy( 1159): No card available
10-17 12:41:59.899 D/RILJ    ( 1159): [0006]> GET_CURRENT_CALLS [SUB1]
10-17 12:41:59.899 D/RILJ    ( 1159): [0007]> RADIO_POWER on [SUB1]
10-17 12:41:59.899 I/GSM     ( 1159): Network State Changed, get EONS and update operator name display
10-17 12:41:59.899 I/gsm_service_state_change( 1159): [1,1,3,1]
10-17 12:41:59.909 W/SignalStrength(  527): getLTELevel - rsrp:2147483647 snr:2147483647 rsrpIconLevel:-1 snrIconLevel:-1
10-17 12:41:59.909 W/SignalStrength(  527): getLTELevel - rssi:99 rssiIconLevel:0
10-17 12:41:59.909 W/SignalStrength(  527): getGsmLevel=0
10-17 12:41:59.909 W/SignalStrength(  527): getLevel=0
10-17 12:41:59.909 D/DebugService( 1159): DebugService DebugService:
10-17 12:41:59.909 D/TelephonyDebugService( 1159): TelephonyDebugService()
10-17 12:41:59.909 I/MSimTelephonyRegistry(  399): notifyServiceState: 3 home null null null  Unknown CSS not supported -1 -1 mDataState=3 RoamInd=-1 DefRoamInd=-1 EmergOnly=false
10-17 12:41:59.909 D/StatusBar.MSimNetworkController(  527): onServiceStateChanged received on subscription :1state=3
10-17 12:41:59.909 D/StatusBar.MSimNetworkController(  527): updateTelephonySignalStrength: subscription =1
10-17 12:41:59.909 D/StatusBar.MSimNetworkController(  527):  No service
10-17 12:41:59.909 D/StatusBar.MSimNetworkController(  527): updateDataNetType sub = 1 mDataNetType = 0
10-17 12:41:59.909 E/StatusBar.MSimNetworkController(  527): updateDataNetType NETWORK_TYPE_UNKNOWN
10-17 12:41:59.909 D/StatusBar.MSimNetworkController(  527): updateDataIcon subscription =1
10-17 12:41:59.909 D/StatusBar.MSimNetworkController(  527): updateDataIcon dataSub =0
10-17 12:41:59.909 D/StatusBar.MSimNetworkController(  527): updateDataIcon return
10-17 12:41:59.909 D/StatusBar.MSimNetworkController(  527): refreshViews subscription =1mMSimDataConnected =false
10-17 12:41:59.909 D/StatusBar.MSimNetworkController(  527): refreshViews mMSimDataActivity =0
10-17 12:41:59.909 D/StatusBar.MSimNetworkController(  527): refreshViews connected={ } level=0 mMSimcombinedSignalIconId=0x7f0200f8/com.android.systemui:drawable/stat_sys_signal_null mMSimcombinedActivityIconId=0x0 mAirplaneMode=false mMSimDataActivity=0 mMSimPhoneSignalIconId=0x7f0200f8 mMSimDataDirectionIconId=0x0 mMSimDataSignalIconId=0x7f0200f8 mMSimDataTypeIconId=0x0 mNoMSimIconId=0x0 mWifiIconId=0x0 mBluetoothTetherIconId=0x1080580
10-17 12:41:59.909 E/PHONE   ( 1159): Settings Exception Reading Dual Sim Data Call Values
10-17 12:41:59.909 E/GSM     ( 1159): [MSimGsmDCT:1] Ignore GSM msgs since GSM phone is not the current DDS
10-17 12:41:59.909 E/PHONE   ( 1159): Settings Exception Reading Dual Sim Data Call Values
