10-17 12:44:16.089 D/dalvikvm(  399): GC_EXPLICIT freed 114K, 39% free 5750K/9287K, paused 3ms+5ms, total 63ms
10-17 12:44:16.219 E/Sensors (  399): sensors_poll_context_t::pollEvents, line 202: receive event #### i=3, nb=1
10-17 12:44:16.399 I/force_gc(  399): Binder
10-17 12:44:16.459 D/dalvikvm(  399): GC_EXPLICIT freed 113K, 39% free 5751K/9287K, paused 3ms+4ms, total 58ms
10-17 12:44:16.799 I/force_gc(  573): Binder
10-17 12:44:16.839 D/dalvikvm(  573): GC_EXPLICIT freed 480K, 69% free 2577K/8195K, paused 2ms+6ms, total 34ms
10-17 12:44:16.839 I/force_gc(  399): Binder
10-17 12:44:16.899 D/dalvikvm(  399): GC_EXPLICIT freed 114K, 39% free 5750K/9287K, paused 3ms+4ms, total 58ms
10-17 12:44:17.229 I/force_gc(  399): Binder
10-17 12:44:17.289 D/dalvikvm(  399): GC_EXPLICIT freed 113K, 39% free 5751K/9287K, paused 3ms+5ms, total 58ms
10-17 12:44:17.619 I/force_gc(  573): Binder
10-17 12:44:17.649 E/Sensors (  399): sensors_poll_context_t::pollEvents, line 202: receive event #### i=3, nb=1
10-17 12:44:17.649 D/dalvikvm(  573): GC_EXPLICIT freed 461K, 69% free 2586K/8195K, paused 2ms+6ms, total 30ms
10-17 12:44:17.649 I/force_gc(  399): Binder
10-17 12:44:17.709 D/dalvikvm(  399): GC_EXPLICIT freed 114K, 39% free 5750K/9287K, paused 3ms+4ms, total 57ms
10-17 12:44:18.019 I/force_gc(  399): Binder
10-17 12:44:18.079 D/dalvikvm(  399): GC_EXPLICIT freed 113K, 39% free 5751K/9287K, paused 3ms+5ms, total 56ms
10-17 12:44:18.349 E/MP-Decision( 1273): MPDecision server starting
10-17 12:44:18.349 E/MP-Decision( 1273): OPTION ENABLED: Control sleep modes
10-17 12:44:18.349 E/MP-Decision( 1273): OPTION ENABLED: Adjusting average
10-17 12:44:18.349 E/MP-Decision( 1273): 
10-17 12:44:18.349 E/MP-Decision( 1273):  MP Decision Options:
10-17 12:44:18.349 E/MP-Decision( 1273): --poll_ms --decision_ms --no_sleep --avg_comp --debug
10-17 12:44:18.349 E/MP-Decision( 1273): --Nw=[1..3]:[value] --Tw=[1..3]:[value] --Ns=[1..3]:[value] --Ts=[1..3]:[value]
10-17 12:44:18.409 I/force_gc(  573): Binder
10-17 12:44:18.439 D/dalvikvm(  573): GC_EXPLICIT freed 490K, 69% free 2573K/8195K, paused 2ms+6ms, total 29ms
10-17 12:44:18.439 I/force_gc(  399): Binder
10-17 12:44:18.489 D/dalvikvm(  399): GC_EXPLICIT freed 114K, 39% free 5750K/9287K, paused 3ms+5ms, total 54ms
10-17 12:44:19.069 E/Sensors (  399): sensors_poll_context_t::pollEvents, line 202: receive event #### i=3, nb=1
10-17 12:44:19.229 D/dalvikvm(  573): GC_CONCURRENT freed 1925K, 71% free 2391K/8195K, paused 3ms+2ms, total 28ms
10-17 12:44:19.759 D/dalvikvm(  573): GC_CONCURRENT freed 1802K, 72% free 2345K/8195K, paused 2ms+3ms, total 23ms
10-17 12:44:20.279 D/dalvikvm(  573): GC_CONCURRENT freed 1754K, 72% free 2346K/8195K, paused 2ms+3ms, total 31ms
10-17 12:44:20.489 E/Sensors (  399): sensors_poll_context_t::pollEvents, line 202: receive event #### i=3, nb=1
10-17 12:44:20.529 I/force_gc(  399): Binder
10-17 12:44:20.589 D/dalvikvm(  399): GC_EXPLICIT freed 122K, 39% free 5750K/9287K, paused 3ms+4ms, total 55ms
10-17 12:44:20.919 I/force_gc(  399): Binder
10-17 12:44:20.979 D/dalvikvm(  399): GC_EXPLICIT freed 113K, 39% free 5751K/9287K, paused 3ms+5ms, total 54ms
10-17 12:44:20.979 I/force_gc(  573): Binder
10-17 12:44:21.009 D/dalvikvm(  573): GC_EXPLICIT freed 525K, 70% free 2513K/8195K, paused 2ms+4ms, total 29ms
10-17 12:44:21.359 I/force_gc(  399): Binder
10-17 12:44:21.409 D/dalvikvm(  399): GC_EXPLICIT freed 114K, 39% free 5750K/9287K, paused 3ms+5ms, total 53ms
10-17 12:44:21.459 W/MediaScanner(  573): Error opening directory '/storage/sdcard1/.android_secure/', skipping: Permission denied.
10-17 12:44:21.749 I/force_gc(  399): Binder
10-17 12:44:21.809 D/dalvikvm(  399): GC_EXPLICIT freed 113K, 39% free 5751K/9287K, paused 3ms+5ms, total 58ms
10-17 12:44:21.809 I/force_gc(  573): Binder
10-17 12:44:21.839 D/dalvikvm(  573): GC_EXPLICIT freed 426K, 69% free 2579K/8195K, paused 2ms+6ms, total 30ms
10-17 12:44:21.909 E/Sensors (  399): sensors_poll_context_t::pollEvents, line 202: receive event #### i=3, nb=1
10-17 12:44:22.209 I/force_gc(  399): Binder
10-17 12:44:22.259 D/dalvikvm(  399): GC_EXPLICIT freed 114K, 39% free 5750K/9287K, paused 3ms+5ms, total 59ms
10-17 12:44:22.589 I/force_gc(  399): Binder
10-17 12:44:22.649 D/dalvikvm(  399): GC_EXPLICIT freed 113K, 39% free 5751K/9287K, paused 3ms+5ms, total 58ms
10-17 12:44:22.649 I/force_gc(  573): Binder
10-17 12:44:22.679 D/dalvikvm(  573): GC_EXPLICIT freed 476K, 69% free 2579K/8195K, paused 2ms+6ms, total 29ms
10-17 12:44:23.019 I/force_gc(  399): Binder
10-17 12:44:23.079 D/dalvikvm(  399): GC_EXPLICIT freed 114K, 39% free 5750K/9287K, paused 2ms+4ms, total 57ms
10-17 12:44:23.339 E/Sensors (  399): sensors_poll_context_t::pollEvents, line 202: receive event #### i=3, nb=1
10-17 12:44:23.359 E/MP-Decision( 1277): MPDecision server starting
10-17 12:44:23.359 E/MP-Decision( 1277): OPTION ENABLED: Control sleep modes
10-17 12:44:23.359 E/MP-Decision( 1277): OPTION ENABLED: Adjusting average
10-17 12:44:23.359 E/MP-Decision( 1277): 
10-17 12:44:23.359 E/MP-Decision( 1277):  MP Decision Options:
10-17 12:44:23.359 E/MP-Decision( 1277): --poll_ms --decision_ms --no_sleep --avg_comp --debug
10-17 12:44:23.359 E/MP-Decision( 1277): --Nw=[1..3]:[value] --Tw=[1..3]:[value] --Ns=[1..3]:[value] --Ts=[1..3]:[value]
10-17 12:44:23.409 I/force_gc(  399): Binder
10-17 12:44:23.469 D/dalvikvm(  399): GC_EXPLICIT freed 113K, 39% free 5751K/9287K, paused 4ms+4ms, total 58ms
10-17 12:44:23.469 I/force_gc(  573): Binder
10-17 12:44:23.509 D/dalvikvm(  573): GC_EXPLICIT freed 470K, 69% free 2580K/8195K, paused 3ms+6ms, total 31ms
10-17 12:44:23.849 I/force_gc(  399): Binder
10-17 12:44:23.909 D/dalvikvm(  399): GC_EXPLICIT freed 115K, 39% free 5750K/9287K, paused 3ms+6ms, total 57ms
10-17 12:44:24.239 I/force_gc(  399): Binder
10-17 12:44:24.299 D/dalvikvm(  399): GC_EXPLICIT freed 113K, 39% free 5751K/9287K, paused 3ms+4ms, total 55ms
10-17 12:44:24.309 I/force_gc(  573): Binder
10-17 12:44:24.339 D/dalvikvm(  573): GC_EXPLICIT freed 477K, 69% free 2579K/8195K, paused 2ms+6ms, total 30ms
10-17 12:44:24.689 I/force_gc(  399): Binder
10-17 12:44:24.739 D/dalvikvm(  399): GC_EXPLICIT freed 114K, 39% free 5750K/9287K, paused 3ms+4ms, total 53ms
10-17 12:44:24.759 E/Sensors (  399): sensors_poll_context_t::pollEvents, line 202: receive event #### i=3, nb=1
10-17 12:44:25.079 I/force_gc(  399): Binder
10-17 12:44:25.139 D/dalvikvm(  399): GC_EXPLICIT freed 113K, 39% free 5751K/9287K, paused 3ms+5ms, total 54ms
10-17 12:44:25.139 I/force_gc(  573): Binder
10-17 12:44:25.169 D/dalvikvm(  573): GC_EXPLICIT freed 470K, 69% free 2578K/8195K, paused 2ms+6ms, total 29ms
10-17 12:44:25.599 I/force_gc(  399): Binder
10-17 12:44:25.649 D/dalvikvm(  399): GC_EXPLICIT freed 114K, 39% free 5750K/9287K, paused 3ms+5ms, total 54ms
10-17 12:44:25.999 I/force_gc(  399): Binder
10-17 12:44:26.049 D/dalvikvm(  399): GC_EXPLICIT freed 113K, 39% free 5751K/9287K, paused 3ms+5ms, total 54ms
10-17 12:44:26.059 I/force_gc(  573): Binder
10-17 12:44:26.089 D/dalvikvm(  573): GC_EXPLICIT freed 492K, 69% free 2579K/8195K, paused 2ms+5ms, total 29ms
10-17 12:44:26.179 E/Sensors (  399): sensors_poll_context_t::pollEvents, line 202: receive event #### i=3, nb=1
10-17 12:44:26.419 I/force_gc(  399): Binder
10-17 12:44:26.479 D/dalvikvm(  399): GC_EXPLICIT freed 114K, 39% free 5750K/9287K, paused 3ms+5ms, total 55ms
10-17 12:44:26.809 I/force_gc(  399): Binder
10-17 12:44:26.869 D/dalvikvm(  399): GC_EXPLICIT freed 113K, 39% free 5751K/9287K, paused 3ms+5ms, total 59ms
10-17 12:44:26.869 I/force_gc(  573): Binder
10-17 12:44:26.899 D/dalvikvm(  573): GC_EXPLICIT freed 496K, 69% free 2581K/8195K, paused 3ms+6ms, total 30ms
10-17 12:44:27.249 I/force_gc(  399): Binder
10-17 12:44:27.309 D/dalvikvm(  399): GC_EXPLICIT freed 114K, 39% free 5750K/9287K, paused 3ms+5ms, total 54ms
10-17 12:44:27.609 E/Sensors (  399): sensors_poll_context_t::pollEvents, line 202: receive event #### i=3, nb=1
10-17 12:44:27.649 I/force_gc(  399): Binder
10-17 12:44:27.699 D/dalvikvm(  399): GC_EXPLICIT freed 113K, 39% free 5751K/9287K, paused 3ms+5ms, total 54ms
10-17 12:44:27.709 I/force_gc(  573): Binder
10-17 12:44:27.739 D/dalvikvm(  573): GC_EXPLICIT freed 498K, 69% free 2581K/8195K, paused 3ms+6ms, total 30ms
10-17 12:44:28.069 I/force_gc(  399): Binder
10-17 12:44:28.129 D/dalvikvm(  399): GC_EXPLICIT freed 114K, 39% free 5750K/9287K, paused 3ms+5ms, total 58ms
10-17 12:44:28.379 E/MP-Decision( 1281): MPDecision server starting
10-17 12:44:28.379 E/MP-Decision( 1281): OPTION ENABLED: Control sleep modes
10-17 12:44:28.379 E/MP-Decision( 1281): OPTION ENABLED: Adjusting average
10-17 12:44:28.379 E/MP-Decision( 1281): 
10-17 12:44:28.379 E/MP-Decision( 1281):  MP Decision Options:
10-17 12:44:28.379 E/MP-Decision( 1281): --poll_ms --decision_ms --no_sleep --avg_comp --debug
10-17 12:44:28.379 E/MP-Decision( 1281): --Nw=[1..3]:[value] --Tw=[1..3]:[value] --Ns=[1..3]:[value] --Ts=[1..3]:[value]
10-17 12:44:28.479 I/force_gc(  399): Binder
10-17 12:44:28.529 D/dalvikvm(  399): GC_EXPLICIT freed 113K, 39% free 5751K/9287K, paused 3ms+4ms, total 56ms
10-17 12:44:28.539 I/force_gc(  573): Binder
10-17 12:44:28.569 D/dalvikvm(  573): GC_EXPLICIT freed 495K, 69% free 2583K/8195K, paused 2ms+5ms, total 29ms
10-17 12:44:28.909 I/force_gc(  399): Binder
10-17 12:44:28.969 D/dalvikvm(  399): GC_EXPLICIT freed 114K, 39% free 5750K/9287K, paused 3ms+5ms, total 59ms
10-17 12:44:29.029 E/Sensors (  399): sensors_poll_context_t::pollEvents, line 202: receive event #### i=3, nb=1
10-17 12:44:29.309 I/force_gc(  399): Binder
10-17 12:44:29.359 D/dalvikvm(  399): GC_EXPLICIT freed 113K, 39% free 5751K/9287K, paused 3ms+5ms, total 55ms
10-17 12:44:29.369 I/force_gc(  573): Binder
10-17 12:44:29.399 D/dalvikvm(  573): GC_EXPLICIT freed 500K, 69% free 2581K/8195K, paused 2ms+5ms, total 29ms
10-17 12:44:29.739 I/force_gc(  399): Binder
10-17 12:44:29.799 D/dalvikvm(  399): GC_EXPLICIT freed 114K, 39% free 5750K/9287K, paused 3ms+4ms, total 58ms
10-17 12:44:30.129 I/force_gc(  399): Binder
10-17 12:44:30.179 D/dalvikvm(  399): GC_EXPLICIT freed 113K, 39% free 5751K/9287K, paused 3ms+5ms, total 55ms
10-17 12:44:30.189 I/force_gc(  573): Binder
10-17 12:44:30.219 D/dalvikvm(  573): GC_EXPLICIT freed 498K, 69% free 2581K/8195K, paused 2ms+6ms, total 29ms
10-17 12:44:30.449 E/Sensors (  399): sensors_poll_context_t::pollEvents, line 202: receive event #### i=3, nb=1
10-17 12:44:30.559 I/force_gc(  399): Binder
10-17 12:44:30.619 D/dalvikvm(  399): GC_EXPLICIT freed 114K, 39% free 5750K/9287K, paused 3ms+5ms, total 59ms
10-17 12:44:30.949 I/force_gc(  399): Binder
10-17 12:44:31.009 D/dalvikvm(  399): GC_EXPLICIT freed 113K, 39% free 5751K/9287K, paused 3ms+5ms, total 58ms
10-17 12:44:31.019 I/force_gc(  573): Binder
10-17 12:44:31.049 D/dalvikvm(  573): GC_EXPLICIT freed 498K, 69% free 2581K/8195K, paused 2ms+6ms, total 29ms
10-17 12:44:31.389 I/force_gc(  399): Binder
10-17 12:44:31.439 D/dalvikvm(  399): GC_EXPLICIT freed 114K, 39% free 5750K/9287K, paused 3ms+5ms, total 57ms
10-17 12:44:31.779 I/force_gc(  399): Binder
10-17 12:44:31.829 D/dalvikvm(  399): GC_EXPLICIT freed 113K, 39% free 5751K/9287K, paused 3ms+5ms, total 57ms
10-17 12:44:31.839 I/force_gc(  573): Binder
10-17 12:44:31.869 D/dalvikvm(  573): GC_EXPLICIT freed 498K, 69% free 2581K/8195K, paused 2ms+5ms, total 28ms
10-17 12:44:31.879 E/Sensors (  399): sensors_poll_context_t::pollEvents, line 202: receive event #### i=3, nb=1
10-17 12:44:32.199 I/force_gc(  399): Binder
10-17 12:44:32.259 D/dalvikvm(  399): GC_EXPLICIT freed 114K, 39% free 5750K/9287K, paused 3ms+5ms, total 58ms
10-17 12:44:32.599 I/force_gc(  399): Binder
10-17 12:44:32.649 D/dalvikvm(  399): GC_EXPLICIT freed 113K, 39% free 5751K/9287K, paused 3ms+4ms, total 58ms
10-17 12:44:32.659 I/force_gc(  573): Binder
10-17 12:44:32.689 D/dalvikvm(  573): GC_EXPLICIT freed 498K, 69% free 2581K/8195K, paused 3ms+6ms, total 30ms
10-17 12:44:33.029 I/force_gc(  399): Binder
10-17 12:44:33.089 D/dalvikvm(  399): GC_EXPLICIT freed 114K, 39% free 5750K/9287K, paused 3ms+5ms, total 54ms
10-17 12:44:33.299 E/Sensors (  399): sensors_poll_context_t::pollEvents, line 202: receive event #### i=3, nb=1
10-17 12:44:33.389 E/MP-Decision( 1284): MPDecision server starting
10-17 12:44:33.399 E/MP-Decision( 1284): OPTION ENABLED: Control sleep modes
10-17 12:44:33.399 E/MP-Decision( 1284): OPTION ENABLED: Adjusting average
10-17 12:44:33.399 E/MP-Decision( 1284): 
10-17 12:44:33.399 E/MP-Decision( 1284):  MP Decision Options:
10-17 12:44:33.399 E/MP-Decision( 1284): --poll_ms --decision_ms --no_sleep --avg_comp --debug
10-17 12:44:33.399 E/MP-Decision( 1284): --Nw=[1..3]:[value] --Tw=[1..3]:[value] --Ns=[1..3]:[value] --Ts=[1..3]:[value]
10-17 12:44:33.429 I/force_gc(  399): Binder
10-17 12:44:33.479 D/dalvikvm(  399): GC_EXPLICIT freed 113K, 39% free 5751K/9287K, paused 3ms+5ms, total 54ms
10-17 12:44:33.489 I/force_gc(  573): Binder
10-17 12:44:33.519 D/dalvikvm(  573): GC_EXPLICIT freed 498K, 69% free 2581K/8195K, paused 2ms+6ms, total 29ms
10-17 12:44:33.859 I/force_gc(  399): Binder
10-17 12:44:33.909 D/dalvikvm(  399): GC_EXPLICIT freed 114K, 39% free 5750K/9287K, paused 3ms+5ms, total 54ms
10-17 12:44:34.259 I/force_gc(  399): Binder
10-17 12:44:34.309 D/dalvikvm(  399): GC_EXPLICIT freed 113K, 39% free 5751K/9287K, paused 3ms+5ms, total 56ms
10-17 12:44:34.319 I/force_gc(  573): Binder
10-17 12:44:34.349 D/dalvikvm(  573): GC_EXPLICIT freed 498K, 69% free 2581K/8195K, paused 2ms+6ms, total 31ms
10-17 12:44:34.689 I/force_gc(  399): Binder
10-17 12:44:34.719 E/Sensors (  399): sensors_poll_context_t::pollEvents, line 202: receive event #### i=3, nb=1
10-17 12:44:34.749 D/dalvikvm(  399): GC_EXPLICIT freed 114K, 39% free 5750K/9287K, paused 3ms+4ms, total 55ms
10-17 12:44:35.079 I/force_gc(  399): Binder
10-17 12:44:35.139 D/dalvikvm(  399): GC_EXPLICIT freed 113K, 39% free 5751K/9287K, paused 3ms+5ms, total 55ms
10-17 12:44:35.139 I/force_gc(  573): Binder
10-17 12:44:35.169 D/dalvikvm(  573): GC_EXPLICIT freed 499K, 69% free 2580K/8195K, paused 3ms+5ms, total 30ms
10-17 12:44:35.509 I/force_gc(  399): Binder
10-17 12:44:35.559 D/dalvikvm(  399): GC_EXPLICIT freed 114K, 39% free 5750K/9287K, paused 3ms+4ms, total 53ms
10-17 12:44:35.899 I/force_gc(  399): Binder
10-17 12:44:35.959 D/dalvikvm(  399): GC_EXPLICIT freed 113K, 39% free 5751K/9287K, paused 3ms+5ms, total 57ms
10-17 12:44:35.959 I/force_gc(  573): Binder
10-17 12:44:35.999 D/dalvikvm(  573): GC_EXPLICIT freed 494K, 69% free 2584K/8195K, paused 2ms+6ms, total 36ms
10-17 12:44:36.149 E/Sensors (  399): sensors_poll_context_t::pollEvents, line 202: receive event #### i=3, nb=1
10-17 12:44:36.339 I/force_gc(  399): Binder
10-17 12:44:36.389 D/dalvikvm(  399): GC_EXPLICIT freed 114K, 39% free 5750K/9287K, paused 3ms+4ms, total 58ms
10-17 12:44:36.729 I/force_gc(  399): Binder
10-17 12:44:36.789 D/dalvikvm(  399): GC_EXPLICIT freed 113K, 39% free 5751K/9287K, paused 3ms+4ms, total 56ms
10-17 12:44:36.789 I/force_gc(  573): Binder
10-17 12:44:36.829 D/dalvikvm(  573): GC_EXPLICIT freed 502K, 69% free 2580K/8195K, paused 2ms+5ms, total 34ms
10-17 12:44:37.159 I/force_gc(  399): Binder
10-17 12:44:37.219 D/dalvikvm(  399): GC_EXPLICIT freed 114K, 39% free 5750K/9287K, paused 3ms+5ms, total 58ms
10-17 12:44:37.559 I/force_gc(  399): Binder
10-17 12:44:37.619 D/dalvikvm(  399): GC_EXPLICIT freed 113K, 39% free 5751K/9287K, paused 3ms+4ms, total 58ms
10-17 12:44:37.619 I/force_gc(  573): Binder
10-17 12:44:37.639 E/Sensors (  399): sensors_poll_context_t::pollEvents, line 202: receive event #### i=3, nb=1
10-17 12:44:37.649 D/dalvikvm(  573): GC_EXPLICIT freed 498K, 69% free 2580K/8195K, paused 2ms+6ms, total 30ms
10-17 12:44:37.999 I/force_gc(  399): Binder
10-17 12:44:38.049 D/dalvikvm(  399): GC_EXPLICIT freed 114K, 39% free 5750K/9287K, paused 3ms+5ms, total 58ms
10-17 12:44:38.389 I/force_gc(  399): Binder
10-17 12:44:38.409 E/MP-Decision( 1287): MPDecision server starting
10-17 12:44:38.409 E/MP-Decision( 1287): OPTION ENABLED: Control sleep modes
10-17 12:44:38.409 E/MP-Decision( 1287): OPTION ENABLED: Adjusting average
10-17 12:44:38.409 E/MP-Decision( 1287): 
10-17 12:44:38.409 E/MP-Decision( 1287):  MP Decision Options:
10-17 12:44:38.409 E/MP-Decision( 1287): --poll_ms --decision_ms --no_sleep --avg_comp --debug
10-17 12:44:38.409 E/MP-Decision( 1287): --Nw=[1..3]:[value] --Tw=[1..3]:[value] --Ns=[1..3]:[value] --Ts=[1..3]:[value]
10-17 12:44:38.449 D/dalvikvm(  399): GC_EXPLICIT freed 113K, 39% free 5751K/9287K, paused 3ms+5ms, total 60ms
10-17 12:44:38.449 I/force_gc(  573): Binder
10-17 12:44:38.479 D/dalvikvm(  573): GC_EXPLICIT freed 498K, 69% free 2580K/8195K, paused 2ms+6ms, total 29ms
10-17 12:44:38.809 I/force_gc(  399): Binder
10-17 12:44:38.869 D/dalvikvm(  399): GC_EXPLICIT freed 114K, 39% free 5750K/9287K, paused 3ms+5ms, total 59ms
10-17 12:44:39.059 E/Sensors (  399): sensors_poll_context_t::pollEvents, line 202: receive event #### i=3, nb=1
10-17 12:44:39.199 I/force_gc(  399): Binder
10-17 12:44:39.259 D/dalvikvm(  399): GC_EXPLICIT freed 113K, 39% free 5751K/9287K, paused 3ms+6ms, total 59ms
10-17 12:44:39.269 I/force_gc(  573): Binder
10-17 12:44:39.299 D/dalvikvm(  573): GC_EXPLICIT freed 498K, 69% free 2580K/8195K, paused 2ms+6ms, total 30ms
10-17 12:44:39.649 I/force_gc(  399): Binder
10-17 12:44:39.699 D/dalvikvm(  399): GC_EXPLICIT freed 114K, 39% free 5750K/9287K, paused 3ms+4ms, total 57ms
10-17 12:44:40.039 I/force_gc(  399): Binder
10-17 12:44:40.099 D/dalvikvm(  399): GC_EXPLICIT freed 113K, 39% free 5751K/9287K, paused 3ms+4ms, total 58ms
10-17 12:44:40.099 I/force_gc(  573): Binder
10-17 12:44:40.129 D/dalvikvm(  573): GC_EXPLICIT freed 498K, 69% free 2580K/8195K, paused 2ms+5ms, total 29ms
10-17 12:44:40.469 I/force_gc(  399): Binder
10-17 12:44:40.489 E/Sensors (  399): sensors_poll_context_t::pollEvents, line 202: receive event #### i=3, nb=1
10-17 12:44:40.529 D/dalvikvm(  399): GC_EXPLICIT freed 114K, 39% free 5750K/9287K, paused 3ms+5ms, total 57ms
10-17 12:44:40.859 I/force_gc(  399): Binder
10-17 12:44:40.919 D/dalvikvm(  399): GC_EXPLICIT freed 113K, 39% free 5751K/9287K, paused 3ms+5ms, total 55ms
10-17 12:44:40.919 I/force_gc(  573): Binder
10-17 12:44:40.949 D/dalvikvm(  573): GC_EXPLICIT freed 498K, 69% free 2580K/8195K, paused 2ms+5ms, total 29ms
10-17 12:44:41.299 I/force_gc(  399): Binder
10-17 12:44:41.359 D/dalvikvm(  399): GC_EXPLICIT freed 114K, 39% free 5750K/9287K, paused 3ms+5ms, total 58ms
10-17 12:44:41.699 I/force_gc(  399): Binder
10-17 12:44:41.749 D/dalvikvm(  399): GC_EXPLICIT freed 113K, 39% free 5751K/9287K, paused 3ms+5ms, total 54ms
10-17 12:44:41.759 I/force_gc(  573): Binder
10-17 12:44:41.789 D/dalvikvm(  573): GC_EXPLICIT freed 498K, 69% free 2580K/8195K, paused 2ms+5ms, total 30ms
10-17 12:44:41.909 E/Sensors (  399): sensors_poll_context_t::pollEvents, line 202: receive event #### i=3, nb=1
10-17 12:44:42.139 I/force_gc(  399): Binder
10-17 12:44:42.199 D/dalvikvm(  399): GC_EXPLICIT freed 114K, 39% free 5750K/9287K, paused 3ms+5ms, total 57ms
10-17 12:44:42.529 I/force_gc(  399): Binder
10-17 12:44:42.589 D/dalvikvm(  399): GC_EXPLICIT freed 113K, 39% free 5751K/9287K, paused 3ms+5ms, total 54ms
10-17 12:44:42.589 I/force_gc(  573): Binder
10-17 12:44:42.619 D/dalvikvm(  573): GC_EXPLICIT freed 498K, 69% free 2580K/8195K, paused 2ms+5ms, total 30ms
10-17 12:44:42.969 I/force_gc(  399): Binder
10-17 12:44:43.019 D/dalvikvm(  399): GC_EXPLICIT freed 114K, 39% free 5750K/9287K, paused 3ms+5ms, total 59ms
10-17 12:44:43.329 E/Sensors (  399): sensors_poll_context_t::pollEvents, line 202: receive event #### i=3, nb=1
10-17 12:44:43.359 I/force_gc(  399): Binder
10-17 12:44:43.419 D/dalvikvm(  399): GC_EXPLICIT freed 113K, 39% free 5751K/9287K, paused 3ms+6ms, total 58ms
10-17 12:44:43.429 E/MP-Decision( 1290): MPDecision server starting
10-17 12:44:43.429 E/MP-Decision( 1290): OPTION ENABLED: Control sleep modes
10-17 12:44:43.429 E/MP-Decision( 1290): OPTION ENABLED: Adjusting average
10-17 12:44:43.429 E/MP-Decision( 1290): 
10-17 12:44:43.429 E/MP-Decision( 1290):  MP Decision Options:
10-17 12:44:43.429 E/MP-Decision( 1290): --poll_ms --decision_ms --no_sleep --avg_comp --debug
10-17 12:44:43.429 E/MP-Decision( 1290): --Nw=[1..3]:[value] --Tw=[1..3]:[value] --Ns=[1..3]:[value] --Ts=[1..3]:[value]
10-17 12:44:43.429 I/force_gc(  573): Binder
10-17 12:44:43.459 D/dalvikvm(  573): GC_EXPLICIT freed 498K, 69% free 2580K/8195K, paused 4ms+6ms, total 31ms
10-17 12:44:43.799 I/force_gc(  399): Binder
10-17 12:44:43.859 D/dalvikvm(  399): GC_EXPLICIT freed 114K, 39% free 5750K/9287K, paused 3ms+4ms, total 57ms
10-17 12:44:44.189 I/force_gc(  399): Binder
10-17 12:44:44.249 D/dalvikvm(  399): GC_EXPLICIT freed 113K, 39% free 5751K/9287K, paused 3ms+5ms, total 57ms
10-17 12:44:44.249 I/force_gc(  573): Binder
10-17 12:44:44.279 D/dalvikvm(  573): GC_EXPLICIT freed 498K, 69% free 2580K/8195K, paused 2ms+5ms, total 30ms
10-17 12:44:44.629 I/force_gc(  399): Binder
10-17 12:44:44.679 D/dalvikvm(  399): GC_EXPLICIT freed 114K, 39% free 5750K/9287K, paused 3ms+5ms, total 58ms
10-17 12:44:44.759 E/Sensors (  399): sensors_poll_context_t::pollEvents, line 202: receive event #### i=3, nb=1
10-17 12:44:45.019 I/force_gc(  399): Binder
10-17 12:44:45.079 D/dalvikvm(  399): GC_EXPLICIT freed 113K, 39% free 5751K/9287K, paused 3ms+5ms, total 58ms
10-17 12:44:45.079 I/force_gc(  573): Binder
10-17 12:44:45.109 D/dalvikvm(  573): GC_EXPLICIT freed 498K, 69% free 2580K/8195K, paused 2ms+6ms, total 29ms
10-17 12:44:45.459 I/force_gc(  399): Binder
10-17 12:44:45.509 D/dalvikvm(  399): GC_EXPLICIT freed 114K, 39% free 5750K/9287K, paused 3ms+4ms, total 57ms
10-17 12:44:45.849 I/force_gc(  399): Binder
10-17 12:44:45.899 D/dalvikvm(  399): GC_EXPLICIT freed 113K, 39% free 5751K/9287K, paused 3ms+5ms, total 58ms
10-17 12:44:45.909 I/force_gc(  573): Binder
10-17 12:44:45.939 D/dalvikvm(  573): GC_EXPLICIT freed 498K, 69% free 2580K/8195K, paused 2ms+6ms, total 29ms
10-17 12:44:46.179 E/Sensors (  399): sensors_poll_context_t::pollEvents, line 202: receive event #### i=3, nb=1
10-17 12:44:46.269 I/force_gc(  399): Binder
10-17 12:44:46.329 D/dalvikvm(  399): GC_EXPLICIT freed 114K, 39% free 5750K/9287K, paused 3ms+5ms, total 57ms
10-17 12:44:46.669 I/force_gc(  399): Binder
10-17 12:44:46.719 D/dalvikvm(  399): GC_EXPLICIT freed 113K, 39% free 5751K/9287K, paused 3ms+4ms, total 57ms
10-17 12:44:46.729 I/force_gc(  573): Binder
10-17 12:44:46.759 D/dalvikvm(  573): GC_EXPLICIT freed 498K, 69% free 2580K/8195K, paused 3ms+6ms, total 30ms
10-17 12:44:47.109 I/force_gc(  399): Binder
10-17 12:44:47.169 D/dalvikvm(  399): GC_EXPLICIT freed 114K, 39% free 5750K/9287K, paused 3ms+5ms, total 58ms
10-17 12:44:47.499 I/force_gc(  399): Binder
10-17 12:44:47.559 D/dalvikvm(  399): GC_EXPLICIT freed 113K, 39% free 5751K/9287K, paused 3ms+5ms, total 56ms
10-17 12:44:47.569 I/force_gc(  573): Binder
10-17 12:44:47.599 D/dalvikvm(  573): GC_EXPLICIT freed 498K, 69% free 2580K/8195K, paused 2ms+6ms, total 29ms
10-17 12:44:47.599 E/Sensors (  399): sensors_poll_context_t::pollEvents, line 202: receive event #### i=3, nb=1
10-17 12:44:47.939 I/force_gc(  399): Binder
10-17 12:44:47.999 D/dalvikvm(  399): GC_EXPLICIT freed 114K, 39% free 5750K/9287K, paused 3ms+4ms, total 57ms
10-17 12:44:48.329 I/force_gc(  399): Binder
10-17 12:44:48.389 D/dalvikvm(  399): GC_EXPLICIT freed 113K, 39% free 5751K/9287K, paused 3ms+5ms, total 58ms
10-17 12:44:48.389 I/force_gc(  573): Binder
10-17 12:44:48.419 D/dalvikvm(  573): GC_EXPLICIT freed 498K, 69% free 2580K/8195K, paused 2ms+6ms, total 29ms
10-17 12:44:48.439 E/MP-Decision( 1293): MPDecision server starting
10-17 12:44:48.439 E/MP-Decision( 1293): OPTION ENABLED: Control sleep modes
10-17 12:44:48.439 E/MP-Decision( 1293): OPTION ENABLED: Adjusting average
10-17 12:44:48.439 E/MP-Decision( 1293): 
10-17 12:44:48.439 E/MP-Decision( 1293):  MP Decision Options:
10-17 12:44:48.439 E/MP-Decision( 1293): --poll_ms --decision_ms --no_sleep --avg_comp --debug
10-17 12:44:48.449 E/MP-Decision( 1293): --Nw=[1..3]:[value] --Tw=[1..3]:[value] --Ns=[1..3]:[value] --Ts=[1..3]:[value]
10-17 12:44:48.769 I/force_gc(  399): Binder
10-17 12:44:48.769 I/am_create_service(  399): [1094759792,com.android.stk/.StkAppService,,1159]
10-17 12:44:48.789 D/CAT     ( 1159): StkAppService:  Unable to get Service handle
10-17 12:44:48.829 D/dalvikvm(  399): GC_EXPLICIT freed 117K, 39% free 5750K/9287K, paused 3ms+5ms, total 63ms
10-17 12:44:49.029 E/Sensors (  399): sensors_poll_context_t::pollEvents, line 202: receive event #### i=3, nb=1
10-17 12:44:49.169 I/force_gc(  399): Binder
10-17 12:44:49.229 D/dalvikvm(  399): GC_EXPLICIT freed 113K, 39% free 5750K/9287K, paused 4ms+4ms, total 54ms
10-17 12:44:49.229 I/force_gc(  573): Binder
10-17 12:44:49.259 D/dalvikvm(  573): GC_EXPLICIT freed 498K, 69% free 2580K/8195K, paused 2ms+6ms, total 29ms
10-17 12:44:49.599 I/force_gc(  399): Binder
10-17 12:44:49.659 D/dalvikvm(  399): GC_EXPLICIT freed 113K, 39% free 5751K/9287K, paused 3ms+5ms, total 54ms
10-17 12:44:49.999 I/force_gc(  399): Binder
10-17 12:44:50.059 D/dalvikvm(  399): GC_EXPLICIT freed 114K, 39% free 5750K/9287K, paused 3ms+5ms, total 56ms
10-17 12:44:50.059 I/force_gc(  573): Binder
10-17 12:44:50.089 D/dalvikvm(  573): GC_EXPLICIT freed 498K, 69% free 2580K/8195K, paused 2ms+6ms, total 29ms
10-17 12:44:50.429 I/force_gc(  399): Binder
10-17 12:44:50.449 E/Sensors (  399): sensors_poll_context_t::pollEvents, line 202: receive event #### i=3, nb=1
10-17 12:44:50.479 D/dalvikvm(  399): GC_EXPLICIT freed 113K, 39% free 5751K/9287K, paused 3ms+4ms, total 54ms
10-17 12:44:50.829 I/force_gc(  399): Binder
10-17 12:44:50.879 D/dalvikvm(  399): GC_EXPLICIT freed 114K, 39% free 5750K/9287K, paused 3ms+6ms, total 59ms
10-17 12:44:50.889 I/force_gc(  573): Binder
10-17 12:44:50.919 D/dalvikvm(  573): GC_EXPLICIT freed 498K, 69% free 2580K/8195K, paused 2ms+6ms, total 29ms
10-17 12:44:51.249 I/force_gc(  399): Binder
10-17 12:44:51.309 D/dalvikvm(  399): GC_EXPLICIT freed 113K, 39% free 5751K/9287K, paused 3ms+5ms, total 59ms
10-17 12:44:51.649 I/force_gc(  399): Binder
10-17 12:44:51.699 D/dalvikvm(  399): GC_EXPLICIT freed 114K, 39% free 5750K/9287K, paused 3ms+5ms, total 58ms
10-17 12:44:51.709 I/force_gc(  573): Binder
10-17 12:44:51.739 D/dalvikvm(  573): GC_EXPLICIT freed 498K, 69% free 2580K/8195K, paused 2ms+7ms, total 36ms
10-17 12:44:51.869 E/Sensors (  399): sensors_poll_context_t::pollEvents, line 202: receive event #### i=3, nb=1
10-17 12:44:52.079 I/force_gc(  399): Binder
10-17 12:44:52.139 D/dalvikvm(  399): GC_EXPLICIT freed 113K, 39% free 5751K/9287K, paused 3ms+5ms, total 57ms
10-17 12:44:52.479 I/force_gc(  399): Binder
10-17 12:44:52.539 D/dalvikvm(  399): GC_EXPLICIT freed 114K, 39% free 5750K/9287K, paused 3ms+4ms, total 58ms
10-17 12:44:52.539 I/force_gc(  573): Binder
10-17 12:44:52.579 D/dalvikvm(  573): GC_EXPLICIT freed 498K, 69% free 2580K/8195K, paused 2ms+5ms, total 35ms
10-17 12:44:52.919 I/force_gc(  399): Binder
10-17 12:44:52.969 D/dalvikvm(  399): GC_EXPLICIT freed 113K, 39% free 5751K/9287K, paused 3ms+6ms, total 55ms
10-17 12:44:53.299 E/Sensors (  399): sensors_poll_context_t::pollEvents, line 202: receive event #### i=3, nb=1
10-17 12:44:53.329 I/force_gc(  399): Binder
10-17 12:44:53.409 D/dalvikvm(  399): GC_EXPLICIT freed 114K, 39% free 5750K/9287K, paused 4ms+7ms, total 80ms
10-17 12:44:53.409 I/force_gc(  573): Binder
10-17 12:44:53.449 D/dalvikvm(  573): GC_EXPLICIT freed 498K, 69% free 2580K/8195K, paused 3ms+6ms, total 36ms
10-17 12:44:53.459 E/MP-Decision( 1296): MPDecision server starting
10-17 12:44:53.469 E/MP-Decision( 1296): OPTION ENABLED: Control sleep modes
10-17 12:44:53.469 E/MP-Decision( 1296): OPTION ENABLED: Adjusting average
10-17 12:44:53.469 E/MP-Decision( 1296): 
10-17 12:44:53.469 E/MP-Decision( 1296):  MP Decision Options:
10-17 12:44:53.469 E/MP-Decision( 1296): --poll_ms --decision_ms --no_sleep --avg_comp --debug
10-17 12:44:53.469 E/MP-Decision( 1296): --Nw=[1..3]:[value] --Tw=[1..3]:[value] --Ns=[1..3]:[value] --Ts=[1..3]:[value]
10-17 12:44:53.789 I/force_gc(  399): Binder
10-17 12:44:53.849 D/dalvikvm(  399): GC_EXPLICIT freed 113K, 39% free 5751K/9287K, paused 3ms+5ms, total 57ms
10-17 12:44:54.189 I/force_gc(  399): Binder
10-17 12:44:54.239 D/dalvikvm(  399): GC_EXPLICIT freed 114K, 39% free 5750K/9287K, paused 3ms+5ms, total 55ms
10-17 12:44:54.249 I/force_gc(  573): Binder
10-17 12:44:54.279 D/dalvikvm(  573): GC_EXPLICIT freed 498K, 69% free 2580K/8195K, paused 2ms+5ms, total 29ms
10-17 12:44:54.619 I/force_gc(  399): Binder
10-17 12:44:54.679 D/dalvikvm(  399): GC_EXPLICIT freed 113K, 39% free 5751K/9287K, paused 3ms+5ms, total 54ms
10-17 12:44:54.719 E/Sensors (  399): sensors_poll_context_t::pollEvents, line 202: receive event #### i=3, nb=1
10-17 12:44:55.019 I/force_gc(  399): Binder
10-17 12:44:55.079 D/dalvikvm(  399): GC_EXPLICIT freed 114K, 39% free 5750K/9287K, paused 3ms+5ms, total 56ms
10-17 12:44:55.079 I/force_gc(  573): Binder
10-17 12:44:55.109 D/dalvikvm(  573): GC_EXPLICIT freed 498K, 69% free 2580K/8195K, paused 2ms+5ms, total 30ms
10-17 12:44:55.449 I/force_gc(  399): Binder
10-17 12:44:55.509 D/dalvikvm(  399): GC_EXPLICIT freed 113K, 39% free 5751K/9287K, paused 3ms+6ms, total 56ms
10-17 12:44:55.859 I/force_gc(  399): Binder
10-17 12:44:55.909 D/dalvikvm(  399): GC_EXPLICIT freed 114K, 39% free 5750K/9287K, paused 3ms+5ms, total 58ms
10-17 12:44:55.919 I/force_gc(  573): Binder
10-17 12:44:55.949 D/dalvikvm(  573): GC_EXPLICIT freed 498K, 69% free 2580K/8195K, paused 2ms+5ms, total 29ms
10-17 12:44:56.139 E/Sensors (  399): sensors_poll_context_t::pollEvents, line 202: receive event #### i=3, nb=1
10-17 12:44:56.299 I/force_gc(  399): Binder
10-17 12:44:56.349 D/dalvikvm(  399): GC_EXPLICIT freed 113K, 39% free 5751K/9287K, paused 3ms+5ms, total 54ms
10-17 12:44:56.689 I/force_gc(  399): Binder
10-17 12:44:56.749 D/dalvikvm(  399): GC_EXPLICIT freed 114K, 39% free 5750K/9287K, paused 3ms+5ms, total 55ms
10-17 12:44:56.749 I/force_gc(  573): Binder
10-17 12:44:56.779 D/dalvikvm(  573): GC_EXPLICIT freed 498K, 69% free 2580K/8195K, paused 2ms+6ms, total 29ms
10-17 12:44:57.119 I/force_gc(  399): Binder
10-17 12:44:57.179 D/dalvikvm(  399): GC_EXPLICIT freed 113K, 39% free 5751K/9287K, paused 3ms+5ms, total 57ms
10-17 12:44:57.529 I/force_gc(  399): Binder
10-17 12:44:57.569 E/Sensors (  399): sensors_poll_context_t::pollEvents, line 202: receive event #### i=3, nb=1
10-17 12:44:57.579 D/dalvikvm(  399): GC_EXPLICIT freed 114K, 39% free 5750K/9287K, paused 3ms+5ms, total 58ms
10-17 12:44:57.589 I/force_gc(  573): Binder
10-17 12:44:57.619 D/dalvikvm(  573): GC_EXPLICIT freed 498K, 69% free 2580K/8195K, paused 2ms+6ms, total 29ms
10-17 12:44:57.959 I/force_gc(  399): Binder
10-17 12:44:58.009 D/dalvikvm(  399): GC_EXPLICIT freed 113K, 39% free 5751K/9287K, paused 3ms+5ms, total 58ms
10-17 12:44:58.349 I/force_gc(  399): Binder
10-17 12:44:58.409 D/dalvikvm(  399): GC_EXPLICIT freed 114K, 39% free 5750K/9287K, paused 3ms+5ms, total 57ms
10-17 12:44:58.409 I/force_gc(  573): Binder
10-17 12:44:58.439 D/dalvikvm(  573): GC_EXPLICIT freed 498K, 69% free 2580K/8195K, paused 2ms+5ms, total 29ms
10-17 12:44:58.479 E/MP-Decision( 1299): MPDecision server starting
10-17 12:44:58.479 E/MP-Decision( 1299): OPTION ENABLED: Control sleep modes
10-17 12:44:58.479 E/MP-Decision( 1299): OPTION ENABLED: Adjusting average
10-17 12:44:58.479 E/MP-Decision( 1299): 
10-17 12:44:58.479 E/MP-Decision( 1299):  MP Decision Options:
10-17 12:44:58.479 E/MP-Decision( 1299): --poll_ms --decision_ms --no_sleep --avg_comp --debug
10-17 12:44:58.479 E/MP-Decision( 1299): --Nw=[1..3]:[value] --Tw=[1..3]:[value] --Ns=[1..3]:[value] --Ts=[1..3]:[value]
10-17 12:44:58.779 I/force_gc(  399): Binder
10-17 12:44:58.839 D/dalvikvm(  399): GC_EXPLICIT freed 113K, 39% free 5751K/9287K, paused 3ms+4ms, total 54ms
10-17 12:44:58.989 E/Sensors (  399): sensors_poll_context_t::pollEvents, line 202: receive event #### i=3, nb=1
10-17 12:44:59.179 I/force_gc(  399): Binder
10-17 12:44:59.239 D/dalvikvm(  399): GC_EXPLICIT freed 114K, 39% free 5750K/9287K, paused 3ms+5ms, total 59ms
10-17 12:44:59.249 I/force_gc(  573): Binder
10-17 12:44:59.279 D/dalvikvm(  573): GC_EXPLICIT freed 498K, 69% free 2580K/8195K, paused 2ms+6ms, total 30ms
10-17 12:44:59.619 I/force_gc(  399): Binder
10-17 12:44:59.679 D/dalvikvm(  399): GC_EXPLICIT freed 113K, 39% free 5751K/9287K, paused 3ms+4ms, total 58ms
10-17 12:45:00.059 I/force_gc(  399): Binder
10-17 12:45:00.119 D/dalvikvm(  399): GC_EXPLICIT freed 129K, 39% free 5751K/9287K, paused 4ms+5ms, total 60ms
10-17 12:45:00.119 I/force_gc(  573): Binder
10-17 12:45:00.149 D/dalvikvm(  573): GC_EXPLICIT freed 498K, 69% free 2580K/8195K, paused 2ms+6ms, total 31ms
10-17 12:45:00.409 E/Sensors (  399): sensors_poll_context_t::pollEvents, line 202: receive event #### i=3, nb=1
10-17 12:45:00.499 I/force_gc(  399): Binder
10-17 12:45:00.549 D/dalvikvm(  399): GC_EXPLICIT freed 114K, 39% free 5751K/9287K, paused 3ms+5ms, total 58ms
10-17 12:45:00.899 I/force_gc(  399): Binder
10-17 12:45:00.949 D/dalvikvm(  399): GC_EXPLICIT freed 114K, 39% free 5750K/9287K, paused 3ms+5ms, total 56ms
10-17 12:45:00.959 I/force_gc(  573): Binder
10-17 12:45:00.989 D/dalvikvm(  573): GC_EXPLICIT freed 498K, 69% free 2580K/8195K, paused 2ms+7ms, total 30ms
10-17 12:45:01.329 I/force_gc(  399): Binder
10-17 12:45:01.389 D/dalvikvm(  399): GC_EXPLICIT freed 113K, 39% free 5750K/9287K, paused 3ms+5ms, total 57ms
10-17 12:45:01.729 I/force_gc(  399): Binder
10-17 12:45:01.799 D/dalvikvm(  399): GC_EXPLICIT freed 114K, 39% free 5750K/9287K, paused 3ms+5ms, total 66ms
10-17 12:45:01.799 I/force_gc(  573): Binder
10-17 12:45:01.829 D/dalvikvm(  573): GC_EXPLICIT freed 498K, 69% free 2580K/8195K, paused 3ms+5ms, total 29ms
10-17 12:45:01.839 E/Sensors (  399): sensors_poll_context_t::pollEvents, line 202: receive event #### i=3, nb=1
10-17 12:45:02.169 I/force_gc(  399): Binder
10-17 12:45:02.229 D/dalvikvm(  399): GC_EXPLICIT freed 113K, 39% free 5751K/9287K, paused 3ms+5ms, total 55ms
10-17 12:45:02.579 I/force_gc(  399): Binder
10-17 12:45:02.629 D/dalvikvm(  399): GC_EXPLICIT freed 114K, 39% free 5750K/9287K, paused 3ms+5ms, total 55ms
10-17 12:45:02.639 I/force_gc(  573): Binder
10-17 12:45:02.669 D/dalvikvm(  573): GC_EXPLICIT freed 498K, 69% free 2580K/8195K, paused 2ms+6ms, total 29ms
10-17 12:45:03.009 I/force_gc(  399): Binder
10-17 12:45:03.069 D/dalvikvm(  399): GC_EXPLICIT freed 113K, 39% free 5751K/9287K, paused 3ms+5ms, total 58ms
10-17 12:45:03.259 E/Sensors (  399): sensors_poll_context_t::pollEvents, line 202: receive event #### i=3, nb=1
10-17 12:45:03.409 I/force_gc(  399): Binder
10-17 12:45:03.469 D/dalvikvm(  399): GC_EXPLICIT freed 114K, 39% free 5750K/9287K, paused 3ms+4ms, total 57ms
10-17 12:45:03.469 I/force_gc(  573): Binder
10-17 12:45:03.489 E/MP-Decision( 1302): MPDecision server starting
10-17 12:45:03.489 E/MP-Decision( 1302): OPTION ENABLED: Control sleep modes
10-17 12:45:03.489 E/MP-Decision( 1302): OPTION ENABLED: Adjusting average
10-17 12:45:03.489 E/MP-Decision( 1302): 
10-17 12:45:03.489 E/MP-Decision( 1302):  MP Decision Options:
10-17 12:45:03.489 E/MP-Decision( 1302): --poll_ms --decision_ms --no_sleep --avg_comp --debug
10-17 12:45:03.489 E/MP-Decision( 1302): --Nw=[1..3]:[value] --Tw=[1..3]:[value] --Ns=[1..3]:[value] --Ts=[1..3]:[value]
10-17 12:45:03.509 D/dalvikvm(  573): GC_EXPLICIT freed 498K, 69% free 2580K/8195K, paused 2ms+6ms, total 36ms
10-17 12:45:03.839 I/force_gc(  399): Binder
10-17 12:45:03.899 D/dalvikvm(  399): GC_EXPLICIT freed 113K, 39% free 5751K/9287K, paused 3ms+5ms, total 57ms
10-17 12:45:04.239 I/force_gc(  399): Binder
10-17 12:45:04.299 D/dalvikvm(  399): GC_EXPLICIT freed 114K, 39% free 5750K/9287K, paused 3ms+5ms, total 59ms
10-17 12:45:04.309 I/force_gc(  573): Binder
10-17 12:45:04.339 D/dalvikvm(  573): GC_EXPLICIT freed 498K, 69% free 2580K/8195K, paused 2ms+6ms, total 31ms
10-17 12:45:04.679 E/Sensors (  399): sensors_poll_context_t::pollEvents, line 202: receive event #### i=3, nb=1
10-17 12:45:04.679 I/force_gc(  399): Binder
10-17 12:45:04.739 D/dalvikvm(  399): GC_EXPLICIT freed 113K, 39% free 5750K/9287K, paused 4ms+5ms, total 59ms
10-17 12:45:05.089 I/force_gc(  399): Binder
10-17 12:45:05.139 D/dalvikvm(  399): GC_EXPLICIT freed 115K, 39% free 5750K/9287K, paused 3ms+4ms, total 57ms
10-17 12:45:05.149 I/force_gc(  573): Binder
10-17 12:45:05.179 D/dalvikvm(  573): GC_EXPLICIT freed 498K, 69% free 2580K/8195K, paused 2ms+5ms, total 28ms
10-17 12:45:05.519 I/force_gc(  399): Binder
10-17 12:45:05.569 D/dalvikvm(  399): GC_EXPLICIT freed 113K, 39% free 5751K/9287K, paused 3ms+4ms, total 57ms
10-17 12:45:05.919 I/force_gc(  399): Binder
10-17 12:45:05.979 D/dalvikvm(  399): GC_EXPLICIT freed 114K, 39% free 5750K/9287K, paused 4ms+5ms, total 58ms
10-17 12:45:05.979 I/force_gc(  573): Binder
10-17 12:45:06.009 D/dalvikvm(  573): GC_EXPLICIT freed 498K, 69% free 2580K/8195K, paused 2ms+5ms, total 29ms
10-17 12:45:06.109 E/Sensors (  399): sensors_poll_context_t::pollEvents, line 202: receive event #### i=3, nb=1
10-17 12:45:06.359 I/force_gc(  399): Binder
10-17 12:45:06.409 D/dalvikvm(  399): GC_EXPLICIT freed 113K, 39% free 5751K/9287K, paused 3ms+5ms, total 54ms
10-17 12:45:06.759 I/force_gc(  399): Binder
10-17 12:45:06.819 D/dalvikvm(  399): GC_EXPLICIT freed 114K, 39% free 5750K/9287K, paused 3ms+5ms, total 54ms
10-17 12:45:06.819 I/force_gc(  573): Binder
10-17 12:45:06.849 D/dalvikvm(  573): GC_EXPLICIT freed 498K, 69% free 2580K/8195K, paused 3ms+5ms, total 29ms
10-17 12:45:07.199 I/force_gc(  399): Binder
10-17 12:45:07.259 D/dalvikvm(  399): GC_EXPLICIT freed 113K, 39% free 5751K/9287K, paused 3ms+5ms, total 54ms
10-17 12:45:07.529 E/Sensors (  399): sensors_poll_context_t::pollEvents, line 202: receive event #### i=3, nb=1
10-17 12:45:07.679 I/force_gc(  399): Binder
10-17 12:45:07.739 D/dalvikvm(  399): GC_EXPLICIT freed 114K, 39% free 5750K/9287K, paused 3ms+4ms, total 53ms
10-17 12:45:07.739 I/force_gc(  573): Binder
10-17 12:45:07.769 D/dalvikvm(  573): GC_EXPLICIT freed 494K, 69% free 2579K/8195K, paused 2ms+5ms, total 29ms
10-17 12:45:08.119 I/force_gc(  399): Binder
10-17 12:45:08.169 D/dalvikvm(  399): GC_EXPLICIT freed 113K, 39% free 5751K/9287K, paused 3ms+4ms, total 54ms
10-17 12:45:08.499 E/MP-Decision( 1305): MPDecision server starting
10-17 12:45:08.499 E/MP-Decision( 1305): OPTION ENABLED: Control sleep modes
10-17 12:45:08.499 E/MP-Decision( 1305): OPTION ENABLED: Adjusting average
10-17 12:45:08.499 E/MP-Decision( 1305): 
10-17 12:45:08.499 E/MP-Decision( 1305):  MP Decision Options:
10-17 12:45:08.509 E/MP-Decision( 1305): --poll_ms --decision_ms --no_sleep --avg_comp --debug
10-17 12:45:08.509 E/MP-Decision( 1305): --Nw=[1..3]:[value] --Tw=[1..3]:[value] --Ns=[1..3]:[value] --Ts=[1..3]:[value]
10-17 12:45:08.539 I/force_gc(  399): Binder
10-17 12:45:08.589 D/dalvikvm(  399): GC_EXPLICIT freed 114K, 39% free 5750K/9287K, paused 3ms+5ms, total 55ms
10-17 12:45:08.599 I/force_gc(  573): Binder
10-17 12:45:08.629 D/dalvikvm(  573): GC_EXPLICIT freed 531K, 69% free 2580K/8195K, paused 2ms+6ms, total 29ms
10-17 12:45:08.779 I/Process (  399): Sending signal. PID: 1159 SIG: 3
10-17 12:45:08.779 I/dalvikvm( 1159): threadid=3: reacting to signal 3
10-17 12:45:08.779 W/ActivityManager(  399): Timeout executing service: ServiceRecord{4140b570 com.android.stk/.StkAppService}
10-17 12:45:08.779 I/am_anr  (  399): [1159,com.android.phone,573005,Executing service com.android.stk/.StkAppService]
10-17 12:45:08.819 I/dalvikvm( 1159): Wrote stack traces to '/data/anr/traces.txt'
10-17 12:45:08.819 I/Process (  399): Sending signal. PID: 399 SIG: 3
10-17 12:45:08.819 I/dalvikvm(  399): threadid=3: reacting to signal 3
10-17 12:45:08.949 E/Sensors (  399): sensors_poll_context_t::pollEvents, line 202: receive event #### i=3, nb=1
10-17 12:45:08.969 I/dalvikvm(  399): Wrote stack traces to '/data/anr/traces.txt'
10-17 12:45:08.969 I/Process (  399): Sending signal. PID: 527 SIG: 3
10-17 12:45:08.969 I/dalvikvm(  527): threadid=3: reacting to signal 3
10-17 12:45:08.999 I/dalvikvm(  527): Wrote stack traces to '/data/anr/traces.txt'
10-17 12:45:09.279 D/dalvikvm(  399): GC_EXPLICIT freed 680K, 36% free 6019K/9287K, paused 3ms+6ms, total 70ms
10-17 12:45:09.289 I/force_gc(  399): Binder
10-17 12:45:09.349 D/dalvikvm(  399): GC_EXPLICIT freed 29K, 36% free 5989K/9287K, paused 3ms+5ms, total 64ms
10-17 12:45:09.699 I/force_gc(  399): Binder
10-17 12:45:09.759 D/dalvikvm(  399): GC_EXPLICIT freed 105K, 36% free 5997K/9287K, paused 3ms+5ms, total 58ms
10-17 12:45:09.759 I/force_gc(  573): Binder
10-17 12:45:09.789 D/dalvikvm(  573): GC_EXPLICIT freed 535K, 69% free 2579K/8195K, paused 2ms+6ms, total 29ms
10-17 12:45:09.839 I/Process (  399): Sending signal. PID: 573 SIG: 3
10-17 12:45:09.839 I/dalvikvm(  573): threadid=3: reacting to signal 3
10-17 12:45:09.869 I/dalvikvm(  573): Wrote stack traces to '/data/anr/traces.txt'
10-17 12:45:09.869 E/ActivityManager(  399): ANR in com.android.phone
10-17 12:45:09.869 E/ActivityManager(  399): Reason: Executing service com.android.stk/.StkAppService
10-17 12:45:09.869 E/ActivityManager(  399): Load: 12.63 / 7.97 / 3.46
10-17 12:45:09.869 E/ActivityManager(  399): CPU usage from 45164ms to 3784ms ago:
10-17 12:45:09.869 E/ActivityManager(  399):   59% 573/android.process.media: 45% user + 14% kernel / faults: 13038 minor
10-17 12:45:09.869 E/ActivityManager(  399):   42% 399/system_server: 35% user + 7.3% kernel / faults: 8151 minor
10-17 12:45:09.869 E/ActivityManager(  399):   0.6% 85/kworker/u:3: 0% user + 0.6% kernel
10-17 12:45:09.869 E/ActivityManager(  399):   0.2% 459/logcat: 0% user + 0.1% kernel
10-17 12:45:09.869 E/ActivityManager(  399):   0.1% 25/kworker/0:1: 0% user + 0.1% kernel
10-17 12:45:09.869 E/ActivityManager(  399):   0% 5/kworker/u:0: 0% user + 0% kernel
10-17 12:45:09.869 E/ActivityManager(  399):   0% 1159/com.android.phone: 0% user + 0% kernel / faults: 110 minor
10-17 12:45:09.869 E/ActivityManager(  399):   0% 156/thermald: 0% user + 0% kernel
10-17 12:45:09.869 E/ActivityManager(  399):   0% 13/irq/53-msmdatam: 0% user + 0% kernel
10-17 12:45:09.869 E/ActivityManager(  399):   0% 24/kworker/u:1: 0% user + 0% kernel
10-17 12:45:09.869 E/ActivityManager(  399):   0% 94/mmcqd/0: 0% user + 0% kernel
10-17 12:45:09.869 E/ActivityManager(  399):   0% 136/surfaceflinger: 0% user + 0% kernel
10-17 12:45:09.869 E/ActivityManager(  399):   0% 146/bridgemgrd: 0% user + 0% kernel
10-17 12:45:09.869 E/ActivityManager(  399):   0% 527/com.android.systemui: 0% user + 0% kernel / faults: 5 minor
10-17 12:45:09.869 E/ActivityManager(  399): 52% TOTAL: 40% user + 11% kernel + 0% iowait
10-17 12:45:09.869 E/ActivityManager(  399): CPU usage from 506ms to 1034ms later:
10-17 12:45:09.869 E/ActivityManager(  399):   55% 573/android.process.media: 36% user + 19% kernel / faults: 208 minor
10-17 12:45:09.869 E/ActivityManager(  399):     53% 1049/MediaScannerSer: 34% user + 19% kernel
10-17 12:45:09.869 E/ActivityManager(  399):     1.9% 582/FinalizerDaemon: 1.9% user + 0% kernel
10-17 12:45:09.869 E/ActivityManager(  399):   51% 399/system_server: 44% user + 7.6% kernel / faults: 103 minor
10-17 12:45:09.869 E/ActivityManager(  399):     13% 411/Binder_2: 13% user + 0% kernel
10-17 12:45:09.869 E/ActivityManager(  399):     11% 615/Binder_4: 11% user + 0% kernel
10-17 12:45:09.869 E/ActivityManager(  399):     3.8% 614/Binder_3: 3.8% user + 0% kernel
10-17 12:45:09.869 E/ActivityManager(  399):     3.8% 704/Binder_7: 1.9% user + 1.9% kernel
10-17 12:45:09.869 E/ActivityManager(  399):     1.9% 399/system_server: 1.9% user + 0% kernel
10-17 12:45:09.869 E/ActivityManager(  399):     1.9% 407/ReferenceQueueD: 0% user + 1.9% kernel
10-17 12:45:09.869 E/ActivityManager(  399):     1.9% 410/Binder_1: 1.9% user + 0% kernel
10-17 12:45:09.869 E/ActivityManager(  399):     1.9% 414/ActivityManager: 0% user + 1.9% kernel
10-17 12:45:09.869 E/ActivityManager(  399):     1.9% 662/Binder_5: 1.9% user + 0% kernel
10-17 12:45:09.869 E/ActivityManager(  399):     1.9% 663/Binder_6: 1.9% user + 0% kernel
10-17 12:45:09.869 E/ActivityManager(  399):     1.9% 1066/Binder_8: 1.9% user + 0% kernel
10-17 12:45:09.869 E/ActivityManager(  399):     1.9% 1158/Binder_9: 0% user + 1.9% kernel
10-17 12:45:09.869 E/ActivityManager(  399):   1.2% 5/kworker/u:0: 0% user + 1.2% kernel
10-17 12:45:09.869 E/ActivityManager(  399):   1.4% 459/logcat: 0% user + 1.4% kernel
10-17 12:45:09.869 E/ActivityManager(  399): 55% TOTAL: 36% user + 19% kernel
10-17 12:45:09.879 W/ActivityManager(  399): Killing ProcessRecord{41140af8 605:com.android.phone/1001}: background ANR
10-17 12:45:09.879 I/am_kill (  399): [1159,com.android.phone,-12,background ANR]
10-17 12:45:09.889 W/RILC    (  178): EOS.  Closing command socket.
10-17 12:45:09.889 W/RILC    (  181): EOS.  Closing command socket.
10-17 12:45:09.899 I/ServiceManager(  129): service 'sip' died
10-17 12:45:09.899 I/ServiceManager(  129): service 'isms_msim' died
10-17 12:45:09.899 I/ServiceManager(  129): service 'simphonebook' died
10-17 12:45:09.899 I/ServiceManager(  129): service 'iphonesubinfo' died
10-17 12:45:09.899 I/ServiceManager(  129): service 'isms' died
10-17 12:45:09.899 I/ServiceManager(  129): service 'simphonebook_msim' died
10-17 12:45:09.899 I/ServiceManager(  129): service 'phone_msim' died
10-17 12:45:09.899 I/ServiceManager(  129): service 'iphonesubinfo_msim' died
10-17 12:45:09.899 I/ServiceManager(  129): service 'phone' died
10-17 12:45:09.929 D/dalvikvm(  399): GC_FOR_ALLOC freed 1296K, 36% free 6002K/9287K, paused 41ms, total 43ms
10-17 12:45:09.939 I/ActivityManager(  399): Process com.android.phone (pid 1159) has died.
10-17 12:45:09.939 W/ActivityManager(  399): Scheduling restart of crashed service com.android.phone/.BluetoothHeadsetService in 1250ms
10-17 12:45:09.939 W/ActivityManager(  399): Scheduling restart of crashed service com.android.phone/.TelephonyDebugService in 11249ms
10-17 12:45:09.939 W/ActivityManager(  399): Canceling start item Intent { cmp=com.android.stk/.StkAppService (has extras) } in service ComponentInfo{com.android.stk/com.android.stk.StkAppService}
10-17 12:45:09.939 W/ActivityManager(  399): Scheduling restart of crashed service com.android.stk/.StkAppService in 677632ms
10-17 12:45:09.939 I/am_proc_died(  399): [1159,com.android.phone]
10-17 12:45:09.939 I/am_destroy_service(  399): [1093845504,com.android.smspush/.WapPushManager,685]
10-17 12:45:09.939 I/am_schedule_service_restart(  399): [com.android.phone/.BluetoothHeadsetService,1250]
10-17 12:45:09.939 I/am_schedule_service_restart(  399): [com.android.phone/.TelephonyDebugService,11249]
10-17 12:45:09.939 I/am_schedule_service_restart(  399): [com.android.stk/.StkAppService,677632]
10-17 12:45:09.939 I/am_destroy_service(  399): [1094759792,com.android.stk/.StkAppService,-1]
10-17 12:45:09.969 I/ActivityManager(  399): Start proc com.android.phone for restart com.android.phone: pid=1310 uid=1001 gids={3002, 3001, 3003, 1015, 1028}
10-17 12:45:09.969 I/am_proc_start(  399): [1310,1001,com.android.phone,restart,com.android.phone]
10-17 12:45:09.999 I/am_proc_bound(  399): [1310,com.android.phone]
10-17 12:45:10.039 I/ActivityThread( 1310): Pub mms: com.android.providers.telephony.MmsProvider
10-17 12:45:10.049 I/ActivityThread( 1310): Pub iccmsim: com.android.phone.MSimIccProvider
10-17 12:45:10.049 I/ActivityThread( 1310): Pub sms: com.android.providers.telephony.SmsProvider
10-17 12:45:10.049 I/ActivityThread( 1310): Pub telephony: com.android.providers.telephony.TelephonyProvider
10-17 12:45:10.049 W/TelephonyProvider( 1310): onCreate: confFile=/system/etc/apns-conf.xml oldCheckSum=-1
10-17 12:45:10.059 D/RILB    ( 1310): /proc/cmdline=androidboot.hardware=huawei loglevel=1 androidboot.mode=boot alarm_time=0xdffe37c9 RTC_time=0x2ab66 hw_status_loc=0x1 androidboot.localproppath=unicom/cn usb.pid.index=25 usb.serial=2469A5526E2F androidboot.serialno=2469A5526E2F androidboot.network=umts_gsm androidboot.swtype=normal androidboot.platform=msm7627a androidboot.emmc=true androidboot.baseband=msm
10-17 12:45:10.059 I/ActivityThread( 1310): Pub icc: com.android.phone.IccProvider
10-17 12:45:10.059 I/ActivityThread( 1310): Pub mms-sms: com.android.providers.telephony.MmsSmsProvider
10-17 12:45:10.059 D/RILB    ( 1310): getLteOnCdmaMode=-1 curVal=-1 product_type='' lteOnCdmaProductType=''
10-17 12:45:10.069 V/PhoneApp( 1310): PhoneApp onCreate() DSDS Enabled!!!!
10-17 12:45:10.069 D/MSimPhoneApp( 1310): MSPhoneApp creation
10-17 12:45:10.069 D/MSimPhoneApp( 1310): MSPhoneApp creationcom.android.phone.MSimPhoneApp@411589c0
10-17 12:45:10.069 D/MSimPhoneApp( 1310): MSimPhoneApp:com.android.phone.MSimPhoneApp@411589c0
10-17 12:45:10.069 D/MSimPhoneApp( 1310):  DSDS PhoneApp:
10-17 12:45:10.069 E/PHONE   ( 1310): ------MSimPhoneFactory.java----------->hasException = false 
10-17 12:45:10.069 D/RILB    ( 1310): getLteOnCdmaMode=-1 curVal=-1 product_type='' lteOnCdmaProductType=''
10-17 12:45:10.089 D/RILJ    ( 1310): RIL(context, preferredNetworkType=0 cdmaSubscription=1)
10-17 12:45:10.089 D/RILJ    ( 1310): Starting RILReceiver [SUB0]
10-17 12:45:10.089 I/RILJ    ( 1310): Connected to 'rild' socket
10-17 12:45:10.089 D/RILJ    ( 1310): RIL(context, preferredNetworkType=0 cdmaSubscription=1)
10-17 12:45:10.099 D/RILJ    ( 1310): Starting RILReceiver [SUB1]
10-17 12:45:10.099 I/RILJ    ( 1310): Connected to 'rild1' socket
10-17 12:45:10.099 E/RIL_UiccController( 1310): new UiccController() ....registerForIccStatusChanged()....mCi[i] = com.android.internal.telephony.RIL@4115d3a8
