10-17 12:40:34.470 V/MmsConfig(  939): tag: int value: maxMessageCountPerThread - 5000
10-17 12:40:34.470 V/MmsConfig(  939): tag: string value: uaProfUrl - http://www.google.com/oha/rdf/ua-profile-kila.xml
10-17 12:40:34.470 V/MmsConfig(  939): tag: int value: recipientLimit - -1
10-17 12:40:34.470 V/MmsConfig(  939): tag: bool value: enableMultipartSMS - true
10-17 12:40:34.470 V/MmsConfig(  939): tag: bool value: enableSplitSMS - false
10-17 12:40:34.470 V/MmsConfig(  939): tag: int value: smsToMmsTextThreshold - -1
10-17 12:40:34.470 V/MmsConfig(  939): tag: bool value: enableSlideDuration - true
10-17 12:40:34.470 V/MmsConfig(  939): tag: int value: maxMessageTextSize - -1
10-17 12:40:34.470 V/MmsConfig(  939): tag: bool value: enableSprintVVM - false
10-17 12:40:34.470 D/Eas Debug(  912): Logging: 
10-17 12:40:34.490 D/EmailProvider(  894): ending fromDatabase transaction; copyCount = 0
10-17 12:40:34.540 I/CalendarProvider2(  872): Sending notification intent: Intent { act=android.intent.action.PROVIDER_CHANGED dat=content://com.android.calendar }
10-17 12:40:34.540 W/ContentResolver(  872): Failed to get type for: content://com.android.calendar (Unknown URL content://com.android.calendar)
10-17 12:40:34.560 I/am_destroy_service(  399): [1092777704,com.android.providers.calendar/.EmptyService,872]
10-17 12:40:34.580 I/am_create_service(  399): [1094813376,com.android.mms/.transaction.SmsReceiverService,act=android.intent.action.BOOT_COMPLETED,939]
10-17 12:40:34.610 D/CMStats (  723): Next sync attempt in : 1 days
10-17 12:40:34.620 I/content_query_sample(  939): [content://mms-sms/draft,thread_id,,,133,,27]
10-17 12:40:34.640 D/MmsSmsDatabaseHelper(  605): [MmsSmsDb] tableName: threads hasAutoIncrement: CREATE TABLE threads (_id INTEGER PRIMARY KEY AUTOINCREMENT,date INTEGER DEFAULT 0,message_count INTEGER DEFAULT 0,recipient_ids TEXT,snippet TEXT,snippet_cs INTEGER DEFAULT 0,read INTEGER DEFAULT 1,type INTEGER DEFAULT 0,error INTEGER DEFAULT 0,has_attachment INTEGER DEFAULT 0) result: true
10-17 12:40:34.640 D/MmsSmsDatabaseHelper(  605): [MmsSmsDb] tableName: canonical_addresses hasAutoIncrement: CREATE TABLE canonical_addresses (_id INTEGER PRIMARY KEY AUTOINCREMENT,address TEXT) result: true
10-17 12:40:34.640 I/content_query_sample(  894): [content://com.android.email.provider/account,_id,,,854,,100]
10-17 12:40:34.650 D/MmsSmsDatabaseHelper(  605): [getWritableDatabase] hasAutoIncrementThreads: true hasAutoIncrementAddresses: true
10-17 12:40:34.650 I/BootReceiver(  723): Restore disabled by user preference.
10-17 12:40:34.660 I/BootReceiver(  723): Restore disabled by user preference.
10-17 12:40:34.670 I/notification_cancel(  399): [com.android.mms,123,NULL,0,64]
10-17 12:40:34.700 D/CAT     (  605): StkAppService:  Unable to get Service handle
10-17 12:40:34.700 I/am_create_service(  399): [1094759792,com.android.stk/.StkAppService,,605]
10-17 12:40:34.730 I/ActivityManager(  399): Start proc com.android.voicedialer for broadcast com.android.voicedialer/.VoiceDialerReceiver: pid=984 uid=10045 gids={3002, 1028}
10-17 12:40:34.730 I/am_proc_start(  399): [984,10045,com.android.voicedialer,broadcast,com.android.voicedialer/.VoiceDialerReceiver]
10-17 12:40:34.760 I/am_proc_bound(  399): [984,com.android.voicedialer]
10-17 12:40:34.770 I/am_destroy_service(  399): [1094921248,com.android.email/.service.AccountService,894]
10-17 12:40:34.840 I/content_query_sample(  939): [content://mms-sms/conversations?simple=true,_id/date/message_count/recipient_ids/snippet/snippet_cs/read/error/has_attachment,,,249,,50]
10-17 12:40:34.850 I/am_destroy_service(  399): [1092397296,com.android.exchange/.ExchangeService,912]
10-17 12:40:34.890 I/ActivityManager(  399): Start proc com.noshufou.android.su for broadcast com.noshufou.android.su/.SuResultReceiver: pid=998 uid=10038 gids={3003, 1015, 1028}
10-17 12:40:34.890 I/am_proc_start(  399): [998,10038,com.noshufou.android.su,broadcast,com.noshufou.android.su/.SuResultReceiver]
10-17 12:40:34.910 I/content_query_sample(  894): [content://com.android.email.provider/account,_id,,,1126,,100]
10-17 12:40:34.920 I/dalvikvm(  998): Turning on JNI app bug workarounds for target SDK version 11...
10-17 12:40:34.920 I/am_proc_bound(  399): [998,com.noshufou.android.su]
10-17 12:40:34.950 I/content_query_sample(  894): [content://com.android.email.provider/account,_id,,,1147,,100]
10-17 12:40:34.980 I/content_query_sample(  894): [content://com.android.email.provider/account,_id,,,1123,,100]
10-17 12:40:34.990 I/notification_cancel(  399): [com.android.mms,123,NULL,0,64]
10-17 12:40:34.990 I/am_create_service(  399): [1094704256,com.android.exchange/.ExchangeService,act=com.android.email.EXCHANGE_INTENT,912]
10-17 12:40:35.000 I/ActivityThread(  998): Pub com.noshufou.android.su.provider: com.noshufou.android.su.provider.PermissionsProvider
10-17 12:40:35.000 D/ExchangeService(  912): !!! EAS ExchangeService, onStartCommand, startingUp = false, running = false
10-17 12:40:35.000 I/am_destroy_service(  399): [1092402600,com.android.email/.service.EmailBroadcastProcessorService,894]
10-17 12:40:35.010 I/content_query_sample(  894): [content://com.android.email.provider/account,_id,,,1154,,100]
10-17 12:40:35.010 D/ExchangeService(  912): Reconciling accounts...
10-17 12:40:35.010 I/am_create_service(  399): [1094292440,com.android.email/.service.AccountService,act=com.android.email.ACCOUNT_INTENT,894]
10-17 12:40:35.030 I/am_create_service(  399): [1094240112,com.noshufou.android.su/.service.ResultService,,998]
10-17 12:40:35.030 D/AndroidRuntime(  928): Shutting down VM
10-17 12:40:35.040 D/dalvikvm(  928): GC_CONCURRENT freed 99K, 81% free 499K/2560K, paused 0ms+1ms, total 5ms
10-17 12:40:35.060 I/ActivityManager(  399): Start proc com.android.calendar for broadcast com.android.calendar/.alerts.AlertReceiver: pid=1018 uid=10010 gids={3003, 1028}
10-17 12:40:35.060 I/am_proc_start(  399): [1018,10010,com.android.calendar,broadcast,com.android.calendar/.alerts.AlertReceiver]
10-17 12:40:35.060 I/am_destroy_service(  399): [1094292440,com.android.email/.service.AccountService,894]
10-17 12:40:35.080 D/dalvikvm(  137): GC_EXPLICIT freed 38K, 74% free 2164K/8195K, paused 4ms+2ms, total 25ms
10-17 12:40:35.100 I/am_proc_bound(  399): [1018,com.android.calendar]
10-17 12:40:35.110 D/dalvikvm(  137): GC_EXPLICIT freed <1K, 74% free 2164K/8195K, paused 2ms+2ms, total 22ms
10-17 12:40:35.130 D/dalvikvm(  137): GC_EXPLICIT freed <1K, 74% free 2164K/8195K, paused 2ms+2ms, total 22ms
10-17 12:40:35.160 I/am_destroy_service(  399): [1094813376,com.android.mms/.transaction.SmsReceiverService,939]
10-17 12:40:35.170 I/ActivityThread( 1018): Pub com.android.calendar.CalendarRecentSuggestionsProvider: com.android.calendar.CalendarRecentSuggestionsProvider
10-17 12:40:35.180 I/am_destroy_service(  399): [1094704256,com.android.exchange/.ExchangeService,912]
10-17 12:40:35.190 D/AlertReceiver( 1018): onReceive: a=android.intent.action.PROVIDER_CHANGED Intent { act=android.intent.action.PROVIDER_CHANGED dat=content://com.android.calendar flg=0x10 cmp=com.android.calendar/.alerts.AlertReceiver }
10-17 12:40:35.190 I/am_create_service(  399): [1094189264,com.android.calendar/.alerts.AlertService,,1018]
10-17 12:40:35.200 D/AlertService( 1018): 0 Action = android.intent.action.PROVIDER_CHANGED
10-17 12:40:35.220 D/AlertService( 1018): Beginning updateAlertNotification
10-17 12:40:35.260 D/su      (  927): 2000 /system/bin/mksh executing 0 /system/bin/sh using shell /system/bin/sh : sh
10-17 12:40:35.370 I/am_destroy_service(  399): [1094240112,com.noshufou.android.su/.service.ResultService,998]
10-17 12:40:35.400 D/AlertService( 1018): No fired or scheduled alerts
10-17 12:40:35.400 I/notification_cancel_all(  399): [com.android.calendar,0,64]
10-17 12:40:35.400 I/am_destroy_service(  399): [1094189264,com.android.calendar/.alerts.AlertService,1018]
10-17 12:40:35.410 I/ActivityManager(  399): No longer want com.android.contacts (pid 760): hidden #11
10-17 12:40:35.410 I/am_kill (  399): [760,com.android.contacts,14,too many background]
10-17 12:40:35.420 I/am_proc_died(  399): [760,com.android.contacts]
10-17 12:40:35.540 E/Sensors (  399): sensors_poll_context_t::pollEvents, line 202: receive event #### i=3, nb=1
10-17 12:40:35.540 I/force_gc(  399): Binder
10-17 12:40:35.650 D/dalvikvm(  399): GC_EXPLICIT freed 298K, 30% free 5739K/8195K, paused 5ms+8ms, total 111ms
10-17 12:40:36.390 I/force_gc(  399): Binder
10-17 12:40:36.460 D/dalvikvm(  399): GC_EXPLICIT freed 128K, 31% free 5729K/8195K, paused 4ms+5ms, total 67ms
10-17 12:40:36.560 I/force_gc(  573): Binder
10-17 12:40:36.600 D/dalvikvm(  573): GC_EXPLICIT freed 394K, 70% free 2513K/8195K, paused 4ms+6ms, total 38ms
10-17 12:40:36.660 E/MP-Decision( 1044): MPDecision server starting
10-17 12:40:36.660 E/MP-Decision( 1044): OPTION ENABLED: Control sleep modes
10-17 12:40:36.660 E/MP-Decision( 1044): OPTION ENABLED: Adjusting average
10-17 12:40:36.660 E/MP-Decision( 1044): 
10-17 12:40:36.660 E/MP-Decision( 1044):  MP Decision Options:
10-17 12:40:36.660 E/MP-Decision( 1044): --poll_ms --decision_ms --no_sleep --avg_comp --debug
10-17 12:40:36.660 E/MP-Decision( 1044): --Nw=[1..3]:[value] --Tw=[1..3]:[value] --Ns=[1..3]:[value] --Ts=[1..3]:[value]
10-17 12:40:36.790 I/am_destroy_service(  399): [1092526464,com.android.providers.media/.MediaScannerService,573]
10-17 12:40:36.970 E/Sensors (  399): sensors_poll_context_t::pollEvents, line 202: receive event #### i=3, nb=1
10-17 12:40:37.300 I/ActivityManager(  399): No longer want com.cyanogenmod.updater (pid 843): hidden #11
10-17 12:40:37.300 I/am_kill (  399): [843,com.cyanogenmod.updater,14,too many background]
10-17 12:40:37.330 I/am_proc_died(  399): [843,com.cyanogenmod.updater]
10-17 12:40:37.720 I/battery_level(  399): [86,4054,250]
10-17 12:40:38.410 E/Sensors (  399): sensors_poll_context_t::pollEvents, line 202: receive event #### i=3, nb=1
10-17 12:40:38.480 I/am_create_service(  399): [1093927080,com.android.providers.calendar/.CalendarProviderIntentService,act=com.android.providers.calendar.intent.CalendarProvider2,872]
10-17 12:40:38.520 I/am_destroy_service(  399): [1093927080,com.android.providers.calendar/.CalendarProviderIntentService,872]
10-17 12:40:39.810 I//system/bin/fsck_msdos(  130): ** Phase 4 - Checking for Lost Files
10-17 12:40:39.930 I//system/bin/fsck_msdos(  130): Next free cluster in FSInfo block (1729110) not free
10-17 12:40:39.930 I//system/bin/fsck_msdos(  130): FIXED
10-17 12:40:39.930 I//system/bin/fsck_msdos(  130): 26584 files, 1158464 free (144808 clusters)
10-17 12:40:39.990 E/Sensors (  399): sensors_poll_context_t::pollEvents, line 202: receive event #### i=3, nb=1
10-17 12:40:40.000 I/Vold    (  130): Filesystem check completed OK
10-17 12:40:40.010 I/Vold    (  130): Device /dev/block/vold/179:33, target /storage/sdcard1 mounted @ /mnt/secure/staging
10-17 12:40:40.020 D/Vold    (  130): Volume sdcard state changing 3 (Checking) -> 4 (Mounted)
10-17 12:40:40.020 D/MountService(  399): volume state changed for /storage/sdcard1 (checking -> mounted)
10-17 12:40:40.020 I/PackageManager(  399): Updating external media status from unmounted to mounted
10-17 12:40:40.020 E/VoldConnector(  399): NDC Command {3 volume mount /storage/sdcard1} took too long (7779ms)
10-17 12:40:40.020 I/StorageNotification(  527): Media {/storage/sdcard1} state changed from {checking} -> {mounted} (primary = true)
10-17 12:40:40.020 D/VoldCmdListener(  130): asec list
10-17 12:40:40.020 D/MountService(  399): sendStorageIntent Intent { act=android.intent.action.MEDIA_MOUNTED dat=file:///storage/sdcard1 (has extras) }
10-17 12:40:40.020 I/notification_cancel(  399): [com.android.systemui,17301675,NULL,0,64]
10-17 12:40:40.030 D/MtpService(  573): onStorageStateChanged /storage/sdcard1 checking -> mounted
10-17 12:40:40.030 D/MtpService(  573): addStorageLocked 65537 /storage/sdcard1
10-17 12:40:40.040 I/am_create_service(  399): [1093845504,com.android.providers.downloads/.DownloadService,,573]
10-17 12:40:40.050 D/MediaScannerReceiver(  573): action: android.intent.action.MEDIA_MOUNTED path: /storage/sdcard1
10-17 12:40:40.050 I/notification_cancel_all(  399): [com.android.providers.downloads,0,64]
10-17 12:40:40.060 I/am_create_service(  399): [1093682584,com.android.providers.media/.MediaScannerService,,573]
10-17 12:40:40.080 I/am_destroy_service(  399): [1093845504,com.android.providers.downloads/.DownloadService,573]
10-17 12:40:40.180 W/MediaProvider(  573): no database for scanned volume external
10-17 12:40:40.720 D/VoldCmdListener(  130): volume mount /storage/sdcard0
10-17 12:40:40.720 E/VoldConnector(  399): NDC Command {5 asec list} took too long (704ms)
10-17 12:40:40.720 I/Vold    (  130): /dev/block/vold/179:19 being considered for volume emmc
10-17 12:40:40.720 D/Vold    (  130): Volume emmc state changing 1 (Idle-Unmounted) -> 3 (Checking)
10-17 12:40:40.730 I/PackageManager(  399): No secure containers on sdcard
10-17 12:40:40.730 D/MtpService(  573): onStorageStateChanged /storage/sdcard0 unmounted -> checking
10-17 12:40:40.730 D/MountService(  399): volume state changed for /storage/sdcard0 (unmounted -> checking)
10-17 12:40:40.730 I/StorageNotification(  527): Media {/storage/sdcard0} state changed from {unmounted} -> {checking} (primary = false)
10-17 12:40:40.730 D/MountService(  399): sendStorageIntent Intent { act=android.intent.action.MEDIA_CHECKING dat=file:///storage/sdcard0 (has extras) }
10-17 12:40:40.740 I//system/bin/fsck_msdos(  130): ** /dev/block/vold/179:19
10-17 12:40:40.740 I//system/bin/fsck_msdos(  130): ** Phase 1 - Read and Compare FATs
10-17 12:40:40.740 I//system/bin/fsck_msdos(  130): Attempting to allocate 1123 KB for FAT
10-17 12:40:40.740 W/PackageManager(  399): Unknown permission com.google.android.googleapps.permission.GOOGLE_AUTH.mail in package com.android.contacts
10-17 12:40:40.750 W/PackageManager(  399): Unknown permission android.permission.ADD_SYSTEM_SERVICE in package com.android.phone
10-17 12:40:40.750 W/PackageManager(  399): Unknown permission com.google.android.googleapps.permission.GOOGLE_AUTH in package com.android.providers.calendar
10-17 12:40:40.750 W/PackageManager(  399): Unknown permission com.google.android.googleapps.permission.GOOGLE_AUTH.cl in package com.android.providers.calendar
10-17 12:40:40.760 W/PackageManager(  399): Unknown permission com.google.android.googleapps.permission.GOOGLE_AUTH.mail in package com.android.calendar
10-17 12:40:40.760 W/PackageManager(  399): Not granting permission android.permission.SEND_DOWNLOAD_COMPLETED_INTENTS to package com.android.browser (protectionLevel=2 flags=0x9be45)
10-17 12:40:40.760 W/PackageManager(  399): Unknown permission com.cyanogenmod.filemanager.permissions.READ_THEME in package com.cyanogenmod.filemanager
10-17 12:40:40.770 W/PackageManager(  399): Unknown permission com.google.android.googleapps.permission.GOOGLE_AUTH in package com.android.settings
10-17 12:40:40.770 W/PackageManager(  399): Unknown permission com.google.android.googleapps.permission.GOOGLE_AUTH in package com.android.providers.contacts
10-17 12:40:40.770 W/PackageManager(  399): Unknown permission com.google.android.googleapps.permission.GOOGLE_AUTH.cp in package com.android.providers.contacts
10-17 12:40:40.770 W/PackageManager(  399): Unknown permission android.permission.ACCESS_SUPERUSER in package jackpal.androidterm
10-17 12:40:40.770 W/PackageManager(  399): Unknown permission android.permission.ACCESS_4G_RADIO_DISABLE in package com.android.systemui
10-17 12:40:40.770 W/PackageManager(  399): Unknown permission android.permission.ACCESS_4G_STATE in package com.android.systemui
10-17 12:40:40.770 W/PackageManager(  399): Unknown permission android.permission.CHANGE_4G_STATE in package com.android.systemui
10-17 12:40:40.780 W/PackageManager(  399): Unknown permission com.google.android.googleapps.permission.ACCESS_GOOGLE_PASSWORD in package com.android.development
10-17 12:40:40.780 W/PackageManager(  399): Unknown permission com.google.android.googleapps.permission.GOOGLE_AUTH in package com.android.development
10-17 12:40:40.780 W/PackageManager(  399): Unknown permission com.google.android.googleapps.permission.GOOGLE_AUTH.ALL_SERVICES in package com.android.development
10-17 12:40:40.780 W/PackageManager(  399): Unknown permission com.google.android.googleapps.permission.GOOGLE_AUTH.YouTubeUser in package com.android.development
10-17 12:40:40.780 W/PackageManager(  399): Not granting permission android.permission.DEVICE_POWER to package com.android.deskclock (protectionLevel=2 flags=0x8be45)
10-17 12:40:40.830 I//system/bin/fsck_msdos(  130): Attempting to allocate 1123 KB for FAT
10-17 12:40:40.920 I//system/bin/fsck_msdos(  130): ** Phase 2 - Check Cluster Chains
10-17 12:40:40.940 I/backup_data_changed(  399): android
10-17 12:40:40.940 I//system/bin/fsck_msdos(  130): ** Phase 3 - Checking Directories
10-17 12:40:40.940 D/PhoneStatusBar(  527): addNotification score=0
10-17 12:40:40.940 I/backup_data_changed(  399): android
10-17 12:40:40.940 I/notification_cancel(  399): [com.android.systemui,17301675,NULL,0,64]
10-17 12:40:40.940 I/notification_enqueue(  399): [com.android.systemui,17301675,NULL,Notification(pri=0 contentView=com.android.systemui/0x1090071 vibrate=null sound=null defaults=0x0 flags=0x2 kind=[null])]
10-17 12:40:40.980 D/SizeAdaptiveLayout(  527): com.android.internal.widget.SizeAdaptiveLayout@41253638child view android.widget.FrameLayout@412ff018 measured out of bounds at 95px clamped to 96px
10-17 12:40:41.050 I//system/bin/fsck_msdos(  130): ** Phase 4 - Checking for Lost Files
10-17 12:40:41.070 I//system/bin/fsck_msdos(  130): 505 files, 1085060 free (271265 clusters)
10-17 12:40:41.080 I/Vold    (  130): Filesystem check completed OK
10-17 12:40:41.090 I/Vold    (  130): Device /dev/block/vold/179:19, target /storage/sdcard0 mounted @ /mnt/secure/staging
10-17 12:40:41.090 D/Vold    (  130): Volume emmc state changing 3 (Checking) -> 4 (Mounted)
10-17 12:40:41.090 D/MountService(  399): volume state changed for /storage/sdcard0 (checking -> mounted)
10-17 12:40:41.090 E/VoldConnector(  399): NDC Command {4 volume mount /storage/sdcard0} took too long (1076ms)
10-17 12:40:41.100 D/MtpService(  573): onStorageStateChanged /storage/sdcard0 checking -> mounted
10-17 12:40:41.100 D/MtpService(  573): addStorageLocked 131073 /storage/sdcard0
10-17 12:40:41.100 D/MountService(  399): sendStorageIntent Intent { act=android.intent.action.MEDIA_MOUNTED dat=file:///storage/sdcard0 (has extras) }
10-17 12:40:41.120 I/StorageNotification(  527): Media {/storage/sdcard0} state changed from {checking} -> {mounted} (primary = false)
10-17 12:40:41.120 I/am_create_service(  399): [1094078032,com.android.providers.downloads/.DownloadService,,573]
10-17 12:40:41.120 I/notification_cancel(  399): [com.android.systemui,17301675,NULL,0,64]
10-17 12:40:41.140 I/notification_cancel_all(  399): [com.android.providers.downloads,0,64]
10-17 12:40:41.140 D/MediaScannerReceiver(  573): action: android.intent.action.MEDIA_MOUNTED path: /storage/sdcard0
10-17 12:40:41.170 I/am_destroy_service(  399): [1094078032,com.android.providers.downloads/.DownloadService,573]
10-17 12:40:41.420 E/Sensors (  399): sensors_poll_context_t::pollEvents, line 202: receive event #### i=3, nb=1
10-17 12:40:41.700 E/MP-Decision( 1053): MPDecision server starting
10-17 12:40:41.700 E/MP-Decision( 1053): OPTION ENABLED: Control sleep modes
10-17 12:40:41.700 E/MP-Decision( 1053): OPTION ENABLED: Adjusting average
10-17 12:40:41.700 E/MP-Decision( 1053): 
10-17 12:40:41.700 E/MP-Decision( 1053):  MP Decision Options:
10-17 12:40:41.700 E/MP-Decision( 1053): --poll_ms --decision_ms --no_sleep --avg_comp --debug
10-17 12:40:41.700 E/MP-Decision( 1053): --Nw=[1..3]:[value] --Tw=[1..3]:[value] --Ns=[1..3]:[value] --Ts=[1..3]:[value]
10-17 12:40:42.690 I/battery_level(  399): [87,4044,250]
10-17 12:40:42.840 E/Sensors (  399): sensors_poll_context_t::pollEvents, line 202: receive event #### i=3, nb=1
10-17 12:40:44.260 E/Sensors (  399): sensors_poll_context_t::pollEvents, line 202: receive event #### i=3, nb=1
10-17 12:40:45.680 E/Sensors (  399): sensors_poll_context_t::pollEvents, line 202: receive event #### i=3, nb=1
10-17 12:40:46.720 E/MP-Decision( 1059): MPDecision server starting
10-17 12:40:46.720 E/MP-Decision( 1059): OPTION ENABLED: Control sleep modes
10-17 12:40:46.720 E/MP-Decision( 1059): OPTION ENABLED: Adjusting average
10-17 12:40:46.720 E/MP-Decision( 1059): 
10-17 12:40:46.720 E/MP-Decision( 1059):  MP Decision Options:
10-17 12:40:46.720 E/MP-Decision( 1059): --poll_ms --decision_ms --no_sleep --avg_comp --debug
10-17 12:40:46.720 E/MP-Decision( 1059): --Nw=[1..3]:[value] --Tw=[1..3]:[value] --Ns=[1..3]:[value] --Ts=[1..3]:[value]
10-17 12:40:47.099 E/Sensors (  399): sensors_poll_context_t::pollEvents, line 202: receive event #### i=3, nb=1
10-17 12:40:48.520 E/Sensors (  399): sensors_poll_context_t::pollEvents, line 202: receive event #### i=3, nb=1
10-17 12:40:49.940 E/Sensors (  399): sensors_poll_context_t::pollEvents, line 202: receive event #### i=3, nb=1
10-17 12:40:51.360 E/Sensors (  399): sensors_poll_context_t::pollEvents, line 202: receive event #### i=3, nb=1
10-17 12:40:51.730 E/MP-Decision( 1062): MPDecision server starting
10-17 12:40:51.730 E/MP-Decision( 1062): OPTION ENABLED: Control sleep modes
10-17 12:40:51.730 E/MP-Decision( 1062): OPTION ENABLED: Adjusting average
10-17 12:40:51.730 E/MP-Decision( 1062): 
10-17 12:40:51.730 E/MP-Decision( 1062):  MP Decision Options:
10-17 12:40:51.730 E/MP-Decision( 1062): --poll_ms --decision_ms --no_sleep --avg_comp --debug
10-17 12:40:51.730 E/MP-Decision( 1062): --Nw=[1..3]:[value] --Tw=[1..3]:[value] --Ns=[1..3]:[value] --Ts=[1..3]:[value]
10-17 12:40:52.770 E/Sensors (  399): sensors_poll_context_t::pollEvents, line 202: receive event #### i=3, nb=1
10-17 12:40:54.190 E/Sensors (  399): sensors_poll_context_t::pollEvents, line 202: receive event #### i=3, nb=1
10-17 12:40:54.710 W/ActivityManager(  399): Timeout executing service: ServiceRecord{4140b570 com.android.stk/.StkAppService}
10-17 12:40:54.720 I/am_anr  (  399): [605,com.android.phone,573005,Executing service com.android.stk/.StkAppService]
10-17 12:40:54.730 I/Process (  399): Sending signal. PID: 605 SIG: 3
10-17 12:40:54.730 I/dalvikvm(  605): threadid=3: reacting to signal 3
10-17 12:40:54.780 I/dalvikvm(  605): Wrote stack traces to '/data/anr/traces.txt'
10-17 12:40:54.780 I/Process (  399): Sending signal. PID: 399 SIG: 3
10-17 12:40:54.780 I/dalvikvm(  399): threadid=3: reacting to signal 3
10-17 12:40:54.950 I/dalvikvm(  399): Wrote stack traces to '/data/anr/traces.txt'
10-17 12:40:54.950 I/Process (  399): Sending signal. PID: 527 SIG: 3
10-17 12:40:54.950 I/dalvikvm(  527): threadid=3: reacting to signal 3
10-17 12:40:54.980 I/dalvikvm(  527): Wrote stack traces to '/data/anr/traces.txt'
10-17 12:40:55.240 D/dalvikvm(  399): GC_EXPLICIT freed 1024K, 27% free 6039K/8195K, paused 3ms+6ms, total 64ms
10-17 12:40:55.610 E/Sensors (  399): sensors_poll_context_t::pollEvents, line 202: receive event #### i=3, nb=1
10-17 12:40:55.780 I/Process (  399): Sending signal. PID: 573 SIG: 3
10-17 12:40:55.780 I/dalvikvm(  573): threadid=3: reacting to signal 3
10-17 12:40:55.810 I/dalvikvm(  573): Wrote stack traces to '/data/anr/traces.txt'
10-17 12:40:55.820 E/ActivityManager(  399): ANR in com.android.phone
10-17 12:40:55.820 E/ActivityManager(  399): Reason: Executing service com.android.stk/.StkAppService
10-17 12:40:55.820 E/ActivityManager(  399): Load: 7.06 / 1.84 / 0.62
10-17 12:40:55.820 E/ActivityManager(  399): CPU usage from 11242ms to 0ms ago:
10-17 12:40:55.820 E/ActivityManager(  399):   98% 573/android.process.media: 1.4% user + 96% kernel / faults: 292 minor
10-17 12:40:55.820 E/ActivityManager(  399):   1.9% 527/com.android.systemui: 1.2% user + 0.7% kernel / faults: 105 minor
10-17 12:40:55.820 E/ActivityManager(  399):   0.8% 136/surfaceflinger: 0.5% user + 0.2% kernel
10-17 12:40:55.820 E/ActivityManager(  399):   0.8% 399/system_server: 0.2% user + 0.5% kernel / faults: 61 minor
10-17 12:40:55.820 E/ActivityManager(  399):   0.5% 5/kworker/u:0: 0% user + 0.5% kernel
10-17 12:40:55.820 E/ActivityManager(  399):   0.1% 25/kworker/0:1: 0% user + 0.1% kernel
10-17 12:40:55.820 E/ActivityManager(  399):   0.1% 85/kworker/u:3: 0% user + 0.1% kernel
10-17 12:40:55.820 E/ActivityManager(  399):   0% 94/mmcqd/0: 0% user + 0% kernel
10-17 12:40:55.820 E/ActivityManager(  399):   0% 156/thermald: 0% user + 0% kernel
10-17 12:40:55.820 E/ActivityManager(  399):   0% 157/adbd: 0% user + 0% kernel
10-17 12:40:55.820 E/ActivityManager(  399):   0% 605/com.android.phone: 0% user + 0% kernel / faults: 7 minor
10-17 12:40:55.820 E/ActivityManager(  399):  +0% 1058/flush-179:32: 0% user + 0% kernel
10-17 12:40:55.820 E/ActivityManager(  399): 51% TOTAL: 1.5% user + 50% kernel + 0.2% iowait
10-17 12:40:55.820 E/ActivityManager(  399): CPU usage from 535ms to 1055ms later:
10-17 12:40:55.820 E/ActivityManager(  399):   98% 573/android.process.media: 0% user + 98% kernel / faults: 3 minor
10-17 12:40:55.820 E/ActivityManager(  399):     100% 1049/MediaScannerSer: 0% user + 100% kernel
10-17 12:40:55.820 E/ActivityManager(  399):   5.7% 399/system_server: 1.9% user + 3.8% kernel
10-17 12:40:55.820 E/ActivityManager(  399):     3.8% 414/ActivityManager: 0% user + 3.8% kernel
10-17 12:40:55.820 E/ActivityManager(  399): 51% TOTAL: 0.9% user + 50% kernel
10-17 12:40:55.820 W/ActivityManager(  399): Killing ProcessRecord{41140af8 605:com.android.phone/1001}: background ANR
10-17 12:40:55.820 I/am_kill (  399): [605,com.android.phone,-12,background ANR]
10-17 12:40:55.830 I/ServiceManager(  129): service 'isms' died
10-17 12:40:55.830 I/ServiceManager(  129): service 'sip' died
10-17 12:40:55.830 I/ServiceManager(  129): service 'simphonebook' died
10-17 12:40:55.830 I/ServiceManager(  129): service 'iphonesubinfo' died
10-17 12:40:55.830 I/ServiceManager(  129): service 'iphonesubinfo_msim' died
10-17 12:40:55.830 I/ServiceManager(  129): service 'simphonebook_msim' died
10-17 12:40:55.830 I/ServiceManager(  129): service 'isms_msim' died
10-17 12:40:55.830 I/ServiceManager(  129): service 'phone_msim' died
10-17 12:40:55.830 I/ServiceManager(  129): service 'phone' died
10-17 12:40:55.840 W/RILC    (  178): EOS.  Closing command socket.
10-17 12:40:55.840 W/RILC    (  181): EOS.  Closing command socket.
10-17 12:40:55.870 D/dalvikvm(  399): GC_FOR_ALLOC freed 492K, 30% free 6041K/8519K, paused 44ms, total 45ms
10-17 12:40:55.870 I/dalvikvm-heap(  399): Grow heap (frag case) to 14.326MB for 341272-byte allocation
10-17 12:40:55.870 I/ActivityManager(  399): Process com.android.phone (pid 605) has died.
10-17 12:40:55.870 I/am_proc_died(  399): [605,com.android.phone]
10-17 12:40:55.870 I/am_destroy_service(  399): [1093288976,com.android.smspush/.WapPushManager,685]
10-17 12:40:55.880 W/ActivityManager(  399): Scheduling restart of crashed service com.android.phone/.BluetoothHeadsetService in 1250ms
10-17 12:40:55.880 W/ActivityManager(  399): Scheduling restart of crashed service com.android.phone/.TelephonyDebugService in 11250ms
10-17 12:40:55.880 W/ActivityManager(  399): Scheduling restart of crashed service com.android.stk/.StkAppService in 42352ms
10-17 12:40:55.880 I/am_schedule_service_restart(  399): [com.android.phone/.BluetoothHeadsetService,1250]
10-17 12:40:55.880 I/am_schedule_service_restart(  399): [com.android.phone/.TelephonyDebugService,11250]
10-17 12:40:55.880 I/am_schedule_service_restart(  399): [com.android.stk/.StkAppService,42352]
10-17 12:40:55.920 I/ActivityManager(  399): Start proc com.android.phone for restart com.android.phone: pid=1067 uid=1001 gids={3002, 3001, 3003, 1015, 1028}
10-17 12:40:55.920 I/ActivityManager(  399): No longer want android.process.acore (pid 677): hidden #11
10-17 12:40:55.920 I/am_proc_start(  399): [1067,1001,com.android.phone,restart,com.android.phone]
10-17 12:40:55.920 I/am_kill (  399): [677,android.process.acore,14,too many background]
10-17 12:40:55.940 I/am_proc_died(  399): [677,android.process.acore]
10-17 12:40:55.950 I/am_proc_bound(  399): [1067,com.android.phone]
10-17 12:40:55.990 I/ActivityThread( 1067): Pub mms: com.android.providers.telephony.MmsProvider
10-17 12:40:55.990 I/ActivityThread( 1067): Pub iccmsim: com.android.phone.MSimIccProvider
10-17 12:40:56.000 I/ActivityThread( 1067): Pub sms: com.android.providers.telephony.SmsProvider
10-17 12:40:56.000 I/ActivityThread( 1067): Pub telephony: com.android.providers.telephony.TelephonyProvider
10-17 12:40:56.000 W/TelephonyProvider( 1067): onCreate: confFile=/system/etc/apns-conf.xml oldCheckSum=-1
10-17 12:40:56.010 I/ActivityThread( 1067): Pub icc: com.android.phone.IccProvider
10-17 12:40:56.010 I/ActivityThread( 1067): Pub mms-sms: com.android.providers.telephony.MmsSmsProvider
10-17 12:40:56.010 D/RILB    ( 1067): /proc/cmdline=androidboot.hardware=huawei loglevel=1 androidboot.mode=boot alarm_time=0xdffe37c9 RTC_time=0x2ab66 hw_status_loc=0x1 androidboot.localproppath=unicom/cn usb.pid.index=25 usb.serial=2469A5526E2F androidboot.serialno=2469A5526E2F androidboot.network=umts_gsm androidboot.swtype=normal androidboot.platform=msm7627a androidboot.emmc=true androidboot.baseband=msm
10-17 12:40:56.010 D/RILB    ( 1067): getLteOnCdmaMode=-1 curVal=-1 product_type='' lteOnCdmaProductType=''
10-17 12:40:56.010 V/PhoneApp( 1067): PhoneApp onCreate() DSDS Enabled!!!!
10-17 12:40:56.010 D/MSimPhoneApp( 1067): MSPhoneApp creation
10-17 12:40:56.010 D/MSimPhoneApp( 1067): MSPhoneApp creationcom.android.phone.MSimPhoneApp@41156008
10-17 12:40:56.010 D/MSimPhoneApp( 1067): MSimPhoneApp:com.android.phone.MSimPhoneApp@41156008
10-17 12:40:56.010 D/MSimPhoneApp( 1067):  DSDS PhoneApp:
10-17 12:40:56.010 E/PHONE   ( 1067): ------MSimPhoneFactory.java----------->hasException = false 
10-17 12:40:56.020 D/RILB    ( 1067): getLteOnCdmaMode=-1 curVal=-1 product_type='' lteOnCdmaProductType=''
10-17 12:40:56.030 D/RILJ    ( 1067): RIL(context, preferredNetworkType=0 cdmaSubscription=1)
10-17 12:40:56.030 D/RILJ    ( 1067): Starting RILReceiver [SUB0]
10-17 12:40:56.040 I/RILJ    ( 1067): Connected to 'rild' socket
10-17 12:40:56.040 D/RILJ    ( 1067): RIL(context, preferredNetworkType=0 cdmaSubscription=1)
10-17 12:40:56.040 D/RILJ    ( 1067): Starting RILReceiver [SUB1]
10-17 12:40:56.040 I/RILJ    ( 1067): Connected to 'rild1' socket
10-17 12:40:56.040 E/RIL_UiccController( 1067): new UiccController() ....registerForIccStatusChanged()....mCi[i] = com.android.internal.telephony.RIL@4115a9f0
10-17 12:40:56.040 D/CardSubscriptionManager( 1067): getInstance
10-17 12:40:56.040 D/CardSubscriptionManager( 1067): Constructor - Enter
10-17 12:40:56.040 D/CardSubscriptionManager( 1067): Constructor - Exit
10-17 12:40:56.040 D/SubscriptionManager( 1067): getUserPreferredSubs: strUserSub = ,,,4,-1,-1
10-17 12:40:56.040 E/RIL_UiccController( 1067): new UiccController() ....registerForIccStatusChanged()....mCi[i] = com.android.internal.telephony.RIL@4115ec80
10-17 12:40:56.050 D/SubscriptionManager( 1067): getUserPreferredSubs: mUserPrefSubs.subscription[0] = Subscription = { slotId = -1, 3gppIndex = -1, 3gpp2Index = -1, subId = 0, subStatus = SUB_INVALID, appId = null, appLabel = null, appType = null, iccId = null }
10-17 12:40:56.050 D/SubscriptionManager( 1067): getUserPreferredSubs: strUserSub = ,,,4,-1,-1
10-17 12:40:56.050 D/SubscriptionManager( 1067): getUserPreferredSubs: mUserPrefSubs.subscription[1] = Subscription = { slotId = -1, 3gppIndex = -1, 3gpp2Index = -1, subId = 1, subStatus = SUB_INVALID, appId = null, appLabel = null, appType = null, iccId = null }
10-17 12:40:56.050 D/CardSubscriptionManager( 1067): getInstance
10-17 12:40:56.050 E/PHONE   ( 1067): Settings Exception Reading Dual Sim Data Call Values
10-17 12:40:56.060 D/PHONE   ( 1067): mDoesRilSendMultipleCallRing=true
10-17 12:40:56.060 D/PHONE   ( 1067): mCallRingDelay=3000
10-17 12:40:56.060 D/PHONE   ( 1067): mOosIsDisconnect=true
10-17 12:40:56.060 D/RILJ    ( 1067): setPhoneType=1 old value=0 [SUB0]
10-17 12:40:56.060 I/GSM     ( 1067): Is EONS enabled: true
10-17 12:40:56.060 D/GSM     ( 1067): MSimGSMPhone: constructor: sub = 0
10-17 12:40:56.070 D/        ( 1067): [ApnContext:default] set reason as dataEnabled,current state IDLE
10-17 12:40:56.070 D/        ( 1067): [ApnContext:mms] set reason as dataEnabled,current state IDLE
10-17 12:40:56.070 D/GSM     ( 1067): [ApnContext:default] set mDependencyMet as false current state is true
10-17 12:40:56.070 D/GSM     ( 1067): [ApnContext:default] set enabled as true, current state is false
10-17 12:40:56.070 D/GSM     ( 1067): [ApnContext:default] set reason as dependencyMet,current state IDLE
10-17 12:40:56.070 D/GSM     ( 1067): [ApnContext:default] set enabled as true, current state is true
10-17 12:40:56.070 D/GSM     ( 1067): [ApnContext:default] set mDependencyMet as true current state is false
10-17 12:40:56.070 D/GSM     ( 1067): [ApnContext:mms] set mDependencyMet as false current state is true
10-17 12:40:56.080 D/        ( 1067): [ApnContext:supl] set reason as dataEnabled,current state IDLE
10-17 12:40:56.080 D/        ( 1067): [ApnContext:dun] set reason as dataEnabled,current state IDLE
10-17 12:40:56.080 D/        ( 1067): [ApnContext:hipri] set reason as dataEnabled,current state IDLE
10-17 12:40:56.080 D/        ( 1067): [ApnContext:fota] set reason as dataEnabled,current state IDLE
10-17 12:40:56.080 D/        ( 1067): [ApnContext:ims] set reason as dataEnabled,current state IDLE
10-17 12:40:56.080 D/        ( 1067): [ApnContext:cbs] set reason as dataEnabled,current state IDLE
10-17 12:40:56.080 D/GSM     ( 1067): [ApnContext:mms] set enabled as false, current state is false
10-17 12:40:56.080 D/GSM     ( 1067): [ApnContext:mms] set mDependencyMet as true current state is false
10-17 12:40:56.080 D/GSM     ( 1067): [ApnContext:supl] set mDependencyMet as false current state is true
10-17 12:40:56.080 D/GSM     ( 1067): [ApnContext:supl] set enabled as false, current state is false
10-17 12:40:56.080 D/GSM     ( 1067): [ApnContext:supl] set mDependencyMet as true current state is false
10-17 12:40:56.080 D/GSM     ( 1067): [ApnContext:dun] set mDependencyMet as false current state is true
10-17 12:40:56.080 D/GSM     ( 1067): [ApnContext:dun] set enabled as false, current state is false
10-17 12:40:56.080 D/GSM     ( 1067): [ApnContext:dun] set mDependencyMet as true current state is false
10-17 12:40:56.080 D/GSM     ( 1067): [ApnContext:hipri] set mDependencyMet as false current state is true
10-17 12:40:56.080 D/GSM     ( 1067): [ApnContext:hipri] set enabled as false, current state is false
10-17 12:40:56.080 D/GSM     ( 1067): [ApnContext:hipri] set mDependencyMet as true current state is false
10-17 12:40:56.080 D/GSM     ( 1067): [ApnContext:fota] set mDependencyMet as false current state is true
10-17 12:40:56.080 D/GSM     ( 1067): [ApnContext:fota] set enabled as false, current state is false
10-17 12:40:56.080 D/GSM     ( 1067): [ApnContext:fota] set mDependencyMet as true current state is false
10-17 12:40:56.080 D/GSM     ( 1067): [ApnContext:ims] set mDependencyMet as false current state is true
10-17 12:40:56.080 D/GSM     ( 1067): [ApnContext:ims] set enabled as false, current state is false
10-17 12:40:56.080 D/GSM     ( 1067): [ApnContext:ims] set mDependencyMet as true current state is false
10-17 12:40:56.080 D/GSM     ( 1067): [ApnContext:cbs] set mDependencyMet as false current state is true
10-17 12:40:56.080 D/GSM     ( 1067): [ApnContext:cbs] set enabled as false, current state is false
10-17 12:40:56.080 D/GSM     ( 1067): [ApnContext:cbs] set mDependencyMet as true current state is false
10-17 12:40:56.080 E/PHONE   ( 1067): Settings Exception Reading Dual Sim Data Call Values
10-17 12:40:56.080 E/GSM     ( 1067): [MSimGsmDCT:0] =================broadcastMessenger () ============> this = Handler (com.android.internal.telephony.msim.MSimGsmDataConnectionTracker) {41171528}
10-17 12:40:56.080 D/GSM     ( 1067): [MSimGsmDCT:0] SUPPORT_MPDN = true
10-17 12:40:56.080 D/GSM     ( 1067): [MSimGsmDCT:0] mCdmaHomeOperatorNumeric = 
10-17 12:40:56.080 D/GSM     ( 1067): [MSimGsmDCT:0] mUseNvOperatorForEhrpd = false
10-17 12:40:56.080 E/PHONE   ( 1067): Settings Exception Reading Dual Sim Data Call Values
10-17 12:40:56.080 D/GSM     ( 1067): [MSimGsmDCT:0] mInternalDataEnabled (is data sub?) = true
10-17 12:40:56.080 D/RILB    ( 1067): =====================> registerForRilConnected h=Handler (com.android.internal.telephony.msim.MSimPhoneProxy) {411684a0} w=4
10-17 12:40:56.080 D/RIL_IccSms( 1067): MSimIccSmsInterfaceManager: initDispatchers()
10-17 12:40:56.090 E/RIL_ImsSms( 1067): getFormat should never be called from here!
10-17 12:40:56.090 D/SMS     ( 1067): SMSDispatcher: ctor mSmsCapable=true format=unknown mSmsReceiveDisabled=false mSmsSendDisabled=false
10-17 12:40:56.090 D/RIL_IMS ( 1067): MSimImsSMSDispatcher: initDispatchers()
10-17 12:40:56.090 D/SMS     ( 1067): SMSDispatcher: ctor mSmsCapable=true format=3gpp2 mSmsReceiveDisabled=false mSmsSendDisabled=false
10-17 12:40:56.090 D/CDMA    ( 1067): CdmaSMSDispatcher created
10-17 12:40:56.090 D/CDMA    ( 1067): MSimCdmaSMSDispatcher created
10-17 12:40:56.090 D/SMS     ( 1067): SMSDispatcher: ctor mSmsCapable=true format=3gpp mSmsReceiveDisabled=false mSmsSendDisabled=false
10-17 12:40:56.090 D/GSM     ( 1067): GsmSMSDispatcher created
10-17 12:40:56.090 D/GSM     ( 1067): MSimGsmSMSDispatcher created
10-17 12:40:56.090 I/am_create_service(  399): [1092825912,com.android.smspush/.WapPushManager,act=com.android.internal.telephony.IWapPushManager,685]
10-17 12:40:56.100 W/SignalStrength(  527): getLTELevel - rsrp:2147483647 snr:2147483647 rsrpIconLevel:-1 snrIconLevel:-1
10-17 12:40:56.100 D/StatusBar.MSimNetworkController(  527): updateSimState for subscription :0
10-17 12:40:56.100 D/StatusBar.MSimNetworkController(  527): updateSimState simState =UNKNOWN
10-17 12:40:56.100 D/StatusBar.MSimNetworkController(  527): In updateSimIcon card =0, simState= UNKNOWN
10-17 12:40:56.100 D/StatusBar.MSimNetworkController(  527): refreshViews subscription =0mMSimDataConnected =false
10-17 12:40:56.100 D/StatusBar.MSimNetworkController(  527): refreshViews mMSimDataActivity =0
10-17 12:40:56.100 D/RIL_IMS ( 1067): MSimImsSMSDispatcher created
10-17 12:40:56.100 D/RIL_IccSms( 1067): MSimIccSmsInterfaceManager created
10-17 12:40:56.100 D/RIL_MSimIccCardProxy( 1067): Creating
10-17 12:40:56.100 D/RIL_MSimIccCardProxy( 1067): Broadcasting intent ACTION_SIM_STATE_CHANGED NOT_READY reason null for subscription : 0
10-17 12:40:56.100 D/RIL_MSimIccCardProxy( 1067): Setting radio tech UMTS
10-17 12:40:56.100 D/RIL_MSimIccCardProxy( 1067): Updating quiet mode
10-17 12:40:56.100 D/RIL_MSimIccCardProxy( 1067): 3GPP subscription -> QuietMode: false
10-17 12:40:56.100 D/RIL_MSimIccCardProxy( 1067): QuietMode is false (app_type: 1 nv: false multimode: false)
10-17 12:40:56.100 D/PHONE   ( 1067): mDoesRilSendMultipleCallRing=true
10-17 12:40:56.100 D/PHONE   ( 1067): mCallRingDelay=3000
10-17 12:40:56.100 D/PHONE   ( 1067): mOosIsDisconnect=true
10-17 12:40:56.100 D/RILJ    ( 1067): setPhoneType=1 old value=0 [SUB1]
10-17 12:40:56.110 W/SignalStrength(  527): getLTELevel - rssi:99 rssiIconLevel:0
10-17 12:40:56.110 W/SignalStrength(  527): getGsmLevel=0
10-17 12:40:56.110 W/SignalStrength(  527): getLevel=0
10-17 12:40:56.110 W/SignalStrength(  527): getLTELevel - rsrp:2147483647 snr:2147483647 rsrpIconLevel:-1 snrIconLevel:-1
10-17 12:40:56.110 W/SignalStrength(  527): getLTELevel - rssi:99 rssiIconLevel:0
10-17 12:40:56.110 W/SignalStrength(  527): getGsmLevel=0
10-17 12:40:56.110 W/SignalStrength(  527): getLevel=0
10-17 12:40:56.110 D/        ( 1067): [ApnContext:default] set reason as dataEnabled,current state IDLE
10-17 12:40:56.110 D/        ( 1067): [ApnContext:mms] set reason as dataEnabled,current state IDLE
10-17 12:40:56.110 D/        ( 1067): [ApnContext:supl] set reason as dataEnabled,current state IDLE
10-17 12:40:56.110 D/StatusBar.MSimNetworkController(  527): refreshViews connected={ } level=0 mMSimcombinedSignalIconId=0x7f0200f8/com.android.systemui:drawable/stat_sys_signal_null mMSimcombinedActivityIconId=0x0 mAirplaneMode=false mMSimDataActivity=0 mMSimPhoneSignalIconId=0x7f0200f8 mMSimDataDirectionIconId=0x0 mMSimDataSignalIconId=0x7f0200f8 mMSimDataTypeIconId=0x0 mNoMSimIconId=0x0 mWifiIconId=0x0 mBluetoothTetherIconId=0x1080580
10-17 12:40:56.110 D/StatusBar.MSimNetworkController(  527): updateDataIcon subscription =0
10-17 12:40:56.110 D/StatusBar.MSimNetworkController(  527): updateDataIcon dataSub =0
10-17 12:40:56.110 D/StatusBar.MSimNetworkController(  527): updateDataIcon  when SimState =UNKNOWN
10-17 12:40:56.110 D/StatusBar.MSimNetworkController(  527): updateDataIcon when mMSimDataConnected =false
10-17 12:40:56.110 D/StatusBar.MSimNetworkController(  527): updateDataIcon subscription =0
10-17 12:40:56.110 D/StatusBar.MSimNetworkController(  527): updateDataIcon dataSub =0
10-17 12:40:56.110 D/StatusBar.MSimNetworkController(  527): updateDataIcon  when SimState =UNKNOWN
10-17 12:40:56.110 D/StatusBar.MSimNetworkController(  527): updateDataIcon when mMSimDataConnected =false
10-17 12:40:56.110 D/StatusBar.MSimNetworkController(  527): refreshViews subscription =0mMSimDataConnected =false
10-17 12:40:56.110 D/StatusBar.MSimNetworkController(  527): refreshViews mMSimDataActivity =0
10-17 12:40:56.110 D/StatusBar.MSimNetworkController(  527): refreshViews connected={ } level=0 mMSimcombinedSignalIconId=0x7f0200f8/com.android.systemui:drawable/stat_sys_signal_null mMSimcombinedActivityIconId=0x0 mAirplaneMode=false mMSimDataActivity=0 mMSimPhoneSignalIconId=0x7f0200f8 mMSimDataDirectionIconId=0x0 mMSimDataSignalIconId=0x7f0200f8 mMSimDataTypeIconId=0x0 mNoMSimIconId=0x0 mWifiIconId=0x0 mBluetoothTetherIconId=0x1080580
10-17 12:40:56.110 D/PhoneStatusBarPolicy(  527): updateSimState for subscription :0
10-17 12:40:56.110 I/GSM     ( 1067): Is EONS enabled: true
10-17 12:40:56.110 D/GSM     ( 1067): MSimGSMPhone: constructor: sub = 1
10-17 12:40:56.110 D/GSM     ( 1067): [ApnContext:default] set mDependencyMet as false current state is true
10-17 12:40:56.110 D/GSM     ( 1067): [ApnContext:default] set enabled as true, current state is false
10-17 12:40:56.110 D/GSM     ( 1067): [ApnContext:default] set reason as dependencyMet,current state IDLE
10-17 12:40:56.110 D/GSM     ( 1067): [ApnContext:default] set enabled as true, current state is true
10-17 12:40:56.110 D/GSM     ( 1067): [ApnContext:default] set mDependencyMet as true current state is false
10-17 12:40:56.110 D/GSM     ( 1067): [ApnContext:mms] set mDependencyMet as false current state is true
10-17 12:40:56.110 D/GSM     ( 1067): [ApnContext:mms] set enabled as false, current state is false
10-17 12:40:56.110 D/GSM     ( 1067): [ApnContext:mms] set mDependencyMet as true current state is false
10-17 12:40:56.110 D/GSM     ( 1067): [ApnContext:supl] set mDependencyMet as false current state is true
10-17 12:40:56.110 D/GSM     ( 1067): [ApnContext:supl] set enabled as false, current state is false
10-17 12:40:56.120 D/        ( 1067): [ApnContext:dun] set reason as dataEnabled,current state IDLE
10-17 12:40:56.120 D/        ( 1067): [ApnContext:hipri] set reason as dataEnabled,current state IDLE
10-17 12:40:56.120 D/        ( 1067): [ApnContext:fota] set reason as dataEnabled,current state IDLE
10-17 12:40:56.120 D/        ( 1067): [ApnContext:ims] set reason as dataEnabled,current state IDLE
10-17 12:40:56.120 D/        ( 1067): [ApnContext:cbs] set reason as dataEnabled,current state IDLE
10-17 12:40:56.120 D/GSM     ( 1067): [ApnContext:supl] set mDependencyMet as true current state is false
10-17 12:40:56.120 D/GSM     ( 1067): [ApnContext:dun] set mDependencyMet as false current state is true
10-17 12:40:56.120 D/GSM     ( 1067): [ApnContext:dun] set enabled as false, current state is false
10-17 12:40:56.120 D/GSM     ( 1067): [ApnContext:dun] set mDependencyMet as true current state is false
10-17 12:40:56.120 D/GSM     ( 1067): [ApnContext:hipri] set mDependencyMet as false current state is true
10-17 12:40:56.120 D/GSM     ( 1067): [ApnContext:hipri] set enabled as false, current state is false
10-17 12:40:56.120 D/GSM     ( 1067): [ApnContext:hipri] set mDependencyMet as true current state is false
10-17 12:40:56.120 D/GSM     ( 1067): [ApnContext:fota] set mDependencyMet as false current state is true
10-17 12:40:56.120 D/GSM     ( 1067): [ApnContext:fota] set enabled as false, current state is false
10-17 12:40:56.120 D/GSM     ( 1067): [ApnContext:fota] set mDependencyMet as true current state is false
10-17 12:40:56.120 D/GSM     ( 1067): [ApnContext:ims] set mDependencyMet as false current state is true
10-17 12:40:56.120 D/GSM     ( 1067): [ApnContext:ims] set enabled as false, current state is false
10-17 12:40:56.120 D/GSM     ( 1067): [ApnContext:ims] set mDependencyMet as true current state is false
10-17 12:40:56.120 D/GSM     ( 1067): [ApnContext:cbs] set mDependencyMet as false current state is true
10-17 12:40:56.120 D/GSM     ( 1067): [ApnContext:cbs] set enabled as false, current state is false
10-17 12:40:56.120 D/GSM     ( 1067): [ApnContext:cbs] set mDependencyMet as true current state is false
10-17 12:40:56.120 E/PHONE   ( 1067): Settings Exception Reading Dual Sim Data Call Values
10-17 12:40:56.120 E/GSM     ( 1067): [MSimGsmDCT:0] =================broadcastMessenger () ============> this = Handler (com.android.internal.telephony.msim.MSimGsmDataConnectionTracker) {4118b3a0}
10-17 12:40:56.120 D/GSM     ( 1067): [MSimGsmDCT:0] SUPPORT_MPDN = true
10-17 12:40:56.120 D/GSM     ( 1067): [MSimGsmDCT:0] mCdmaHomeOperatorNumeric = 
10-17 12:40:56.120 D/GSM     ( 1067): [MSimGsmDCT:0] mUseNvOperatorForEhrpd = false
10-17 12:40:56.120 E/PHONE   ( 1067): Settings Exception Reading Dual Sim Data Call Values
10-17 12:40:56.120 D/GSM     ( 1067): [MSimGsmDCT:1] mInternalDataEnabled (is data sub?) = false
10-17 12:40:56.120 D/RILB    ( 1067): =====================> registerForRilConnected h=Handler (com.android.internal.telephony.msim.MSimPhoneProxy) {41188e90} w=4
10-17 12:40:56.120 D/RIL_IccSms( 1067): MSimIccSmsInterfaceManager: initDispatchers()
10-17 12:40:56.120 E/RIL_ImsSms( 1067): getFormat should never be called from here!
10-17 12:40:56.120 D/SMS     ( 1067): SMSDispatcher: ctor mSmsCapable=true format=unknown mSmsReceiveDisabled=false mSmsSendDisabled=false
10-17 12:40:56.120 D/RIL_IMS ( 1067): MSimImsSMSDispatcher: initDispatchers()
10-17 12:40:56.130 W/SignalStrength(  527): getLTELevel - rsrp:2147483647 snr:2147483647 rsrpIconLevel:-1 snrIconLevel:-1
10-17 12:40:56.130 D/PROXY   ( 1067): Constructor - Enter
10-17 12:40:56.130 W/SignalStrength(  527): getLTELevel - rssi:99 rssiIconLevel:0
10-17 12:40:56.130 W/SignalStrength(  527): getGsmLevel=0
10-17 12:40:56.130 W/SignalStrength(  527): getLevel=0
10-17 12:40:56.130 D/CardSubscriptionManager( 1067): getInstance
10-17 12:40:56.130 D/PROXY   ( 1067): Constructor - Exit
10-17 12:40:56.130 D/StatusBar.MSimNetworkController(  527): updateSimState for subscription :0
10-17 12:40:56.130 D/StatusBar.MSimNetworkController(  527): updateSimState simState =UNKNOWN
10-17 12:40:56.130 D/StatusBar.MSimNetworkController(  527): In updateSimIcon card =0, simState= UNKNOWN
10-17 12:40:56.130 D/StatusBar.MSimNetworkController(  527): refreshViews subscription =0mMSimDataConnected =false
10-17 12:40:56.130 D/StatusBar.MSimNetworkController(  527): refreshViews mMSimDataActivity =0
10-17 12:40:56.130 D/StatusBar.MSimNetworkController(  527): refreshViews connected={ } level=0 mMSimcombinedSignalIconId=0x7f0200f8/com.android.systemui:drawable/stat_sys_signal_null mMSimcombinedActivityIconId=0x0 mAirplaneMode=false mMSimDataActivity=0 mMSimPhoneSignalIconId=0x7f0200f8 mMSimDataDirectionIconId=0x0 mMSimDataSignalIconId=0x7f0200f8 mMSimDataTypeIconId=0x0 mNoMSimIconId=0x0 mWifiIconId=0x0 mBluetoothTetherIconId=0x1080580
10-17 12:40:56.130 D/StatusBar.MSimNetworkController(  527): updateDataIcon subscription =0
10-17 12:40:56.130 D/StatusBar.MSimNetworkController(  527): updateDataIcon dataSub =0
10-17 12:40:56.130 D/StatusBar.MSimNetworkController(  527): updateDataIcon  when SimState =UNKNOWN
10-17 12:40:56.130 D/SMS     ( 1067): SMSDispatcher: ctor mSmsCapable=true format=3gpp2 mSmsReceiveDisabled=false mSmsSendDisabled=false
10-17 12:40:56.130 D/CDMA    ( 1067): CdmaSMSDispatcher created
10-17 12:40:56.130 D/CDMA    ( 1067): MSimCdmaSMSDispatcher created
10-17 12:40:56.130 D/SMS     ( 1067): SMSDispatcher: ctor mSmsCapable=true format=3gpp mSmsReceiveDisabled=false mSmsSendDisabled=false
10-17 12:40:56.130 D/GSM     ( 1067): GsmSMSDispatcher created
10-17 12:40:56.130 D/GSM     ( 1067): MSimGsmSMSDispatcher created
10-17 12:40:56.130 D/RIL_IMS ( 1067): MSimImsSMSDispatcher created
10-17 12:40:56.130 D/RIL_IccSms( 1067): MSimIccSmsInterfaceManager created
10-17 12:40:56.130 D/RIL_MSimIccCardProxy( 1067): Creating
10-17 12:40:56.130 D/RIL_MSimIccCardProxy( 1067): Broadcasting intent ACTION_SIM_STATE_CHANGED NOT_READY reason null for subscription : 0
10-17 12:40:56.130 D/RIL_MSimIccCardProxy( 1067): Setting radio tech UMTS
10-17 12:40:56.130 D/RIL_MSimIccCardProxy( 1067): Updating quiet mode
10-17 12:40:56.130 D/RIL_MSimIccCardProxy( 1067): 3GPP subscription -> QuietMode: false
10-17 12:40:56.130 D/RIL_MSimIccCardProxy( 1067): QuietMode is false (app_type: 1 nv: false multimode: false)
10-17 12:40:56.140 W/SignalStrength(  527): getLTELevel - rsrp:2147483647 snr:2147483647 rsrpIconLevel:-1 snrIconLevel:-1
10-17 12:40:56.140 W/SignalStrength(  527): getLTELevel - rssi:99 rssiIconLevel:0
