10-17 12:40:56.140 W/SignalStrength(  527): getGsmLevel=0
10-17 12:40:56.140 W/SignalStrength(  527): getLevel=0
10-17 12:40:56.140 D/CallManager( 1067): registerPhone(GSM Handler (com.android.internal.telephony.msim.MSimPhoneProxy) {411684a0})
10-17 12:40:56.140 D/StatusBar.MSimNetworkController(  527): updateDataIcon when mMSimDataConnected =false
10-17 12:40:56.140 D/StatusBar.MSimNetworkController(  527): updateDataIcon subscription =0
10-17 12:40:56.140 D/StatusBar.MSimNetworkController(  527): updateDataIcon dataSub =0
10-17 12:40:56.140 D/StatusBar.MSimNetworkController(  527): updateDataIcon  when SimState =UNKNOWN
10-17 12:40:56.140 D/StatusBar.MSimNetworkController(  527): updateDataIcon when mMSimDataConnected =false
10-17 12:40:56.140 D/StatusBar.MSimNetworkController(  527): refreshViews subscription =0mMSimDataConnected =false
10-17 12:40:56.140 D/StatusBar.MSimNetworkController(  527): refreshViews mMSimDataActivity =0
10-17 12:40:56.140 D/StatusBar.MSimNetworkController(  527): refreshViews connected={ } level=0 mMSimcombinedSignalIconId=0x7f0200f8/com.android.systemui:drawable/stat_sys_signal_null mMSimcombinedActivityIconId=0x0 mAirplaneMode=false mMSimDataActivity=0 mMSimPhoneSignalIconId=0x7f0200f8 mMSimDataDirectionIconId=0x0 mMSimDataSignalIconId=0x7f0200f8 mMSimDataTypeIconId=0x0 mNoMSimIconId=0x0 mWifiIconId=0x0 mBluetoothTetherIconId=0x1080580
10-17 12:40:56.140 D/PhoneStatusBarPolicy(  527): updateSimState for subscription :0
10-17 12:40:56.140 D/RILJ    ( 1067): [0000]> SET_SUPP_SVC_NOTIFICATION [SUB0]
10-17 12:40:56.140 I/am_create_service(  399): [1095046880,com.android.phone/.TelephonyDebugService,,1067]
10-17 12:40:56.150 D/CallManager( 1067): registerPhone(GSM Handler (com.android.internal.telephony.msim.MSimPhoneProxy) {41188e90})
10-17 12:40:56.150 V/MSimPhoneApp( 1067): updatePhoneAppCdmaVariables0
10-17 12:40:56.150 E/RILC    (  178): Should not come here !!! buffer red :: 
10-17 12:40:56.150 D/RILJ    ( 1067): [UNSL]< UNSOL_RIL_CONNECTED {7} [SUB0]
10-17 12:40:56.150 D/RILJ    ( 1067): [UNSL]< UNSOL_RESPONSE_RADIO_STATE_CHANGED RADIO_OFF [SUB0]
10-17 12:40:56.150 D/RILB    ( 1067): Notifying: radio available
10-17 12:40:56.150 D/RILJ    ( 1067): [0001]> SCREEN_STATE: true [SUB0]
10-17 12:40:56.150 D/RILJ    ( 1067): [0002]> SET_SUPP_SVC_NOTIFICATION [SUB1]
10-17 12:40:56.150 E/RILC    (  181): Should not come here !!! buffer red :: 
10-17 12:40:56.150 D/RILJ    ( 1067): [UNSL]< UNSOL_RIL_CONNECTED {7} [SUB1]
10-17 12:40:56.150 D/RILJ    ( 1067): [UNSL]< UNSOL_RESPONSE_RADIO_STATE_CHANGED RADIO_OFF [SUB1]
10-17 12:40:56.150 D/RILB    ( 1067): Notifying: radio available
10-17 12:40:56.150 D/RILJ    ( 1067): [0003]> SCREEN_STATE: true [SUB1]
10-17 12:40:56.160 D/PhoneInterfaceManager( 1067):  Registering for UNSOL OEM HOOK Responses to deliver external apps
10-17 12:40:56.160 I/notification_cancel(  399): [com.android.phone,2,NULL,0,64]
10-17 12:40:56.170 D/MSimPhoneInterfaceManager( 1067):  Registering for UNSOL OEM HOOK Responses to deliver external apps
10-17 12:40:56.180 I/ActivityManager(  399): Start proc android.process.acore for content provider com.android.providers.contacts/.CallLogProvider: pid=1087 uid=10001 gids={3003, 1015, 1028}
10-17 12:40:56.180 I/am_proc_start(  399): [1087,10001,android.process.acore,content provider,com.android.providers.contacts/.CallLogProvider]
10-17 12:40:56.190 I/am_create_service(  399): [1094846664,com.android.phone/.BluetoothHeadsetService,,1067]
10-17 12:40:56.190 I/force_gc(  399): Binder
10-17 12:40:56.240 D/dalvikvm(  399): GC_EXPLICIT freed 1273K, 39% free 5748K/9287K, paused 3ms+4ms, total 58ms
10-17 12:40:56.250 I/am_proc_bound(  399): [1087,android.process.acore]
10-17 12:40:56.250 I/binder_sample( 1067): [android.app.IActivityManager,34,69,com.android.phone,13]
10-17 12:40:56.270 I/ActivityThread( 1087): Pub com.android.voicemail: com.android.providers.contacts.VoicemailContentProvider
10-17 12:40:56.280 D/MSimCallNotifier( 1067): getPhoneStateListener: SUBSCRIPTION == 0
10-17 12:40:56.280 D/MSimCallNotifier( 1067): getPhoneStateListener: SUBSCRIPTION == 1
10-17 12:40:56.280 W/ActivityManager(  399): Unable to start service Intent { act=com.android.ussd.IExtendedNetworkService }: not found
10-17 12:40:56.290 I/ActivityThread( 1087): Pub applications: com.android.providers.applications.ApplicationsProvider
10-17 12:40:56.290 D/CallManager( 1067): setAudioMode useInCallMode = false, Baseband = msm
10-17 12:40:56.300 D/CardSubscriptionManager( 1067): EVENT_RADIO_OFF_OR_NOT_AVAILABLE
10-17 12:40:56.300 D/CardSubscriptionManager( 1067): processRadioUnavailable on cardIndex = 0
10-17 12:40:56.300 D/CardSubscriptionManager( 1067): resetCardInfo(): cardIndex = 0
10-17 12:40:56.300 D/CardSubscriptionManager( 1067): EVENT_RADIO_OFF_OR_NOT_AVAILABLE
10-17 12:40:56.300 D/CardSubscriptionManager( 1067): processRadioUnavailable on cardIndex = 1
10-17 12:40:56.300 D/CardSubscriptionManager( 1067): resetCardInfo(): cardIndex = 1
10-17 12:40:56.300 D/CardSubscriptionManager( 1067): EVENT_ICC_CHANGED
10-17 12:40:56.300 D/CardSubscriptionManager( 1067): handleIccChanged: ENTER
10-17 12:40:56.300 D/CardSubscriptionManager( 1067): handleIccChanged: EXIT
10-17 12:40:56.300 D/SubscriptionManager( 1067): EVENT_RADIO_OFF_OR_NOT_AVAILABLE on SUB: 0
10-17 12:40:56.300 D/SubscriptionManager( 1067): EVENT_RADIO_OFF_OR_NOT_AVAILABLE on SUB: 1
10-17 12:40:56.300 I/MSimTelephonyRegistry(  399): notifyServiceState: 3 home null null null  Unknown CSS not supported -1 -1 mDataState=3 RoamInd=-1 DefRoamInd=-1 EmergOnly=false
10-17 12:40:56.300 D/StatusBar.MSimNetworkController(  527): onServiceStateChanged received on subscription :0state=3
10-17 12:40:56.300 D/StatusBar.MSimNetworkController(  527): updateTelephonySignalStrength: subscription =0
10-17 12:40:56.300 D/StatusBar.MSimNetworkController(  527):  No service
10-17 12:40:56.300 D/StatusBar.MSimNetworkController(  527): updateDataNetType sub = 0 mDataNetType = 0
10-17 12:40:56.300 E/StatusBar.MSimNetworkController(  527): updateDataNetType NETWORK_TYPE_UNKNOWN
10-17 12:40:56.300 D/StatusBar.MSimNetworkController(  527): updateDataIcon subscription =0
10-17 12:40:56.300 E/RIL_UiccController( 1067): EVENT_RADIO_UNAVAILABLE 
10-17 12:40:56.300 E/RIL_UiccController( 1067): EVENT_RADIO_UNAVAILABLE 
10-17 12:40:56.300 D/RILJ    ( 1067): [0004]> GET_CURRENT_CALLS [SUB0]
10-17 12:40:56.300 D/RILJ    ( 1067): [0005]> RADIO_POWER on [SUB0]
10-17 12:40:56.300 I/GSM     ( 1067): Network State Changed, get EONS and update operator name display
10-17 12:40:56.300 E/PHONE   ( 1067): Settings Exception Reading Dual Sim Data Call Values
10-17 12:40:56.300 D/GSM     ( 1067): [MSimGsmDCT:0] ******************&&&&&&&&&&&&&&&&&&&&newIccRecords = null
10-17 12:40:56.300 E/PHONE   ( 1067): Settings Exception Reading Dual Sim Data Call Values
10-17 12:40:56.300 D/GSM     ( 1067): [ApnContext:fota] set reason as radioTurnedOff,current state IDLE
10-17 12:40:56.300 D/GSM     ( 1067): [ApnContext:fota] setState: IDLE, previous state:IDLE
10-17 12:40:56.300 D/GSM     ( 1067): [GSMPhone] getDataConnectionState: Data is Out of Service. ret = DISCONNECTED
10-17 12:40:56.300 E/PHONE   ( 1067): Settings Exception Reading Dual Sim Data Call Values
10-17 12:40:56.300 D/GSM     ( 1067): [MSimDefaultPhoneNotifier] subscription = 0, DDS = 0
10-17 12:40:56.300 I/gsm_service_state_change( 1067): [1,1,3,1]
10-17 12:40:56.310 W/SignalStrength(  527): getLTELevel - rsrp:2147483647 snr:2147483647 rsrpIconLevel:-1 snrIconLevel:-1
10-17 12:40:56.310 W/SignalStrength(  527): getLTELevel - rssi:99 rssiIconLevel:0
10-17 12:40:56.310 W/SignalStrength(  527): getGsmLevel=0
10-17 12:40:56.310 W/SignalStrength(  527): getLevel=0
10-17 12:40:56.310 D/StatusBar.MSimNetworkController(  527): updateDataIcon dataSub =0
10-17 12:40:56.310 D/StatusBar.MSimNetworkController(  527): updateDataIcon  when SimState =UNKNOWN
10-17 12:40:56.310 D/StatusBar.MSimNetworkController(  527): updateDataIcon when mMSimDataConnected =false
10-17 12:40:56.310 D/StatusBar.MSimNetworkController(  527): refreshViews subscription =0mMSimDataConnected =false
10-17 12:40:56.310 D/StatusBar.MSimNetworkController(  527): refreshViews mMSimDataActivity =0
10-17 12:40:56.310 D/StatusBar.MSimNetworkController(  527): refreshViews connected={ } level=0 mMSimcombinedSignalIconId=0x7f0200f8/com.android.systemui:drawable/stat_sys_signal_null mMSimcombinedActivityIconId=0x0 mAirplaneMode=false mMSimDataActivity=0 mMSimPhoneSignalIconId=0x7f0200f8 mMSimDataDirectionIconId=0x0 mMSimDataSignalIconId=0x7f0200f8 mMSimDataTypeIconId=0x0 mNoMSimIconId=0x0 mWifiIconId=0x0 mBluetoothTetherIconId=0x1080580
10-17 12:40:56.310 D/GSM     ( 1067): [ApnContext:fota] setDataConnection: old dc=null new dc=null this={mApnType=fota mState=IDLE mWaitingApns=null mWaitingApnsPermanentFailureCountDown=0 mDataProfile =null mDataConnectionAc=null mReason=radioTurnedOff mDataEnabled=false mDependencyMet=true}
10-17 12:40:56.310 D/GSM     ( 1067): [ApnContext:fota] setDataConnectionAc: old dcac=null new dcac=null
10-17 12:40:56.310 D/GSM     ( 1067): [ApnContext:dun] set reason as radioTurnedOff,current state IDLE
10-17 12:40:56.310 D/GSM     ( 1067): [ApnContext:dun] setState: IDLE, previous state:IDLE
10-17 12:40:56.310 D/GSM     ( 1067): [GSMPhone] getDataConnectionState: Data is Out of Service. ret = DISCONNECTED
10-17 12:40:56.310 E/PHONE   ( 1067): Settings Exception Reading Dual Sim Data Call Values
10-17 12:40:56.310 D/GSM     ( 1067): [MSimDefaultPhoneNotifier] subscription = 0, DDS = 0
10-17 12:40:56.320 D/GSM     ( 1067): [ApnContext:dun] setDataConnection: old dc=null new dc=null this={mApnType=dun mState=IDLE mWaitingApns=null mWaitingApnsPermanentFailureCountDown=0 mDataProfile =null mDataConnectionAc=null mReason=radioTurnedOff mDataEnabled=false mDependencyMet=true}
10-17 12:40:56.320 D/GSM     ( 1067): [ApnContext:dun] setDataConnectionAc: old dcac=null new dcac=null
10-17 12:40:56.320 D/GSM     ( 1067): [ApnContext:supl] set reason as radioTurnedOff,current state IDLE
10-17 12:40:56.320 D/GSM     ( 1067): [ApnContext:supl] setState: IDLE, previous state:IDLE
10-17 12:40:56.320 D/GSM     ( 1067): [GSMPhone] getDataConnectionState: Data is Out of Service. ret = DISCONNECTED
10-17 12:40:56.320 E/PHONE   ( 1067): Settings Exception Reading Dual Sim Data Call Values
10-17 12:40:56.320 D/GSM     ( 1067): [MSimDefaultPhoneNotifier] subscription = 0, DDS = 0
10-17 12:40:56.330 D/GSM     ( 1067): [ApnContext:supl] setDataConnection: old dc=null new dc=null this={mApnType=supl mState=IDLE mWaitingApns=null mWaitingApnsPermanentFailureCountDown=0 mDataProfile =null mDataConnectionAc=null mReason=radioTurnedOff mDataEnabled=false mDependencyMet=true}
10-17 12:40:56.330 D/GSM     ( 1067): [ApnContext:supl] setDataConnectionAc: old dcac=null new dcac=null
10-17 12:40:56.330 D/GSM     ( 1067): [ApnContext:hipri] set reason as radioTurnedOff,current state IDLE
10-17 12:40:56.330 D/GSM     ( 1067): [ApnContext:hipri] setState: IDLE, previous state:IDLE
10-17 12:40:56.330 D/GSM     ( 1067): [GSMPhone] getDataConnectionState: Data is Out of Service. ret = DISCONNECTED
10-17 12:40:56.330 E/PHONE   ( 1067): Settings Exception Reading Dual Sim Data Call Values
10-17 12:40:56.330 D/GSM     ( 1067): [MSimDefaultPhoneNotifier] subscription = 0, DDS = 0
10-17 12:40:56.330 D/GSM     ( 1067): [ApnContext:hipri] setDataConnection: old dc=null new dc=null this={mApnType=hipri mState=IDLE mWaitingApns=null mWaitingApnsPermanentFailureCountDown=0 mDataProfile =null mDataConnectionAc=null mReason=radioTurnedOff mDataEnabled=false mDependencyMet=true}
10-17 12:40:56.330 D/GSM     ( 1067): [ApnContext:hipri] setDataConnectionAc: old dcac=null new dcac=null
10-17 12:40:56.330 D/GSM     ( 1067): [ApnContext:ims] set reason as radioTurnedOff,current state IDLE
10-17 12:40:56.330 D/GSM     ( 1067): [ApnContext:ims] setState: IDLE, previous state:IDLE
10-17 12:40:56.340 D/GSM     ( 1067): [GSMPhone] getDataConnectionState: Data is Out of Service. ret = DISCONNECTED
10-17 12:40:56.340 E/PHONE   ( 1067): Settings Exception Reading Dual Sim Data Call Values
10-17 12:40:56.340 D/GSM     ( 1067): [MSimDefaultPhoneNotifier] subscription = 0, DDS = 0
10-17 12:40:56.340 D/GSM     ( 1067): [ApnContext:ims] setDataConnection: old dc=null new dc=null this={mApnType=ims mState=IDLE mWaitingApns=null mWaitingApnsPermanentFailureCountDown=0 mDataProfile =null mDataConnectionAc=null mReason=radioTurnedOff mDataEnabled=false mDependencyMet=true}
10-17 12:40:56.340 D/GSM     ( 1067): [ApnContext:ims] setDataConnectionAc: old dcac=null new dcac=null
10-17 12:40:56.340 D/GSM     ( 1067): [ApnContext:default] set reason as radioTurnedOff,current state IDLE
10-17 12:40:56.340 D/GSM     ( 1067): [ApnContext:default] setState: IDLE, previous state:IDLE
10-17 12:40:56.340 D/GSM     ( 1067): [GSMPhone] getDataConnectionState: Data is Out of Service. ret = DISCONNECTED
10-17 12:40:56.340 E/PHONE   ( 1067): Settings Exception Reading Dual Sim Data Call Values
10-17 12:40:56.340 D/GSM     ( 1067): [MSimDefaultPhoneNotifier] subscription = 0, DDS = 0
10-17 12:40:56.340 D/GSM     ( 1067): [ApnContext:default] setDataConnection: old dc=null new dc=null this={mApnType=default mState=IDLE mWaitingApns=null mWaitingApnsPermanentFailureCountDown=0 mDataProfile =null mDataConnectionAc=null mReason=radioTurnedOff mDataEnabled=true mDependencyMet=true}
10-17 12:40:56.340 D/GSM     ( 1067): [ApnContext:default] setDataConnectionAc: old dcac=null new dcac=null
10-17 12:40:56.340 D/GSM     ( 1067): [ApnContext:mms] set reason as radioTurnedOff,current state IDLE
10-17 12:40:56.340 D/GSM     ( 1067): [ApnContext:mms] setState: IDLE, previous state:IDLE
10-17 12:40:56.340 D/GSM     ( 1067): [GSMPhone] getDataConnectionState: Data is Out of Service. ret = DISCONNECTED
10-17 12:40:56.340 E/PHONE   ( 1067): Settings Exception Reading Dual Sim Data Call Values
10-17 12:40:56.340 D/GSM     ( 1067): [MSimDefaultPhoneNotifier] subscription = 0, DDS = 0
10-17 12:40:56.350 D/GSM     ( 1067): [ApnContext:mms] setDataConnection: old dc=null new dc=null this={mApnType=mms mState=IDLE mWaitingApns=null mWaitingApnsPermanentFailureCountDown=0 mDataProfile =null mDataConnectionAc=null mReason=radioTurnedOff mDataEnabled=false mDependencyMet=true}
10-17 12:40:56.350 D/GSM     ( 1067): [ApnContext:mms] setDataConnectionAc: old dcac=null new dcac=null
10-17 12:40:56.350 D/GSM     ( 1067): [ApnContext:cbs] set reason as radioTurnedOff,current state IDLE
10-17 12:40:56.350 D/GSM     ( 1067): [ApnContext:cbs] setState: IDLE, previous state:IDLE
10-17 12:40:56.350 D/GSM     ( 1067): [GSMPhone] getDataConnectionState: Data is Out of Service. ret = DISCONNECTED
10-17 12:40:56.350 E/PHONE   ( 1067): Settings Exception Reading Dual Sim Data Call Values
10-17 12:40:56.350 D/GSM     ( 1067): [MSimDefaultPhoneNotifier] subscription = 0, DDS = 0
10-17 12:40:56.350 D/GSM     ( 1067): [ApnContext:cbs] setDataConnection: old dc=null new dc=null this={mApnType=cbs mState=IDLE mWaitingApns=null mWaitingApnsPermanentFailureCountDown=0 mDataProfile =null mDataConnectionAc=null mReason=radioTurnedOff mDataEnabled=false mDependencyMet=true}
10-17 12:40:56.350 D/GSM     ( 1067): [ApnContext:cbs] setDataConnectionAc: old dcac=null new dcac=null
10-17 12:40:56.350 D/GSM     ( 1067): [MSimGsmDCT:0] cleanUpConnection: mDisconnectPendingCount = 0
10-17 12:40:56.350 E/PHONE   ( 1067): Settings Exception Reading Dual Sim Data Call Values
10-17 12:40:56.350 D/GSM     ( 1067): [MSimDefaultPhoneNotifier] subscription = 0, DDS = 0
10-17 12:40:56.350 E/PHONE   ( 1067): Settings Exception Reading Dual Sim Data Call Values
10-17 12:40:56.350 D/GSM     ( 1067): [MSimDefaultPhoneNotifier] subscription = 0, DDS = 0
10-17 12:40:56.360 E/PHONE   ( 1067): Settings Exception Reading Dual Sim Data Call Values
10-17 12:40:56.360 D/GSM     ( 1067): [MSimDefaultPhoneNotifier] subscription = 0, DDS = 0
10-17 12:40:56.360 E/PHONE   ( 1067): Settings Exception Reading Dual Sim Data Call Values
10-17 12:40:56.360 D/GSM     ( 1067): [MSimDefaultPhoneNotifier] subscription = 0, DDS = 0
10-17 12:40:56.360 E/PHONE   ( 1067): Settings Exception Reading Dual Sim Data Call Values
10-17 12:40:56.360 D/GSM     ( 1067): [MSimDefaultPhoneNotifier] subscription = 0, DDS = 0
10-17 12:40:56.360 E/PHONE   ( 1067): Settings Exception Reading Dual Sim Data Call Values
10-17 12:40:56.370 D/GSM     ( 1067): [MSimDefaultPhoneNotifier] subscription = 0, DDS = 0
10-17 12:40:56.370 E/PHONE   ( 1067): Settings Exception Reading Dual Sim Data Call Values
10-17 12:40:56.370 D/GSM     ( 1067): [MSimDefaultPhoneNotifier] subscription = 0, DDS = 0
10-17 12:40:56.370 E/PHONE   ( 1067): Settings Exception Reading Dual Sim Data Call Values
10-17 12:40:56.370 D/GSM     ( 1067): [GSMPhone] getDataConnectionState: Data is Out of Service. ret = DISCONNECTED
10-17 12:40:56.370 E/PHONE   ( 1067): Settings Exception Reading Dual Sim Data Call Values
10-17 12:40:56.380 D/GSM     ( 1067): [MSimDefaultPhoneNotifier] subscription = 0, DDS = 0
10-17 12:40:56.380 E/PHONE   ( 1067): Settings Exception Reading Dual Sim Data Call Values
10-17 12:40:56.380 D/GSM     ( 1067): [MSimDefaultPhoneNotifier] subscription = 0, DDS = 0
10-17 12:40:56.380 E/PHONE   ( 1067): Settings Exception Reading Dual Sim Data Call Values
10-17 12:40:56.380 D/GSM     ( 1067): [MSimDefaultPhoneNotifier] subscription = 0, DDS = 0
10-17 12:40:56.380 E/PHONE   ( 1067): Settings Exception Reading Dual Sim Data Call Values
10-17 12:40:56.380 D/GSM     ( 1067): [MSimDefaultPhoneNotifier] subscription = 0, DDS = 0
10-17 12:40:56.390 E/PHONE   ( 1067): Settings Exception Reading Dual Sim Data Call Values
10-17 12:40:56.390 D/GSM     ( 1067): [MSimDefaultPhoneNotifier] subscription = 0, DDS = 0
10-17 12:40:56.390 E/PHONE   ( 1067): Settings Exception Reading Dual Sim Data Call Values
10-17 12:40:56.390 D/GSM     ( 1067): [MSimDefaultPhoneNotifier] subscription = 0, DDS = 0
10-17 12:40:56.390 E/PHONE   ( 1067): Settings Exception Reading Dual Sim Data Call Values
10-17 12:40:56.390 D/GSM     ( 1067): [MSimDefaultPhoneNotifier] subscription = 0, DDS = 0
10-17 12:40:56.400 E/PHONE   ( 1067): Settings Exception Reading Dual Sim Data Call Values
10-17 12:40:56.400 D/GSM     ( 1067): [MSimDefaultPhoneNotifier] subscription = 0, DDS = 0
10-17 12:40:56.400 E/PHONE   ( 1067): Settings Exception Reading Dual Sim Data Call Values
10-17 12:40:56.400 E/PHONE   ( 1067): Settings Exception Reading Dual Sim Data Call Values
10-17 12:40:56.400 D/GSM     ( 1067): [MSimDefaultPhoneNotifier] subscription = 0, DDS = 0
10-17 12:40:56.410 E/PHONE   ( 1067): Settings Exception Reading Dual Sim Data Call Values
10-17 12:40:56.410 D/GSM     ( 1067): [MSimDefaultPhoneNotifier] subscription = 0, DDS = 0
10-17 12:40:56.410 E/PHONE   ( 1067): Settings Exception Reading Dual Sim Data Call Values
10-17 12:40:56.410 D/GSM     ( 1067): [MSimDefaultPhoneNotifier] subscription = 0, DDS = 0
10-17 12:40:56.420 E/PHONE   ( 1067): Settings Exception Reading Dual Sim Data Call Values
10-17 12:40:56.420 D/GSM     ( 1067): [MSimDefaultPhoneNotifier] subscription = 0, DDS = 0
10-17 12:40:56.420 E/PHONE   ( 1067): Settings Exception Reading Dual Sim Data Call Values
10-17 12:40:56.420 D/GSM     ( 1067): [MSimDefaultPhoneNotifier] subscription = 0, DDS = 0
10-17 12:40:56.430 E/PHONE   ( 1067): Settings Exception Reading Dual Sim Data Call Values
10-17 12:40:56.430 I/ActivityThread( 1087): Pub contacts;com.android.contacts: com.android.providers.contacts.ContactsProvider2
10-17 12:40:56.430 D/GSM     ( 1067): [MSimDefaultPhoneNotifier] subscription = 0, DDS = 0
10-17 12:40:56.440 E/PHONE   ( 1067): Settings Exception Reading Dual Sim Data Call Values
10-17 12:40:56.440 D/GSM     ( 1067): [MSimDefaultPhoneNotifier] subscription = 0, DDS = 0
10-17 12:40:56.440 D/GSM     ( 1067): [MSimGsmDCT:0] setupDataOnReadyApns: roamingOff
10-17 12:40:56.440 D/GSM     ( 1067): [ApnContext:default] set reason as roamingOff,current state IDLE
10-17 12:40:56.440 E/PHONE   ( 1067): Settings Exception Reading Dual Sim Data Call Values
10-17 12:40:56.440 D/GSM     ( 1067): [MSimDefaultPhoneNotifier] subscription = 0, DDS = 0
10-17 12:40:56.440 E/PHONE   ( 1067): Settings Exception Reading Dual Sim Data Call Values
10-17 12:40:56.440 D/GSM     ( 1067): [MSimDefaultPhoneNotifier] subscription = 0, DDS = 0
10-17 12:40:56.450 E/PHONE   ( 1067): Settings Exception Reading Dual Sim Data Call Values
10-17 12:40:56.450 D/GSM     ( 1067): [MSimDefaultPhoneNotifier] subscription = 0, DDS = 0
10-17 12:40:56.450 E/PHONE   ( 1067): Settings Exception Reading Dual Sim Data Call Values
10-17 12:40:56.450 D/GSM     ( 1067): [MSimDefaultPhoneNotifier] subscription = 0, DDS = 0
10-17 12:40:56.450 E/PHONE   ( 1067): Settings Exception Reading Dual Sim Data Call Values
10-17 12:40:56.450 D/GSM     ( 1067): [MSimDefaultPhoneNotifier] subscription = 0, DDS = 0
10-17 12:40:56.460 E/PHONE   ( 1067): Settings Exception Reading Dual Sim Data Call Values
10-17 12:40:56.460 D/GSM     ( 1067): [MSimDefaultPhoneNotifier] subscription = 0, DDS = 0
10-17 12:40:56.460 E/PHONE   ( 1067): Settings Exception Reading Dual Sim Data Call Values
10-17 12:40:56.460 D/GSM     ( 1067): [MSimDefaultPhoneNotifier] subscription = 0, DDS = 0
10-17 12:40:56.460 D/GSM     ( 1067): MSimGsmSMSDispatcher: subId = 0 slotId = -1
10-17 12:40:56.460 D/RIL_MSimIccCardProxy( 1067): No card available
10-17 12:40:56.470 D/RIL_MSimIccCardProxy( 1067): No card available
10-17 12:40:56.470 D/RILJ    ( 1067): [0006]> GET_CURRENT_CALLS [SUB1]
10-17 12:40:56.470 D/RILJ    ( 1067): [0007]> RADIO_POWER on [SUB1]
10-17 12:40:56.470 I/GSM     ( 1067): Network State Changed, get EONS and update operator name display
10-17 12:40:56.470 I/gsm_service_state_change( 1067): [1,1,3,1]
10-17 12:40:56.480 W/SignalStrength(  527): getLTELevel - rsrp:2147483647 snr:2147483647 rsrpIconLevel:-1 snrIconLevel:-1
10-17 12:40:56.480 W/SignalStrength(  527): getLTELevel - rssi:99 rssiIconLevel:0
10-17 12:40:56.480 W/SignalStrength(  527): getGsmLevel=0
10-17 12:40:56.480 W/SignalStrength(  527): getLevel=0
10-17 12:40:56.480 D/DebugService( 1067): DebugService DebugService:
10-17 12:40:56.480 D/TelephonyDebugService( 1067): TelephonyDebugService()
10-17 12:40:56.480 I/MSimTelephonyRegistry(  399): notifyServiceState: 3 home null null null  Unknown CSS not supported -1 -1 mDataState=3 RoamInd=-1 DefRoamInd=-1 EmergOnly=false
10-17 12:40:56.480 D/StatusBar.MSimNetworkController(  527): onServiceStateChanged received on subscription :1state=3
10-17 12:40:56.480 D/StatusBar.MSimNetworkController(  527): updateTelephonySignalStrength: subscription =1
10-17 12:40:56.480 D/StatusBar.MSimNetworkController(  527):  No service
10-17 12:40:56.480 D/StatusBar.MSimNetworkController(  527): updateDataNetType sub = 1 mDataNetType = 0
10-17 12:40:56.480 E/StatusBar.MSimNetworkController(  527): updateDataNetType NETWORK_TYPE_UNKNOWN
10-17 12:40:56.480 D/StatusBar.MSimNetworkController(  527): updateDataIcon subscription =1
10-17 12:40:56.480 D/StatusBar.MSimNetworkController(  527): updateDataIcon dataSub =0
10-17 12:40:56.480 D/StatusBar.MSimNetworkController(  527): updateDataIcon return
10-17 12:40:56.480 D/StatusBar.MSimNetworkController(  527): refreshViews subscription =1mMSimDataConnected =false
10-17 12:40:56.480 D/StatusBar.MSimNetworkController(  527): refreshViews mMSimDataActivity =0
10-17 12:40:56.480 D/StatusBar.MSimNetworkController(  527): refreshViews connected={ } level=0 mMSimcombinedSignalIconId=0x7f0200f8/com.android.systemui:drawable/stat_sys_signal_null mMSimcombinedActivityIconId=0x0 mAirplaneMode=false mMSimDataActivity=0 mMSimPhoneSignalIconId=0x7f0200f8 mMSimDataDirectionIconId=0x0 mMSimDataSignalIconId=0x7f0200f8 mMSimDataTypeIconId=0x0 mNoMSimIconId=0x0 mWifiIconId=0x0 mBluetoothTetherIconId=0x1080580
10-17 12:40:56.480 E/PHONE   ( 1067): Settings Exception Reading Dual Sim Data Call Values
10-17 12:40:56.480 E/GSM     ( 1067): [MSimGsmDCT:1] Ignore GSM msgs since GSM phone is not the current DDS
10-17 12:40:56.480 E/PHONE   ( 1067): Settings Exception Reading Dual Sim Data Call Values
10-17 12:40:56.480 E/GSM     ( 1067): [MSimGsmDCT:1] Ignore GSM msgs since GSM phone is not the current DDS
10-17 12:40:56.480 E/PHONE   ( 1067): Settings Exception Reading Dual Sim Data Call Values
10-17 12:40:56.480 E/GSM     ( 1067): [MSimGsmDCT:1] Ignore GSM msgs since GSM phone is not the current DDS
10-17 12:40:56.480 E/PHONE   ( 1067): Settings Exception Reading Dual Sim Data Call Values
10-17 12:40:56.480 E/GSM     ( 1067): [MSimGsmDCT:1] Ignore GSM msgs since GSM phone is not the current DDS
10-17 12:40:56.480 D/GSM     ( 1067): MSimGsmSMSDispatcher: subId = 1 slotId = -1
10-17 12:40:56.480 D/RIL_MSimIccCardProxy( 1067): No card available
10-17 12:40:56.480 D/RIL_MSimIccCardProxy( 1067): No card available
10-17 12:40:56.480 D/RILJ    ( 1067): [0008]> RADIO_POWER on [SUB0]
10-17 12:40:56.480 I/GSM     ( 1067): Network State Changed, get EONS and update operator name display
10-17 12:40:56.480 D/RILJ    ( 1067): [0009]> RADIO_POWER on [SUB0]
10-17 12:40:56.490 D/RILJ    ( 1067): [0010]> BASEBAND_VERSION [SUB0]
10-17 12:40:56.490 D/RILJ    ( 1067): [0011]> GET_IMEI [SUB0]
10-17 12:40:56.500 D/RILJ    ( 1067): [0012]> GET_IMEISV [SUB0]
10-17 12:40:56.500 E/PHONE   ( 1067): Settings Exception Reading Dual Sim Data Call Values
10-17 12:40:56.500 D/RILJ    ( 1067): [0013]> RADIO_POWER on [SUB1]
10-17 12:40:56.500 I/GSM     ( 1067): Network State Changed, get EONS and update operator name display
10-17 12:40:56.500 D/RILJ    ( 1067): [0014]> RADIO_POWER on [SUB1]
10-17 12:40:56.500 D/RILJ    ( 1067): [0015]> BASEBAND_VERSION [SUB1]
10-17 12:40:56.500 D/RILJ    ( 1067): [0016]> GET_IMEI [SUB1]
10-17 12:40:56.510 D/RILJ    ( 1067): [0017]> GET_IMEISV [SUB1]
10-17 12:40:56.510 E/PHONE   ( 1067): Settings Exception Reading Dual Sim Data Call Values
10-17 12:40:56.510 E/GSM     ( 1067): [MSimGsmDCT:1] Ignore GSM msgs since GSM phone is not the current DDS
10-17 12:40:56.520 I/ActivityThread( 1087): Pub call_log: com.android.providers.contacts.CallLogProvider
10-17 12:40:56.530 I/ActivityThread( 1087): Pub user_dictionary: com.android.providers.userdictionary.UserDictionaryProvider
10-17 12:40:56.530 D/Bluetooth HSHFP( 1067): Starting BluetoothHeadsetService
10-17 12:40:56.530 V/MSimPhoneApp( 1067): Action intent recieved:android.intent.action.ANY_DATA_STATE
10-17 12:40:56.530 V/MSimPhoneApp( 1067): Action intent recieved:android.intent.action.SIM_STATE_CHANGED
10-17 12:40:56.530 V/MSimPhoneApp( 1067): Action intent recieved:android.intent.action.SERVICE_STATE
10-17 12:40:56.530 I/notification_cancel(  399): [com.android.phone,5,NULL,0,64]
10-17 12:40:56.530 I/notification_cancel(  399): [com.android.phone,6,NULL,0,64]
10-17 12:40:56.530 I/notification_cancel(  399): [com.android.phone,5,NULL,0,64]
10-17 12:40:56.530 I/notification_cancel(  399): [com.android.phone,21,NULL,0,64]
10-17 12:40:56.540 V/MSimPhoneApp( 1067): Action intent recieved:android.media.RINGER_MODE_CHANGED
10-17 12:40:56.540 D/SubscriptionManager( 1067): EVENT_CARD_INFO_NOT_AVAILABLE
10-17 12:40:56.540 D/SubscriptionManager( 1067): processCardInfoNotAvailable on cardIndex = 0 reason = REASON_RADIO_UNAVAILABLE
10-17 12:40:56.540 D/SubscriptionManager( 1067): processCardInfoNotAvailable mSetSubsModeRequired = true
10-17 12:40:56.540 D/SubscriptionManager( 1067): EVENT_CARD_INFO_NOT_AVAILABLE
10-17 12:40:56.540 D/SubscriptionManager( 1067): processCardInfoNotAvailable on cardIndex = 1 reason = REASON_RADIO_UNAVAILABLE
10-17 12:40:56.540 D/SubscriptionManager( 1067): processCardInfoNotAvailable mSetSubsModeRequired = true
10-17 12:40:56.540 V/MSimPhoneApp( 1067): Action intent recieved:android.intent.action.SERVICE_STATE
10-17 12:40:56.540 V/MSimPhoneApp( 1067): Action intent recieved:android.intent.action.ANY_DATA_STATE
10-17 12:40:56.540 V/MSimPhoneApp( 1067): Action intent recieved:android.intent.action.ANY_DATA_STATE
10-17 12:40:56.540 V/MSimPhoneApp( 1067): Action intent recieved:android.intent.action.ANY_DATA_STATE
10-17 12:40:56.540 V/MSimPhoneApp( 1067): Action intent recieved:android.intent.action.ANY_DATA_STATE
10-17 12:40:56.540 V/MSimPhoneApp( 1067): Action intent recieved:android.intent.action.ANY_DATA_STATE
10-17 12:40:56.540 V/MSimPhoneApp( 1067): Action intent recieved:android.intent.action.ANY_DATA_STATE
10-17 12:40:56.540 V/MSimPhoneApp( 1067): Action intent recieved:android.intent.action.ANY_DATA_STATE
10-17 12:40:56.540 V/MSimPhoneApp( 1067): Action intent recieved:android.intent.action.ANY_DATA_STATE
10-17 12:40:56.540 V/MSimPhoneApp( 1067): Action intent recieved:android.intent.action.ANY_DATA_STATE
10-17 12:40:56.540 V/MSimPhoneApp( 1067): Action intent recieved:android.intent.action.ANY_DATA_STATE
10-17 12:40:56.550 V/MSimPhoneApp( 1067): Action intent recieved:android.intent.action.ANY_DATA_STATE
10-17 12:40:56.550 V/MSimPhoneApp( 1067): Action intent recieved:android.intent.action.ANY_DATA_STATE
10-17 12:40:56.550 V/MSimPhoneApp( 1067): Action intent recieved:android.intent.action.ANY_DATA_STATE
10-17 12:40:56.550 V/MSimPhoneApp( 1067): Action intent recieved:android.intent.action.ANY_DATA_STATE
10-17 12:40:56.550 V/MSimPhoneApp( 1067): Action intent recieved:android.intent.action.ANY_DATA_STATE
10-17 12:40:56.550 V/MSimPhoneApp( 1067): Action intent recieved:android.intent.action.ANY_DATA_STATE
10-17 12:40:56.550 V/MSimPhoneApp( 1067): Action intent recieved:android.intent.action.ANY_DATA_STATE
10-17 12:40:56.550 V/MSimPhoneApp( 1067): Action intent recieved:android.intent.action.ANY_DATA_STATE
10-17 12:40:56.550 V/MSimPhoneApp( 1067): Action intent recieved:android.intent.action.ANY_DATA_STATE
10-17 12:40:56.560 V/MSimPhoneApp( 1067): Action intent recieved:android.intent.action.ANY_DATA_STATE
10-17 12:40:56.560 V/MSimPhoneApp( 1067): Action intent recieved:android.intent.action.ANY_DATA_STATE
10-17 12:40:56.560 V/MSimPhoneApp( 1067): Action intent recieved:android.intent.action.ANY_DATA_STATE
10-17 12:40:56.560 V/MSimPhoneApp( 1067): Action intent recieved:android.intent.action.ANY_DATA_STATE
10-17 12:40:56.560 V/MSimPhoneApp( 1067): Action intent recieved:android.intent.action.ANY_DATA_STATE
10-17 12:40:56.560 V/MSimPhoneApp( 1067): Action intent recieved:android.intent.action.ANY_DATA_STATE
10-17 12:40:56.560 V/MSimPhoneApp( 1067): Action intent recieved:android.intent.action.ANY_DATA_STATE
10-17 12:40:56.560 V/MSimPhoneApp( 1067): Action intent recieved:android.intent.action.ANY_DATA_STATE
10-17 12:40:56.560 V/MSimPhoneApp( 1067): Action intent recieved:android.intent.action.ANY_DATA_STATE
10-17 12:40:56.560 V/MSimPhoneApp( 1067): Action intent recieved:android.intent.action.ANY_DATA_STATE
10-17 12:40:56.560 V/MSimPhoneApp( 1067): Action intent recieved:android.intent.action.ANY_DATA_STATE
10-17 12:40:56.560 V/MSimPhoneApp( 1067): Action intent recieved:android.intent.action.ANY_DATA_STATE
10-17 12:40:56.560 V/MSimPhoneApp( 1067): Action intent recieved:android.intent.action.ANY_DATA_STATE
10-17 12:40:56.560 V/MSimPhoneApp( 1067): Action intent recieved:android.intent.action.ANY_DATA_STATE
10-17 12:40:56.560 V/MSimPhoneApp( 1067): Action intent recieved:android.intent.action.ANY_DATA_STATE
10-17 12:40:56.560 V/MSimPhoneApp( 1067): Action intent recieved:android.intent.action.ANY_DATA_STATE
10-17 12:40:56.560 V/MSimPhoneApp( 1067): Action intent recieved:android.intent.action.ANY_DATA_STATE
10-17 12:40:56.560 V/MSimPhoneApp( 1067): Action intent recieved:android.intent.action.ANY_DATA_STATE
10-17 12:40:56.570 V/MSimPhoneApp( 1067): Action intent recieved:android.intent.action.SERVICE_STATE
10-17 12:40:56.570 I/notification_cancel(  399): [com.android.phone,7,NULL,0,64]
10-17 12:40:56.570 I/notification_cancel(  399): [com.android.phone,7,NULL,0,64]
10-17 12:40:56.570 I/notification_cancel(  399): [com.android.phone,7,NULL,0,64]
10-17 12:40:56.570 I/notification_cancel(  399): [com.android.phone,7,NULL,0,64]
10-17 12:40:56.570 I/notification_cancel(  399): [com.android.phone,7,NULL,0,64]
10-17 12:40:56.570 I/notification_cancel(  399): [com.android.phone,7,NULL,0,64]
10-17 12:40:56.580 I/notification_cancel(  399): [com.android.phone,7,NULL,0,64]
10-17 12:40:56.580 I/notification_cancel(  399): [com.android.phone,7,NULL,0,64]
10-17 12:40:56.580 I/notification_cancel(  399): [com.android.phone,7,NULL,0,64]
10-17 12:40:56.580 I/notification_cancel(  399): [com.android.phone,7,NULL,0,64]
10-17 12:40:56.580 I/notification_cancel(  399): [com.android.phone,7,NULL,0,64]
10-17 12:40:56.580 I/notification_cancel(  399): [com.android.phone,7,NULL,0,64]
10-17 12:40:56.580 I/notification_cancel(  399): [com.android.phone,7,NULL,0,64]
10-17 12:40:56.580 I/notification_cancel(  399): [com.android.phone,7,NULL,0,64]
10-17 12:40:56.580 I/notification_cancel(  399): [com.android.phone,7,NULL,0,64]
10-17 12:40:56.580 I/notification_cancel(  399): [com.android.phone,7,NULL,0,64]
10-17 12:40:56.580 I/notification_cancel(  399): [com.android.phone,7,NULL,0,64]
10-17 12:40:56.580 I/notification_cancel(  399): [com.android.phone,7,NULL,0,64]
10-17 12:40:56.580 I/notification_cancel(  399): [com.android.phone,7,NULL,0,64]
10-17 12:40:56.580 I/notification_cancel(  399): [com.android.phone,7,NULL,0,64]
10-17 12:40:56.580 I/notification_cancel(  399): [com.android.phone,7,NULL,0,64]
10-17 12:40:56.580 I/notification_cancel(  399): [com.android.phone,7,NULL,0,64]
10-17 12:40:56.580 I/notification_cancel(  399): [com.android.phone,7,NULL,0,64]
10-17 12:40:56.590 I/notification_cancel(  399): [com.android.phone,7,NULL,0,64]
10-17 12:40:56.590 I/notification_cancel(  399): [com.android.phone,7,NULL,0,64]
10-17 12:40:56.590 I/notification_cancel(  399): [com.android.phone,7,NULL,0,64]
10-17 12:40:56.590 I/notification_cancel(  399): [com.android.phone,7,NULL,0,64]
10-17 12:40:56.590 I/notification_cancel(  399): [com.android.phone,7,NULL,0,64]
10-17 12:40:56.590 I/notification_cancel(  399): [com.android.phone,7,NULL,0,64]
10-17 12:40:56.590 I/notification_cancel(  399): [com.android.phone,7,NULL,0,64]
10-17 12:40:56.590 I/notification_cancel(  399): [com.android.phone,7,NULL,0,64]
10-17 12:40:56.590 I/notification_cancel(  399): [com.android.phone,7,NULL,0,64]
10-17 12:40:56.590 I/notification_cancel(  399): [com.android.phone,7,NULL,0,64]
10-17 12:40:56.590 I/notification_cancel(  399): [com.android.phone,7,NULL,0,64]
10-17 12:40:56.590 I/notification_cancel(  399): [com.android.phone,7,NULL,0,64]
10-17 12:40:56.590 I/notification_cancel(  399): [com.android.phone,7,NULL,0,64]
10-17 12:40:56.590 I/notification_cancel(  399): [com.android.phone,7,NULL,0,64]
10-17 12:40:56.590 I/notification_cancel(  399): [com.android.phone,7,NULL,0,64]
10-17 12:40:56.610 V/SipBroadcastReceiver( 1067): start auto registration
10-17 12:40:57.040 E/Sensors (  399): sensors_poll_context_t::pollEvents, line 202: receive event #### i=3, nb=1
10-17 12:40:57.480 E/MP-Decision( 1114): MPDecision server starting
10-17 12:40:57.480 E/MP-Decision( 1114): OPTION ENABLED: Control sleep modes
10-17 12:40:57.480 E/MP-Decision( 1114): OPTION ENABLED: Adjusting average
10-17 12:40:57.480 E/MP-Decision( 1114): 
10-17 12:40:57.480 E/MP-Decision( 1114):  MP Decision Options:
10-17 12:40:57.480 E/MP-Decision( 1114): --poll_ms --decision_ms --no_sleep --avg_comp --debug
10-17 12:40:57.480 E/MP-Decision( 1114): --Nw=[1..3]:[value] --Tw=[1..3]:[value] --Ns=[1..3]:[value] --Ts=[1..3]:[value]
10-17 12:40:58.459 E/Sensors (  399): sensors_poll_context_t::pollEvents, line 202: receive event #### i=3, nb=1
10-17 12:40:59.879 E/Sensors (  399): sensors_poll_context_t::pollEvents, line 202: receive event #### i=3, nb=1
10-17 12:41:01.299 E/Sensors (  399): sensors_poll_context_t::pollEvents, line 202: receive event #### i=3, nb=1
10-17 12:41:02.499 E/MP-Decision( 1117): MPDecision server starting
10-17 12:41:02.499 E/MP-Decision( 1117): OPTION ENABLED: Control sleep modes
10-17 12:41:02.499 E/MP-Decision( 1117): OPTION ENABLED: Adjusting average
10-17 12:41:02.499 E/MP-Decision( 1117): 
10-17 12:41:02.499 E/MP-Decision( 1117):  MP Decision Options:
10-17 12:41:02.499 E/MP-Decision( 1117): --poll_ms --decision_ms --no_sleep --avg_comp --debug
10-17 12:41:02.499 E/MP-Decision( 1117): --Nw=[1..3]:[value] --Tw=[1..3]:[value] --Ns=[1..3]:[value] --Ts=[1..3]:[value]
10-17 12:41:02.719 E/Sensors (  399): sensors_poll_context_t::pollEvents, line 202: receive event #### i=3, nb=1
10-17 12:41:04.139 E/Sensors (  399): sensors_poll_context_t::pollEvents, line 202: receive event #### i=3, nb=1
10-17 12:41:05.559 E/Sensors (  399): sensors_poll_context_t::pollEvents, line 202: receive event #### i=3, nb=1
10-17 12:41:06.969 E/Sensors (  399): sensors_poll_context_t::pollEvents, line 202: receive event #### i=3, nb=1
10-17 12:41:07.509 E/MP-Decision( 1122): MPDecision server starting
10-17 12:41:07.519 E/MP-Decision( 1122): OPTION ENABLED: Control sleep modes
10-17 12:41:07.519 E/MP-Decision( 1122): OPTION ENABLED: Adjusting average
10-17 12:41:07.519 E/MP-Decision( 1122): 
10-17 12:41:07.519 E/MP-Decision( 1122):  MP Decision Options:
10-17 12:41:07.519 E/MP-Decision( 1122): --poll_ms --decision_ms --no_sleep --avg_comp --debug
10-17 12:41:07.519 E/MP-Decision( 1122): --Nw=[1..3]:[value] --Tw=[1..3]:[value] --Ns=[1..3]:[value] --Ts=[1..3]:[value]
10-17 12:41:07.619 I/battery_level(  399): [88,4047,250]
10-17 12:41:08.389 E/Sensors (  399): sensors_poll_context_t::pollEvents, line 202: receive event #### i=3, nb=1
10-17 12:41:09.809 E/Sensors (  399): sensors_poll_context_t::pollEvents, line 202: receive event #### i=3, nb=1
10-17 12:41:11.229 E/Sensors (  399): sensors_poll_context_t::pollEvents, line 202: receive event #### i=3, nb=1
10-17 12:41:12.529 E/MP-Decision( 1125): MPDecision server starting
10-17 12:41:12.529 E/MP-Decision( 1125): OPTION ENABLED: Control sleep modes
10-17 12:41:12.529 E/MP-Decision( 1125): OPTION ENABLED: Adjusting average
10-17 12:41:12.529 E/MP-Decision( 1125): 
10-17 12:41:12.529 E/MP-Decision( 1125):  MP Decision Options:
10-17 12:41:12.529 E/MP-Decision( 1125): --poll_ms --decision_ms --no_sleep --avg_comp --debug
10-17 12:41:12.529 E/MP-Decision( 1125): --Nw=[1..3]:[value] --Tw=[1..3]:[value] --Ns=[1..3]:[value] --Ts=[1..3]:[value]
10-17 12:41:12.649 E/Sensors (  399): sensors_poll_context_t::pollEvents, line 202: receive event #### i=3, nb=1
10-17 12:41:14.069 E/Sensors (  399): sensors_poll_context_t::pollEvents, line 202: receive event #### i=3, nb=1
10-17 12:41:15.489 E/Sensors (  399): sensors_poll_context_t::pollEvents, line 202: receive event #### i=3, nb=1
10-17 12:41:16.909 E/Sensors (  399): sensors_poll_context_t::pollEvents, line 202: receive event #### i=3, nb=1
10-17 12:41:17.539 E/MP-Decision( 1128): MPDecision server starting
10-17 12:41:17.539 E/MP-Decision( 1128): OPTION ENABLED: Control sleep modes
10-17 12:41:17.539 E/MP-Decision( 1128): OPTION ENABLED: Adjusting average
10-17 12:41:17.539 E/MP-Decision( 1128): 
10-17 12:41:17.539 E/MP-Decision( 1128):  MP Decision Options:
10-17 12:41:17.539 E/MP-Decision( 1128): --poll_ms --decision_ms --no_sleep --avg_comp --debug
10-17 12:41:17.539 E/MP-Decision( 1128): --Nw=[1..3]:[value] --Tw=[1..3]:[value] --Ns=[1..3]:[value] --Ts=[1..3]:[value]
10-17 12:41:18.329 E/Sensors (  399): sensors_poll_context_t::pollEvents, line 202: receive event #### i=3, nb=1
10-17 12:41:19.749 E/Sensors (  399): sensors_poll_context_t::pollEvents, line 202: receive event #### i=3, nb=1
10-17 12:41:21.169 E/Sensors (  399): sensors_poll_context_t::pollEvents, line 202: receive event #### i=3, nb=1
10-17 12:41:22.549 E/MP-Decision( 1131): MPDecision server starting
10-17 12:41:22.559 E/MP-Decision( 1131): OPTION ENABLED: Control sleep modes
10-17 12:41:22.559 E/MP-Decision( 1131): OPTION ENABLED: Adjusting average
10-17 12:41:22.559 E/MP-Decision( 1131): 
10-17 12:41:22.559 E/MP-Decision( 1131):  MP Decision Options:
10-17 12:41:22.559 E/MP-Decision( 1131): --poll_ms --decision_ms --no_sleep --avg_comp --debug
10-17 12:41:22.559 E/MP-Decision( 1131): --Nw=[1..3]:[value] --Tw=[1..3]:[value] --Ns=[1..3]:[value] --Ts=[1..3]:[value]
10-17 12:41:22.589 E/Sensors (  399): sensors_poll_context_t::pollEvents, line 202: receive event #### i=3, nb=1
10-17 12:41:24.009 E/Sensors (  399): sensors_poll_context_t::pollEvents, line 202: receive event #### i=3, nb=1
10-17 12:41:25.429 E/Sensors (  399): sensors_poll_context_t::pollEvents, line 202: receive event #### i=3, nb=1
10-17 12:41:26.849 E/Sensors (  399): sensors_poll_context_t::pollEvents, line 202: receive event #### i=3, nb=1
10-17 12:41:27.569 E/MP-Decision( 1134): MPDecision server starting
10-17 12:41:27.569 E/MP-Decision( 1134): OPTION ENABLED: Control sleep modes
10-17 12:41:27.569 E/MP-Decision( 1134): OPTION ENABLED: Adjusting average
10-17 12:41:27.569 E/MP-Decision( 1134): 
10-17 12:41:27.569 E/MP-Decision( 1134):  MP Decision Options:
10-17 12:41:27.569 E/MP-Decision( 1134): --poll_ms --decision_ms --no_sleep --avg_comp --debug
10-17 12:41:27.569 E/MP-Decision( 1134): --Nw=[1..3]:[value] --Tw=[1..3]:[value] --Ns=[1..3]:[value] --Ts=[1..3]:[value]
10-17 12:41:28.279 E/Sensors (  399): sensors_poll_context_t::pollEvents, line 202: receive event #### i=3, nb=1
10-17 12:41:29.709 E/Sensors (  399): sensors_poll_context_t::pollEvents, line 202: receive event #### i=3, nb=1
10-17 12:41:31.129 E/Sensors (  399): sensors_poll_context_t::pollEvents, line 202: receive event #### i=3, nb=1
10-17 12:41:32.549 E/Sensors (  399): sensors_poll_context_t::pollEvents, line 202: receive event #### i=3, nb=1
10-17 12:41:32.579 E/MP-Decision( 1138): MPDecision server starting
10-17 12:41:32.589 E/MP-Decision( 1138): OPTION ENABLED: Control sleep modes
10-17 12:41:32.589 E/MP-Decision( 1138): OPTION ENABLED: Adjusting average
10-17 12:41:32.589 E/MP-Decision( 1138): 
10-17 12:41:32.589 E/MP-Decision( 1138):  MP Decision Options:
10-17 12:41:32.589 E/MP-Decision( 1138): --poll_ms --decision_ms --no_sleep --avg_comp --debug
10-17 12:41:32.589 E/MP-Decision( 1138): --Nw=[1..3]:[value] --Tw=[1..3]:[value] --Ns=[1..3]:[value] --Ts=[1..3]:[value]
10-17 12:41:33.089 D/dalvikvm(  573): GC_CONCURRENT freed 1827K, 71% free 2400K/8195K, paused 2ms+3ms, total 23ms
10-17 12:41:33.969 E/Sensors (  399): sensors_poll_context_t::pollEvents, line 202: receive event #### i=3, nb=1
10-17 12:41:35.389 E/Sensors (  399): sensors_poll_context_t::pollEvents, line 202: receive event #### i=3, nb=1
10-17 12:41:36.809 E/Sensors (  399): sensors_poll_context_t::pollEvents, line 202: receive event #### i=3, nb=1
10-17 12:41:37.599 E/MP-Decision( 1141): MPDecision server starting
10-17 12:41:37.599 E/MP-Decision( 1141): OPTION ENABLED: Control sleep modes
10-17 12:41:37.599 E/MP-Decision( 1141): OPTION ENABLED: Adjusting average
10-17 12:41:37.599 E/MP-Decision( 1141): 
10-17 12:41:37.599 E/MP-Decision( 1141):  MP Decision Options:
10-17 12:41:37.599 E/MP-Decision( 1141): --poll_ms --decision_ms --no_sleep --avg_comp --debug
10-17 12:41:37.599 E/MP-Decision( 1141): --Nw=[1..3]:[value] --Tw=[1..3]:[value] --Ns=[1..3]:[value] --Ts=[1..3]:[value]
10-17 12:41:38.229 E/Sensors (  399): sensors_poll_context_t::pollEvents, line 202: receive event #### i=3, nb=1
10-17 12:41:38.239 I/am_create_service(  399): [1094759792,com.android.stk/.StkAppService,,1067]
10-17 12:41:38.249 D/CAT     ( 1067): StkAppService:  Unable to get Service handle
10-17 12:41:39.649 E/Sensors (  399): sensors_poll_context_t::pollEvents, line 202: receive event #### i=3, nb=1
10-17 12:41:41.139 E/Sensors (  399): sensors_poll_context_t::pollEvents, line 202: receive event #### i=3, nb=1
10-17 12:41:42.559 E/Sensors (  399): sensors_poll_context_t::pollEvents, line 202: receive event #### i=3, nb=1
10-17 12:41:42.609 E/MP-Decision( 1144): MPDecision server starting
10-17 12:41:42.609 E/MP-Decision( 1144): OPTION ENABLED: Control sleep modes
10-17 12:41:42.609 E/MP-Decision( 1144): OPTION ENABLED: Adjusting average
10-17 12:41:42.609 E/MP-Decision( 1144): 
10-17 12:41:42.609 E/MP-Decision( 1144):  MP Decision Options:
10-17 12:41:42.609 E/MP-Decision( 1144): --poll_ms --decision_ms --no_sleep --avg_comp --debug
10-17 12:41:42.609 E/MP-Decision( 1144): --Nw=[1..3]:[value] --Tw=[1..3]:[value] --Ns=[1..3]:[value] --Ts=[1..3]:[value]
10-17 12:41:43.979 E/Sensors (  399): sensors_poll_context_t::pollEvents, line 202: receive event #### i=3, nb=1
10-17 12:41:45.399 E/Sensors (  399): sensors_poll_context_t::pollEvents, line 202: receive event #### i=3, nb=1
10-17 12:41:46.889 E/Sensors (  399): sensors_poll_context_t::pollEvents, line 202: receive event #### i=3, nb=1
10-17 12:41:47.619 E/MP-Decision( 1147): MPDecision server starting
10-17 12:41:47.619 E/MP-Decision( 1147): OPTION ENABLED: Control sleep modes
10-17 12:41:47.619 E/MP-Decision( 1147): OPTION ENABLED: Adjusting average
10-17 12:41:47.619 E/MP-Decision( 1147): 
10-17 12:41:47.619 E/MP-Decision( 1147):  MP Decision Options:
10-17 12:41:47.619 E/MP-Decision( 1147): --poll_ms --decision_ms --no_sleep --avg_comp --debug
10-17 12:41:47.619 E/MP-Decision( 1147): --Nw=[1..3]:[value] --Tw=[1..3]:[value] --Ns=[1..3]:[value] --Ts=[1..3]:[value]
10-17 12:41:48.319 E/Sensors (  399): sensors_poll_context_t::pollEvents, line 202: receive event #### i=3, nb=1
10-17 12:41:49.739 E/Sensors (  399): sensors_poll_context_t::pollEvents, line 202: receive event #### i=3, nb=1
10-17 12:41:51.169 E/Sensors (  399): sensors_poll_context_t::pollEvents, line 202: receive event #### i=3, nb=1
10-17 12:41:52.639 E/MP-Decision( 1150): MPDecision server starting
10-17 12:41:52.639 E/MP-Decision( 1150): OPTION ENABLED: Control sleep modes
10-17 12:41:52.639 E/MP-Decision( 1150): OPTION ENABLED: Adjusting average
10-17 12:41:52.639 E/MP-Decision( 1150): 
10-17 12:41:52.639 E/MP-Decision( 1150):  MP Decision Options:
10-17 12:41:52.639 E/MP-Decision( 1150): --poll_ms --decision_ms --no_sleep --avg_comp --debug
10-17 12:41:52.639 E/MP-Decision( 1150): --Nw=[1..3]:[value] --Tw=[1..3]:[value] --Ns=[1..3]:[value] --Ts=[1..3]:[value]
10-17 12:41:52.669 E/Sensors (  399): sensors_poll_context_t::pollEvents, line 202: receive event #### i=3, nb=1
10-17 12:41:54.089 E/Sensors (  399): sensors_poll_context_t::pollEvents, line 202: receive event #### i=3, nb=1
10-17 12:41:55.519 E/Sensors (  399): sensors_poll_context_t::pollEvents, line 202: receive event #### i=3, nb=1
10-17 12:41:56.559 D/RILJ    ( 1067): NOTE: mReqWaiting is NOT 0 but9 at TIMEOUT, reset! There still msg waitng for response
10-17 12:41:56.559 D/RILJ    ( 1067): WAKE_LOCK_TIMEOUT  mRequestList=9
10-17 12:41:56.559 D/RILJ    ( 1067): 0: [0] SET_SUPP_SVC_NOTIFICATION
10-17 12:41:56.559 D/RILJ    ( 1067): 1: [1] SCREEN_STATE
10-17 12:41:56.559 D/RILJ    ( 1067): 2: [4] GET_CURRENT_CALLS
10-17 12:41:56.559 D/RILJ    ( 1067): 3: [5] RADIO_POWER
10-17 12:41:56.559 D/RILJ    ( 1067): 4: [8] RADIO_POWER
10-17 12:41:56.559 D/RILJ    ( 1067): 5: [9] RADIO_POWER
10-17 12:41:56.559 D/RILJ    ( 1067): 6: [10] BASEBAND_VERSION
10-17 12:41:56.559 D/RILJ    ( 1067): 7: [11] GET_IMEI
10-17 12:41:56.559 D/RILJ    ( 1067): 8: [12] GET_IMEISV
10-17 12:41:56.569 D/RILJ    ( 1067): NOTE: mReqWaiting is NOT 0 but9 at TIMEOUT, reset! There still msg waitng for response
10-17 12:41:56.569 D/RILJ    ( 1067): WAKE_LOCK_TIMEOUT  mRequestList=9
10-17 12:41:56.569 D/RILJ    ( 1067): 0: [2] SET_SUPP_SVC_NOTIFICATION
10-17 12:41:56.569 D/RILJ    ( 1067): 1: [3] SCREEN_STATE
10-17 12:41:56.569 D/RILJ    ( 1067): 2: [6] GET_CURRENT_CALLS
10-17 12:41:56.569 D/RILJ    ( 1067): 3: [7] RADIO_POWER
10-17 12:41:56.569 D/RILJ    ( 1067): 4: [13] RADIO_POWER
10-17 12:41:56.569 D/RILJ    ( 1067): 5: [14] RADIO_POWER
10-17 12:41:56.569 D/RILJ    ( 1067): 6: [15] BASEBAND_VERSION
10-17 12:41:56.569 D/RILJ    ( 1067): 7: [16] GET_IMEI
10-17 12:41:56.569 D/RILJ    ( 1067): 8: [17] GET_IMEISV
10-17 12:41:56.939 E/Sensors (  399): sensors_poll_context_t::pollEvents, line 202: receive event #### i=3, nb=1
10-17 12:41:57.649 E/MP-Decision( 1153): MPDecision server starting
10-17 12:41:57.649 E/MP-Decision( 1153): OPTION ENABLED: Control sleep modes
10-17 12:41:57.649 E/MP-Decision( 1153): OPTION ENABLED: Adjusting average
10-17 12:41:57.649 E/MP-Decision( 1153): 
10-17 12:41:57.649 E/MP-Decision( 1153):  MP Decision Options:
10-17 12:41:57.649 E/MP-Decision( 1153): --poll_ms --decision_ms --no_sleep --avg_comp --debug
10-17 12:41:57.649 E/MP-Decision( 1153): --Nw=[1..3]:[value] --Tw=[1..3]:[value] --Ns=[1..3]:[value] --Ts=[1..3]:[value]
10-17 12:41:58.249 W/ActivityManager(  399): Timeout executing service: ServiceRecord{4140b570 com.android.stk/.StkAppService}
10-17 12:41:58.269 I/Process (  399): Sending signal. PID: 1067 SIG: 3
10-17 12:41:58.269 I/dalvikvm( 1067): threadid=3: reacting to signal 3
10-17 12:41:58.269 I/am_anr  (  399): [1067,com.android.phone,573005,Executing service com.android.stk/.StkAppService]
10-17 12:41:58.309 I/dalvikvm( 1067): Wrote stack traces to '/data/anr/traces.txt'
10-17 12:41:58.309 I/Process (  399): Sending signal. PID: 399 SIG: 3
10-17 12:41:58.309 I/dalvikvm(  399): threadid=3: reacting to signal 3
10-17 12:41:58.359 E/Sensors (  399): sensors_poll_context_t::pollEvents, line 202: receive event #### i=3, nb=1
10-17 12:41:58.449 I/dalvikvm(  399): Wrote stack traces to '/data/anr/traces.txt'
10-17 12:41:58.449 I/Process (  399): Sending signal. PID: 527 SIG: 3
10-17 12:41:58.449 I/dalvikvm(  527): threadid=3: reacting to signal 3
10-17 12:41:58.479 I/dalvikvm(  527): Wrote stack traces to '/data/anr/traces.txt'
10-17 12:41:58.719 D/dalvikvm(  399): GC_EXPLICIT freed 901K, 35% free 6057K/9287K, paused 4ms+7ms, total 70ms
10-17 12:41:59.199 W/ThrottleService(  399): unable to find stats for iface rmnet0
10-17 12:41:59.259 I/Process (  399): Sending signal. PID: 573 SIG: 3
10-17 12:41:59.259 I/dalvikvm(  573): threadid=3: reacting to signal 3
