10-17 12:43:09.409 D/dalvikvm(  399): GC_EXPLICIT freed 113K, 39% free 5751K/9287K, paused 3ms+5ms, total 55ms
10-17 12:43:09.749 I/force_gc(  573): Binder
10-17 12:43:09.789 D/dalvikvm(  573): GC_EXPLICIT freed 499K, 69% free 2585K/8195K, paused 2ms+6ms, total 35ms
10-17 12:43:09.789 I/force_gc(  399): Binder
10-17 12:43:09.839 D/dalvikvm(  399): GC_EXPLICIT freed 114K, 39% free 5751K/9287K, paused 3ms+5ms, total 54ms
10-17 12:43:10.109 E/Sensors (  399): sensors_poll_context_t::pollEvents, line 202: receive event #### i=3, nb=1
10-17 12:43:10.179 I/force_gc(  399): Binder
10-17 12:43:10.229 D/dalvikvm(  399): GC_EXPLICIT freed 113K, 39% free 5751K/9287K, paused 3ms+5ms, total 54ms
10-17 12:43:10.569 I/force_gc(  573): Binder
10-17 12:43:10.599 D/dalvikvm(  573): GC_EXPLICIT freed 498K, 69% free 2585K/8195K, paused 2ms+5ms, total 31ms
10-17 12:43:10.599 I/force_gc(  399): Binder
10-17 12:43:10.659 D/dalvikvm(  399): GC_EXPLICIT freed 114K, 39% free 5751K/9287K, paused 3ms+5ms, total 59ms
10-17 12:43:10.989 I/force_gc(  399): Binder
10-17 12:43:11.039 D/dalvikvm(  399): GC_EXPLICIT freed 113K, 39% free 5751K/9287K, paused 3ms+4ms, total 53ms
10-17 12:43:11.379 I/force_gc(  573): Binder
10-17 12:43:11.409 D/dalvikvm(  573): GC_EXPLICIT freed 498K, 69% free 2585K/8195K, paused 2ms+5ms, total 35ms
10-17 12:43:11.419 I/force_gc(  399): Binder
10-17 12:43:11.469 D/dalvikvm(  399): GC_EXPLICIT freed 114K, 39% free 5751K/9287K, paused 3ms+5ms, total 54ms
10-17 12:43:11.539 E/Sensors (  399): sensors_poll_context_t::pollEvents, line 202: receive event #### i=3, nb=1
10-17 12:43:11.809 I/force_gc(  399): Binder
10-17 12:43:11.859 D/dalvikvm(  399): GC_EXPLICIT freed 113K, 39% free 5751K/9287K, paused 3ms+5ms, total 54ms
10-17 12:43:12.199 I/force_gc(  573): Binder
10-17 12:43:12.239 D/dalvikvm(  573): GC_EXPLICIT freed 498K, 69% free 2585K/8195K, paused 2ms+6ms, total 35ms
10-17 12:43:12.239 I/force_gc(  399): Binder
10-17 12:43:12.259 I/battery_level(  399): [90,4057,350]
10-17 12:43:12.299 D/dalvikvm(  399): GC_EXPLICIT freed 122K, 39% free 5752K/9287K, paused 3ms+6ms, total 61ms
10-17 12:43:12.659 I/force_gc(  399): Binder
10-17 12:43:12.719 D/dalvikvm(  399): GC_EXPLICIT freed 114K, 39% free 5751K/9287K, paused 3ms+4ms, total 53ms
10-17 12:43:12.959 E/Sensors (  399): sensors_poll_context_t::pollEvents, line 202: receive event #### i=3, nb=1
10-17 12:43:13.139 E/MP-Decision( 1232): MPDecision server starting
10-17 12:43:13.139 E/MP-Decision( 1232): OPTION ENABLED: Control sleep modes
10-17 12:43:13.139 E/MP-Decision( 1232): OPTION ENABLED: Adjusting average
10-17 12:43:13.139 E/MP-Decision( 1232): 
10-17 12:43:13.139 E/MP-Decision( 1232):  MP Decision Options:
10-17 12:43:13.139 E/MP-Decision( 1232): --poll_ms --decision_ms --no_sleep --avg_comp --debug
10-17 12:43:13.139 E/MP-Decision( 1232): --Nw=[1..3]:[value] --Tw=[1..3]:[value] --Ns=[1..3]:[value] --Ts=[1..3]:[value]
10-17 12:43:13.169 I/force_gc(  573): Binder
10-17 12:43:13.199 D/dalvikvm(  573): GC_EXPLICIT freed 492K, 69% free 2584K/8195K, paused 3ms+5ms, total 31ms
10-17 12:43:13.199 I/force_gc(  399): Binder
10-17 12:43:13.259 D/dalvikvm(  399): GC_EXPLICIT freed 114K, 39% free 5751K/9287K, paused 3ms+4ms, total 55ms
10-17 12:43:13.599 I/force_gc(  399): Binder
10-17 12:43:13.659 D/dalvikvm(  399): GC_EXPLICIT freed 113K, 39% free 5752K/9287K, paused 3ms+5ms, total 55ms
10-17 12:43:13.999 I/force_gc(  573): Binder
10-17 12:43:14.029 D/dalvikvm(  573): GC_EXPLICIT freed 531K, 69% free 2585K/8195K, paused 3ms+5ms, total 30ms
10-17 12:43:14.039 I/force_gc(  399): Binder
10-17 12:43:14.089 D/dalvikvm(  399): GC_EXPLICIT freed 114K, 39% free 5751K/9287K, paused 3ms+5ms, total 54ms
10-17 12:43:14.449 E/Sensors (  399): sensors_poll_context_t::pollEvents, line 202: receive event #### i=3, nb=1
10-17 12:43:14.519 I/force_gc(  399): Binder
10-17 12:43:14.579 D/dalvikvm(  399): GC_EXPLICIT freed 113K, 39% free 5751K/9287K, paused 3ms+5ms, total 58ms
10-17 12:43:14.909 I/force_gc(  573): Binder
10-17 12:43:14.939 D/dalvikvm(  573): GC_EXPLICIT freed 535K, 69% free 2584K/8195K, paused 2ms+6ms, total 29ms
10-17 12:43:14.939 I/force_gc(  399): Binder
10-17 12:43:14.999 D/dalvikvm(  399): GC_EXPLICIT freed 114K, 39% free 5751K/9287K, paused 3ms+5ms, total 54ms
10-17 12:43:15.369 I/force_gc(  399): Binder
10-17 12:43:15.419 D/dalvikvm(  399): GC_EXPLICIT freed 113K, 39% free 5751K/9287K, paused 3ms+5ms, total 53ms
10-17 12:43:15.769 I/force_gc(  573): Binder
10-17 12:43:15.799 D/dalvikvm(  573): GC_EXPLICIT freed 538K, 69% free 2584K/8195K, paused 2ms+6ms, total 29ms
10-17 12:43:15.799 I/force_gc(  399): Binder
10-17 12:43:15.859 D/dalvikvm(  399): GC_EXPLICIT freed 114K, 39% free 5751K/9287K, paused 4ms+5ms, total 55ms
10-17 12:43:15.879 E/Sensors (  399): sensors_poll_context_t::pollEvents, line 202: receive event #### i=3, nb=1
10-17 12:43:16.199 I/force_gc(  399): Binder
10-17 12:43:16.259 D/dalvikvm(  399): GC_EXPLICIT freed 113K, 39% free 5751K/9287K, paused 3ms+5ms, total 54ms
10-17 12:43:16.649 I/force_gc(  573): Binder
10-17 12:43:16.689 D/dalvikvm(  573): GC_EXPLICIT freed 541K, 69% free 2586K/8195K, paused 2ms+5ms, total 36ms
10-17 12:43:16.689 I/force_gc(  399): Binder
10-17 12:43:16.739 D/dalvikvm(  399): GC_EXPLICIT freed 114K, 39% free 5751K/9287K, paused 3ms+4ms, total 53ms
10-17 12:43:17.089 I/force_gc(  399): Binder
10-17 12:43:17.139 D/dalvikvm(  399): GC_EXPLICIT freed 113K, 39% free 5751K/9287K, paused 3ms+5ms, total 54ms
10-17 12:43:17.299 E/Sensors (  399): sensors_poll_context_t::pollEvents, line 202: receive event #### i=3, nb=1
10-17 12:43:17.479 I/force_gc(  573): Binder
10-17 12:43:17.509 D/dalvikvm(  573): GC_EXPLICIT freed 541K, 69% free 2586K/8195K, paused 2ms+6ms, total 29ms
10-17 12:43:17.509 I/force_gc(  399): Binder
10-17 12:43:17.569 D/dalvikvm(  399): GC_EXPLICIT freed 114K, 39% free 5751K/9287K, paused 3ms+5ms, total 55ms
10-17 12:43:17.909 I/force_gc(  399): Binder
10-17 12:43:17.969 D/dalvikvm(  399): GC_EXPLICIT freed 113K, 39% free 5751K/9287K, paused 3ms+5ms, total 56ms
10-17 12:43:18.149 E/MP-Decision( 1235): MPDecision server starting
10-17 12:43:18.149 E/MP-Decision( 1235): OPTION ENABLED: Control sleep modes
10-17 12:43:18.149 E/MP-Decision( 1235): OPTION ENABLED: Adjusting average
10-17 12:43:18.149 E/MP-Decision( 1235): 
10-17 12:43:18.149 E/MP-Decision( 1235):  MP Decision Options:
10-17 12:43:18.149 E/MP-Decision( 1235): --poll_ms --decision_ms --no_sleep --avg_comp --debug
10-17 12:43:18.149 E/MP-Decision( 1235): --Nw=[1..3]:[value] --Tw=[1..3]:[value] --Ns=[1..3]:[value] --Ts=[1..3]:[value]
10-17 12:43:18.329 I/force_gc(  573): Binder
10-17 12:43:18.359 D/dalvikvm(  573): GC_EXPLICIT freed 539K, 69% free 2586K/8195K, paused 2ms+5ms, total 35ms
10-17 12:43:18.359 I/force_gc(  399): Binder
10-17 12:43:18.419 D/dalvikvm(  399): GC_EXPLICIT freed 114K, 39% free 5751K/9287K, paused 3ms+5ms, total 55ms
10-17 12:43:18.719 E/Sensors (  399): sensors_poll_context_t::pollEvents, line 202: receive event #### i=3, nb=1
10-17 12:43:18.769 I/force_gc(  399): Binder
10-17 12:43:18.829 D/dalvikvm(  399): GC_EXPLICIT freed 113K, 39% free 5751K/9287K, paused 3ms+5ms, total 55ms
10-17 12:43:19.179 I/force_gc(  573): Binder
10-17 12:43:19.199 D/dalvikvm(  573): GC_EXPLICIT freed 543K, 69% free 2586K/8195K, paused 2ms+6ms, total 29ms
10-17 12:43:19.209 I/force_gc(  399): Binder
10-17 12:43:19.259 D/dalvikvm(  399): GC_EXPLICIT freed 114K, 39% free 5751K/9287K, paused 3ms+5ms, total 54ms
10-17 12:43:19.599 I/force_gc(  399): Binder
10-17 12:43:19.659 D/dalvikvm(  399): GC_EXPLICIT freed 113K, 39% free 5751K/9287K, paused 3ms+5ms, total 54ms
10-17 12:43:20.009 I/force_gc(  573): Binder
10-17 12:43:20.039 D/dalvikvm(  573): GC_EXPLICIT freed 540K, 69% free 2586K/8195K, paused 2ms+6ms, total 29ms
10-17 12:43:20.039 I/force_gc(  399): Binder
10-17 12:43:20.099 D/dalvikvm(  399): GC_EXPLICIT freed 114K, 39% free 5751K/9287K, paused 3ms+4ms, total 58ms
10-17 12:43:20.219 E/Sensors (  399): sensors_poll_context_t::pollEvents, line 202: receive event #### i=3, nb=1
10-17 12:43:20.449 I/force_gc(  399): Binder
10-17 12:43:20.499 D/dalvikvm(  399): GC_EXPLICIT freed 113K, 39% free 5751K/9287K, paused 3ms+5ms, total 55ms
10-17 12:43:20.849 I/force_gc(  573): Binder
10-17 12:43:20.879 D/dalvikvm(  573): GC_EXPLICIT freed 542K, 69% free 2586K/8195K, paused 2ms+6ms, total 30ms
10-17 12:43:20.879 I/force_gc(  399): Binder
10-17 12:43:20.939 D/dalvikvm(  399): GC_EXPLICIT freed 114K, 39% free 5751K/9287K, paused 3ms+6ms, total 59ms
10-17 12:43:21.289 I/force_gc(  399): Binder
10-17 12:43:21.339 D/dalvikvm(  399): GC_EXPLICIT freed 113K, 39% free 5751K/9287K, paused 3ms+5ms, total 57ms
10-17 12:43:21.689 I/force_gc(  573): Binder
10-17 12:43:21.709 E/Sensors (  399): sensors_poll_context_t::pollEvents, line 202: receive event #### i=3, nb=1
10-17 12:43:21.729 D/dalvikvm(  573): GC_EXPLICIT freed 542K, 69% free 2586K/8195K, paused 2ms+5ms, total 36ms
10-17 12:43:21.729 I/force_gc(  399): Binder
10-17 12:43:21.779 D/dalvikvm(  399): GC_EXPLICIT freed 114K, 39% free 5751K/9287K, paused 3ms+5ms, total 55ms
10-17 12:43:22.129 I/force_gc(  399): Binder
10-17 12:43:22.179 D/dalvikvm(  399): GC_EXPLICIT freed 113K, 39% free 5751K/9287K, paused 3ms+5ms, total 54ms
10-17 12:43:22.529 I/force_gc(  573): Binder
10-17 12:43:22.559 D/dalvikvm(  573): GC_EXPLICIT freed 541K, 69% free 2586K/8195K, paused 2ms+6ms, total 34ms
10-17 12:43:22.559 I/force_gc(  399): Binder
10-17 12:43:22.619 D/dalvikvm(  399): GC_EXPLICIT freed 113K, 39% free 5751K/9287K, paused 4ms+4ms, total 58ms
10-17 12:43:22.969 I/force_gc(  399): Binder
10-17 12:43:23.029 D/dalvikvm(  399): GC_EXPLICIT freed 113K, 39% free 5751K/9287K, paused 3ms+5ms, total 58ms
10-17 12:43:23.139 E/Sensors (  399): sensors_poll_context_t::pollEvents, line 202: receive event #### i=3, nb=1
10-17 12:43:23.169 E/MP-Decision( 1238): MPDecision server starting
10-17 12:43:23.169 E/MP-Decision( 1238): OPTION ENABLED: Control sleep modes
10-17 12:43:23.169 E/MP-Decision( 1238): OPTION ENABLED: Adjusting average
10-17 12:43:23.169 E/MP-Decision( 1238): 
10-17 12:43:23.169 E/MP-Decision( 1238):  MP Decision Options:
10-17 12:43:23.169 E/MP-Decision( 1238): --poll_ms --decision_ms --no_sleep --avg_comp --debug
10-17 12:43:23.169 E/MP-Decision( 1238): --Nw=[1..3]:[value] --Tw=[1..3]:[value] --Ns=[1..3]:[value] --Ts=[1..3]:[value]
10-17 12:43:23.379 I/force_gc(  573): Binder
10-17 12:43:23.409 D/dalvikvm(  573): GC_EXPLICIT freed 540K, 69% free 2586K/8195K, paused 2ms+6ms, total 35ms
10-17 12:43:23.409 I/force_gc(  399): Binder
10-17 12:43:23.469 D/dalvikvm(  399): GC_EXPLICIT freed 114K, 39% free 5751K/9287K, paused 3ms+5ms, total 54ms
10-17 12:43:23.809 I/force_gc(  399): Binder
10-17 12:43:23.879 D/dalvikvm(  399): GC_EXPLICIT freed 113K, 39% free 5751K/9287K, paused 3ms+5ms, total 69ms
10-17 12:43:24.229 I/force_gc(  573): Binder
10-17 12:43:24.259 D/dalvikvm(  573): GC_EXPLICIT freed 541K, 69% free 2586K/8195K, paused 2ms+6ms, total 35ms
10-17 12:43:24.259 I/force_gc(  399): Binder
10-17 12:43:24.309 D/dalvikvm(  399): GC_EXPLICIT freed 114K, 39% free 5751K/9287K, paused 3ms+5ms, total 53ms
10-17 12:43:24.629 E/Sensors (  399): sensors_poll_context_t::pollEvents, line 202: receive event #### i=3, nb=1
10-17 12:43:24.659 I/force_gc(  399): Binder
10-17 12:43:24.719 D/dalvikvm(  399): GC_EXPLICIT freed 113K, 39% free 5751K/9287K, paused 3ms+5ms, total 53ms
10-17 12:43:25.059 I/force_gc(  573): Binder
10-17 12:43:25.089 D/dalvikvm(  573): GC_EXPLICIT freed 541K, 69% free 2586K/8195K, paused 2ms+6ms, total 30ms
10-17 12:43:25.089 I/force_gc(  399): Binder
10-17 12:43:25.159 D/dalvikvm(  399): GC_EXPLICIT freed 114K, 39% free 5751K/9287K, paused 3ms+5ms, total 63ms
10-17 12:43:25.499 I/force_gc(  399): Binder
10-17 12:43:25.559 D/dalvikvm(  399): GC_EXPLICIT freed 113K, 39% free 5751K/9287K, paused 3ms+5ms, total 58ms
10-17 12:43:25.899 I/force_gc(  573): Binder
10-17 12:43:25.929 D/dalvikvm(  573): GC_EXPLICIT freed 541K, 69% free 2586K/8195K, paused 2ms+6ms, total 29ms
10-17 12:43:25.929 I/force_gc(  399): Binder
10-17 12:43:25.979 D/dalvikvm(  399): GC_EXPLICIT freed 114K, 39% free 5751K/9287K, paused 3ms+5ms, total 54ms
10-17 12:43:26.049 E/Sensors (  399): sensors_poll_context_t::pollEvents, line 202: receive event #### i=3, nb=1
10-17 12:43:26.329 I/force_gc(  399): Binder
10-17 12:43:26.389 D/dalvikvm(  399): GC_EXPLICIT freed 113K, 39% free 5751K/9287K, paused 4ms+5ms, total 59ms
10-17 12:43:26.729 I/force_gc(  573): Binder
10-17 12:43:26.759 D/dalvikvm(  573): GC_EXPLICIT freed 542K, 69% free 2586K/8195K, paused 3ms+6ms, total 29ms
10-17 12:43:26.769 I/force_gc(  399): Binder
10-17 12:43:26.819 D/dalvikvm(  399): GC_EXPLICIT freed 113K, 39% free 5751K/9287K, paused 3ms+5ms, total 53ms
10-17 12:43:27.159 I/force_gc(  399): Binder
10-17 12:43:27.219 D/dalvikvm(  399): GC_EXPLICIT freed 113K, 39% free 5751K/9287K, paused 3ms+4ms, total 58ms
10-17 12:43:27.549 E/Sensors (  399): sensors_poll_context_t::pollEvents, line 202: receive event #### i=3, nb=1
10-17 12:43:27.569 I/force_gc(  573): Binder
10-17 12:43:27.599 D/dalvikvm(  573): GC_EXPLICIT freed 547K, 69% free 2585K/8195K, paused 2ms+6ms, total 29ms
10-17 12:43:27.599 I/force_gc(  399): Binder
10-17 12:43:27.649 D/dalvikvm(  399): GC_EXPLICIT freed 114K, 39% free 5751K/9287K, paused 3ms+5ms, total 54ms
10-17 12:43:27.979 I/force_gc(  399): Binder
10-17 12:43:28.029 D/dalvikvm(  399): GC_EXPLICIT freed 113K, 39% free 5751K/9287K, paused 3ms+5ms, total 53ms
10-17 12:43:28.179 E/MP-Decision( 1241): MPDecision server starting
10-17 12:43:28.189 E/MP-Decision( 1241): OPTION ENABLED: Control sleep modes
10-17 12:43:28.189 E/MP-Decision( 1241): OPTION ENABLED: Adjusting average
10-17 12:43:28.189 E/MP-Decision( 1241): 
10-17 12:43:28.189 E/MP-Decision( 1241):  MP Decision Options:
10-17 12:43:28.189 E/MP-Decision( 1241): --poll_ms --decision_ms --no_sleep --avg_comp --debug
10-17 12:43:28.189 E/MP-Decision( 1241): --Nw=[1..3]:[value] --Tw=[1..3]:[value] --Ns=[1..3]:[value] --Ts=[1..3]:[value]
10-17 12:43:28.369 I/force_gc(  573): Binder
10-17 12:43:28.399 D/dalvikvm(  573): GC_EXPLICIT freed 550K, 69% free 2580K/8195K, paused 2ms+5ms, total 29ms
10-17 12:43:28.399 I/force_gc(  399): Binder
10-17 12:43:28.459 D/dalvikvm(  399): GC_EXPLICIT freed 114K, 39% free 5751K/9287K, paused 3ms+5ms, total 54ms
10-17 12:43:28.789 I/force_gc(  399): Binder
10-17 12:43:28.839 D/dalvikvm(  399): GC_EXPLICIT freed 113K, 39% free 5751K/9287K, paused 3ms+5ms, total 58ms
10-17 12:43:28.969 E/Sensors (  399): sensors_poll_context_t::pollEvents, line 202: receive event #### i=3, nb=1
10-17 12:43:29.189 I/force_gc(  573): Binder
10-17 12:43:29.219 D/dalvikvm(  573): GC_EXPLICIT freed 547K, 69% free 2581K/8195K, paused 2ms+6ms, total 29ms
10-17 12:43:29.219 I/force_gc(  399): Binder
10-17 12:43:29.279 D/dalvikvm(  399): GC_EXPLICIT freed 120K, 39% free 5752K/9287K, paused 3ms+5ms, total 55ms
10-17 12:43:29.609 I/force_gc(  399): Binder
10-17 12:43:29.669 D/dalvikvm(  399): GC_EXPLICIT freed 114K, 39% free 5751K/9287K, paused 3ms+4ms, total 54ms
10-17 12:43:30.009 I/force_gc(  573): Binder
10-17 12:43:30.039 D/dalvikvm(  573): GC_EXPLICIT freed 533K, 69% free 2581K/8195K, paused 2ms+6ms, total 29ms
10-17 12:43:30.049 I/force_gc(  399): Binder
10-17 12:43:30.099 D/dalvikvm(  399): GC_EXPLICIT freed 114K, 39% free 5751K/9287K, paused 3ms+5ms, total 54ms
10-17 12:43:30.399 E/Sensors (  399): sensors_poll_context_t::pollEvents, line 202: receive event #### i=3, nb=1
10-17 12:43:30.449 I/force_gc(  399): Binder
10-17 12:43:30.499 D/dalvikvm(  399): GC_EXPLICIT freed 113K, 39% free 5751K/9287K, paused 3ms+5ms, total 53ms
10-17 12:43:30.829 I/force_gc(  573): Binder
10-17 12:43:30.859 D/dalvikvm(  573): GC_EXPLICIT freed 488K, 69% free 2583K/8195K, paused 2ms+6ms, total 29ms
10-17 12:43:30.859 I/force_gc(  399): Binder
10-17 12:43:30.909 D/dalvikvm(  399): GC_EXPLICIT freed 113K, 39% free 5751K/9287K, paused 3ms+5ms, total 54ms
10-17 12:43:31.239 I/force_gc(  399): Binder
10-17 12:43:31.299 D/dalvikvm(  399): GC_EXPLICIT freed 113K, 39% free 5751K/9287K, paused 3ms+5ms, total 54ms
10-17 12:43:31.639 I/force_gc(  573): Binder
10-17 12:43:31.669 D/dalvikvm(  573): GC_EXPLICIT freed 482K, 69% free 2585K/8195K, paused 3ms+5ms, total 29ms
10-17 12:43:31.669 I/force_gc(  399): Binder
10-17 12:43:31.719 D/dalvikvm(  399): GC_EXPLICIT freed 114K, 39% free 5751K/9287K, paused 3ms+5ms, total 53ms
10-17 12:43:31.889 E/Sensors (  399): sensors_poll_context_t::pollEvents, line 202: receive event #### i=3, nb=1
10-17 12:43:32.069 I/force_gc(  399): Binder
10-17 12:43:32.119 D/dalvikvm(  399): GC_EXPLICIT freed 113K, 39% free 5751K/9287K, paused 3ms+5ms, total 53ms
10-17 12:43:32.459 I/force_gc(  573): Binder
10-17 12:43:32.489 D/dalvikvm(  573): GC_EXPLICIT freed 538K, 69% free 2584K/8195K, paused 2ms+6ms, total 29ms
10-17 12:43:32.489 I/force_gc(  399): Binder
10-17 12:43:32.539 D/dalvikvm(  399): GC_EXPLICIT freed 114K, 39% free 5751K/9287K, paused 3ms+4ms, total 54ms
10-17 12:43:32.879 I/force_gc(  399): Binder
10-17 12:43:32.939 D/dalvikvm(  399): GC_EXPLICIT freed 113K, 39% free 5751K/9287K, paused 3ms+5ms, total 54ms
10-17 12:43:33.199 E/MP-Decision( 1245): MPDecision server starting
10-17 12:43:33.199 E/MP-Decision( 1245): OPTION ENABLED: Control sleep modes
10-17 12:43:33.199 E/MP-Decision( 1245): OPTION ENABLED: Adjusting average
10-17 12:43:33.199 E/MP-Decision( 1245): 
10-17 12:43:33.199 E/MP-Decision( 1245):  MP Decision Options:
10-17 12:43:33.199 E/MP-Decision( 1245): --poll_ms --decision_ms --no_sleep --avg_comp --debug
10-17 12:43:33.199 E/MP-Decision( 1245): --Nw=[1..3]:[value] --Tw=[1..3]:[value] --Ns=[1..3]:[value] --Ts=[1..3]:[value]
10-17 12:43:33.309 I/force_gc(  573): Binder
10-17 12:43:33.309 E/Sensors (  399): sensors_poll_context_t::pollEvents, line 202: receive event #### i=3, nb=1
10-17 12:43:33.339 D/dalvikvm(  573): GC_EXPLICIT freed 529K, 69% free 2584K/8195K, paused 2ms+6ms, total 29ms
10-17 12:43:33.339 I/force_gc(  399): Binder
10-17 12:43:33.389 D/dalvikvm(  399): GC_EXPLICIT freed 114K, 39% free 5751K/9287K, paused 3ms+5ms, total 55ms
10-17 12:43:33.729 I/force_gc(  399): Binder
10-17 12:43:33.789 D/dalvikvm(  399): GC_EXPLICIT freed 113K, 39% free 5751K/9287K, paused 3ms+4ms, total 60ms
10-17 12:43:34.119 I/force_gc(  573): Binder
10-17 12:43:34.149 D/dalvikvm(  573): GC_EXPLICIT freed 516K, 69% free 2585K/8195K, paused 2ms+5ms, total 29ms
10-17 12:43:34.149 I/force_gc(  399): Binder
10-17 12:43:34.209 D/dalvikvm(  399): GC_EXPLICIT freed 115K, 39% free 5751K/9287K, paused 4ms+5ms, total 57ms
10-17 12:43:34.549 I/force_gc(  399): Binder
10-17 12:43:34.599 D/dalvikvm(  399): GC_EXPLICIT freed 113K, 39% free 5751K/9287K, paused 3ms+5ms, total 54ms
10-17 12:43:34.739 E/Sensors (  399): sensors_poll_context_t::pollEvents, line 202: receive event #### i=3, nb=1
10-17 12:43:34.939 I/force_gc(  573): Binder
10-17 12:43:34.969 D/dalvikvm(  573): GC_EXPLICIT freed 517K, 69% free 2585K/8195K, paused 2ms+6ms, total 29ms
10-17 12:43:34.969 I/force_gc(  399): Binder
10-17 12:43:35.029 D/dalvikvm(  399): GC_EXPLICIT freed 114K, 39% free 5751K/9287K, paused 4ms+5ms, total 55ms
10-17 12:43:35.359 I/force_gc(  399): Binder
10-17 12:43:35.409 D/dalvikvm(  399): GC_EXPLICIT freed 113K, 39% free 5751K/9287K, paused 3ms+5ms, total 54ms
10-17 12:43:35.759 I/force_gc(  573): Binder
10-17 12:43:35.789 D/dalvikvm(  573): GC_EXPLICIT freed 517K, 69% free 2585K/8195K, paused 3ms+5ms, total 29ms
10-17 12:43:35.789 I/force_gc(  399): Binder
10-17 12:43:35.839 D/dalvikvm(  399): GC_EXPLICIT freed 114K, 39% free 5751K/9287K, paused 3ms+5ms, total 54ms
10-17 12:43:36.159 E/Sensors (  399): sensors_poll_context_t::pollEvents, line 202: receive event #### i=3, nb=1
10-17 12:43:36.179 I/force_gc(  399): Binder
10-17 12:43:36.229 D/dalvikvm(  399): GC_EXPLICIT freed 113K, 39% free 5751K/9287K, paused 3ms+5ms, total 54ms
10-17 12:43:36.569 I/force_gc(  573): Binder
10-17 12:43:36.599 D/dalvikvm(  573): GC_EXPLICIT freed 501K, 69% free 2584K/8195K, paused 2ms+6ms, total 29ms
10-17 12:43:36.599 I/force_gc(  399): Binder
10-17 12:43:36.659 D/dalvikvm(  399): GC_EXPLICIT freed 114K, 39% free 5751K/9287K, paused 3ms+5ms, total 54ms
10-17 12:43:36.979 I/force_gc(  399): Binder
10-17 12:43:37.039 D/dalvikvm(  399): GC_EXPLICIT freed 113K, 39% free 5751K/9287K, paused 3ms+5ms, total 54ms
10-17 12:43:37.379 I/force_gc(  573): Binder
10-17 12:43:37.409 D/dalvikvm(  573): GC_EXPLICIT freed 507K, 69% free 2577K/8195K, paused 2ms+5ms, total 28ms
10-17 12:43:37.409 I/force_gc(  399): Binder
10-17 12:43:37.459 D/dalvikvm(  399): GC_EXPLICIT freed 114K, 39% free 5751K/9287K, paused 3ms+4ms, total 55ms
10-17 12:43:37.579 E/Sensors (  399): sensors_poll_context_t::pollEvents, line 202: receive event #### i=3, nb=1
10-17 12:43:37.789 I/force_gc(  399): Binder
10-17 12:43:37.849 D/dalvikvm(  399): GC_EXPLICIT freed 113K, 39% free 5751K/9287K, paused 4ms+4ms, total 57ms
10-17 12:43:38.189 I/force_gc(  573): Binder
10-17 12:43:38.219 E/MP-Decision( 1248): MPDecision server starting
10-17 12:43:38.219 E/MP-Decision( 1248): OPTION ENABLED: Control sleep modes
10-17 12:43:38.219 E/MP-Decision( 1248): OPTION ENABLED: Adjusting average
10-17 12:43:38.219 E/MP-Decision( 1248): 
10-17 12:43:38.219 E/MP-Decision( 1248):  MP Decision Options:
10-17 12:43:38.219 E/MP-Decision( 1248): --poll_ms --decision_ms --no_sleep --avg_comp --debug
10-17 12:43:38.219 E/MP-Decision( 1248): --Nw=[1..3]:[value] --Tw=[1..3]:[value] --Ns=[1..3]:[value] --Ts=[1..3]:[value]
10-17 12:43:38.229 D/dalvikvm(  573): GC_EXPLICIT freed 501K, 69% free 2579K/8195K, paused 2ms+12ms, total 42ms
10-17 12:43:38.239 I/force_gc(  399): Binder
10-17 12:43:38.289 D/dalvikvm(  399): GC_EXPLICIT freed 114K, 39% free 5751K/9287K, paused 3ms+5ms, total 54ms
10-17 12:43:38.609 I/force_gc(  399): Binder
10-17 12:43:38.669 D/dalvikvm(  399): GC_EXPLICIT freed 113K, 39% free 5751K/9287K, paused 3ms+5ms, total 55ms
10-17 12:43:38.999 I/force_gc(  573): Binder
10-17 12:43:39.009 E/Sensors (  399): sensors_poll_context_t::pollEvents, line 202: receive event #### i=3, nb=1
10-17 12:43:39.039 D/dalvikvm(  573): GC_EXPLICIT freed 521K, 69% free 2575K/8195K, paused 2ms+6ms, total 37ms
10-17 12:43:39.039 I/force_gc(  399): Binder
10-17 12:43:39.089 D/dalvikvm(  399): GC_EXPLICIT freed 114K, 39% free 5751K/9287K, paused 3ms+5ms, total 54ms
10-17 12:43:39.429 I/force_gc(  399): Binder
10-17 12:43:39.489 D/dalvikvm(  399): GC_EXPLICIT freed 113K, 39% free 5751K/9287K, paused 4ms+5ms, total 55ms
10-17 12:43:39.809 I/force_gc(  573): Binder
10-17 12:43:39.839 D/dalvikvm(  573): GC_EXPLICIT freed 520K, 69% free 2576K/8195K, paused 2ms+5ms, total 29ms
10-17 12:43:39.839 I/force_gc(  399): Binder
10-17 12:43:39.889 D/dalvikvm(  399): GC_EXPLICIT freed 114K, 39% free 5751K/9287K, paused 3ms+5ms, total 54ms
10-17 12:43:40.229 I/force_gc(  399): Binder
10-17 12:43:40.279 D/dalvikvm(  399): GC_EXPLICIT freed 113K, 39% free 5751K/9287K, paused 3ms+4ms, total 53ms
10-17 12:43:40.429 E/Sensors (  399): sensors_poll_context_t::pollEvents, line 202: receive event #### i=3, nb=1
10-17 12:43:40.629 I/force_gc(  573): Binder
10-17 12:43:40.649 D/dalvikvm(  573): GC_EXPLICIT freed 492K, 69% free 2583K/8195K, paused 2ms+6ms, total 29ms
10-17 12:43:40.659 I/force_gc(  399): Binder
10-17 12:43:40.709 D/dalvikvm(  399): GC_EXPLICIT freed 114K, 39% free 5751K/9287K, paused 3ms+4ms, total 53ms
10-17 12:43:41.199 I/force_gc(  399): Binder
10-17 12:43:41.249 D/dalvikvm(  399): GC_EXPLICIT freed 113K, 39% free 5751K/9287K, paused 3ms+5ms, total 53ms
10-17 12:43:41.599 I/force_gc(  573): Binder
10-17 12:43:41.629 D/dalvikvm(  573): GC_EXPLICIT freed 500K, 69% free 2586K/8195K, paused 2ms+5ms, total 29ms
10-17 12:43:41.629 I/force_gc(  399): Binder
10-17 12:43:41.679 D/dalvikvm(  399): GC_EXPLICIT freed 114K, 39% free 5751K/9287K, paused 3ms+4ms, total 55ms
10-17 12:43:41.849 E/Sensors (  399): sensors_poll_context_t::pollEvents, line 202: receive event #### i=3, nb=1
10-17 12:43:42.029 I/force_gc(  399): Binder
10-17 12:43:42.079 D/dalvikvm(  399): GC_EXPLICIT freed 113K, 39% free 5751K/9287K, paused 3ms+5ms, total 54ms
10-17 12:43:42.429 I/force_gc(  573): Binder
10-17 12:43:42.459 D/dalvikvm(  573): GC_EXPLICIT freed 506K, 69% free 2586K/8195K, paused 2ms+6ms, total 29ms
10-17 12:43:42.459 I/force_gc(  399): Binder
10-17 12:43:42.509 D/dalvikvm(  399): GC_EXPLICIT freed 114K, 39% free 5751K/9287K, paused 3ms+5ms, total 54ms
10-17 12:43:42.869 I/force_gc(  399): Binder
10-17 12:43:42.919 D/dalvikvm(  399): GC_EXPLICIT freed 113K, 39% free 5751K/9287K, paused 3ms+5ms, total 53ms
10-17 12:43:43.239 E/MP-Decision( 1251): MPDecision server starting
10-17 12:43:43.239 E/MP-Decision( 1251): OPTION ENABLED: Control sleep modes
10-17 12:43:43.239 E/MP-Decision( 1251): OPTION ENABLED: Adjusting average
10-17 12:43:43.239 E/MP-Decision( 1251): 
10-17 12:43:43.239 E/MP-Decision( 1251):  MP Decision Options:
10-17 12:43:43.239 E/MP-Decision( 1251): --poll_ms --decision_ms --no_sleep --avg_comp --debug
10-17 12:43:43.239 E/MP-Decision( 1251): --Nw=[1..3]:[value] --Tw=[1..3]:[value] --Ns=[1..3]:[value] --Ts=[1..3]:[value]
10-17 12:43:43.269 I/force_gc(  573): Binder
10-17 12:43:43.279 E/Sensors (  399): sensors_poll_context_t::pollEvents, line 202: receive event #### i=3, nb=1
10-17 12:43:43.299 D/dalvikvm(  573): GC_EXPLICIT freed 503K, 69% free 2587K/8195K, paused 2ms+6ms, total 29ms
10-17 12:43:43.299 I/force_gc(  399): Binder
10-17 12:43:43.349 D/dalvikvm(  399): GC_EXPLICIT freed 114K, 39% free 5751K/9287K, paused 3ms+5ms, total 54ms
10-17 12:43:43.699 I/force_gc(  399): Binder
10-17 12:43:43.759 D/dalvikvm(  399): GC_EXPLICIT freed 113K, 39% free 5751K/9287K, paused 4ms+5ms, total 54ms
10-17 12:43:44.109 I/force_gc(  573): Binder
10-17 12:43:44.129 D/dalvikvm(  573): GC_EXPLICIT freed 504K, 69% free 2587K/8195K, paused 2ms+5ms, total 29ms
10-17 12:43:44.129 I/force_gc(  399): Binder
10-17 12:43:44.189 D/dalvikvm(  399): GC_EXPLICIT freed 114K, 39% free 5751K/9287K, paused 3ms+5ms, total 54ms
10-17 12:43:44.539 I/force_gc(  399): Binder
10-17 12:43:44.589 D/dalvikvm(  399): GC_EXPLICIT freed 113K, 39% free 5751K/9287K, paused 3ms+5ms, total 54ms
10-17 12:43:44.699 E/Sensors (  399): sensors_poll_context_t::pollEvents, line 202: receive event #### i=3, nb=1
10-17 12:43:44.939 I/force_gc(  573): Binder
10-17 12:43:44.979 D/dalvikvm(  573): GC_EXPLICIT freed 503K, 69% free 2587K/8195K, paused 2ms+6ms, total 35ms
10-17 12:43:44.979 I/force_gc(  399): Binder
10-17 12:43:45.029 D/dalvikvm(  399): GC_EXPLICIT freed 114K, 39% free 5751K/9287K, paused 3ms+5ms, total 54ms
10-17 12:43:45.379 I/force_gc(  399): Binder
10-17 12:43:45.439 D/dalvikvm(  399): GC_EXPLICIT freed 113K, 39% free 5751K/9287K, paused 3ms+5ms, total 54ms
10-17 12:43:45.519 E/ThermalDaemon(  156): Sensor 'MSM_THERM' - alarm raised 2 at 45.0 degC
10-17 12:43:45.789 I/force_gc(  573): Binder
10-17 12:43:45.819 D/dalvikvm(  573): GC_EXPLICIT freed 503K, 69% free 2587K/8195K, paused 2ms+5ms, total 29ms
10-17 12:43:45.819 I/force_gc(  399): Binder
10-17 12:43:45.869 D/dalvikvm(  399): GC_EXPLICIT freed 114K, 39% free 5751K/9287K, paused 3ms+5ms, total 55ms
10-17 12:43:46.119 E/Sensors (  399): sensors_poll_context_t::pollEvents, line 202: receive event #### i=3, nb=1
10-17 12:43:46.219 I/force_gc(  399): Binder
10-17 12:43:46.269 D/dalvikvm(  399): GC_EXPLICIT freed 113K, 39% free 5751K/9287K, paused 3ms+4ms, total 53ms
10-17 12:43:46.619 I/force_gc(  573): Binder
10-17 12:43:46.649 D/dalvikvm(  573): GC_EXPLICIT freed 504K, 69% free 2587K/8195K, paused 2ms+6ms, total 29ms
10-17 12:43:46.649 I/force_gc(  399): Binder
10-17 12:43:46.699 D/dalvikvm(  399): GC_EXPLICIT freed 114K, 39% free 5751K/9287K, paused 3ms+5ms, total 54ms
10-17 12:43:47.049 I/force_gc(  399): Binder
10-17 12:43:47.109 D/dalvikvm(  399): GC_EXPLICIT freed 113K, 39% free 5751K/9287K, paused 3ms+5ms, total 54ms
10-17 12:43:47.449 I/force_gc(  573): Binder
10-17 12:43:47.479 D/dalvikvm(  573): GC_EXPLICIT freed 504K, 69% free 2587K/8195K, paused 3ms+5ms, total 29ms
10-17 12:43:47.479 I/force_gc(  399): Binder
10-17 12:43:47.539 D/dalvikvm(  399): GC_EXPLICIT freed 113K, 39% free 5751K/9287K, paused 3ms+5ms, total 55ms
10-17 12:43:47.619 E/Sensors (  399): sensors_poll_context_t::pollEvents, line 202: receive event #### i=3, nb=1
10-17 12:43:47.889 I/force_gc(  399): Binder
10-17 12:43:47.939 D/dalvikvm(  399): GC_EXPLICIT freed 113K, 39% free 5751K/9287K, paused 3ms+5ms, total 54ms
10-17 12:43:48.249 E/MP-Decision( 1254): MPDecision server starting
10-17 12:43:48.249 E/MP-Decision( 1254): OPTION ENABLED: Control sleep modes
10-17 12:43:48.249 E/MP-Decision( 1254): OPTION ENABLED: Adjusting average
10-17 12:43:48.249 E/MP-Decision( 1254): 
10-17 12:43:48.249 E/MP-Decision( 1254):  MP Decision Options:
10-17 12:43:48.249 E/MP-Decision( 1254): --poll_ms --decision_ms --no_sleep --avg_comp --debug
10-17 12:43:48.249 E/MP-Decision( 1254): --Nw=[1..3]:[value] --Tw=[1..3]:[value] --Ns=[1..3]:[value] --Ts=[1..3]:[value]
10-17 12:43:48.289 I/force_gc(  573): Binder
10-17 12:43:48.319 D/dalvikvm(  573): GC_EXPLICIT freed 504K, 69% free 2587K/8195K, paused 2ms+6ms, total 29ms
10-17 12:43:48.319 I/force_gc(  399): Binder
10-17 12:43:48.379 D/dalvikvm(  399): GC_EXPLICIT freed 114K, 39% free 5751K/9287K, paused 3ms+5ms, total 54ms
10-17 12:43:48.729 I/force_gc(  399): Binder
10-17 12:43:48.779 D/dalvikvm(  399): GC_EXPLICIT freed 113K, 39% free 5751K/9287K, paused 3ms+4ms, total 53ms
10-17 12:43:49.039 E/Sensors (  399): sensors_poll_context_t::pollEvents, line 202: receive event #### i=3, nb=1
10-17 12:43:49.129 I/force_gc(  573): Binder
10-17 12:43:49.159 D/dalvikvm(  573): GC_EXPLICIT freed 503K, 69% free 2587K/8195K, paused 2ms+6ms, total 35ms
10-17 12:43:49.159 I/force_gc(  399): Binder
10-17 12:43:49.219 D/dalvikvm(  399): GC_EXPLICIT freed 114K, 39% free 5751K/9287K, paused 3ms+5ms, total 55ms
10-17 12:43:49.569 I/force_gc(  399): Binder
10-17 12:43:49.629 D/dalvikvm(  399): GC_EXPLICIT freed 113K, 39% free 5751K/9287K, paused 3ms+5ms, total 54ms
10-17 12:43:49.969 I/force_gc(  573): Binder
10-17 12:43:49.999 D/dalvikvm(  573): GC_EXPLICIT freed 503K, 69% free 2587K/8195K, paused 3ms+6ms, total 29ms
10-17 12:43:49.999 I/force_gc(  399): Binder
10-17 12:43:50.059 D/dalvikvm(  399): GC_EXPLICIT freed 114K, 39% free 5751K/9287K, paused 3ms+5ms, total 54ms
10-17 12:43:50.409 I/force_gc(  399): Binder
10-17 12:43:50.469 D/dalvikvm(  399): GC_EXPLICIT freed 113K, 39% free 5751K/9287K, paused 4ms+5ms, total 54ms
10-17 12:43:50.539 E/Sensors (  399): sensors_poll_context_t::pollEvents, line 202: receive event #### i=3, nb=1
10-17 12:43:50.819 I/force_gc(  573): Binder
10-17 12:43:50.849 D/dalvikvm(  573): GC_EXPLICIT freed 503K, 69% free 2587K/8195K, paused 3ms+6ms, total 30ms
10-17 12:43:50.849 I/force_gc(  399): Binder
10-17 12:43:50.899 D/dalvikvm(  399): GC_EXPLICIT freed 113K, 39% free 5751K/9287K, paused 3ms+5ms, total 55ms
10-17 12:43:51.249 I/force_gc(  399): Binder
10-17 12:43:51.309 D/dalvikvm(  399): GC_EXPLICIT freed 113K, 39% free 5751K/9287K, paused 3ms+5ms, total 54ms
10-17 12:43:51.669 I/force_gc(  573): Binder
10-17 12:43:51.699 D/dalvikvm(  573): GC_EXPLICIT freed 503K, 69% free 2587K/8195K, paused 2ms+6ms, total 35ms
10-17 12:43:51.699 I/force_gc(  399): Binder
10-17 12:43:51.759 D/dalvikvm(  399): GC_EXPLICIT freed 114K, 39% free 5751K/9287K, paused 3ms+4ms, total 54ms
10-17 12:43:51.959 E/Sensors (  399): sensors_poll_context_t::pollEvents, line 202: receive event #### i=3, nb=1
10-17 12:43:52.109 I/force_gc(  399): Binder
10-17 12:43:52.159 D/dalvikvm(  399): GC_EXPLICIT freed 113K, 39% free 5751K/9287K, paused 3ms+5ms, total 54ms
10-17 12:43:52.519 I/force_gc(  573): Binder
10-17 12:43:52.549 D/dalvikvm(  573): GC_EXPLICIT freed 503K, 69% free 2586K/8195K, paused 2ms+5ms, total 36ms
10-17 12:43:52.549 I/force_gc(  399): Binder
10-17 12:43:52.609 D/dalvikvm(  399): GC_EXPLICIT freed 114K, 39% free 5751K/9287K, paused 3ms+5ms, total 54ms
10-17 12:43:52.959 I/force_gc(  399): Binder
10-17 12:43:53.009 D/dalvikvm(  399): GC_EXPLICIT freed 113K, 39% free 5751K/9287K, paused 3ms+4ms, total 53ms
10-17 12:43:53.269 E/MP-Decision( 1257): MPDecision server starting
10-17 12:43:53.269 E/MP-Decision( 1257): OPTION ENABLED: Control sleep modes
10-17 12:43:53.269 E/MP-Decision( 1257): OPTION ENABLED: Adjusting average
10-17 12:43:53.269 E/MP-Decision( 1257): 
10-17 12:43:53.269 E/MP-Decision( 1257):  MP Decision Options:
10-17 12:43:53.269 E/MP-Decision( 1257): --poll_ms --decision_ms --no_sleep --avg_comp --debug
10-17 12:43:53.269 E/MP-Decision( 1257): --Nw=[1..3]:[value] --Tw=[1..3]:[value] --Ns=[1..3]:[value] --Ts=[1..3]:[value]
10-17 12:43:53.369 I/force_gc(  573): Binder
10-17 12:43:53.379 E/Sensors (  399): sensors_poll_context_t::pollEvents, line 202: receive event #### i=3, nb=1
10-17 12:43:53.399 D/dalvikvm(  573): GC_EXPLICIT freed 501K, 69% free 2586K/8195K, paused 2ms+5ms, total 29ms
10-17 12:43:53.399 I/force_gc(  399): Binder
10-17 12:43:53.459 D/dalvikvm(  399): GC_EXPLICIT freed 114K, 39% free 5751K/9287K, paused 3ms+5ms, total 55ms
10-17 12:43:53.809 I/force_gc(  399): Binder
10-17 12:43:53.859 D/dalvikvm(  399): GC_EXPLICIT freed 113K, 39% free 5751K/9287K, paused 3ms+5ms, total 54ms
10-17 12:43:54.209 I/force_gc(  573): Binder
10-17 12:43:54.239 D/dalvikvm(  573): GC_EXPLICIT freed 499K, 69% free 2586K/8195K, paused 2ms+6ms, total 29ms
10-17 12:43:54.239 I/force_gc(  399): Binder
10-17 12:43:54.299 D/dalvikvm(  399): GC_EXPLICIT freed 114K, 39% free 5751K/9287K, paused 4ms+5ms, total 55ms
10-17 12:43:54.649 I/force_gc(  399): Binder
10-17 12:43:54.699 D/dalvikvm(  399): GC_EXPLICIT freed 113K, 39% free 5751K/9287K, paused 3ms+5ms, total 54ms
10-17 12:43:54.799 E/Sensors (  399): sensors_poll_context_t::pollEvents, line 202: receive event #### i=3, nb=1
10-17 12:43:55.049 I/force_gc(  573): Binder
10-17 12:43:55.079 D/dalvikvm(  573): GC_EXPLICIT freed 501K, 69% free 2586K/8195K, paused 3ms+5ms, total 29ms
10-17 12:43:55.079 I/force_gc(  399): Binder
10-17 12:43:55.129 D/dalvikvm(  399): GC_EXPLICIT freed 114K, 39% free 5751K/9287K, paused 3ms+4ms, total 54ms
10-17 12:43:55.489 I/force_gc(  399): Binder
10-17 12:43:55.539 D/dalvikvm(  399): GC_EXPLICIT freed 113K, 39% free 5751K/9287K, paused 3ms+6ms, total 56ms
10-17 12:43:55.889 I/force_gc(  573): Binder
10-17 12:43:55.929 D/dalvikvm(  573): GC_EXPLICIT freed 500K, 69% free 2586K/8195K, paused 2ms+6ms, total 35ms
10-17 12:43:55.929 I/force_gc(  399): Binder
10-17 12:43:55.979 D/dalvikvm(  399): GC_EXPLICIT freed 113K, 39% free 5751K/9287K, paused 3ms+4ms, total 54ms
10-17 12:43:56.229 E/Sensors (  399): sensors_poll_context_t::pollEvents, line 202: receive event #### i=3, nb=1
10-17 12:43:56.329 I/force_gc(  399): Binder
10-17 12:43:56.399 D/dalvikvm(  399): GC_EXPLICIT freed 113K, 39% free 5751K/9287K, paused 4ms+4ms, total 63ms
10-17 12:43:56.749 I/force_gc(  573): Binder
10-17 12:43:56.779 D/dalvikvm(  573): GC_EXPLICIT freed 500K, 69% free 2586K/8195K, paused 2ms+6ms, total 35ms
10-17 12:43:56.779 I/force_gc(  399): Binder
10-17 12:43:56.839 D/dalvikvm(  399): GC_EXPLICIT freed 114K, 39% free 5751K/9287K, paused 3ms+4ms, total 58ms
10-17 12:43:57.189 I/force_gc(  399): Binder
10-17 12:43:57.239 D/dalvikvm(  399): GC_EXPLICIT freed 113K, 39% free 5751K/9287K, paused 3ms+5ms, total 54ms
10-17 12:43:57.589 I/force_gc(  573): Binder
10-17 12:43:57.619 D/dalvikvm(  573): GC_EXPLICIT freed 499K, 69% free 2586K/8195K, paused 2ms+6ms, total 29ms
10-17 12:43:57.619 I/force_gc(  399): Binder
10-17 12:43:57.649 E/Sensors (  399): sensors_poll_context_t::pollEvents, line 202: receive event #### i=3, nb=1
10-17 12:43:57.669 D/dalvikvm(  399): GC_EXPLICIT freed 114K, 39% free 5751K/9287K, paused 3ms+4ms, total 54ms
10-17 12:43:58.019 I/force_gc(  399): Binder
10-17 12:43:58.079 D/dalvikvm(  399): GC_EXPLICIT freed 113K, 39% free 5751K/9287K, paused 3ms+4ms, total 56ms
10-17 12:43:58.289 E/MP-Decision( 1260): MPDecision server starting
10-17 12:43:58.289 E/MP-Decision( 1260): OPTION ENABLED: Control sleep modes
10-17 12:43:58.289 E/MP-Decision( 1260): OPTION ENABLED: Adjusting average
10-17 12:43:58.289 E/MP-Decision( 1260): 
10-17 12:43:58.289 E/MP-Decision( 1260):  MP Decision Options:
10-17 12:43:58.289 E/MP-Decision( 1260): --poll_ms --decision_ms --no_sleep --avg_comp --debug
10-17 12:43:58.289 E/MP-Decision( 1260): --Nw=[1..3]:[value] --Tw=[1..3]:[value] --Ns=[1..3]:[value] --Ts=[1..3]:[value]
10-17 12:43:58.429 D/dalvikvm(  573): WAIT_FOR_CONCURRENT_GC blocked 1ms
10-17 12:43:58.429 I/force_gc(  573): Binder
10-17 12:43:58.459 D/dalvikvm(  573): GC_EXPLICIT freed 500K, 69% free 2586K/8195K, paused 2ms+6ms, total 29ms
10-17 12:43:58.459 I/force_gc(  399): Binder
10-17 12:43:58.509 D/dalvikvm(  399): GC_EXPLICIT freed 114K, 39% free 5751K/9287K, paused 3ms+5ms, total 54ms
10-17 12:43:58.859 I/force_gc(  399): Binder
10-17 12:43:58.909 D/dalvikvm(  399): GC_EXPLICIT freed 113K, 39% free 5751K/9287K, paused 3ms+5ms, total 54ms
10-17 12:43:59.069 E/Sensors (  399): sensors_poll_context_t::pollEvents, line 202: receive event #### i=3, nb=1
10-17 12:43:59.259 I/force_gc(  573): Binder
10-17 12:43:59.289 D/dalvikvm(  573): GC_EXPLICIT freed 497K, 69% free 2586K/8195K, paused 2ms+6ms, total 29ms
10-17 12:43:59.289 I/force_gc(  399): Binder
10-17 12:43:59.349 D/dalvikvm(  399): GC_EXPLICIT freed 114K, 39% free 5751K/9287K, paused 3ms+5ms, total 54ms
10-17 12:43:59.699 I/force_gc(  399): Binder
10-17 12:43:59.759 D/dalvikvm(  399): GC_EXPLICIT freed 113K, 39% free 5751K/9287K, paused 3ms+5ms, total 54ms
10-17 12:44:00.149 I/force_gc(  573): Binder
10-17 12:44:00.179 D/dalvikvm(  573): GC_EXPLICIT freed 500K, 69% free 2586K/8195K, paused 2ms+6ms, total 29ms
10-17 12:44:00.179 I/force_gc(  399): Binder
10-17 12:44:00.239 D/dalvikvm(  399): GC_EXPLICIT freed 130K, 39% free 5752K/9287K, paused 4ms+5ms, total 56ms
10-17 12:44:00.499 E/Sensors (  399): sensors_poll_context_t::pollEvents, line 202: receive event #### i=3, nb=1
10-17 12:44:00.589 I/force_gc(  399): Binder
10-17 12:44:00.649 D/dalvikvm(  399): GC_EXPLICIT freed 115K, 39% free 5751K/9287K, paused 3ms+5ms, total 55ms
10-17 12:44:00.999 D/dalvikvm(  573): WAIT_FOR_CONCURRENT_GC blocked 1ms
10-17 12:44:00.999 I/force_gc(  573): Binder
10-17 12:44:01.029 D/dalvikvm(  573): GC_EXPLICIT freed 500K, 69% free 2586K/8195K, paused 2ms+6ms, total 29ms
10-17 12:44:01.029 D/dalvikvm(  399): WAIT_FOR_CONCURRENT_GC blocked 1ms
10-17 12:44:01.029 I/force_gc(  399): Binder
10-17 12:44:01.079 D/dalvikvm(  399): GC_EXPLICIT freed 114K, 39% free 5750K/9287K, paused 3ms+5ms, total 57ms
10-17 12:44:01.429 I/force_gc(  399): Binder
10-17 12:44:01.489 D/dalvikvm(  399): GC_EXPLICIT freed 113K, 39% free 5751K/9287K, paused 3ms+5ms, total 57ms
10-17 12:44:01.839 I/force_gc(  573): Binder
10-17 12:44:01.869 D/dalvikvm(  573): GC_EXPLICIT freed 498K, 69% free 2586K/8195K, paused 2ms+6ms, total 36ms
10-17 12:44:01.879 I/force_gc(  399): Binder
10-17 12:44:01.919 E/Sensors (  399): sensors_poll_context_t::pollEvents, line 202: receive event #### i=3, nb=1
10-17 12:44:01.929 D/dalvikvm(  399): GC_EXPLICIT freed 114K, 39% free 5750K/9287K, paused 3ms+5ms, total 55ms
10-17 12:44:02.279 I/force_gc(  399): Binder
10-17 12:44:02.339 D/dalvikvm(  399): GC_EXPLICIT freed 113K, 39% free 5751K/9287K, paused 3ms+5ms, total 54ms
10-17 12:44:02.689 I/force_gc(  573): Binder
10-17 12:44:02.719 D/dalvikvm(  573): GC_EXPLICIT freed 497K, 69% free 2586K/8195K, paused 3ms+6ms, total 30ms
10-17 12:44:02.719 I/force_gc(  399): Binder
10-17 12:44:02.769 D/dalvikvm(  399): GC_EXPLICIT freed 114K, 39% free 5750K/9287K, paused 4ms+4ms, total 58ms
10-17 12:44:03.119 I/force_gc(  399): Binder
10-17 12:44:03.179 D/dalvikvm(  399): GC_EXPLICIT freed 113K, 39% free 5751K/9287K, paused 3ms+4ms, total 58ms
10-17 12:44:03.299 E/MP-Decision( 1263): MPDecision server starting
10-17 12:44:03.299 E/MP-Decision( 1263): OPTION ENABLED: Control sleep modes
10-17 12:44:03.299 E/MP-Decision( 1263): OPTION ENABLED: Adjusting average
10-17 12:44:03.299 E/MP-Decision( 1263): 
10-17 12:44:03.299 E/MP-Decision( 1263):  MP Decision Options:
10-17 12:44:03.299 E/MP-Decision( 1263): --poll_ms --decision_ms --no_sleep --avg_comp --debug
10-17 12:44:03.299 E/MP-Decision( 1263): --Nw=[1..3]:[value] --Tw=[1..3]:[value] --Ns=[1..3]:[value] --Ts=[1..3]:[value]
10-17 12:44:03.339 E/Sensors (  399): sensors_poll_context_t::pollEvents, line 202: receive event #### i=3, nb=1
10-17 12:44:03.539 I/force_gc(  573): Binder
10-17 12:44:03.579 D/dalvikvm(  573): GC_EXPLICIT freed 497K, 69% free 2586K/8195K, paused 2ms+6ms, total 37ms
10-17 12:44:03.579 I/force_gc(  399): Binder
10-17 12:44:03.639 D/dalvikvm(  399): GC_EXPLICIT freed 114K, 39% free 5750K/9287K, paused 3ms+6ms, total 59ms
10-17 12:44:03.979 I/force_gc(  399): Binder
10-17 12:44:04.049 D/dalvikvm(  399): GC_EXPLICIT freed 113K, 39% free 5751K/9287K, paused 3ms+5ms, total 68ms
10-17 12:44:04.399 I/force_gc(  573): Binder
10-17 12:44:04.429 D/dalvikvm(  573): GC_EXPLICIT freed 497K, 69% free 2586K/8195K, paused 2ms+5ms, total 35ms
10-17 12:44:04.439 I/force_gc(  399): Binder
10-17 12:44:04.489 D/dalvikvm(  399): GC_EXPLICIT freed 114K, 39% free 5750K/9287K, paused 3ms+5ms, total 58ms
10-17 12:44:04.769 E/Sensors (  399): sensors_poll_context_t::pollEvents, line 202: receive event #### i=3, nb=1
10-17 12:44:04.839 I/force_gc(  399): Binder
10-17 12:44:04.899 D/dalvikvm(  399): GC_EXPLICIT freed 113K, 39% free 5751K/9287K, paused 3ms+4ms, total 57ms
10-17 12:44:05.249 I/force_gc(  573): Binder
10-17 12:44:05.279 D/dalvikvm(  573): GC_EXPLICIT freed 497K, 69% free 2586K/8195K, paused 3ms+6ms, total 30ms
10-17 12:44:05.289 I/force_gc(  399): Binder
10-17 12:44:05.339 D/dalvikvm(  399): GC_EXPLICIT freed 115K, 39% free 5751K/9287K, paused 3ms+4ms, total 57ms
10-17 12:44:05.689 I/force_gc(  399): Binder
10-17 12:44:05.759 D/dalvikvm(  399): GC_EXPLICIT freed 113K, 39% free 5751K/9287K, paused 3ms+5ms, total 65ms
10-17 12:44:06.109 I/force_gc(  573): Binder
10-17 12:44:06.139 D/dalvikvm(  573): GC_EXPLICIT freed 496K, 69% free 2586K/8195K, paused 2ms+6ms, total 29ms
10-17 12:44:06.139 I/force_gc(  399): Binder
10-17 12:44:06.189 E/Sensors (  399): sensors_poll_context_t::pollEvents, line 202: receive event #### i=3, nb=1
10-17 12:44:06.189 D/dalvikvm(  399): GC_EXPLICIT freed 114K, 39% free 5750K/9287K, paused 3ms+5ms, total 55ms
10-17 12:44:06.539 I/force_gc(  399): Binder
10-17 12:44:06.589 D/dalvikvm(  399): GC_EXPLICIT freed 113K, 39% free 5751K/9287K, paused 3ms+4ms, total 55ms
10-17 12:44:06.949 I/force_gc(  573): Binder
10-17 12:44:06.979 D/dalvikvm(  573): GC_EXPLICIT freed 493K, 69% free 2586K/8195K, paused 2ms+5ms, total 30ms
10-17 12:44:06.979 I/force_gc(  399): Binder
10-17 12:44:07.029 D/dalvikvm(  399): GC_EXPLICIT freed 114K, 39% free 5750K/9287K, paused 3ms+4ms, total 54ms
10-17 12:44:07.389 I/force_gc(  399): Binder
10-17 12:44:07.439 D/dalvikvm(  399): GC_EXPLICIT freed 113K, 39% free 5751K/9287K, paused 3ms+5ms, total 54ms
10-17 12:44:07.609 E/Sensors (  399): sensors_poll_context_t::pollEvents, line 202: receive event #### i=3, nb=1
10-17 12:44:07.789 I/force_gc(  573): Binder
10-17 12:44:07.819 D/dalvikvm(  573): GC_EXPLICIT freed 491K, 69% free 2586K/8195K, paused 3ms+5ms, total 29ms
10-17 12:44:07.819 I/force_gc(  399): Binder
10-17 12:44:07.879 D/dalvikvm(  399): GC_EXPLICIT freed 114K, 39% free 5750K/9287K, paused 4ms+4ms, total 56ms
10-17 12:44:08.229 I/force_gc(  399): Binder
10-17 12:44:08.289 D/dalvikvm(  399): GC_EXPLICIT freed 113K, 39% free 5751K/9287K, paused 3ms+5ms, total 56ms
10-17 12:44:08.319 E/MP-Decision( 1266): MPDecision server starting
10-17 12:44:08.319 E/MP-Decision( 1266): OPTION ENABLED: Control sleep modes
10-17 12:44:08.319 E/MP-Decision( 1266): OPTION ENABLED: Adjusting average
10-17 12:44:08.319 E/MP-Decision( 1266): 
10-17 12:44:08.319 E/MP-Decision( 1266):  MP Decision Options:
10-17 12:44:08.319 E/MP-Decision( 1266): --poll_ms --decision_ms --no_sleep --avg_comp --debug
10-17 12:44:08.319 E/MP-Decision( 1266): --Nw=[1..3]:[value] --Tw=[1..3]:[value] --Ns=[1..3]:[value] --Ts=[1..3]:[value]
10-17 12:44:08.649 I/force_gc(  573): Binder
10-17 12:44:08.679 D/dalvikvm(  573): GC_EXPLICIT freed 492K, 69% free 2586K/8195K, paused 2ms+5ms, total 31ms
10-17 12:44:08.679 I/force_gc(  399): Binder
10-17 12:44:08.739 D/dalvikvm(  399): GC_EXPLICIT freed 114K, 39% free 5750K/9287K, paused 3ms+5ms, total 58ms
10-17 12:44:09.039 E/Sensors (  399): sensors_poll_context_t::pollEvents, line 202: receive event #### i=3, nb=1
10-17 12:44:09.079 I/force_gc(  399): Binder
10-17 12:44:09.139 D/dalvikvm(  399): GC_EXPLICIT freed 113K, 39% free 5751K/9287K, paused 4ms+4ms, total 55ms
10-17 12:44:09.509 I/force_gc(  573): Binder
10-17 12:44:09.539 D/dalvikvm(  573): GC_EXPLICIT freed 491K, 69% free 2586K/8195K, paused 2ms+6ms, total 29ms
10-17 12:44:09.539 I/force_gc(  399): Binder
10-17 12:44:09.599 D/dalvikvm(  399): GC_EXPLICIT freed 114K, 39% free 5750K/9287K, paused 3ms+4ms, total 58ms
10-17 12:44:09.949 I/force_gc(  399): Binder
10-17 12:44:10.009 D/dalvikvm(  399): GC_EXPLICIT freed 113K, 39% free 5751K/9287K, paused 3ms+5ms, total 54ms
10-17 12:44:10.359 I/force_gc(  573): Binder
10-17 12:44:10.389 D/dalvikvm(  573): GC_EXPLICIT freed 489K, 69% free 2586K/8195K, paused 2ms+6ms, total 29ms
10-17 12:44:10.389 I/force_gc(  399): Binder
10-17 12:44:10.439 D/dalvikvm(  399): GC_EXPLICIT freed 114K, 39% free 5750K/9287K, paused 4ms+4ms, total 54ms
10-17 12:44:10.529 E/Sensors (  399): sensors_poll_context_t::pollEvents, line 202: receive event #### i=3, nb=1
10-17 12:44:10.789 I/force_gc(  399): Binder
10-17 12:44:10.849 D/dalvikvm(  399): GC_EXPLICIT freed 113K, 39% free 5751K/9287K, paused 3ms+4ms, total 55ms
10-17 12:44:11.189 I/force_gc(  573): Binder
10-17 12:44:11.219 D/dalvikvm(  573): GC_EXPLICIT freed 491K, 69% free 2585K/8195K, paused 2ms+6ms, total 29ms
10-17 12:44:11.219 I/force_gc(  399): Binder
10-17 12:44:11.279 D/dalvikvm(  399): GC_EXPLICIT freed 114K, 39% free 5750K/9287K, paused 3ms+5ms, total 55ms
10-17 12:44:11.629 I/force_gc(  399): Binder
10-17 12:44:11.679 D/dalvikvm(  399): GC_EXPLICIT freed 113K, 39% free 5751K/9287K, paused 3ms+5ms, total 54ms
10-17 12:44:11.949 E/Sensors (  399): sensors_poll_context_t::pollEvents, line 202: receive event #### i=3, nb=1
10-17 12:44:12.019 I/force_gc(  573): Binder
10-17 12:44:12.059 D/dalvikvm(  573): GC_EXPLICIT freed 538K, 69% free 2585K/8195K, paused 3ms+6ms, total 36ms
10-17 12:44:12.059 I/force_gc(  399): Binder
10-17 12:44:12.119 D/dalvikvm(  399): GC_EXPLICIT freed 114K, 39% free 5750K/9287K, paused 3ms+5ms, total 56ms
10-17 12:44:12.459 I/force_gc(  399): Binder
10-17 12:44:12.509 D/dalvikvm(  399): GC_EXPLICIT freed 113K, 39% free 5751K/9287K, paused 3ms+5ms, total 55ms
10-17 12:44:12.849 I/force_gc(  573): Binder
10-17 12:44:12.889 D/dalvikvm(  573): GC_EXPLICIT freed 497K, 69% free 2582K/8195K, paused 2ms+6ms, total 36ms
10-17 12:44:12.889 I/force_gc(  399): Binder
10-17 12:44:12.949 D/dalvikvm(  399): GC_EXPLICIT freed 114K, 39% free 5750K/9287K, paused 3ms+5ms, total 55ms
10-17 12:44:13.289 I/force_gc(  399): Binder
10-17 12:44:13.299 D/dalvikvm(  399): WAIT_FOR_CONCURRENT_GC blocked 1ms
10-17 12:44:13.329 E/MP-Decision( 1270): MPDecision server starting
10-17 12:44:13.329 E/MP-Decision( 1270): OPTION ENABLED: Control sleep modes
10-17 12:44:13.329 E/MP-Decision( 1270): OPTION ENABLED: Adjusting average
10-17 12:44:13.329 E/MP-Decision( 1270): 
10-17 12:44:13.329 E/MP-Decision( 1270):  MP Decision Options:
10-17 12:44:13.329 E/MP-Decision( 1270): --poll_ms --decision_ms --no_sleep --avg_comp --debug
10-17 12:44:13.329 E/MP-Decision( 1270): --Nw=[1..3]:[value] --Tw=[1..3]:[value] --Ns=[1..3]:[value] --Ts=[1..3]:[value]
10-17 12:44:13.359 D/dalvikvm(  399): GC_EXPLICIT freed 113K, 39% free 5751K/9287K, paused 3ms+5ms, total 62ms
10-17 12:44:13.379 E/Sensors (  399): sensors_poll_context_t::pollEvents, line 202: receive event #### i=3, nb=1
10-17 12:44:13.699 I/force_gc(  573): Binder
10-17 12:44:13.729 D/dalvikvm(  573): GC_EXPLICIT freed 492K, 69% free 2583K/8195K, paused 2ms+6ms, total 35ms
10-17 12:44:13.729 I/force_gc(  399): Binder
10-17 12:44:13.789 D/dalvikvm(  399): GC_EXPLICIT freed 114K, 39% free 5750K/9287K, paused 4ms+4ms, total 54ms
10-17 12:44:14.099 I/force_gc(  399): Binder
10-17 12:44:14.149 D/dalvikvm(  399): GC_EXPLICIT freed 113K, 39% free 5751K/9287K, paused 3ms+5ms, total 54ms
10-17 12:44:14.469 I/force_gc(  573): Binder
10-17 12:44:14.499 D/dalvikvm(  573): GC_EXPLICIT freed 502K, 69% free 2566K/8195K, paused 2ms+6ms, total 29ms
10-17 12:44:14.499 I/force_gc(  399): Binder
10-17 12:44:14.559 D/dalvikvm(  399): GC_EXPLICIT freed 114K, 39% free 5750K/9287K, paused 3ms+5ms, total 58ms
10-17 12:44:14.799 E/Sensors (  399): sensors_poll_context_t::pollEvents, line 202: receive event #### i=3, nb=1
10-17 12:44:14.869 I/force_gc(  399): Binder
10-17 12:44:14.919 D/dalvikvm(  399): GC_EXPLICIT freed 113K, 39% free 5751K/9287K, paused 3ms+5ms, total 58ms
10-17 12:44:15.239 I/force_gc(  573): Binder
10-17 12:44:15.269 D/dalvikvm(  573): GC_EXPLICIT freed 502K, 69% free 2566K/8195K, paused 2ms+5ms, total 29ms
10-17 12:44:15.269 I/force_gc(  399): Binder
10-17 12:44:15.319 D/dalvikvm(  399): GC_EXPLICIT freed 114K, 39% free 5750K/9287K, paused 3ms+5ms, total 56ms
10-17 12:44:15.629 I/force_gc(  399): Binder
10-17 12:44:15.689 D/dalvikvm(  399): GC_EXPLICIT freed 113K, 39% free 5751K/9287K, paused 3ms+4ms, total 54ms
10-17 12:44:15.989 I/force_gc(  573): Binder
10-17 12:44:16.029 D/dalvikvm(  573): GC_EXPLICIT freed 503K, 69% free 2566K/8195K, paused 3ms+6ms, total 32ms
10-17 12:44:16.029 I/force_gc(  399): Binder
