10-17 12:41:59.909 E/GSM     ( 1159): [MSimGsmDCT:1] Ignore GSM msgs since GSM phone is not the current DDS
10-17 12:41:59.909 E/PHONE   ( 1159): Settings Exception Reading Dual Sim Data Call Values
10-17 12:41:59.909 E/GSM     ( 1159): [MSimGsmDCT:1] Ignore GSM msgs since GSM phone is not the current DDS
10-17 12:41:59.909 E/PHONE   ( 1159): Settings Exception Reading Dual Sim Data Call Values
10-17 12:41:59.909 E/GSM     ( 1159): [MSimGsmDCT:1] Ignore GSM msgs since GSM phone is not the current DDS
10-17 12:41:59.909 D/GSM     ( 1159): MSimGsmSMSDispatcher: subId = 1 slotId = -1
10-17 12:41:59.909 D/RIL_MSimIccCardProxy( 1159): No card available
10-17 12:41:59.909 D/RIL_MSimIccCardProxy( 1159): No card available
10-17 12:41:59.909 D/RILJ    ( 1159): [0008]> RADIO_POWER on [SUB0]
10-17 12:41:59.909 I/GSM     ( 1159): Network State Changed, get EONS and update operator name display
10-17 12:41:59.909 D/RILJ    ( 1159): [0009]> RADIO_POWER on [SUB0]
10-17 12:41:59.919 D/RILJ    ( 1159): [0010]> BASEBAND_VERSION [SUB0]
10-17 12:41:59.919 D/RILJ    ( 1159): [0011]> GET_IMEI [SUB0]
10-17 12:41:59.919 D/RILJ    ( 1159): [0012]> GET_IMEISV [SUB0]
10-17 12:41:59.919 E/PHONE   ( 1159): Settings Exception Reading Dual Sim Data Call Values
10-17 12:41:59.919 D/RILJ    ( 1159): [0013]> RADIO_POWER on [SUB1]
10-17 12:41:59.919 I/GSM     ( 1159): Network State Changed, get EONS and update operator name display
10-17 12:41:59.919 D/RILJ    ( 1159): [0014]> RADIO_POWER on [SUB1]
10-17 12:41:59.919 D/RILJ    ( 1159): [0015]> BASEBAND_VERSION [SUB1]
10-17 12:41:59.919 D/RILJ    ( 1159): [0016]> GET_IMEI [SUB1]
10-17 12:41:59.919 D/RILJ    ( 1159): [0017]> GET_IMEISV [SUB1]
10-17 12:41:59.929 E/PHONE   ( 1159): Settings Exception Reading Dual Sim Data Call Values
10-17 12:41:59.929 E/GSM     ( 1159): [MSimGsmDCT:1] Ignore GSM msgs since GSM phone is not the current DDS
10-17 12:41:59.939 D/Bluetooth HSHFP( 1159): Starting BluetoothHeadsetService
10-17 12:41:59.939 I/notification_cancel(  399): [com.android.phone,5,NULL,0,64]
10-17 12:41:59.949 V/MSimPhoneApp( 1159): Action intent recieved:android.intent.action.ANY_DATA_STATE
10-17 12:41:59.949 V/MSimPhoneApp( 1159): Action intent recieved:android.intent.action.SIM_STATE_CHANGED
10-17 12:41:59.949 V/MSimPhoneApp( 1159): Action intent recieved:android.intent.action.SERVICE_STATE
10-17 12:41:59.949 V/MSimPhoneApp( 1159): Action intent recieved:android.media.RINGER_MODE_CHANGED
10-17 12:41:59.949 D/SubscriptionManager( 1159): EVENT_CARD_INFO_NOT_AVAILABLE
10-17 12:41:59.949 D/SubscriptionManager( 1159): processCardInfoNotAvailable on cardIndex = 0 reason = REASON_RADIO_UNAVAILABLE
10-17 12:41:59.949 D/SubscriptionManager( 1159): processCardInfoNotAvailable mSetSubsModeRequired = true
10-17 12:41:59.949 D/SubscriptionManager( 1159): EVENT_CARD_INFO_NOT_AVAILABLE
10-17 12:41:59.949 D/SubscriptionManager( 1159): processCardInfoNotAvailable on cardIndex = 1 reason = REASON_RADIO_UNAVAILABLE
10-17 12:41:59.949 D/SubscriptionManager( 1159): processCardInfoNotAvailable mSetSubsModeRequired = true
10-17 12:41:59.949 V/MSimPhoneApp( 1159): Action intent recieved:android.intent.action.SERVICE_STATE
10-17 12:41:59.949 V/MSimPhoneApp( 1159): Action intent recieved:android.intent.action.ANY_DATA_STATE
10-17 12:41:59.949 V/MSimPhoneApp( 1159): Action intent recieved:android.intent.action.ANY_DATA_STATE
10-17 12:41:59.949 V/MSimPhoneApp( 1159): Action intent recieved:android.intent.action.ANY_DATA_STATE
10-17 12:41:59.949 V/MSimPhoneApp( 1159): Action intent recieved:android.intent.action.ANY_DATA_STATE
10-17 12:41:59.949 V/MSimPhoneApp( 1159): Action intent recieved:android.intent.action.ANY_DATA_STATE
10-17 12:41:59.949 V/MSimPhoneApp( 1159): Action intent recieved:android.intent.action.ANY_DATA_STATE
10-17 12:41:59.949 V/MSimPhoneApp( 1159): Action intent recieved:android.intent.action.ANY_DATA_STATE
10-17 12:41:59.949 V/MSimPhoneApp( 1159): Action intent recieved:android.intent.action.ANY_DATA_STATE
10-17 12:41:59.949 I/notification_cancel(  399): [com.android.phone,6,NULL,0,64]
10-17 12:41:59.949 I/notification_cancel(  399): [com.android.phone,5,NULL,0,64]
10-17 12:41:59.949 I/notification_cancel(  399): [com.android.phone,21,NULL,0,64]
10-17 12:41:59.959 V/MSimPhoneApp( 1159): Action intent recieved:android.intent.action.ANY_DATA_STATE
10-17 12:41:59.959 V/MSimPhoneApp( 1159): Action intent recieved:android.intent.action.ANY_DATA_STATE
10-17 12:41:59.959 V/MSimPhoneApp( 1159): Action intent recieved:android.intent.action.ANY_DATA_STATE
10-17 12:41:59.959 V/MSimPhoneApp( 1159): Action intent recieved:android.intent.action.ANY_DATA_STATE
10-17 12:41:59.959 V/MSimPhoneApp( 1159): Action intent recieved:android.intent.action.ANY_DATA_STATE
10-17 12:41:59.959 V/MSimPhoneApp( 1159): Action intent recieved:android.intent.action.ANY_DATA_STATE
10-17 12:41:59.959 V/MSimPhoneApp( 1159): Action intent recieved:android.intent.action.ANY_DATA_STATE
10-17 12:41:59.959 V/MSimPhoneApp( 1159): Action intent recieved:android.intent.action.ANY_DATA_STATE
10-17 12:41:59.959 V/MSimPhoneApp( 1159): Action intent recieved:android.intent.action.ANY_DATA_STATE
10-17 12:41:59.959 V/MSimPhoneApp( 1159): Action intent recieved:android.intent.action.ANY_DATA_STATE
10-17 12:41:59.959 V/MSimPhoneApp( 1159): Action intent recieved:android.intent.action.ANY_DATA_STATE
10-17 12:41:59.959 V/MSimPhoneApp( 1159): Action intent recieved:android.intent.action.ANY_DATA_STATE
10-17 12:41:59.959 V/MSimPhoneApp( 1159): Action intent recieved:android.intent.action.ANY_DATA_STATE
10-17 12:41:59.959 V/MSimPhoneApp( 1159): Action intent recieved:android.intent.action.ANY_DATA_STATE
10-17 12:41:59.959 V/MSimPhoneApp( 1159): Action intent recieved:android.intent.action.ANY_DATA_STATE
10-17 12:41:59.959 V/MSimPhoneApp( 1159): Action intent recieved:android.intent.action.ANY_DATA_STATE
10-17 12:41:59.959 V/MSimPhoneApp( 1159): Action intent recieved:android.intent.action.ANY_DATA_STATE
10-17 12:41:59.959 V/MSimPhoneApp( 1159): Action intent recieved:android.intent.action.ANY_DATA_STATE
10-17 12:41:59.959 V/MSimPhoneApp( 1159): Action intent recieved:android.intent.action.ANY_DATA_STATE
10-17 12:41:59.959 V/MSimPhoneApp( 1159): Action intent recieved:android.intent.action.ANY_DATA_STATE
10-17 12:41:59.969 V/MSimPhoneApp( 1159): Action intent recieved:android.intent.action.ANY_DATA_STATE
10-17 12:41:59.969 V/MSimPhoneApp( 1159): Action intent recieved:android.intent.action.ANY_DATA_STATE
10-17 12:41:59.969 V/MSimPhoneApp( 1159): Action intent recieved:android.intent.action.ANY_DATA_STATE
10-17 12:41:59.969 V/MSimPhoneApp( 1159): Action intent recieved:android.intent.action.ANY_DATA_STATE
10-17 12:41:59.969 V/MSimPhoneApp( 1159): Action intent recieved:android.intent.action.ANY_DATA_STATE
10-17 12:41:59.969 V/MSimPhoneApp( 1159): Action intent recieved:android.intent.action.ANY_DATA_STATE
10-17 12:41:59.969 V/MSimPhoneApp( 1159): Action intent recieved:android.intent.action.ANY_DATA_STATE
10-17 12:41:59.969 V/MSimPhoneApp( 1159): Action intent recieved:android.intent.action.ANY_DATA_STATE
10-17 12:41:59.979 V/MSimPhoneApp( 1159): Action intent recieved:android.intent.action.ANY_DATA_STATE
10-17 12:41:59.979 V/MSimPhoneApp( 1159): Action intent recieved:android.intent.action.SERVICE_STATE
10-17 12:41:59.979 I/notification_cancel(  399): [com.android.phone,7,NULL,0,64]
10-17 12:41:59.979 I/notification_cancel(  399): [com.android.phone,7,NULL,0,64]
10-17 12:41:59.989 I/notification_cancel(  399): [com.android.phone,7,NULL,0,64]
10-17 12:41:59.989 I/notification_cancel(  399): [com.android.phone,7,NULL,0,64]
10-17 12:41:59.989 I/notification_cancel(  399): [com.android.phone,7,NULL,0,64]
10-17 12:41:59.989 I/notification_cancel(  399): [com.android.phone,7,NULL,0,64]
10-17 12:41:59.989 I/notification_cancel(  399): [com.android.phone,7,NULL,0,64]
10-17 12:41:59.989 I/notification_cancel(  399): [com.android.phone,7,NULL,0,64]
10-17 12:41:59.989 I/notification_cancel(  399): [com.android.phone,7,NULL,0,64]
10-17 12:41:59.989 I/notification_cancel(  399): [com.android.phone,7,NULL,0,64]
10-17 12:41:59.989 I/notification_cancel(  399): [com.android.phone,7,NULL,0,64]
10-17 12:41:59.989 I/notification_cancel(  399): [com.android.phone,7,NULL,0,64]
10-17 12:41:59.989 I/notification_cancel(  399): [com.android.phone,7,NULL,0,64]
10-17 12:41:59.989 I/notification_cancel(  399): [com.android.phone,7,NULL,0,64]
10-17 12:41:59.989 I/notification_cancel(  399): [com.android.phone,7,NULL,0,64]
10-17 12:41:59.989 I/notification_cancel(  399): [com.android.phone,7,NULL,0,64]
10-17 12:41:59.989 I/notification_cancel(  399): [com.android.phone,7,NULL,0,64]
10-17 12:41:59.989 I/notification_cancel(  399): [com.android.phone,7,NULL,0,64]
10-17 12:41:59.989 I/notification_cancel(  399): [com.android.phone,7,NULL,0,64]
10-17 12:41:59.989 I/notification_cancel(  399): [com.android.phone,7,NULL,0,64]
10-17 12:41:59.989 I/notification_cancel(  399): [com.android.phone,7,NULL,0,64]
10-17 12:41:59.989 I/notification_cancel(  399): [com.android.phone,7,NULL,0,64]
10-17 12:41:59.989 I/notification_cancel(  399): [com.android.phone,7,NULL,0,64]
10-17 12:41:59.999 I/notification_cancel(  399): [com.android.phone,7,NULL,0,64]
10-17 12:41:59.999 I/notification_cancel(  399): [com.android.phone,7,NULL,0,64]
10-17 12:41:59.999 I/notification_cancel(  399): [com.android.phone,7,NULL,0,64]
10-17 12:41:59.999 I/notification_cancel(  399): [com.android.phone,7,NULL,0,64]
10-17 12:41:59.999 I/notification_cancel(  399): [com.android.phone,7,NULL,0,64]
10-17 12:41:59.999 I/notification_cancel(  399): [com.android.phone,7,NULL,0,64]
10-17 12:41:59.999 I/notification_cancel(  399): [com.android.phone,7,NULL,0,64]
10-17 12:41:59.999 I/notification_cancel(  399): [com.android.phone,7,NULL,0,64]
10-17 12:41:59.999 I/notification_cancel(  399): [com.android.phone,7,NULL,0,64]
10-17 12:41:59.999 I/notification_cancel(  399): [com.android.phone,7,NULL,0,64]
10-17 12:41:59.999 I/notification_cancel(  399): [com.android.phone,7,NULL,0,64]
10-17 12:41:59.999 I/notification_cancel(  399): [com.android.phone,7,NULL,0,64]
10-17 12:41:59.999 I/notification_cancel(  399): [com.android.phone,7,NULL,0,64]
10-17 12:41:59.999 I/notification_cancel(  399): [com.android.phone,7,NULL,0,64]
10-17 12:41:59.999 I/notification_cancel(  399): [com.android.phone,7,NULL,0,64]
10-17 12:42:00.009 V/SipBroadcastReceiver( 1159): start auto registration
10-17 12:42:01.209 E/Sensors (  399): sensors_poll_context_t::pollEvents, line 202: receive event #### i=3, nb=1
10-17 12:42:02.439 I/battery_level(  399): [89,4056,340]
10-17 12:42:02.629 E/Sensors (  399): sensors_poll_context_t::pollEvents, line 202: receive event #### i=3, nb=1
10-17 12:42:02.919 E/MP-Decision( 1187): MPDecision server starting
10-17 12:42:02.919 E/MP-Decision( 1187): OPTION ENABLED: Control sleep modes
10-17 12:42:02.919 E/MP-Decision( 1187): OPTION ENABLED: Adjusting average
10-17 12:42:02.919 E/MP-Decision( 1187): 
10-17 12:42:02.919 E/MP-Decision( 1187):  MP Decision Options:
10-17 12:42:02.919 E/MP-Decision( 1187): --poll_ms --decision_ms --no_sleep --avg_comp --debug
10-17 12:42:02.919 E/MP-Decision( 1187): --Nw=[1..3]:[value] --Tw=[1..3]:[value] --Ns=[1..3]:[value] --Ts=[1..3]:[value]
10-17 12:42:04.059 E/Sensors (  399): sensors_poll_context_t::pollEvents, line 202: receive event #### i=3, nb=1
10-17 12:42:04.989 D/dalvikvm(  573): GC_CONCURRENT freed 1778K, 72% free 2337K/8195K, paused 2ms+2ms, total 21ms
10-17 12:42:05.479 E/Sensors (  399): sensors_poll_context_t::pollEvents, line 202: receive event #### i=3, nb=1
10-17 12:42:06.919 E/Sensors (  399): sensors_poll_context_t::pollEvents, line 202: receive event #### i=3, nb=1
10-17 12:42:07.939 E/MP-Decision( 1190): MPDecision server starting
10-17 12:42:07.939 E/MP-Decision( 1190): OPTION ENABLED: Control sleep modes
10-17 12:42:07.939 E/MP-Decision( 1190): OPTION ENABLED: Adjusting average
10-17 12:42:07.939 E/MP-Decision( 1190): 
10-17 12:42:07.939 E/MP-Decision( 1190):  MP Decision Options:
10-17 12:42:07.939 E/MP-Decision( 1190): --poll_ms --decision_ms --no_sleep --avg_comp --debug
10-17 12:42:07.939 E/MP-Decision( 1190): --Nw=[1..3]:[value] --Tw=[1..3]:[value] --Ns=[1..3]:[value] --Ts=[1..3]:[value]
10-17 12:42:08.349 E/Sensors (  399): sensors_poll_context_t::pollEvents, line 202: receive event #### i=3, nb=1
10-17 12:42:09.769 E/Sensors (  399): sensors_poll_context_t::pollEvents, line 202: receive event #### i=3, nb=1
10-17 12:42:11.199 E/Sensors (  399): sensors_poll_context_t::pollEvents, line 202: receive event #### i=3, nb=1
10-17 12:42:12.619 E/Sensors (  399): sensors_poll_context_t::pollEvents, line 202: receive event #### i=3, nb=1
10-17 12:42:12.959 E/MP-Decision( 1193): MPDecision server starting
10-17 12:42:12.959 E/MP-Decision( 1193): OPTION ENABLED: Control sleep modes
10-17 12:42:12.959 E/MP-Decision( 1193): OPTION ENABLED: Adjusting average
10-17 12:42:12.959 E/MP-Decision( 1193): 
10-17 12:42:12.959 E/MP-Decision( 1193):  MP Decision Options:
10-17 12:42:12.959 E/MP-Decision( 1193): --poll_ms --decision_ms --no_sleep --avg_comp --debug
10-17 12:42:12.959 E/MP-Decision( 1193): --Nw=[1..3]:[value] --Tw=[1..3]:[value] --Ns=[1..3]:[value] --Ts=[1..3]:[value]
10-17 12:42:14.039 E/Sensors (  399): sensors_poll_context_t::pollEvents, line 202: receive event #### i=3, nb=1
10-17 12:42:15.529 E/Sensors (  399): sensors_poll_context_t::pollEvents, line 202: receive event #### i=3, nb=1
10-17 12:42:16.959 E/Sensors (  399): sensors_poll_context_t::pollEvents, line 202: receive event #### i=3, nb=1
10-17 12:42:17.969 E/MP-Decision( 1196): MPDecision server starting
10-17 12:42:17.969 E/MP-Decision( 1196): OPTION ENABLED: Control sleep modes
10-17 12:42:17.969 E/MP-Decision( 1196): OPTION ENABLED: Adjusting average
10-17 12:42:17.969 E/MP-Decision( 1196): 
10-17 12:42:17.969 E/MP-Decision( 1196):  MP Decision Options:
10-17 12:42:17.969 E/MP-Decision( 1196): --poll_ms --decision_ms --no_sleep --avg_comp --debug
10-17 12:42:17.969 E/MP-Decision( 1196): --Nw=[1..3]:[value] --Tw=[1..3]:[value] --Ns=[1..3]:[value] --Ts=[1..3]:[value]
10-17 12:42:18.379 E/Sensors (  399): sensors_poll_context_t::pollEvents, line 202: receive event #### i=3, nb=1
10-17 12:42:19.799 E/Sensors (  399): sensors_poll_context_t::pollEvents, line 202: receive event #### i=3, nb=1
10-17 12:42:21.219 E/Sensors (  399): sensors_poll_context_t::pollEvents, line 202: receive event #### i=3, nb=1
10-17 12:42:22.639 E/Sensors (  399): sensors_poll_context_t::pollEvents, line 202: receive event #### i=3, nb=1
10-17 12:42:22.989 E/MP-Decision( 1199): MPDecision server starting
10-17 12:42:22.989 E/MP-Decision( 1199): OPTION ENABLED: Control sleep modes
10-17 12:42:22.989 E/MP-Decision( 1199): OPTION ENABLED: Adjusting average
10-17 12:42:22.989 E/MP-Decision( 1199): 
10-17 12:42:22.989 E/MP-Decision( 1199):  MP Decision Options:
10-17 12:42:22.989 E/MP-Decision( 1199): --poll_ms --decision_ms --no_sleep --avg_comp --debug
10-17 12:42:22.989 E/MP-Decision( 1199): --Nw=[1..3]:[value] --Tw=[1..3]:[value] --Ns=[1..3]:[value] --Ts=[1..3]:[value]
10-17 12:42:24.059 E/Sensors (  399): sensors_poll_context_t::pollEvents, line 202: receive event #### i=3, nb=1
10-17 12:42:24.669 D/dalvikvm(  573): GC_CONCURRENT freed 1731K, 72% free 2339K/8195K, paused 1ms+1ms, total 20ms
10-17 12:42:25.489 E/Sensors (  399): sensors_poll_context_t::pollEvents, line 202: receive event #### i=3, nb=1
10-17 12:42:26.529 I/force_gc(  399): Binder
10-17 12:42:26.589 D/dalvikvm(  399): GC_EXPLICIT freed 781K, 38% free 5802K/9287K, paused 3ms+5ms, total 57ms
10-17 12:42:26.919 E/Sensors (  399): sensors_poll_context_t::pollEvents, line 202: receive event #### i=3, nb=1
10-17 12:42:26.939 I/force_gc(  573): Binder
10-17 12:42:26.959 D/dalvikvm(  573): GC_EXPLICIT freed 738K, 70% free 2486K/8195K, paused 2ms+4ms, total 27ms
10-17 12:42:26.969 I/force_gc(  399): Binder
10-17 12:42:27.019 D/dalvikvm(  399): GC_EXPLICIT freed 164K, 39% free 5752K/9287K, paused 3ms+4ms, total 55ms
10-17 12:42:27.359 I/force_gc(  399): Binder
10-17 12:42:27.419 D/dalvikvm(  399): GC_EXPLICIT freed 113K, 39% free 5752K/9287K, paused 3ms+6ms, total 55ms
10-17 12:42:27.549 W/MediaScanner(  573): Error opening directory '/storage/sdcard1/.android_secure/', skipping: Permission denied.
10-17 12:42:27.799 I/force_gc(  573): Binder
10-17 12:42:27.829 D/dalvikvm(  573): GC_EXPLICIT freed 397K, 69% free 2583K/8195K, paused 2ms+5ms, total 29ms
10-17 12:42:27.829 I/force_gc(  399): Binder
10-17 12:42:27.889 D/dalvikvm(  399): GC_EXPLICIT freed 115K, 39% free 5752K/9287K, paused 3ms+4ms, total 55ms
10-17 12:42:27.999 E/MP-Decision( 1202): MPDecision server starting
10-17 12:42:27.999 E/MP-Decision( 1202): OPTION ENABLED: Control sleep modes
10-17 12:42:27.999 E/MP-Decision( 1202): OPTION ENABLED: Adjusting average
10-17 12:42:27.999 E/MP-Decision( 1202): 
10-17 12:42:27.999 E/MP-Decision( 1202):  MP Decision Options:
10-17 12:42:27.999 E/MP-Decision( 1202): --poll_ms --decision_ms --no_sleep --avg_comp --debug
10-17 12:42:27.999 E/MP-Decision( 1202): --Nw=[1..3]:[value] --Tw=[1..3]:[value] --Ns=[1..3]:[value] --Ts=[1..3]:[value]
10-17 12:42:28.259 I/force_gc(  399): Binder
10-17 12:42:28.319 D/dalvikvm(  399): GC_EXPLICIT freed 113K, 39% free 5752K/9287K, paused 3ms+5ms, total 54ms
10-17 12:42:28.339 E/Sensors (  399): sensors_poll_context_t::pollEvents, line 202: receive event #### i=3, nb=1
10-17 12:42:28.649 I/force_gc(  573): Binder
10-17 12:42:28.679 D/dalvikvm(  573): GC_EXPLICIT freed 478K, 69% free 2584K/8195K, paused 2ms+5ms, total 29ms
10-17 12:42:28.679 I/force_gc(  399): Binder
10-17 12:42:28.739 D/dalvikvm(  399): GC_EXPLICIT freed 114K, 39% free 5752K/9287K, paused 3ms+4ms, total 58ms
10-17 12:42:29.069 I/force_gc(  399): Binder
10-17 12:42:29.129 D/dalvikvm(  399): GC_EXPLICIT freed 113K, 39% free 5752K/9287K, paused 3ms+5ms, total 59ms
10-17 12:42:29.459 I/force_gc(  573): Binder
10-17 12:42:29.489 D/dalvikvm(  573): GC_EXPLICIT freed 470K, 69% free 2585K/8195K, paused 2ms+5ms, total 29ms
10-17 12:42:29.489 I/force_gc(  399): Binder
10-17 12:42:29.539 D/dalvikvm(  399): GC_EXPLICIT freed 120K, 39% free 5753K/9287K, paused 3ms+4ms, total 58ms
10-17 12:42:29.759 E/Sensors (  399): sensors_poll_context_t::pollEvents, line 202: receive event #### i=3, nb=1
10-17 12:42:29.879 I/force_gc(  399): Binder
10-17 12:42:29.939 D/dalvikvm(  399): GC_EXPLICIT freed 114K, 39% free 5752K/9287K, paused 3ms+5ms, total 58ms
10-17 12:42:30.269 I/force_gc(  573): Binder
10-17 12:42:30.299 D/dalvikvm(  573): GC_EXPLICIT freed 478K, 69% free 2585K/8195K, paused 2ms+6ms, total 29ms
10-17 12:42:30.299 I/force_gc(  399): Binder
10-17 12:42:30.359 D/dalvikvm(  399): GC_EXPLICIT freed 114K, 39% free 5751K/9287K, paused 4ms+5ms, total 59ms
10-17 12:42:30.699 I/force_gc(  399): Binder
10-17 12:42:30.759 D/dalvikvm(  399): GC_EXPLICIT freed 113K, 39% free 5752K/9287K, paused 3ms+5ms, total 58ms
10-17 12:42:31.089 I/force_gc(  573): Binder
10-17 12:42:31.119 D/dalvikvm(  573): GC_EXPLICIT freed 470K, 69% free 2580K/8195K, paused 2ms+6ms, total 29ms
10-17 12:42:31.119 I/force_gc(  399): Binder
10-17 12:42:31.179 D/dalvikvm(  399): GC_EXPLICIT freed 114K, 39% free 5751K/9287K, paused 3ms+4ms, total 58ms
10-17 12:42:31.179 E/Sensors (  399): sensors_poll_context_t::pollEvents, line 202: receive event #### i=3, nb=1
10-17 12:42:31.629 I/force_gc(  399): Binder
10-17 12:42:31.689 D/dalvikvm(  399): GC_EXPLICIT freed 113K, 39% free 5752K/9287K, paused 3ms+5ms, total 58ms
10-17 12:42:32.019 I/force_gc(  573): Binder
10-17 12:42:32.049 D/dalvikvm(  573): GC_EXPLICIT freed 491K, 69% free 2582K/8195K, paused 2ms+6ms, total 29ms
10-17 12:42:32.049 I/force_gc(  399): Binder
10-17 12:42:32.109 D/dalvikvm(  399): GC_EXPLICIT freed 114K, 39% free 5751K/9287K, paused 3ms+5ms, total 55ms
10-17 12:42:32.449 I/force_gc(  399): Binder
10-17 12:42:32.499 D/dalvikvm(  399): GC_EXPLICIT freed 113K, 39% free 5752K/9287K, paused 3ms+4ms, total 58ms
10-17 12:42:32.679 E/Sensors (  399): sensors_poll_context_t::pollEvents, line 202: receive event #### i=3, nb=1
10-17 12:42:32.849 I/force_gc(  573): Binder
10-17 12:42:32.879 D/dalvikvm(  573): GC_EXPLICIT freed 496K, 69% free 2584K/8195K, paused 3ms+5ms, total 35ms
10-17 12:42:32.879 I/force_gc(  399): Binder
10-17 12:42:32.939 D/dalvikvm(  399): GC_EXPLICIT freed 113K, 39% free 5751K/9287K, paused 3ms+5ms, total 58ms
10-17 12:42:33.019 E/MP-Decision( 1206): MPDecision server starting
10-17 12:42:33.019 E/MP-Decision( 1206): OPTION ENABLED: Control sleep modes
10-17 12:42:33.019 E/MP-Decision( 1206): OPTION ENABLED: Adjusting average
10-17 12:42:33.019 E/MP-Decision( 1206): 
10-17 12:42:33.019 E/MP-Decision( 1206):  MP Decision Options:
10-17 12:42:33.019 E/MP-Decision( 1206): --poll_ms --decision_ms --no_sleep --avg_comp --debug
10-17 12:42:33.019 E/MP-Decision( 1206): --Nw=[1..3]:[value] --Tw=[1..3]:[value] --Ns=[1..3]:[value] --Ts=[1..3]:[value]
10-17 12:42:33.279 I/force_gc(  399): Binder
10-17 12:42:33.339 D/dalvikvm(  399): GC_EXPLICIT freed 113K, 39% free 5752K/9287K, paused 4ms+4ms, total 58ms
10-17 12:42:33.679 I/force_gc(  573): Binder
10-17 12:42:33.699 D/dalvikvm(  573): GC_EXPLICIT freed 498K, 69% free 2585K/8195K, paused 2ms+6ms, total 29ms
10-17 12:42:33.709 I/force_gc(  399): Binder
10-17 12:42:33.759 D/dalvikvm(  399): GC_EXPLICIT freed 114K, 39% free 5751K/9287K, paused 3ms+5ms, total 58ms
10-17 12:42:34.089 I/force_gc(  399): Binder
10-17 12:42:34.099 E/Sensors (  399): sensors_poll_context_t::pollEvents, line 202: receive event #### i=3, nb=1
10-17 12:42:34.149 D/dalvikvm(  399): GC_EXPLICIT freed 113K, 39% free 5752K/9287K, paused 3ms+4ms, total 58ms
10-17 12:42:34.489 I/force_gc(  573): Binder
10-17 12:42:34.519 D/dalvikvm(  573): GC_EXPLICIT freed 498K, 69% free 2585K/8195K, paused 2ms+6ms, total 29ms
10-17 12:42:34.519 I/force_gc(  399): Binder
10-17 12:42:34.569 D/dalvikvm(  399): GC_EXPLICIT freed 115K, 39% free 5752K/9287K, paused 3ms+5ms, total 57ms
10-17 12:42:34.909 I/force_gc(  399): Binder
10-17 12:42:34.969 D/dalvikvm(  399): GC_EXPLICIT freed 113K, 39% free 5752K/9287K, paused 3ms+5ms, total 58ms
10-17 12:42:35.309 I/force_gc(  573): Binder
10-17 12:42:35.339 D/dalvikvm(  573): GC_EXPLICIT freed 498K, 69% free 2585K/8195K, paused 3ms+5ms, total 36ms
10-17 12:42:35.339 I/force_gc(  399): Binder
10-17 12:42:35.399 D/dalvikvm(  399): GC_EXPLICIT freed 114K, 39% free 5751K/9287K, paused 3ms+4ms, total 57ms
10-17 12:42:35.519 E/Sensors (  399): sensors_poll_context_t::pollEvents, line 202: receive event #### i=3, nb=1
10-17 12:42:35.729 I/force_gc(  399): Binder
10-17 12:42:35.789 D/dalvikvm(  399): GC_EXPLICIT freed 113K, 39% free 5752K/9287K, paused 3ms+4ms, total 57ms
10-17 12:42:36.129 I/force_gc(  573): Binder
10-17 12:42:36.159 D/dalvikvm(  573): GC_EXPLICIT freed 498K, 69% free 2585K/8195K, paused 2ms+5ms, total 29ms
10-17 12:42:36.159 I/force_gc(  399): Binder
10-17 12:42:36.219 D/dalvikvm(  399): GC_EXPLICIT freed 114K, 39% free 5751K/9287K, paused 3ms+4ms, total 58ms
10-17 12:42:36.549 I/force_gc(  399): Binder
10-17 12:42:36.599 D/dalvikvm(  399): GC_EXPLICIT freed 113K, 39% free 5752K/9287K, paused 3ms+5ms, total 58ms
10-17 12:42:36.949 I/force_gc(  573): Binder
10-17 12:42:36.979 D/dalvikvm(  573): GC_EXPLICIT freed 498K, 69% free 2585K/8195K, paused 2ms+5ms, total 29ms
10-17 12:42:36.979 I/force_gc(  399): Binder
10-17 12:42:37.019 E/Sensors (  399): sensors_poll_context_t::pollEvents, line 202: receive event #### i=3, nb=1
10-17 12:42:37.039 D/dalvikvm(  399): GC_EXPLICIT freed 114K, 39% free 5751K/9287K, paused 3ms+5ms, total 58ms
10-17 12:42:37.369 I/force_gc(  399): Binder
10-17 12:42:37.419 D/dalvikvm(  399): GC_EXPLICIT freed 113K, 39% free 5752K/9287K, paused 3ms+4ms, total 53ms
10-17 12:42:37.759 I/force_gc(  573): Binder
10-17 12:42:37.789 D/dalvikvm(  573): GC_EXPLICIT freed 499K, 69% free 2585K/8195K, paused 2ms+5ms, total 30ms
10-17 12:42:37.789 I/force_gc(  399): Binder
10-17 12:42:37.839 D/dalvikvm(  399): GC_EXPLICIT freed 114K, 39% free 5751K/9287K, paused 3ms+4ms, total 54ms
10-17 12:42:38.029 E/MP-Decision( 1210): MPDecision server starting
10-17 12:42:38.029 E/MP-Decision( 1210): OPTION ENABLED: Control sleep modes
10-17 12:42:38.029 E/MP-Decision( 1210): OPTION ENABLED: Adjusting average
10-17 12:42:38.029 E/MP-Decision( 1210): 
10-17 12:42:38.029 E/MP-Decision( 1210):  MP Decision Options:
10-17 12:42:38.029 E/MP-Decision( 1210): --poll_ms --decision_ms --no_sleep --avg_comp --debug
10-17 12:42:38.029 E/MP-Decision( 1210): --Nw=[1..3]:[value] --Tw=[1..3]:[value] --Ns=[1..3]:[value] --Ts=[1..3]:[value]
10-17 12:42:38.189 I/force_gc(  399): Binder
10-17 12:42:38.239 D/dalvikvm(  399): GC_EXPLICIT freed 113K, 39% free 5752K/9287K, paused 3ms+5ms, total 54ms
10-17 12:42:38.509 E/Sensors (  399): sensors_poll_context_t::pollEvents, line 202: receive event #### i=3, nb=1
10-17 12:42:38.579 I/force_gc(  573): Binder
10-17 12:42:38.609 D/dalvikvm(  573): GC_EXPLICIT freed 497K, 69% free 2586K/8195K, paused 2ms+6ms, total 29ms
10-17 12:42:38.609 I/force_gc(  399): Binder
10-17 12:42:38.669 D/dalvikvm(  399): GC_EXPLICIT freed 114K, 39% free 5751K/9287K, paused 3ms+5ms, total 58ms
10-17 12:42:38.999 I/force_gc(  399): Binder
10-17 12:42:39.059 D/dalvikvm(  399): GC_EXPLICIT freed 113K, 39% free 5752K/9287K, paused 3ms+5ms, total 57ms
10-17 12:42:39.389 I/force_gc(  573): Binder
10-17 12:42:39.419 D/dalvikvm(  573): GC_EXPLICIT freed 498K, 69% free 2586K/8195K, paused 2ms+6ms, total 29ms
10-17 12:42:39.419 I/force_gc(  399): Binder
10-17 12:42:39.479 D/dalvikvm(  399): GC_EXPLICIT freed 114K, 39% free 5751K/9287K, paused 3ms+5ms, total 59ms
10-17 12:42:39.499 D/dalvikvm(  573): null clazz in OP_INSTANCE_OF, single-stepping
10-17 12:42:39.819 I/force_gc(  399): Binder
10-17 12:42:39.879 D/dalvikvm(  399): GC_EXPLICIT freed 113K, 39% free 5752K/9287K, paused 4ms+5ms, total 58ms
10-17 12:42:39.939 E/Sensors (  399): sensors_poll_context_t::pollEvents, line 202: receive event #### i=3, nb=1
10-17 12:42:40.219 I/force_gc(  573): Binder
10-17 12:42:40.249 D/dalvikvm(  573): GC_EXPLICIT freed 499K, 69% free 2586K/8195K, paused 2ms+5ms, total 29ms
10-17 12:42:40.249 I/force_gc(  399): Binder
10-17 12:42:40.309 D/dalvikvm(  399): GC_EXPLICIT freed 114K, 39% free 5751K/9287K, paused 3ms+4ms, total 58ms
10-17 12:42:40.639 I/force_gc(  399): Binder
10-17 12:42:40.699 D/dalvikvm(  399): GC_EXPLICIT freed 113K, 39% free 5752K/9287K, paused 3ms+5ms, total 58ms
10-17 12:42:41.039 I/force_gc(  573): Binder
10-17 12:42:41.059 D/dalvikvm(  573): GC_EXPLICIT freed 499K, 69% free 2586K/8195K, paused 2ms+6ms, total 29ms
10-17 12:42:41.069 I/force_gc(  399): Binder
10-17 12:42:41.119 D/dalvikvm(  399): GC_EXPLICIT freed 114K, 39% free 5751K/9287K, paused 3ms+5ms, total 58ms
10-17 12:42:41.359 E/Sensors (  399): sensors_poll_context_t::pollEvents, line 202: receive event #### i=3, nb=1
10-17 12:42:41.459 I/force_gc(  399): Binder
10-17 12:42:41.519 D/dalvikvm(  399): GC_EXPLICIT freed 113K, 39% free 5752K/9287K, paused 3ms+5ms, total 58ms
10-17 12:42:41.859 I/force_gc(  573): Binder
10-17 12:42:41.889 D/dalvikvm(  573): GC_EXPLICIT freed 498K, 69% free 2586K/8195K, paused 2ms+6ms, total 29ms
10-17 12:42:41.889 I/force_gc(  399): Binder
10-17 12:42:41.949 D/dalvikvm(  399): GC_EXPLICIT freed 114K, 39% free 5751K/9287K, paused 3ms+5ms, total 56ms
10-17 12:42:42.279 I/force_gc(  399): Binder
10-17 12:42:42.319 I/battery_level(  399): [90,4058,340]
10-17 12:42:42.349 D/dalvikvm(  399): GC_EXPLICIT freed 122K, 39% free 5755K/9287K, paused 3ms+5ms, total 64ms
10-17 12:42:42.689 I/force_gc(  573): Binder
10-17 12:42:42.719 D/dalvikvm(  573): GC_EXPLICIT freed 498K, 69% free 2586K/8195K, paused 3ms+6ms, total 30ms
10-17 12:42:42.719 I/force_gc(  399): Binder
10-17 12:42:42.769 D/dalvikvm(  399): GC_EXPLICIT freed 116K, 39% free 5753K/9287K, paused 3ms+4ms, total 54ms
10-17 12:42:42.779 E/Sensors (  399): sensors_poll_context_t::pollEvents, line 202: receive event #### i=3, nb=1
10-17 12:42:43.049 E/MP-Decision( 1214): MPDecision server starting
10-17 12:42:43.049 E/MP-Decision( 1214): OPTION ENABLED: Control sleep modes
10-17 12:42:43.049 E/MP-Decision( 1214): OPTION ENABLED: Adjusting average
10-17 12:42:43.049 E/MP-Decision( 1214): 
10-17 12:42:43.049 E/MP-Decision( 1214):  MP Decision Options:
10-17 12:42:43.049 E/MP-Decision( 1214): --poll_ms --decision_ms --no_sleep --avg_comp --debug
10-17 12:42:43.049 E/MP-Decision( 1214): --Nw=[1..3]:[value] --Tw=[1..3]:[value] --Ns=[1..3]:[value] --Ts=[1..3]:[value]
10-17 12:42:43.119 I/force_gc(  399): Binder
10-17 12:42:43.179 D/dalvikvm(  399): GC_EXPLICIT freed 115K, 39% free 5752K/9287K, paused 3ms+5ms, total 55ms
10-17 12:42:43.519 I/force_gc(  573): Binder
10-17 12:42:43.549 D/dalvikvm(  573): GC_EXPLICIT freed 499K, 69% free 2586K/8195K, paused 2ms+6ms, total 35ms
10-17 12:42:43.549 I/force_gc(  399): Binder
10-17 12:42:43.609 D/dalvikvm(  399): GC_EXPLICIT freed 114K, 39% free 5751K/9287K, paused 3ms+5ms, total 55ms
10-17 12:42:43.949 I/force_gc(  399): Binder
10-17 12:42:44.009 D/dalvikvm(  399): GC_EXPLICIT freed 113K, 39% free 5752K/9287K, paused 3ms+5ms, total 58ms
10-17 12:42:44.339 I/force_gc(  573): Binder
10-17 12:42:44.349 E/Sensors (  399): sensors_poll_context_t::pollEvents, line 202: receive event #### i=3, nb=1
10-17 12:42:44.369 D/dalvikvm(  573): GC_EXPLICIT freed 498K, 69% free 2586K/8195K, paused 3ms+5ms, total 30ms
10-17 12:42:44.379 I/force_gc(  399): Binder
10-17 12:42:44.429 D/dalvikvm(  399): GC_EXPLICIT freed 114K, 39% free 5751K/9287K, paused 3ms+5ms, total 59ms
10-17 12:42:44.769 I/force_gc(  399): Binder
10-17 12:42:44.829 D/dalvikvm(  399): GC_EXPLICIT freed 113K, 39% free 5752K/9287K, paused 3ms+5ms, total 54ms
10-17 12:42:45.159 I/force_gc(  573): Binder
10-17 12:42:45.189 D/dalvikvm(  573): GC_EXPLICIT freed 499K, 69% free 2586K/8195K, paused 2ms+6ms, total 29ms
10-17 12:42:45.199 I/force_gc(  399): Binder
10-17 12:42:45.249 D/dalvikvm(  399): GC_EXPLICIT freed 114K, 39% free 5751K/9287K, paused 3ms+5ms, total 54ms
10-17 12:42:45.589 I/force_gc(  399): Binder
10-17 12:42:45.639 D/dalvikvm(  399): GC_EXPLICIT freed 113K, 39% free 5752K/9287K, paused 3ms+5ms, total 54ms
10-17 12:42:45.769 E/Sensors (  399): sensors_poll_context_t::pollEvents, line 202: receive event #### i=3, nb=1
10-17 12:42:45.979 I/force_gc(  573): Binder
10-17 12:42:46.009 D/dalvikvm(  573): GC_EXPLICIT freed 498K, 69% free 2586K/8195K, paused 2ms+6ms, total 29ms
10-17 12:42:46.009 I/force_gc(  399): Binder
10-17 12:42:46.069 D/dalvikvm(  399): GC_EXPLICIT freed 114K, 39% free 5751K/9287K, paused 3ms+5ms, total 54ms
10-17 12:42:46.399 I/force_gc(  399): Binder
10-17 12:42:46.449 D/dalvikvm(  399): GC_EXPLICIT freed 113K, 39% free 5752K/9287K, paused 3ms+5ms, total 55ms
10-17 12:42:46.789 I/force_gc(  573): Binder
10-17 12:42:46.819 D/dalvikvm(  573): GC_EXPLICIT freed 498K, 69% free 2586K/8195K, paused 2ms+6ms, total 29ms
10-17 12:42:46.819 I/force_gc(  399): Binder
10-17 12:42:46.879 D/dalvikvm(  399): GC_EXPLICIT freed 114K, 39% free 5751K/9287K, paused 4ms+4ms, total 55ms
10-17 12:42:47.199 E/Sensors (  399): sensors_poll_context_t::pollEvents, line 202: receive event #### i=3, nb=1
10-17 12:42:47.209 I/force_gc(  399): Binder
10-17 12:42:47.269 D/dalvikvm(  399): GC_EXPLICIT freed 113K, 39% free 5752K/9287K, paused 3ms+5ms, total 56ms
10-17 12:42:47.609 I/force_gc(  573): Binder
10-17 12:42:47.639 D/dalvikvm(  573): GC_EXPLICIT freed 498K, 69% free 2586K/8195K, paused 2ms+5ms, total 29ms
10-17 12:42:47.639 I/force_gc(  399): Binder
10-17 12:42:47.699 D/dalvikvm(  399): GC_EXPLICIT freed 114K, 39% free 5751K/9287K, paused 3ms+5ms, total 54ms
10-17 12:42:48.039 I/force_gc(  399): Binder
10-17 12:42:48.069 E/MP-Decision( 1217): MPDecision server starting
10-17 12:42:48.079 E/MP-Decision( 1217): OPTION ENABLED: Control sleep modes
10-17 12:42:48.079 E/MP-Decision( 1217): OPTION ENABLED: Adjusting average
10-17 12:42:48.079 E/MP-Decision( 1217): 
10-17 12:42:48.079 E/MP-Decision( 1217):  MP Decision Options:
10-17 12:42:48.079 E/MP-Decision( 1217): --poll_ms --decision_ms --no_sleep --avg_comp --debug
10-17 12:42:48.079 E/MP-Decision( 1217): --Nw=[1..3]:[value] --Tw=[1..3]:[value] --Ns=[1..3]:[value] --Ts=[1..3]:[value]
10-17 12:42:48.099 D/dalvikvm(  399): GC_EXPLICIT freed 113K, 39% free 5752K/9287K, paused 3ms+5ms, total 63ms
10-17 12:42:48.439 I/force_gc(  573): Binder
10-17 12:42:48.469 D/dalvikvm(  573): GC_EXPLICIT freed 499K, 69% free 2585K/8195K, paused 2ms+6ms, total 30ms
10-17 12:42:48.469 I/force_gc(  399): Binder
10-17 12:42:48.529 D/dalvikvm(  399): GC_EXPLICIT freed 114K, 39% free 5751K/9287K, paused 4ms+5ms, total 58ms
10-17 12:42:48.619 E/Sensors (  399): sensors_poll_context_t::pollEvents, line 202: receive event #### i=3, nb=1
10-17 12:42:48.859 I/force_gc(  399): Binder
10-17 12:42:48.909 D/dalvikvm(  399): GC_EXPLICIT freed 113K, 39% free 5752K/9287K, paused 3ms+5ms, total 54ms
10-17 12:42:49.259 I/force_gc(  573): Binder
10-17 12:42:49.289 D/dalvikvm(  573): GC_EXPLICIT freed 498K, 69% free 2585K/8195K, paused 2ms+5ms, total 29ms
10-17 12:42:49.289 I/force_gc(  399): Binder
10-17 12:42:49.349 D/dalvikvm(  399): GC_EXPLICIT freed 114K, 39% free 5751K/9287K, paused 3ms+5ms, total 55ms
10-17 12:42:49.689 I/force_gc(  399): Binder
10-17 12:42:49.739 D/dalvikvm(  399): GC_EXPLICIT freed 113K, 39% free 5752K/9287K, paused 3ms+6ms, total 56ms
10-17 12:42:50.039 E/Sensors (  399): sensors_poll_context_t::pollEvents, line 202: receive event #### i=3, nb=1
10-17 12:42:50.079 I/force_gc(  573): Binder
10-17 12:42:50.109 D/dalvikvm(  573): GC_EXPLICIT freed 497K, 69% free 2586K/8195K, paused 2ms+6ms, total 29ms
10-17 12:42:50.109 I/force_gc(  399): Binder
10-17 12:42:50.169 D/dalvikvm(  399): GC_EXPLICIT freed 114K, 39% free 5751K/9287K, paused 3ms+4ms, total 56ms
10-17 12:42:50.499 I/force_gc(  399): Binder
10-17 12:42:50.559 D/dalvikvm(  399): GC_EXPLICIT freed 113K, 39% free 5752K/9287K, paused 3ms+5ms, total 54ms
10-17 12:42:50.899 I/force_gc(  573): Binder
10-17 12:42:50.929 D/dalvikvm(  573): GC_EXPLICIT freed 498K, 69% free 2586K/8195K, paused 2ms+5ms, total 35ms
10-17 12:42:50.929 I/force_gc(  399): Binder
10-17 12:42:50.989 D/dalvikvm(  399): GC_EXPLICIT freed 114K, 39% free 5751K/9287K, paused 3ms+5ms, total 54ms
10-17 12:42:51.319 I/force_gc(  399): Binder
10-17 12:42:51.379 D/dalvikvm(  399): GC_EXPLICIT freed 113K, 39% free 5752K/9287K, paused 3ms+5ms, total 54ms
10-17 12:42:51.539 E/Sensors (  399): sensors_poll_context_t::pollEvents, line 202: receive event #### i=3, nb=1
10-17 12:42:51.709 I/force_gc(  573): Binder
10-17 12:42:51.749 D/dalvikvm(  573): GC_EXPLICIT freed 498K, 69% free 2586K/8195K, paused 2ms+5ms, total 33ms
10-17 12:42:51.749 I/force_gc(  399): Binder
10-17 12:42:51.809 D/dalvikvm(  399): GC_EXPLICIT freed 114K, 39% free 5751K/9287K, paused 3ms+5ms, total 56ms
10-17 12:42:52.139 I/force_gc(  399): Binder
10-17 12:42:52.199 D/dalvikvm(  399): GC_EXPLICIT freed 113K, 39% free 5752K/9287K, paused 3ms+4ms, total 54ms
10-17 12:42:52.539 I/force_gc(  573): Binder
10-17 12:42:52.569 D/dalvikvm(  573): GC_EXPLICIT freed 499K, 69% free 2586K/8195K, paused 3ms+5ms, total 30ms
10-17 12:42:52.569 I/force_gc(  399): Binder
10-17 12:42:52.619 D/dalvikvm(  399): GC_EXPLICIT freed 114K, 39% free 5751K/9287K, paused 3ms+4ms, total 53ms
10-17 12:42:52.959 E/Sensors (  399): sensors_poll_context_t::pollEvents, line 202: receive event #### i=3, nb=1
10-17 12:42:52.959 I/force_gc(  399): Binder
10-17 12:42:53.009 D/dalvikvm(  399): GC_EXPLICIT freed 113K, 39% free 5752K/9287K, paused 3ms+5ms, total 53ms
10-17 12:42:53.089 E/MP-Decision( 1220): MPDecision server starting
10-17 12:42:53.089 E/MP-Decision( 1220): OPTION ENABLED: Control sleep modes
10-17 12:42:53.089 E/MP-Decision( 1220): OPTION ENABLED: Adjusting average
10-17 12:42:53.089 E/MP-Decision( 1220): 
10-17 12:42:53.089 E/MP-Decision( 1220):  MP Decision Options:
10-17 12:42:53.089 E/MP-Decision( 1220): --poll_ms --decision_ms --no_sleep --avg_comp --debug
10-17 12:42:53.089 E/MP-Decision( 1220): --Nw=[1..3]:[value] --Tw=[1..3]:[value] --Ns=[1..3]:[value] --Ts=[1..3]:[value]
10-17 12:42:53.359 I/force_gc(  573): Binder
10-17 12:42:53.389 D/dalvikvm(  573): GC_EXPLICIT freed 498K, 69% free 2586K/8195K, paused 2ms+7ms, total 30ms
10-17 12:42:53.389 I/force_gc(  399): Binder
10-17 12:42:53.449 D/dalvikvm(  399): GC_EXPLICIT freed 114K, 39% free 5751K/9287K, paused 3ms+5ms, total 55ms
10-17 12:42:53.779 I/force_gc(  399): Binder
10-17 12:42:53.839 D/dalvikvm(  399): GC_EXPLICIT freed 113K, 39% free 5752K/9287K, paused 3ms+6ms, total 60ms
10-17 12:42:54.179 I/force_gc(  573): Binder
10-17 12:42:54.209 D/dalvikvm(  573): GC_EXPLICIT freed 498K, 69% free 2586K/8195K, paused 3ms+5ms, total 29ms
10-17 12:42:54.209 I/force_gc(  399): Binder
10-17 12:42:54.259 D/dalvikvm(  399): GC_EXPLICIT freed 114K, 39% free 5751K/9287K, paused 3ms+5ms, total 54ms
10-17 12:42:54.379 E/Sensors (  399): sensors_poll_context_t::pollEvents, line 202: receive event #### i=3, nb=1
10-17 12:42:54.599 I/force_gc(  399): Binder
10-17 12:42:54.659 D/dalvikvm(  399): GC_EXPLICIT freed 113K, 39% free 5752K/9287K, paused 3ms+5ms, total 53ms
10-17 12:42:54.989 I/force_gc(  573): Binder
10-17 12:42:55.019 D/dalvikvm(  573): GC_EXPLICIT freed 498K, 69% free 2586K/8195K, paused 2ms+6ms, total 29ms
10-17 12:42:55.019 I/force_gc(  399): Binder
10-17 12:42:55.079 D/dalvikvm(  399): GC_EXPLICIT freed 114K, 39% free 5751K/9287K, paused 4ms+5ms, total 55ms
10-17 12:42:55.409 I/force_gc(  399): Binder
10-17 12:42:55.469 D/dalvikvm(  399): GC_EXPLICIT freed 113K, 39% free 5752K/9287K, paused 3ms+5ms, total 59ms
10-17 12:42:55.809 E/Sensors (  399): sensors_poll_context_t::pollEvents, line 202: receive event #### i=3, nb=1
10-17 12:42:55.809 I/force_gc(  573): Binder
10-17 12:42:55.839 D/dalvikvm(  573): GC_EXPLICIT freed 499K, 69% free 2586K/8195K, paused 2ms+5ms, total 29ms
10-17 12:42:55.839 I/force_gc(  399): Binder
10-17 12:42:55.889 D/dalvikvm(  399): GC_EXPLICIT freed 114K, 39% free 5751K/9287K, paused 3ms+5ms, total 55ms
10-17 12:42:56.229 I/force_gc(  399): Binder
10-17 12:42:56.289 D/dalvikvm(  399): GC_EXPLICIT freed 113K, 39% free 5752K/9287K, paused 3ms+5ms, total 55ms
10-17 12:42:56.629 I/force_gc(  573): Binder
10-17 12:42:56.659 D/dalvikvm(  573): GC_EXPLICIT freed 498K, 69% free 2586K/8195K, paused 2ms+6ms, total 29ms
10-17 12:42:56.659 I/force_gc(  399): Binder
10-17 12:42:56.709 D/dalvikvm(  399): GC_EXPLICIT freed 114K, 39% free 5751K/9287K, paused 4ms+5ms, total 55ms
10-17 12:42:57.049 I/force_gc(  399): Binder
10-17 12:42:57.099 D/dalvikvm(  399): GC_EXPLICIT freed 113K, 39% free 5752K/9287K, paused 3ms+5ms, total 54ms
10-17 12:42:57.229 E/Sensors (  399): sensors_poll_context_t::pollEvents, line 202: receive event #### i=3, nb=1
10-17 12:42:57.439 I/force_gc(  573): Binder
10-17 12:42:57.469 D/dalvikvm(  573): GC_EXPLICIT freed 498K, 69% free 2586K/8195K, paused 2ms+5ms, total 30ms
10-17 12:42:57.469 I/force_gc(  399): Binder
10-17 12:42:57.519 D/dalvikvm(  399): GC_EXPLICIT freed 114K, 39% free 5751K/9287K, paused 3ms+4ms, total 55ms
10-17 12:42:57.859 I/force_gc(  399): Binder
10-17 12:42:57.909 D/dalvikvm(  399): GC_EXPLICIT freed 113K, 39% free 5752K/9287K, paused 3ms+5ms, total 53ms
10-17 12:42:58.099 E/MP-Decision( 1223): MPDecision server starting
10-17 12:42:58.099 E/MP-Decision( 1223): OPTION ENABLED: Control sleep modes
10-17 12:42:58.099 E/MP-Decision( 1223): OPTION ENABLED: Adjusting average
10-17 12:42:58.099 E/MP-Decision( 1223): 
10-17 12:42:58.099 E/MP-Decision( 1223):  MP Decision Options:
10-17 12:42:58.099 E/MP-Decision( 1223): --poll_ms --decision_ms --no_sleep --avg_comp --debug
10-17 12:42:58.099 E/MP-Decision( 1223): --Nw=[1..3]:[value] --Tw=[1..3]:[value] --Ns=[1..3]:[value] --Ts=[1..3]:[value]
10-17 12:42:58.259 I/force_gc(  573): Binder
10-17 12:42:58.299 D/dalvikvm(  573): GC_EXPLICIT freed 498K, 69% free 2586K/8195K, paused 2ms+6ms, total 35ms
10-17 12:42:58.299 I/force_gc(  399): Binder
10-17 12:42:58.349 D/dalvikvm(  399): GC_EXPLICIT freed 114K, 39% free 5751K/9287K, paused 3ms+4ms, total 53ms
10-17 12:42:58.649 E/Sensors (  399): sensors_poll_context_t::pollEvents, line 202: receive event #### i=3, nb=1
10-17 12:42:58.679 I/force_gc(  399): Binder
10-17 12:42:58.739 D/dalvikvm(  399): GC_EXPLICIT freed 113K, 39% free 5752K/9287K, paused 3ms+5ms, total 54ms
10-17 12:42:59.079 I/force_gc(  573): Binder
10-17 12:42:59.099 D/dalvikvm(  573): GC_EXPLICIT freed 498K, 69% free 2586K/8195K, paused 2ms+6ms, total 29ms
10-17 12:42:59.109 I/force_gc(  399): Binder
10-17 12:42:59.159 D/dalvikvm(  399): GC_EXPLICIT freed 114K, 39% free 5751K/9287K, paused 3ms+5ms, total 54ms
10-17 12:42:59.499 I/force_gc(  399): Binder
10-17 12:42:59.549 D/dalvikvm(  399): GC_EXPLICIT freed 113K, 39% free 5752K/9287K, paused 3ms+5ms, total 54ms
10-17 12:42:59.889 I/force_gc(  573): Binder
10-17 12:42:59.919 D/dalvikvm(  573): GC_EXPLICIT freed 499K, 69% free 2585K/8195K, paused 2ms+5ms, total 30ms
10-17 12:42:59.919 I/force_gc(  399): Binder
10-17 12:42:59.969 D/dalvikvm(  399): GC_EXPLICIT freed 114K, 39% free 5751K/9287K, paused 3ms+5ms, total 56ms
10-17 12:42:59.979 D/RILJ    ( 1159): NOTE: mReqWaiting is NOT 0 but9 at TIMEOUT, reset! There still msg waitng for response
10-17 12:42:59.979 D/RILJ    ( 1159): NOTE: mReqWaiting is NOT 0 but9 at TIMEOUT, reset! There still msg waitng for response
10-17 12:42:59.979 D/RILJ    ( 1159): WAKE_LOCK_TIMEOUT  mRequestList=9
10-17 12:42:59.979 D/RILJ    ( 1159): 0: [2] SET_SUPP_SVC_NOTIFICATION
10-17 12:42:59.979 D/RILJ    ( 1159): WAKE_LOCK_TIMEOUT  mRequestList=9
10-17 12:42:59.979 D/RILJ    ( 1159): 1: [3] SCREEN_STATE
10-17 12:42:59.979 D/RILJ    ( 1159): 0: [0] SET_SUPP_SVC_NOTIFICATION
10-17 12:42:59.979 D/RILJ    ( 1159): 2: [6] GET_CURRENT_CALLS
10-17 12:42:59.979 D/RILJ    ( 1159): 1: [1] SCREEN_STATE
10-17 12:42:59.979 D/RILJ    ( 1159): 3: [7] RADIO_POWER
10-17 12:42:59.979 D/RILJ    ( 1159): 2: [4] GET_CURRENT_CALLS
10-17 12:42:59.979 D/RILJ    ( 1159): 4: [13] RADIO_POWER
10-17 12:42:59.979 D/RILJ    ( 1159): 3: [5] RADIO_POWER
10-17 12:42:59.979 D/RILJ    ( 1159): 5: [14] RADIO_POWER
10-17 12:42:59.979 D/RILJ    ( 1159): 4: [8] RADIO_POWER
10-17 12:42:59.979 D/RILJ    ( 1159): 6: [15] BASEBAND_VERSION
10-17 12:42:59.979 D/RILJ    ( 1159): 5: [9] RADIO_POWER
10-17 12:42:59.979 D/RILJ    ( 1159): 7: [16] GET_IMEI
10-17 12:42:59.979 D/RILJ    ( 1159): 6: [10] BASEBAND_VERSION
10-17 12:42:59.979 D/RILJ    ( 1159): 8: [17] GET_IMEISV
10-17 12:42:59.979 D/RILJ    ( 1159): 7: [11] GET_IMEI
10-17 12:42:59.979 D/RILJ    ( 1159): 8: [12] GET_IMEISV
10-17 12:43:00.149 E/Sensors (  399): sensors_poll_context_t::pollEvents, line 202: receive event #### i=3, nb=1
10-17 12:43:00.359 I/force_gc(  399): Binder
10-17 12:43:00.409 D/dalvikvm(  399): GC_EXPLICIT freed 129K, 39% free 5753K/9287K, paused 3ms+5ms, total 54ms
10-17 12:43:00.759 I/force_gc(  573): Binder
10-17 12:43:00.799 D/dalvikvm(  573): GC_EXPLICIT freed 498K, 69% free 2585K/8195K, paused 2ms+5ms, total 36ms
10-17 12:43:00.799 I/force_gc(  399): Binder
10-17 12:43:00.849 D/dalvikvm(  399): GC_EXPLICIT freed 116K, 39% free 5751K/9287K, paused 3ms+4ms, total 54ms
10-17 12:43:01.189 I/force_gc(  399): Binder
10-17 12:43:01.239 D/dalvikvm(  399): GC_EXPLICIT freed 113K, 39% free 5751K/9287K, paused 3ms+4ms, total 54ms
10-17 12:43:01.569 E/Sensors (  399): sensors_poll_context_t::pollEvents, line 202: receive event #### i=3, nb=1
10-17 12:43:01.569 I/force_gc(  573): Binder
10-17 12:43:01.599 D/dalvikvm(  573): GC_EXPLICIT freed 498K, 69% free 2585K/8195K, paused 3ms+5ms, total 29ms
10-17 12:43:01.599 I/force_gc(  399): Binder
10-17 12:43:01.659 D/dalvikvm(  399): GC_EXPLICIT freed 114K, 39% free 5751K/9287K, paused 3ms+4ms, total 54ms
10-17 12:43:01.989 I/force_gc(  399): Binder
10-17 12:43:02.049 D/dalvikvm(  399): GC_EXPLICIT freed 113K, 39% free 5751K/9287K, paused 3ms+5ms, total 53ms
10-17 12:43:02.379 I/force_gc(  573): Binder
10-17 12:43:02.409 D/dalvikvm(  573): GC_EXPLICIT freed 498K, 69% free 2585K/8195K, paused 2ms+5ms, total 29ms
10-17 12:43:02.409 I/force_gc(  399): Binder
10-17 12:43:02.459 D/dalvikvm(  399): GC_EXPLICIT freed 114K, 39% free 5751K/9287K, paused 3ms+4ms, total 54ms
10-17 12:43:02.799 I/force_gc(  399): Binder
10-17 12:43:02.849 D/dalvikvm(  399): GC_EXPLICIT freed 113K, 39% free 5751K/9287K, paused 3ms+5ms, total 54ms
10-17 12:43:02.999 E/Sensors (  399): sensors_poll_context_t::pollEvents, line 202: receive event #### i=3, nb=1
10-17 12:43:03.109 E/MP-Decision( 1226): MPDecision server starting
10-17 12:43:03.109 E/MP-Decision( 1226): OPTION ENABLED: Control sleep modes
10-17 12:43:03.109 E/MP-Decision( 1226): OPTION ENABLED: Adjusting average
10-17 12:43:03.109 E/MP-Decision( 1226): 
10-17 12:43:03.109 E/MP-Decision( 1226):  MP Decision Options:
10-17 12:43:03.109 E/MP-Decision( 1226): --poll_ms --decision_ms --no_sleep --avg_comp --debug
10-17 12:43:03.109 E/MP-Decision( 1226): --Nw=[1..3]:[value] --Tw=[1..3]:[value] --Ns=[1..3]:[value] --Ts=[1..3]:[value]
10-17 12:43:03.189 I/force_gc(  573): Binder
10-17 12:43:03.229 D/dalvikvm(  573): GC_EXPLICIT freed 498K, 69% free 2585K/8195K, paused 3ms+5ms, total 31ms
10-17 12:43:03.229 I/force_gc(  399): Binder
10-17 12:43:03.289 D/dalvikvm(  399): GC_EXPLICIT freed 114K, 39% free 5751K/9287K, paused 3ms+5ms, total 59ms
10-17 12:43:03.619 I/force_gc(  399): Binder
10-17 12:43:03.679 D/dalvikvm(  399): GC_EXPLICIT freed 113K, 39% free 5751K/9287K, paused 3ms+4ms, total 53ms
10-17 12:43:04.009 I/force_gc(  573): Binder
10-17 12:43:04.039 D/dalvikvm(  573): GC_EXPLICIT freed 498K, 69% free 2585K/8195K, paused 2ms+6ms, total 30ms
10-17 12:43:04.039 I/force_gc(  399): Binder
10-17 12:43:04.099 D/dalvikvm(  399): GC_EXPLICIT freed 114K, 39% free 5751K/9287K, paused 3ms+5ms, total 59ms
10-17 12:43:04.419 E/Sensors (  399): sensors_poll_context_t::pollEvents, line 202: receive event #### i=3, nb=1
10-17 12:43:04.439 I/force_gc(  399): Binder
10-17 12:43:04.489 D/dalvikvm(  399): GC_EXPLICIT freed 113K, 39% free 5751K/9287K, paused 3ms+5ms, total 54ms
10-17 12:43:04.829 I/force_gc(  573): Binder
10-17 12:43:04.869 D/dalvikvm(  573): GC_EXPLICIT freed 498K, 69% free 2585K/8195K, paused 2ms+6ms, total 35ms
10-17 12:43:04.869 I/force_gc(  399): Binder
10-17 12:43:04.919 D/dalvikvm(  399): GC_EXPLICIT freed 114K, 39% free 5751K/9287K, paused 3ms+5ms, total 55ms
10-17 12:43:05.259 I/force_gc(  399): Binder
10-17 12:43:05.319 D/dalvikvm(  399): GC_EXPLICIT freed 114K, 39% free 5752K/9287K, paused 3ms+5ms, total 55ms
10-17 12:43:05.649 I/force_gc(  573): Binder
10-17 12:43:05.689 D/dalvikvm(  573): GC_EXPLICIT freed 498K, 69% free 2585K/8195K, paused 2ms+5ms, total 35ms
10-17 12:43:05.689 I/force_gc(  399): Binder
10-17 12:43:05.739 D/dalvikvm(  399): GC_EXPLICIT freed 114K, 39% free 5751K/9287K, paused 3ms+5ms, total 53ms
10-17 12:43:05.839 E/Sensors (  399): sensors_poll_context_t::pollEvents, line 202: receive event #### i=3, nb=1
10-17 12:43:06.079 I/force_gc(  399): Binder
10-17 12:43:06.139 D/dalvikvm(  399): GC_EXPLICIT freed 113K, 39% free 5751K/9287K, paused 3ms+5ms, total 54ms
10-17 12:43:06.469 I/force_gc(  573): Binder
10-17 12:43:06.509 D/dalvikvm(  573): GC_EXPLICIT freed 498K, 69% free 2585K/8195K, paused 2ms+6ms, total 36ms
10-17 12:43:06.509 I/force_gc(  399): Binder
10-17 12:43:06.559 D/dalvikvm(  399): GC_EXPLICIT freed 114K, 39% free 5751K/9287K, paused 3ms+5ms, total 54ms
10-17 12:43:06.899 I/force_gc(  399): Binder
10-17 12:43:06.949 D/dalvikvm(  399): GC_EXPLICIT freed 113K, 39% free 5751K/9287K, paused 3ms+5ms, total 54ms
10-17 12:43:07.269 E/Sensors (  399): sensors_poll_context_t::pollEvents, line 202: receive event #### i=3, nb=1
10-17 12:43:07.279 D/dalvikvm(  573): WAIT_FOR_CONCURRENT_GC blocked 1ms
10-17 12:43:07.279 I/force_gc(  573): Binder
10-17 12:43:07.319 D/dalvikvm(  573): GC_EXPLICIT freed 498K, 69% free 2585K/8195K, paused 2ms+6ms, total 35ms
10-17 12:43:07.319 I/force_gc(  399): Binder
10-17 12:43:07.369 D/dalvikvm(  399): GC_EXPLICIT freed 114K, 39% free 5751K/9287K, paused 3ms+5ms, total 54ms
10-17 12:43:07.709 I/force_gc(  399): Binder
10-17 12:43:07.769 D/dalvikvm(  399): GC_EXPLICIT freed 113K, 39% free 5751K/9287K, paused 3ms+5ms, total 54ms
10-17 12:43:08.099 I/force_gc(  573): Binder
10-17 12:43:08.129 E/MP-Decision( 1229): MPDecision server starting
10-17 12:43:08.129 E/MP-Decision( 1229): OPTION ENABLED: Control sleep modes
10-17 12:43:08.129 E/MP-Decision( 1229): OPTION ENABLED: Adjusting average
10-17 12:43:08.129 E/MP-Decision( 1229): 
10-17 12:43:08.129 E/MP-Decision( 1229):  MP Decision Options:
10-17 12:43:08.129 E/MP-Decision( 1229): --poll_ms --decision_ms --no_sleep --avg_comp --debug
10-17 12:43:08.129 E/MP-Decision( 1229): --Nw=[1..3]:[value] --Tw=[1..3]:[value] --Ns=[1..3]:[value] --Ts=[1..3]:[value]
10-17 12:43:08.139 D/dalvikvm(  573): GC_EXPLICIT freed 498K, 69% free 2585K/8195K, paused 2ms+6ms, total 38ms
10-17 12:43:08.139 I/force_gc(  399): Binder
10-17 12:43:08.199 D/dalvikvm(  399): GC_EXPLICIT freed 114K, 39% free 5751K/9287K, paused 3ms+5ms, total 54ms
10-17 12:43:08.529 I/force_gc(  399): Binder
10-17 12:43:08.589 D/dalvikvm(  399): GC_EXPLICIT freed 113K, 39% free 5751K/9287K, paused 3ms+4ms, total 53ms
10-17 12:43:08.689 E/Sensors (  399): sensors_poll_context_t::pollEvents, line 202: receive event #### i=3, nb=1
10-17 12:43:08.929 I/force_gc(  573): Binder
10-17 12:43:08.959 D/dalvikvm(  573): GC_EXPLICIT freed 498K, 69% free 2585K/8195K, paused 2ms+6ms, total 35ms
10-17 12:43:08.959 I/force_gc(  399): Binder
10-17 12:43:09.019 D/dalvikvm(  399): GC_EXPLICIT freed 114K, 39% free 5751K/9287K, paused 3ms+4ms, total 54ms
10-17 12:43:09.359 I/force_gc(  399): Binder
