E/MP-Decision( 1123): --Nw=[1..3]:[value] --Tw=[1..3]:[value] --Ns=[1..3]:[value] --Ts=[1..3]:[value]
E/Sensors (  382): sensors_poll_context_t::pollEvents, line 202: receive event #### i=3, nb=1
E/Sensors (  382): sensors_poll_context_t::pollEvents, line 202: receive event #### i=3, nb=1
E/Sensors (  382): sensors_poll_context_t::pollEvents, line 202: receive event #### i=3, nb=1
E/Sensors (  382): sensors_poll_context_t::pollEvents, line 202: receive event #### i=3, nb=1
E/MP-Decision( 1126): MPDecision server starting
E/MP-Decision( 1126): OPTION ENABLED: Control sleep modes
E/MP-Decision( 1126): OPTION ENABLED: Adjusting average
E/MP-Decision( 1126): 
E/MP-Decision( 1126):  MP Decision Options:
E/MP-Decision( 1126): --poll_ms --decision_ms --no_sleep --avg_comp --debug
E/MP-Decision( 1126): --Nw=[1..3]:[value] --Tw=[1..3]:[value] --Ns=[1..3]:[value] --Ts=[1..3]:[value]
E/Sensors (  382): sensors_poll_context_t::pollEvents, line 202: receive event #### i=3, nb=1
E/Sensors (  382): sensors_poll_context_t::pollEvents, line 202: receive event #### i=3, nb=1
E/Sensors (  382): sensors_poll_context_t::pollEvents, line 202: receive event #### i=3, nb=1
E/MP-Decision( 1129): MPDecision server starting
E/MP-Decision( 1129): OPTION ENABLED: Control sleep modes
E/MP-Decision( 1129): OPTION ENABLED: Adjusting average
E/MP-Decision( 1129): 
E/MP-Decision( 1129):  MP Decision Options:
E/MP-Decision( 1129): --poll_ms --decision_ms --no_sleep --avg_comp --debug
E/MP-Decision( 1129): --Nw=[1..3]:[value] --Tw=[1..3]:[value] --Ns=[1..3]:[value] --Ts=[1..3]:[value]
E/Sensors (  382): sensors_poll_context_t::pollEvents, line 202: receive event #### i=3, nb=1
E/Sensors (  382): sensors_poll_context_t::pollEvents, line 202: receive event #### i=3, nb=1
E/Sensors (  382): sensors_poll_context_t::pollEvents, line 202: receive event #### i=3, nb=1
D/RILJ    ( 1053): NOTE: mReqWaiting is NOT 0 but9 at TIMEOUT, reset! There still msg waitng for response
D/RILJ    ( 1053): WAKE_LOCK_TIMEOUT  mRequestList=9
D/RILJ    ( 1053): 0: [0] SET_SUPP_SVC_NOTIFICATION
D/RILJ    ( 1053): 1: [2] SCREEN_STATE
D/RILJ    ( 1053): 2: [4] GET_CURRENT_CALLS
D/RILJ    ( 1053): 3: [5] RADIO_POWER
D/RILJ    ( 1053): 4: [8] RADIO_POWER
D/RILJ    ( 1053): 5: [9] RADIO_POWER
D/RILJ    ( 1053): 6: [10] BASEBAND_VERSION
D/RILJ    ( 1053): 7: [11] GET_IMEI
D/RILJ    ( 1053): 8: [12] GET_IMEISV
D/RILJ    ( 1053): NOTE: mReqWaiting is NOT 0 but9 at TIMEOUT, reset! There still msg waitng for response
D/RILJ    ( 1053): WAKE_LOCK_TIMEOUT  mRequestList=9
D/RILJ    ( 1053): 0: [1] SET_SUPP_SVC_NOTIFICATION
D/RILJ    ( 1053): 1: [3] SCREEN_STATE
D/RILJ    ( 1053): 2: [6] GET_CURRENT_CALLS
D/RILJ    ( 1053): 3: [7] RADIO_POWER
D/RILJ    ( 1053): 4: [13] RADIO_POWER
D/RILJ    ( 1053): 5: [14] RADIO_POWER
D/RILJ    ( 1053): 6: [15] BASEBAND_VERSION
D/RILJ    ( 1053): 7: [16] GET_IMEI
D/RILJ    ( 1053): 8: [17] GET_IMEISV
E/Sensors (  382): sensors_poll_context_t::pollEvents, line 202: receive event #### i=3, nb=1
E/MP-Decision( 1132): MPDecision server starting
E/MP-Decision( 1132): OPTION ENABLED: Control sleep modes
E/MP-Decision( 1132): OPTION ENABLED: Adjusting average
E/MP-Decision( 1132): 
E/MP-Decision( 1132):  MP Decision Options:
E/MP-Decision( 1132): --poll_ms --decision_ms --no_sleep --avg_comp --debug
E/MP-Decision( 1132): --Nw=[1..3]:[value] --Tw=[1..3]:[value] --Ns=[1..3]:[value] --Ts=[1..3]:[value]
W/ActivityManager(  382): Timeout executing service: ServiceRecord{420528a0 com.android.stk/.StkAppService}
I/Process (  382): Sending signal. PID: 1053 SIG: 3
I/dalvikvm( 1053): threadid=3: reacting to signal 3
I/am_anr  (  382): [1053,com.android.phone,573005,Executing service com.android.stk/.StkAppService]
I/dalvikvm( 1053): Wrote stack traces to '/data/anr/traces.txt'
I/Process (  382): Sending signal. PID: 382 SIG: 3
I/dalvikvm(  382): threadid=3: reacting to signal 3
I/dalvikvm(  382): Wrote stack traces to '/data/anr/traces.txt'
I/Process (  382): Sending signal. PID: 515 SIG: 3
I/dalvikvm(  515): threadid=3: reacting to signal 3
I/dalvikvm(  515): Wrote stack traces to '/data/anr/traces.txt'
D/dalvikvm(  382): GC_CONCURRENT freed 656K, 28% free 7197K/9863K, paused 3ms+6ms, total 57ms
D/dalvikvm(  382): GC_EXPLICIT freed 1397K, 38% free 6154K/9863K, paused 3ms+5ms, total 59ms
E/Sensors (  382): sensors_poll_context_t::pollEvents, line 202: receive event #### i=3, nb=1
W/ThrottleService(  382): unable to find stats for iface rmnet0
W/SocketClient(  133): write error (Broken pipe)
I/Process (  382): Sending signal. PID: 561 SIG: 3
I/dalvikvm(  561): threadid=3: reacting to signal 3
I/dalvikvm(  561): Wrote stack traces to '/data/anr/traces.txt'
E/ActivityManager(  382): ANR in com.android.phone
E/ActivityManager(  382): Reason: Executing service com.android.stk/.StkAppService
E/ActivityManager(  382): Load: 11.14 / 4.02 / 1.45
E/ActivityManager(  382): CPU usage from 11862ms to 0ms ago with 99% awake:
E/ActivityManager(  382):   99% 561/android.process.media: 0.7% user + 98% kernel
E/ActivityManager(  382):   0.7% 382/system_server: 0.3% user + 0.4% kernel / faults: 2 minor
E/ActivityManager(  382):   0.5% 85/kworker/u:3: 0% user + 0.5% kernel
E/ActivityManager(  382):   0% 1//init: 0% user + 0% kernel / faults: 36 minor
E/ActivityManager(  382):   0% 157/thermald: 0% user + 0% kernel
E/ActivityManager(  382):   0% 1053/com.android.phone: 0% user + 0% kernel / faults: 9 minor
E/ActivityManager(  382): 50% TOTAL: 0.4% user + 50% kernel
E/ActivityManager(  382): CPU usage from 494ms to 1014ms later:
E/ActivityManager(  382):   100% 561/android.process.media: 1.9% user + 98% kernel
E/ActivityManager(  382):     98% 1035/MediaScannerSer: 1.9% user + 96% kernel
E/ActivityManager(  382):   5.7% 382/system_server: 3.8% user + 1.9% kernel / faults: 9 minor
E/ActivityManager(  382):     3.8% 433/ActivityManager: 1.9% user + 1.9% kernel
E/ActivityManager(  382):     1.9% 588/ThrottleService: 1.9% user + 0% kernel
E/ActivityManager(  382):   1.2% 85/kworker/u:3: 0% user + 1.2% kernel
E/ActivityManager(  382): 53% TOTAL: 1.8% user + 50% kernel + 0.9% iowait
W/ActivityManager(  382): Killing ProcessRecord{42025aa8 595:com.android.phone/1001}: background ANR
I/am_kill (  382): [1053,com.android.phone,-12,background ANR]
I/ServiceManager(  129): service 'phone_msim' died
I/ServiceManager(  129): service 'sip' died
I/ServiceManager(  129): service 'simphonebook_msim' died
I/ServiceManager(  129): service 'phone' died
I/ServiceManager(  129): service 'simphonebook' died
I/ServiceManager(  129): service 'iphonesubinfo' died
I/ServiceManager(  129): service 'isms' died
I/ServiceManager(  129): service 'isms_msim' died
I/ServiceManager(  129): service 'iphonesubinfo_msim' died
I/ActivityManager(  382): Process com.android.phone (pid 1053) has died.
W/ActivityManager(  382): Scheduling restart of crashed service com.android.phone/.TelephonyDebugService in 1250ms
W/ActivityManager(  382): Scheduling restart of crashed service com.android.stk/.StkAppService in 169808ms
W/ActivityManager(  382): Scheduling restart of crashed service com.android.phone/.BluetoothHeadsetService in 11250ms
W/RILC    (  175): EOS.  Closing command socket.
W/RILC    (  181): EOS.  Closing command socket.
I/am_proc_died(  382): [1053,com.android.phone]
I/am_destroy_service(  382): [1108734240,com.android.smspush/.WapPushManager,694]
I/am_schedule_service_restart(  382): [com.android.phone/.TelephonyDebugService,1250]
I/am_schedule_service_restart(  382): [com.android.stk/.StkAppService,169808]
I/am_schedule_service_restart(  382): [com.android.phone/.BluetoothHeadsetService,11250]
I/ActivityManager(  382): Start proc com.android.phone for restart com.android.phone: pid=1137 uid=1001 gids={3002, 3001, 3003, 1015, 1028}
I/am_proc_start(  382): [1137,1001,com.android.phone,restart,com.android.phone]
I/dvm_lock_sample(  382): [system_server,0,Binder_3,26,ActivityManagerService.java,12368,-,853,5]
I/am_proc_bound(  382): [1137,com.android.phone]
I/ActivityThread( 1137): Pub mms: com.android.providers.telephony.MmsProvider
I/ActivityThread( 1137): Pub iccmsim: com.android.phone.MSimIccProvider
I/ActivityThread( 1137): Pub sms: com.android.providers.telephony.SmsProvider
I/ActivityThread( 1137): Pub telephony: com.android.providers.telephony.TelephonyProvider
W/TelephonyProvider( 1137): onCreate: confFile=/system/etc/apns-conf.xml oldCheckSum=-1
I/ActivityThread( 1137): Pub icc: com.android.phone.IccProvider
D/RILB    ( 1137): /proc/cmdline=androidboot.hardware=huawei loglevel=1 androidboot.mode=boot alarm_time=0xdffe37c9 RTC_time=0x2a4b3 hw_status_loc=0x1 androidboot.localproppath=unicom/cn usb.pid.index=25 usb.serial=2469A5526E2F androidboot.serialno=2469A5526E2F androidboot.network=umts_gsm androidboot.swtype=normal androidboot.platform=msm7627a androidboot.emmc=true androidboot.baseband=msm
D/RILB    ( 1137): getLteOnCdmaMode=-1 curVal=-1 product_type='' lteOnCdmaProductType=''
I/ActivityThread( 1137): Pub mms-sms: com.android.providers.telephony.MmsSmsProvider
V/PhoneApp( 1137): PhoneApp onCreate() DSDS Enabled!!!!
D/MSimPhoneApp( 1137): MSPhoneApp creation
D/MSimPhoneApp( 1137): MSPhoneApp creationcom.android.phone.MSimPhoneApp@41e27e10
D/MSimPhoneApp( 1137): MSimPhoneApp:com.android.phone.MSimPhoneApp@41e27e10
D/MSimPhoneApp( 1137):  DSDS PhoneApp:
E/PHONE   ( 1137): ------MSimPhoneFactory.java----------->hasException = false 
D/RILB    ( 1137): getLteOnCdmaMode=-1 curVal=-1 product_type='' lteOnCdmaProductType=''
D/RILJ    ( 1137): RIL(context, preferredNetworkType=0 cdmaSubscription=1)
D/RILJ    ( 1137): Starting RILReceiver [SUB0]
D/RILJ    ( 1137): RIL(context, preferredNetworkType=0 cdmaSubscription=1)
I/RILJ    ( 1137): Connected to 'rild' socket
D/CardSubscriptionManager( 1137): getInstance
D/CardSubscriptionManager( 1137): Constructor - Enter
D/CardSubscriptionManager( 1137): Constructor - Exit
D/SubscriptionManager( 1137): getUserPreferredSubs: strUserSub = ,,,4,-1,-1
D/SubscriptionManager( 1137): getUserPreferredSubs: mUserPrefSubs.subscription[0] = Subscription = { slotId = -1, 3gppIndex = -1, 3gpp2Index = -1, subId = 0, subStatus = SUB_INVALID, appId = null, appLabel = null, appType = null, iccId = null }
D/SubscriptionManager( 1137): getUserPreferredSubs: strUserSub = ,,,4,-1,-1
D/SubscriptionManager( 1137): getUserPreferredSubs: mUserPrefSubs.subscription[1] = Subscription = { slotId = -1, 3gppIndex = -1, 3gpp2Index = -1, subId = 1, subStatus = SUB_INVALID, appId = null, appLabel = null, appType = null, iccId = null }
D/CardSubscriptionManager( 1137): getInstance
D/RILJ    ( 1137): Starting RILReceiver [SUB1]
E/RIL_UiccController( 1137): new UiccController() ....registerForIccStatusChanged()....mCi[i] = com.android.internal.telephony.RIL@41e2c7f8
E/RIL_UiccController( 1137): new UiccController() ....registerForIccStatusChanged()....mCi[i] = com.android.internal.telephony.RIL@41e30820
I/RILJ    ( 1137): Connected to 'rild1' socket
E/PHONE   ( 1137): Settings Exception Reading Dual Sim Data Call Values
D/PHONE   ( 1137): mDoesRilSendMultipleCallRing=true
D/PHONE   ( 1137): mCallRingDelay=3000
D/PHONE   ( 1137): mOosIsDisconnect=true
D/RILJ    ( 1137): setPhoneType=1 old value=0 [SUB0]
I/GSM     ( 1137): Is EONS enabled: true
D/GSM     ( 1137): MSimGSMPhone: constructor: sub = 0
D/        ( 1137): [ApnContext:default] set reason as dataEnabled,current state IDLE
D/        ( 1137): [ApnContext:mms] set reason as dataEnabled,current state IDLE
D/        ( 1137): [ApnContext:supl] set reason as dataEnabled,current state IDLE
D/        ( 1137): [ApnContext:dun] set reason as dataEnabled,current state IDLE
D/        ( 1137): [ApnContext:hipri] set reason as dataEnabled,current state IDLE
D/        ( 1137): [ApnContext:fota] set reason as dataEnabled,current state IDLE
D/        ( 1137): [ApnContext:ims] set reason as dataEnabled,current state IDLE
D/        ( 1137): [ApnContext:cbs] set reason as dataEnabled,current state IDLE
D/GSM     ( 1137): [ApnContext:default] set mDependencyMet as false current state is true
D/GSM     ( 1137): [ApnContext:default] set enabled as true, current state is false
D/GSM     ( 1137): [ApnContext:default] set reason as dependencyMet,current state IDLE
D/GSM     ( 1137): [ApnContext:default] set enabled as true, current state is true
D/GSM     ( 1137): [ApnContext:default] set mDependencyMet as true current state is false
D/GSM     ( 1137): [ApnContext:mms] set mDependencyMet as false current state is true
D/GSM     ( 1137): [ApnContext:mms] set enabled as false, current state is false
D/GSM     ( 1137): [ApnContext:mms] set mDependencyMet as true current state is false
D/GSM     ( 1137): [ApnContext:supl] set mDependencyMet as false current state is true
D/GSM     ( 1137): [ApnContext:supl] set enabled as false, current state is false
D/GSM     ( 1137): [ApnContext:supl] set mDependencyMet as true current state is false
D/GSM     ( 1137): [ApnContext:dun] set mDependencyMet as false current state is true
D/GSM     ( 1137): [ApnContext:dun] set enabled as false, current state is false
D/GSM     ( 1137): [ApnContext:dun] set mDependencyMet as true current state is false
D/GSM     ( 1137): [ApnContext:hipri] set mDependencyMet as false current state is true
D/GSM     ( 1137): [ApnContext:hipri] set enabled as false, current state is false
D/GSM     ( 1137): [ApnContext:hipri] set mDependencyMet as true current state is false
D/GSM     ( 1137): [ApnContext:fota] set mDependencyMet as false current state is true
D/GSM     ( 1137): [ApnContext:fota] set enabled as false, current state is false
D/GSM     ( 1137): [ApnContext:fota] set mDependencyMet as true current state is false
D/GSM     ( 1137): [ApnContext:ims] set mDependencyMet as false current state is true
D/GSM     ( 1137): [ApnContext:ims] set enabled as false, current state is false
D/GSM     ( 1137): [ApnContext:ims] set mDependencyMet as true current state is false
D/GSM     ( 1137): [ApnContext:cbs] set mDependencyMet as false current state is true
D/GSM     ( 1137): [ApnContext:cbs] set enabled as false, current state is false
D/GSM     ( 1137): [ApnContext:cbs] set mDependencyMet as true current state is false
E/PHONE   ( 1137): Settings Exception Reading Dual Sim Data Call Values
E/GSM     ( 1137): [MSimGsmDCT:0] =================broadcastMessenger () ============> this = Handler (com.android.internal.telephony.msim.MSimGsmDataConnectionTracker) {41e43330}
D/GSM     ( 1137): [MSimGsmDCT:0] SUPPORT_MPDN = true
D/GSM     ( 1137): [MSimGsmDCT:0] mCdmaHomeOperatorNumeric = 
D/GSM     ( 1137): [MSimGsmDCT:0] mUseNvOperatorForEhrpd = false
E/PHONE   ( 1137): Settings Exception Reading Dual Sim Data Call Values
D/GSM     ( 1137): [MSimGsmDCT:0] mInternalDataEnabled (is data sub?) = true
D/RILB    ( 1137): =====================> registerForRilConnected h=Handler (com.android.internal.telephony.msim.MSimPhoneProxy) {41e3a2a8} w=4
D/RIL_IccSms( 1137): MSimIccSmsInterfaceManager: initDispatchers()
I/am_create_service(  382): [1109777984,com.android.smspush/.WapPushManager,act=com.android.internal.telephony.IWapPushManager,694]
W/SignalStrength(  515): getLTELevel - rsrp:2147483647 snr:2147483647 rsrpIconLevel:-1 snrIconLevel:-1
W/SignalStrength(  515): getLTELevel - rssi:99 rssiIconLevel:0
D/StatusBar.MSimNetworkController(  515): updateSimState for subscription :0
D/StatusBar.MSimNetworkController(  515): updateSimState simState =UNKNOWN
D/StatusBar.MSimNetworkController(  515): In updateSimIcon card =0, simState= UNKNOWN
D/StatusBar.MSimNetworkController(  515): refreshViews subscription =0mMSimDataConnected =false
D/StatusBar.MSimNetworkController(  515): refreshViews mMSimDataActivity =0
E/RIL_ImsSms( 1137): getFormat should never be called from here!
D/SMS     ( 1137): SMSDispatcher: ctor mSmsCapable=true format=unknown mSmsReceiveDisabled=false mSmsSendDisabled=false
D/RIL_IMS ( 1137): MSimImsSMSDispatcher: initDispatchers()
D/SMS     ( 1137): SMSDispatcher: ctor mSmsCapable=true format=3gpp2 mSmsReceiveDisabled=false mSmsSendDisabled=false
D/CDMA    ( 1137): CdmaSMSDispatcher created
D/CDMA    ( 1137): MSimCdmaSMSDispatcher created
D/SMS     ( 1137): SMSDispatcher: ctor mSmsCapable=true format=3gpp mSmsReceiveDisabled=false mSmsSendDisabled=false
D/GSM     ( 1137): GsmSMSDispatcher created
D/GSM     ( 1137): MSimGsmSMSDispatcher created
D/RIL_IMS ( 1137): MSimImsSMSDispatcher created
D/RIL_IccSms( 1137): MSimIccSmsInterfaceManager created
D/RIL_MSimIccCardProxy( 1137): Creating
D/RIL_MSimIccCardProxy( 1137): Broadcasting intent ACTION_SIM_STATE_CHANGED NOT_READY reason null for subscription : 0
W/SignalStrength(  515): getGsmLevel=0
W/SignalStrength(  515): getLevel=0
W/SignalStrength(  515): getLTELevel - rsrp:2147483647 snr:2147483647 rsrpIconLevel:-1 snrIconLevel:-1
W/SignalStrength(  515): getLTELevel - rssi:99 rssiIconLevel:0
W/SignalStrength(  515): getGsmLevel=0
W/SignalStrength(  515): getLevel=0
D/StatusBar.MSimNetworkController(  515): refreshViews connected={ } level=0 mMSimcombinedSignalIconId=0x7f0200f8/com.android.systemui:drawable/stat_sys_signal_null mMSimcombinedActivityIconId=0x0 mAirplaneMode=false mMSimDataActivity=0 mMSimPhoneSignalIconId=0x7f0200f8 mMSimDataDirectionIconId=0x0 mMSimDataSignalIconId=0x7f0200f8 mMSimDataTypeIconId=0x0 mNoMSimIconId=0x0 mWifiIconId=0x0 mBluetoothTetherIconId=0x1080580
D/StatusBar.MSimNetworkController(  515): updateDataIcon subscription =0
D/StatusBar.MSimNetworkController(  515): updateDataIcon dataSub =0
D/StatusBar.MSimNetworkController(  515): updateDataIcon  when SimState =UNKNOWN
D/StatusBar.MSimNetworkController(  515): updateDataIcon when mMSimDataConnected =false
D/StatusBar.MSimNetworkController(  515): updateDataIcon subscription =0
D/StatusBar.MSimNetworkController(  515): updateDataIcon dataSub =0
D/StatusBar.MSimNetworkController(  515): updateDataIcon  when SimState =UNKNOWN
D/StatusBar.MSimNetworkController(  515): updateDataIcon when mMSimDataConnected =false
D/StatusBar.MSimNetworkController(  515): refreshViews subscription =0mMSimDataConnected =false
D/StatusBar.MSimNetworkController(  515): refreshViews mMSimDataActivity =0
D/StatusBar.MSimNetworkController(  515): refreshViews connected={ } level=0 mMSimcombinedSignalIconId=0x7f0200f8/com.android.systemui:drawable/stat_sys_signal_null mMSimcombinedActivityIconId=0x0 mAirplaneMode=false mMSimDataActivity=0 mMSimPhoneSignalIconId=0x7f0200f8 mMSimDataDirectionIconId=0x0 mMSimDataSignalIconId=0x7f0200f8 mMSimDataTypeIconId=0x0 mNoMSimIconId=0x0 mWifiIconId=0x0 mBluetoothTetherIconId=0x1080580
D/PhoneStatusBarPolicy(  515): updateSimState for subscription :0
D/RIL_MSimIccCardProxy( 1137): Setting radio tech UMTS
D/RIL_MSimIccCardProxy( 1137): Updating quiet mode
D/RIL_MSimIccCardProxy( 1137): 3GPP subscription -> QuietMode: false
D/RIL_MSimIccCardProxy( 1137): QuietMode is false (app_type: 1 nv: false multimode: false)
D/PHONE   ( 1137): mDoesRilSendMultipleCallRing=true
D/PHONE   ( 1137): mCallRingDelay=3000
D/PHONE   ( 1137): mOosIsDisconnect=true
D/RILJ    ( 1137): setPhoneType=1 old value=0 [SUB1]
I/GSM     ( 1137): Is EONS enabled: true
D/GSM     ( 1137): MSimGSMPhone: constructor: sub = 1
D/        ( 1137): [ApnContext:default] set reason as dataEnabled,current state IDLE
D/        ( 1137): [ApnContext:mms] set reason as dataEnabled,current state IDLE
D/        ( 1137): [ApnContext:supl] set reason as dataEnabled,current state IDLE
D/        ( 1137): [ApnContext:dun] set reason as dataEnabled,current state IDLE
D/        ( 1137): [ApnContext:hipri] set reason as dataEnabled,current state IDLE
D/        ( 1137): [ApnContext:fota] set reason as dataEnabled,current state IDLE
D/        ( 1137): [ApnContext:ims] set reason as dataEnabled,current state IDLE
D/        ( 1137): [ApnContext:cbs] set reason as dataEnabled,current state IDLE
D/GSM     ( 1137): [ApnContext:default] set mDependencyMet as false current state is true
D/GSM     ( 1137): [ApnContext:default] set enabled as true, current state is false
D/GSM     ( 1137): [ApnContext:default] set reason as dependencyMet,current state IDLE
D/GSM     ( 1137): [ApnContext:default] set enabled as true, current state is true
D/GSM     ( 1137): [ApnContext:default] set mDependencyMet as true current state is false
D/GSM     ( 1137): [ApnContext:mms] set mDependencyMet as false current state is true
D/GSM     ( 1137): [ApnContext:mms] set enabled as false, current state is false
D/GSM     ( 1137): [ApnContext:mms] set mDependencyMet as true current state is false
D/GSM     ( 1137): [ApnContext:supl] set mDependencyMet as false current state is true
D/GSM     ( 1137): [ApnContext:supl] set enabled as false, current state is false
D/GSM     ( 1137): [ApnContext:supl] set mDependencyMet as true current state is false
D/GSM     ( 1137): [ApnContext:dun] set mDependencyMet as false current state is true
D/GSM     ( 1137): [ApnContext:dun] set enabled as false, current state is false
D/GSM     ( 1137): [ApnContext:dun] set mDependencyMet as true current state is false
D/GSM     ( 1137): [ApnContext:hipri] set mDependencyMet as false current state is true
D/GSM     ( 1137): [ApnContext:hipri] set enabled as false, current state is false
D/GSM     ( 1137): [ApnContext:hipri] set mDependencyMet as true current state is false
D/GSM     ( 1137): [ApnContext:fota] set mDependencyMet as false current state is true
D/GSM     ( 1137): [ApnContext:fota] set enabled as false, current state is false
D/GSM     ( 1137): [ApnContext:fota] set mDependencyMet as true current state is false
D/GSM     ( 1137): [ApnContext:ims] set mDependencyMet as false current state is true
D/GSM     ( 1137): [ApnContext:ims] set enabled as false, current state is false
D/GSM     ( 1137): [ApnContext:ims] set mDependencyMet as true current state is false
D/GSM     ( 1137): [ApnContext:cbs] set mDependencyMet as false current state is true
D/GSM     ( 1137): [ApnContext:cbs] set enabled as false, current state is false
D/GSM     ( 1137): [ApnContext:cbs] set mDependencyMet as true current state is false
E/PHONE   ( 1137): Settings Exception Reading Dual Sim Data Call Values
E/GSM     ( 1137): [MSimGsmDCT:0] =================broadcastMessenger () ============> this = Handler (com.android.internal.telephony.msim.MSimGsmDataConnectionTracker) {41e5d1a8}
D/GSM     ( 1137): [MSimGsmDCT:0] SUPPORT_MPDN = true
D/GSM     ( 1137): [MSimGsmDCT:0] mCdmaHomeOperatorNumeric = 
D/GSM     ( 1137): [MSimGsmDCT:0] mUseNvOperatorForEhrpd = false
E/PHONE   ( 1137): Settings Exception Reading Dual Sim Data Call Values
D/GSM     ( 1137): [MSimGsmDCT:1] mInternalDataEnabled (is data sub?) = false
D/RILB    ( 1137): =====================> registerForRilConnected h=Handler (com.android.internal.telephony.msim.MSimPhoneProxy) {41e5ac98} w=4
D/RIL_IccSms( 1137): MSimIccSmsInterfaceManager: initDispatchers()
W/SignalStrength(  515): getLTELevel - rsrp:2147483647 snr:2147483647 rsrpIconLevel:-1 snrIconLevel:-1
W/SignalStrength(  515): getLTELevel - rssi:99 rssiIconLevel:0
W/SignalStrength(  515): getGsmLevel=0
W/SignalStrength(  515): getLevel=0
D/PROXY   ( 1137): Constructor - Enter
D/StatusBar.MSimNetworkController(  515): updateSimState for subscription :0
D/StatusBar.MSimNetworkController(  515): updateSimState simState =UNKNOWN
D/StatusBar.MSimNetworkController(  515): In updateSimIcon card =0, simState= UNKNOWN
D/StatusBar.MSimNetworkController(  515): refreshViews subscription =0mMSimDataConnected =false
D/StatusBar.MSimNetworkController(  515): refreshViews mMSimDataActivity =0
D/StatusBar.MSimNetworkController(  515): refreshViews connected={ } level=0 mMSimcombinedSignalIconId=0x7f0200f8/com.android.systemui:drawable/stat_sys_signal_null mMSimcombinedActivityIconId=0x0 mAirplaneMode=false mMSimDataActivity=0 mMSimPhoneSignalIconId=0x7f0200f8 mMSimDataDirectionIconId=0x0 mMSimDataSignalIconId=0x7f0200f8 mMSimDataTypeIconId=0x0 mNoMSimIconId=0x0 mWifiIconId=0x0 mBluetoothTetherIconId=0x1080580
D/StatusBar.MSimNetworkController(  515): updateDataIcon subscription =0
D/StatusBar.MSimNetworkController(  515): updateDataIcon dataSub =0
D/StatusBar.MSimNetworkController(  515): updateDataIcon  when SimState =UNKNOWN
E/RIL_ImsSms( 1137): getFormat should never be called from here!
D/SMS     ( 1137): SMSDispatcher: ctor mSmsCapable=true format=unknown mSmsReceiveDisabled=false mSmsSendDisabled=false
D/RIL_IMS ( 1137): MSimImsSMSDispatcher: initDispatchers()
D/SMS     ( 1137): SMSDispatcher: ctor mSmsCapable=true format=3gpp2 mSmsReceiveDisabled=false mSmsSendDisabled=false
D/CDMA    ( 1137): CdmaSMSDispatcher created
D/CDMA    ( 1137): MSimCdmaSMSDispatcher created
D/SMS     ( 1137): SMSDispatcher: ctor mSmsCapable=true format=3gpp mSmsReceiveDisabled=false mSmsSendDisabled=false
D/GSM     ( 1137): GsmSMSDispatcher created
D/GSM     ( 1137): MSimGsmSMSDispatcher created
D/RIL_IMS ( 1137): MSimImsSMSDispatcher created
D/RIL_IccSms( 1137): MSimIccSmsInterfaceManager created
D/RIL_MSimIccCardProxy( 1137): Creating
D/RIL_MSimIccCardProxy( 1137): Broadcasting intent ACTION_SIM_STATE_CHANGED NOT_READY reason null for subscription : 0
D/RIL_MSimIccCardProxy( 1137): Setting radio tech UMTS
D/RIL_MSimIccCardProxy( 1137): Updating quiet mode
D/RIL_MSimIccCardProxy( 1137): 3GPP subscription -> QuietMode: false
D/RIL_MSimIccCardProxy( 1137): QuietMode is false (app_type: 1 nv: false multimode: false)
W/SignalStrength(  515): getLTELevel - rsrp:2147483647 snr:2147483647 rsrpIconLevel:-1 snrIconLevel:-1
W/SignalStrength(  515): getLTELevel - rssi:99 rssiIconLevel:0
W/SignalStrength(  515): getGsmLevel=0
W/SignalStrength(  515): getLevel=0
D/CardSubscriptionManager( 1137): getInstance
D/PROXY   ( 1137): Constructor - Exit
D/CallManager( 1137): registerPhone(GSM Handler (com.android.internal.telephony.msim.MSimPhoneProxy) {41e3a2a8})
D/StatusBar.MSimNetworkController(  515): updateDataIcon when mMSimDataConnected =false
D/StatusBar.MSimNetworkController(  515): updateDataIcon subscription =0
D/StatusBar.MSimNetworkController(  515): updateDataIcon dataSub =0
D/StatusBar.MSimNetworkController(  515): updateDataIcon  when SimState =UNKNOWN
D/StatusBar.MSimNetworkController(  515): updateDataIcon when mMSimDataConnected =false
D/StatusBar.MSimNetworkController(  515): refreshViews subscription =0mMSimDataConnected =false
D/StatusBar.MSimNetworkController(  515): refreshViews mMSimDataActivity =0
D/StatusBar.MSimNetworkController(  515): refreshViews connected={ } level=0 mMSimcombinedSignalIconId=0x7f0200f8/com.android.systemui:drawable/stat_sys_signal_null mMSimcombinedActivityIconId=0x0 mAirplaneMode=false mMSimDataActivity=0 mMSimPhoneSignalIconId=0x7f0200f8 mMSimDataDirectionIconId=0x0 mMSimDataSignalIconId=0x7f0200f8 mMSimDataTypeIconId=0x0 mNoMSimIconId=0x0 mWifiIconId=0x0 mBluetoothTetherIconId=0x1080580
D/PhoneStatusBarPolicy(  515): updateSimState for subscription :0
D/RILJ    ( 1137): [0000]> SET_SUPP_SVC_NOTIFICATION [SUB0]
I/am_create_service(  382): [1108703192,com.android.phone/.TelephonyDebugService,,1137]
D/CallManager( 1137): registerPhone(GSM Handler (com.android.internal.telephony.msim.MSimPhoneProxy) {41e5ac98})
V/MSimPhoneApp( 1137): updatePhoneAppCdmaVariables0
E/RILC    (  175): Should not come here !!! buffer red :: 
D/RILJ    ( 1137): [UNSL]< UNSOL_RIL_CONNECTED {7} [SUB0]
D/RILJ    ( 1137): [UNSL]< UNSOL_RESPONSE_RADIO_STATE_CHANGED RADIO_OFF [SUB0]
D/RILB    ( 1137): Notifying: radio available
D/RILJ    ( 1137): [0001]> SCREEN_STATE: true [SUB0]
D/RILJ    ( 1137): [0002]> SET_SUPP_SVC_NOTIFICATION [SUB1]
E/RILC    (  181): Should not come here !!! buffer red :: 
D/RILJ    ( 1137): [UNSL]< UNSOL_RIL_CONNECTED {7} [SUB1]
D/RILJ    ( 1137): [UNSL]< UNSOL_RESPONSE_RADIO_STATE_CHANGED RADIO_OFF [SUB1]
D/RILB    ( 1137): Notifying: radio available
D/RILJ    ( 1137): [0003]> SCREEN_STATE: true [SUB1]
D/PhoneInterfaceManager( 1137):  Registering for UNSOL OEM HOOK Responses to deliver external apps
D/MSimPhoneInterfaceManager( 1137):  Registering for UNSOL OEM HOOK Responses to deliver external apps
I/notification_cancel(  382): [com.android.phone,2,NULL,0,64]
I/am_create_service(  382): [1108408896,com.android.phone/.BluetoothHeadsetService,,1137]
D/MSimCallNotifier( 1137): getPhoneStateListener: SUBSCRIPTION == 0
D/MSimCallNotifier( 1137): getPhoneStateListener: SUBSCRIPTION == 1
W/ActivityManager(  382): Unable to start service Intent { act=com.android.ussd.IExtendedNetworkService }: not found
D/CallManager( 1137): setAudioMode useInCallMode = false, Baseband = msm
D/CardSubscriptionManager( 1137): EVENT_RADIO_OFF_OR_NOT_AVAILABLE
D/CardSubscriptionManager( 1137): processRadioUnavailable on cardIndex = 0
D/CardSubscriptionManager( 1137): resetCardInfo(): cardIndex = 0
D/CardSubscriptionManager( 1137): EVENT_RADIO_OFF_OR_NOT_AVAILABLE
D/CardSubscriptionManager( 1137): processRadioUnavailable on cardIndex = 1
D/CardSubscriptionManager( 1137): resetCardInfo(): cardIndex = 1
D/CardSubscriptionManager( 1137): EVENT_ICC_CHANGED
D/CardSubscriptionManager( 1137): handleIccChanged: ENTER
D/CardSubscriptionManager( 1137): handleIccChanged: EXIT
D/SubscriptionManager( 1137): EVENT_RADIO_OFF_OR_NOT_AVAILABLE on SUB: 0
D/SubscriptionManager( 1137): EVENT_RADIO_OFF_OR_NOT_AVAILABLE on SUB: 1
E/RIL_UiccController( 1137): EVENT_RADIO_UNAVAILABLE 
E/RIL_UiccController( 1137): EVENT_RADIO_UNAVAILABLE 
D/RILJ    ( 1137): [0004]> GET_CURRENT_CALLS [SUB0]
D/RILJ    ( 1137): [0005]> RADIO_POWER on [SUB0]
I/GSM     ( 1137): Network State Changed, get EONS and update operator name display
I/gsm_service_state_change( 1137): [1,1,3,1]
W/SignalStrength(  515): getLTELevel - rsrp:2147483647 snr:2147483647 rsrpIconLevel:-1 snrIconLevel:-1
W/SignalStrength(  515): getLTELevel - rssi:99 rssiIconLevel:0
W/SignalStrength(  515): getGsmLevel=0
W/SignalStrength(  515): getLevel=0
I/MSimTelephonyRegistry(  382): notifyServiceState: 3 home null null null  Unknown CSS not supported -1 -1 mDataState=3 RoamInd=-1 DefRoamInd=-1 EmergOnly=false
D/StatusBar.MSimNetworkController(  515): onServiceStateChanged received on subscription :0state=3
D/StatusBar.MSimNetworkController(  515): updateTelephonySignalStrength: subscription =0
D/StatusBar.MSimNetworkController(  515):  No service
D/StatusBar.MSimNetworkController(  515): updateDataNetType sub = 0 mDataNetType = 0
E/StatusBar.MSimNetworkController(  515): updateDataNetType NETWORK_TYPE_UNKNOWN
D/StatusBar.MSimNetworkController(  515): updateDataIcon subscription =0
D/StatusBar.MSimNetworkController(  515): updateDataIcon dataSub =0
D/StatusBar.MSimNetworkController(  515): updateDataIcon  when SimState =UNKNOWN
D/StatusBar.MSimNetworkController(  515): updateDataIcon when mMSimDataConnected =false
D/StatusBar.MSimNetworkController(  515): refreshViews subscription =0mMSimDataConnected =false
D/StatusBar.MSimNetworkController(  515): refreshViews mMSimDataActivity =0
D/StatusBar.MSimNetworkController(  515): refreshViews connected={ } level=0 mMSimcombinedSignalIconId=0x7f0200f8/com.android.systemui:drawable/stat_sys_signal_null mMSimcombinedActivityIconId=0x0 mAirplaneMode=false mMSimDataActivity=0 mMSimPhoneSignalIconId=0x7f0200f8 mMSimDataDirectionIconId=0x0 mMSimDataSignalIconId=0x7f0200f8 mMSimDataTypeIconId=0x0 mNoMSimIconId=0x0 mWifiIconId=0x0 mBluetoothTetherIconId=0x1080580
E/PHONE   ( 1137): Settings Exception Reading Dual Sim Data Call Values
D/GSM     ( 1137): [MSimGsmDCT:0] ******************&&&&&&&&&&&&&&&&&&&&newIccRecords = null
E/PHONE   ( 1137): Settings Exception Reading Dual Sim Data Call Values
D/GSM     ( 1137): [ApnContext:fota] set reason as radioTurnedOff,current state IDLE
D/GSM     ( 1137): [ApnContext:fota] setState: IDLE, previous state:IDLE
D/GSM     ( 1137): [GSMPhone] getDataConnectionState: Data is Out of Service. ret = DISCONNECTED
E/PHONE   ( 1137): Settings Exception Reading Dual Sim Data Call Values
D/GSM     ( 1137): [MSimDefaultPhoneNotifier] subscription = 0, DDS = 0
D/GSM     ( 1137): [ApnContext:fota] setDataConnection: old dc=null new dc=null this={mApnType=fota mState=IDLE mWaitingApns=null mWaitingApnsPermanentFailureCountDown=0 mDataProfile =null mDataConnectionAc=null mReason=radioTurnedOff mDataEnabled=false mDependencyMet=true}
D/GSM     ( 1137): [ApnContext:fota] setDataConnectionAc: old dcac=null new dcac=null
D/GSM     ( 1137): [ApnContext:dun] set reason as radioTurnedOff,current state IDLE
D/GSM     ( 1137): [ApnContext:dun] setState: IDLE, previous state:IDLE
D/GSM     ( 1137): [GSMPhone] getDataConnectionState: Data is Out of Service. ret = DISCONNECTED
E/PHONE   ( 1137): Settings Exception Reading Dual Sim Data Call Values
D/GSM     ( 1137): [MSimDefaultPhoneNotifier] subscription = 0, DDS = 0
D/GSM     ( 1137): [ApnContext:dun] setDataConnection: old dc=null new dc=null this={mApnType=dun mState=IDLE mWaitingApns=null mWaitingApnsPermanentFailureCountDown=0 mDataProfile =null mDataConnectionAc=null mReason=radioTurnedOff mDataEnabled=false mDependencyMet=true}
D/GSM     ( 1137): [ApnContext:dun] setDataConnectionAc: old dcac=null new dcac=null
D/GSM     ( 1137): [ApnContext:supl] set reason as radioTurnedOff,current state IDLE
D/GSM     ( 1137): [ApnContext:supl] setState: IDLE, previous state:IDLE
D/GSM     ( 1137): [GSMPhone] getDataConnectionState: Data is Out of Service. ret = DISCONNECTED
E/PHONE   ( 1137): Settings Exception Reading Dual Sim Data Call Values
D/GSM     ( 1137): [MSimDefaultPhoneNotifier] subscription = 0, DDS = 0
D/GSM     ( 1137): [ApnContext:supl] setDataConnection: old dc=null new dc=null this={mApnType=supl mState=IDLE mWaitingApns=null mWaitingApnsPermanentFailureCountDown=0 mDataProfile =null mDataConnectionAc=null mReason=radioTurnedOff mDataEnabled=false mDependencyMet=true}
D/GSM     ( 1137): [ApnContext:supl] setDataConnectionAc: old dcac=null new dcac=null
D/GSM     ( 1137): [ApnContext:hipri] set reason as radioTurnedOff,current state IDLE
D/GSM     ( 1137): [ApnContext:hipri] setState: IDLE, previous state:IDLE
D/GSM     ( 1137): [GSMPhone] getDataConnectionState: Data is Out of Service. ret = DISCONNECTED
E/PHONE   ( 1137): Settings Exception Reading Dual Sim Data Call Values
D/GSM     ( 1137): [MSimDefaultPhoneNotifier] subscription = 0, DDS = 0
D/GSM     ( 1137): [ApnContext:hipri] setDataConnection: old dc=null new dc=null this={mApnType=hipri mState=IDLE mWaitingApns=null mWaitingApnsPermanentFailureCountDown=0 mDataProfile =null mDataConnectionAc=null mReason=radioTurnedOff mDataEnabled=false mDependencyMet=true}
D/GSM     ( 1137): [ApnContext:hipri] setDataConnectionAc: old dcac=null new dcac=null
D/GSM     ( 1137): [ApnContext:ims] set reason as radioTurnedOff,current state IDLE
D/GSM     ( 1137): [ApnContext:ims] setState: IDLE, previous state:IDLE
D/GSM     ( 1137): [GSMPhone] getDataConnectionState: Data is Out of Service. ret = DISCONNECTED
E/PHONE   ( 1137): Settings Exception Reading Dual Sim Data Call Values
D/GSM     ( 1137): [MSimDefaultPhoneNotifier] subscription = 0, DDS = 0
D/GSM     ( 1137): [ApnContext:ims] setDataConnection: old dc=null new dc=null this={mApnType=ims mState=IDLE mWaitingApns=null mWaitingApnsPermanentFailureCountDown=0 mDataProfile =null mDataConnectionAc=null mReason=radioTurnedOff mDataEnabled=false mDependencyMet=true}
D/GSM     ( 1137): [ApnContext:ims] setDataConnectionAc: old dcac=null new dcac=null
D/GSM     ( 1137): [ApnContext:default] set reason as radioTurnedOff,current state IDLE
D/GSM     ( 1137): [ApnContext:default] setState: IDLE, previous state:IDLE
D/GSM     ( 1137): [GSMPhone] getDataConnectionState: Data is Out of Service. ret = DISCONNECTED
E/PHONE   ( 1137): Settings Exception Reading Dual Sim Data Call Values
D/GSM     ( 1137): [MSimDefaultPhoneNotifier] subscription = 0, DDS = 0
D/GSM     ( 1137): [ApnContext:default] setDataConnection: old dc=null new dc=null this={mApnType=default mState=IDLE mWaitingApns=null mWaitingApnsPermanentFailureCountDown=0 mDataProfile =null mDataConnectionAc=null mReason=radioTurnedOff mDataEnabled=true mDependencyMet=true}
D/GSM     ( 1137): [ApnContext:default] setDataConnectionAc: old dcac=null new dcac=null
D/GSM     ( 1137): [ApnContext:mms] set reason as radioTurnedOff,current state IDLE
D/GSM     ( 1137): [ApnContext:mms] setState: IDLE, previous state:IDLE
D/GSM     ( 1137): [GSMPhone] getDataConnectionState: Data is Out of Service. ret = DISCONNECTED
E/PHONE   ( 1137): Settings Exception Reading Dual Sim Data Call Values
D/GSM     ( 1137): [MSimDefaultPhoneNotifier] subscription = 0, DDS = 0
D/GSM     ( 1137): [ApnContext:mms] setDataConnection: old dc=null new dc=null this={mApnType=mms mState=IDLE mWaitingApns=null mWaitingApnsPermanentFailureCountDown=0 mDataProfile =null mDataConnectionAc=null mReason=radioTurnedOff mDataEnabled=false mDependencyMet=true}
D/GSM     ( 1137): [ApnContext:mms] setDataConnectionAc: old dcac=null new dcac=null
D/GSM     ( 1137): [ApnContext:cbs] set reason as radioTurnedOff,current state IDLE
D/GSM     ( 1137): [ApnContext:cbs] setState: IDLE, previous state:IDLE
D/GSM     ( 1137): [GSMPhone] getDataConnectionState: Data is Out of Service. ret = DISCONNECTED
E/PHONE   ( 1137): Settings Exception Reading Dual Sim Data Call Values
D/GSM     ( 1137): [MSimDefaultPhoneNotifier] subscription = 0, DDS = 0
D/GSM     ( 1137): [ApnContext:cbs] setDataConnection: old dc=null new dc=null this={mApnType=cbs mState=IDLE mWaitingApns=null mWaitingApnsPermanentFailureCountDown=0 mDataProfile =null mDataConnectionAc=null mReason=radioTurnedOff mDataEnabled=false mDependencyMet=true}
D/GSM     ( 1137): [ApnContext:cbs] setDataConnectionAc: old dcac=null new dcac=null
D/GSM     ( 1137): [MSimGsmDCT:0] cleanUpConnection: mDisconnectPendingCount = 0
E/PHONE   ( 1137): Settings Exception Reading Dual Sim Data Call Values
D/GSM     ( 1137): [MSimDefaultPhoneNotifier] subscription = 0, DDS = 0
E/PHONE   ( 1137): Settings Exception Reading Dual Sim Data Call Values
D/GSM     ( 1137): [MSimDefaultPhoneNotifier] subscription = 0, DDS = 0
E/PHONE   ( 1137): Settings Exception Reading Dual Sim Data Call Values
D/GSM     ( 1137): [MSimDefaultPhoneNotifier] subscription = 0, DDS = 0
E/PHONE   ( 1137): Settings Exception Reading Dual Sim Data Call Values
D/GSM     ( 1137): [MSimDefaultPhoneNotifier] subscription = 0, DDS = 0
E/PHONE   ( 1137): Settings Exception Reading Dual Sim Data Call Values
D/GSM     ( 1137): [MSimDefaultPhoneNotifier] subscription = 0, DDS = 0
E/PHONE   ( 1137): Settings Exception Reading Dual Sim Data Call Values
D/GSM     ( 1137): [MSimDefaultPhoneNotifier] subscription = 0, DDS = 0
E/PHONE   ( 1137): Settings Exception Reading Dual Sim Data Call Values
D/GSM     ( 1137): [MSimDefaultPhoneNotifier] subscription = 0, DDS = 0
E/PHONE   ( 1137): Settings Exception Reading Dual Sim Data Call Values
D/GSM     ( 1137): [GSMPhone] getDataConnectionState: Data is Out of Service. ret = DISCONNECTED
E/PHONE   ( 1137): Settings Exception Reading Dual Sim Data Call Values
D/GSM     ( 1137): [MSimDefaultPhoneNotifier] subscription = 0, DDS = 0
E/PHONE   ( 1137): Settings Exception Reading Dual Sim Data Call Values
D/GSM     ( 1137): [MSimDefaultPhoneNotifier] subscription = 0, DDS = 0
E/PHONE   ( 1137): Settings Exception Reading Dual Sim Data Call Values
D/GSM     ( 1137): [MSimDefaultPhoneNotifier] subscription = 0, DDS = 0
E/PHONE   ( 1137): Settings Exception Reading Dual Sim Data Call Values
D/GSM     ( 1137): [MSimDefaultPhoneNotifier] subscription = 0, DDS = 0
E/PHONE   ( 1137): Settings Exception Reading Dual Sim Data Call Values
D/GSM     ( 1137): [MSimDefaultPhoneNotifier] subscription = 0, DDS = 0
E/PHONE   ( 1137): Settings Exception Reading Dual Sim Data Call Values
D/GSM     ( 1137): [MSimDefaultPhoneNotifier] subscription = 0, DDS = 0
E/PHONE   ( 1137): Settings Exception Reading Dual Sim Data Call Values
D/GSM     ( 1137): [MSimDefaultPhoneNotifier] subscription = 0, DDS = 0
E/PHONE   ( 1137): Settings Exception Reading Dual Sim Data Call Values
D/GSM     ( 1137): [MSimDefaultPhoneNotifier] subscription = 0, DDS = 0
E/PHONE   ( 1137): Settings Exception Reading Dual Sim Data Call Values
E/PHONE   ( 1137): Settings Exception Reading Dual Sim Data Call Values
D/GSM     ( 1137): [MSimDefaultPhoneNotifier] subscription = 0, DDS = 0
E/PHONE   ( 1137): Settings Exception Reading Dual Sim Data Call Values
D/GSM     ( 1137): [MSimDefaultPhoneNotifier] subscription = 0, DDS = 0
E/PHONE   ( 1137): Settings Exception Reading Dual Sim Data Call Values
D/GSM     ( 1137): [MSimDefaultPhoneNotifier] subscription = 0, DDS = 0
E/PHONE   ( 1137): Settings Exception Reading Dual Sim Data Call Values
D/GSM     ( 1137): [MSimDefaultPhoneNotifier] subscription = 0, DDS = 0
E/PHONE   ( 1137): Settings Exception Reading Dual Sim Data Call Values
D/GSM     ( 1137): [MSimDefaultPhoneNotifier] subscription = 0, DDS = 0
E/PHONE   ( 1137): Settings Exception Reading Dual Sim Data Call Values
D/GSM     ( 1137): [MSimDefaultPhoneNotifier] subscription = 0, DDS = 0
E/PHONE   ( 1137): Settings Exception Reading Dual Sim Data Call Values
D/GSM     ( 1137): [MSimDefaultPhoneNotifier] subscription = 0, DDS = 0
D/GSM     ( 1137): [MSimGsmDCT:0] setupDataOnReadyApns: roamingOff
D/GSM     ( 1137): [ApnContext:default] set reason as roamingOff,current state IDLE
E/PHONE   ( 1137): Settings Exception Reading Dual Sim Data Call Values
D/GSM     ( 1137): [MSimDefaultPhoneNotifier] subscription = 0, DDS = 0
E/PHONE   ( 1137): Settings Exception Reading Dual Sim Data Call Values
D/GSM     ( 1137): [MSimDefaultPhoneNotifier] subscription = 0, DDS = 0
E/PHONE   ( 1137): Settings Exception Reading Dual Sim Data Call Values
D/GSM     ( 1137): [MSimDefaultPhoneNotifier] subscription = 0, DDS = 0
E/PHONE   ( 1137): Settings Exception Reading Dual Sim Data Call Values
D/GSM     ( 1137): [MSimDefaultPhoneNotifier] subscription = 0, DDS = 0
E/PHONE   ( 1137): Settings Exception Reading Dual Sim Data Call Values
D/GSM     ( 1137): [MSimDefaultPhoneNotifier] subscription = 0, DDS = 0
E/PHONE   ( 1137): Settings Exception Reading Dual Sim Data Call Values
D/GSM     ( 1137): [MSimDefaultPhoneNotifier] subscription = 0, DDS = 0
E/PHONE   ( 1137): Settings Exception Reading Dual Sim Data Call Values
D/GSM     ( 1137): [MSimDefaultPhoneNotifier] subscription = 0, DDS = 0
D/GSM     ( 1137): MSimGsmSMSDispatcher: subId = 0 slotId = -1
D/RIL_MSimIccCardProxy( 1137): No card available
W/SignalStrength(  515): getLTELevel - rsrp:2147483647 snr:2147483647 rsrpIconLevel:-1 snrIconLevel:-1
W/SignalStrength(  515): getLTELevel - rssi:99 rssiIconLevel:0
W/SignalStrength(  515): getGsmLevel=0
W/SignalStrength(  515): getLevel=0
I/MSimTelephonyRegistry(  382): notifyServiceState: 3 home null null null  Unknown CSS not supported -1 -1 mDataState=3 RoamInd=-1 DefRoamInd=-1 EmergOnly=false
D/StatusBar.MSimNetworkController(  515): onServiceStateChanged received on subscription :1state=3
D/StatusBar.MSimNetworkController(  515): updateTelephonySignalStrength: subscription =1
D/StatusBar.MSimNetworkController(  515):  No service
D/StatusBar.MSimNetworkController(  515): updateDataNetType sub = 1 mDataNetType = 0
E/StatusBar.MSimNetworkController(  515): updateDataNetType NETWORK_TYPE_UNKNOWN
D/StatusBar.MSimNetworkController(  515): updateDataIcon subscription =1
D/StatusBar.MSimNetworkController(  515): updateDataIcon dataSub =0
D/StatusBar.MSimNetworkController(  515): updateDataIcon return
D/StatusBar.MSimNetworkController(  515): refreshViews subscription =1mMSimDataConnected =false
D/StatusBar.MSimNetworkController(  515): refreshViews mMSimDataActivity =0
D/RIL_MSimIccCardProxy( 1137): No card available
D/RILJ    ( 1137): [0006]> GET_CURRENT_CALLS [SUB1]
D/RILJ    ( 1137): [0007]> RADIO_POWER on [SUB1]
I/GSM     ( 1137): Network State Changed, get EONS and update operator name display
I/gsm_service_state_change( 1137): [1,1,3,1]
D/DebugService( 1137): DebugService DebugService:
D/TelephonyDebugService( 1137): TelephonyDebugService()
D/StatusBar.MSimNetworkController(  515): refreshViews connected={ } level=0 mMSimcombinedSignalIconId=0x7f0200f8/com.android.systemui:drawable/stat_sys_signal_null mMSimcombinedActivityIconId=0x0 mAirplaneMode=false mMSimDataActivity=0 mMSimPhoneSignalIconId=0x7f0200f8 mMSimDataDirectionIconId=0x0 mMSimDataSignalIconId=0x7f0200f8 mMSimDataTypeIconId=0x0 mNoMSimIconId=0x0 mWifiIconId=0x0 mBluetoothTetherIconId=0x1080580
E/PHONE   ( 1137): Settings Exception Reading Dual Sim Data Call Values
E/GSM     ( 1137): [MSimGsmDCT:1] Ignore GSM msgs since GSM phone is not the current DDS
E/PHONE   ( 1137): Settings Exception Reading Dual Sim Data Call Values
E/GSM     ( 1137): [MSimGsmDCT:1] Ignore GSM msgs since GSM phone is not the current DDS
E/PHONE   ( 1137): Settings Exception Reading Dual Sim Data Call Values
E/GSM     ( 1137): [MSimGsmDCT:1] Ignore GSM msgs since GSM phone is not the current DDS
E/PHONE   ( 1137): Settings Exception Reading Dual Sim Data Call Values
E/GSM     ( 1137): [MSimGsmDCT:1] Ignore GSM msgs since GSM phone is not the current DDS
D/GSM     ( 1137): MSimGsmSMSDispatcher: subId = 1 slotId = -1
D/RIL_MSimIccCardProxy( 1137): No card available
D/RIL_MSimIccCardProxy( 1137): No card available
D/RILJ    ( 1137): [0008]> RADIO_POWER on [SUB0]
I/GSM     ( 1137): Network State Changed, get EONS and update operator name display
D/RILJ    ( 1137): [0009]> RADIO_POWER on [SUB0]
D/RILJ    ( 1137): [0010]> BASEBAND_VERSION [SUB0]
D/RILJ    ( 1137): [0011]> GET_IMEI [SUB0]
D/RILJ    ( 1137): [0012]> GET_IMEISV [SUB0]
E/PHONE   ( 1137): Settings Exception Reading Dual Sim Data Call Values
D/RILJ    ( 1137): [0013]> RADIO_POWER on [SUB1]
I/GSM     ( 1137): Network State Changed, get EONS and update operator name display
D/RILJ    ( 1137): [0014]> RADIO_POWER on [SUB1]
D/RILJ    ( 1137): [0015]> BASEBAND_VERSION [SUB1]
D/RILJ    ( 1137): [0016]> GET_IMEI [SUB1]
D/RILJ    ( 1137): [0017]> GET_IMEISV [SUB1]
E/PHONE   ( 1137): Settings Exception Reading Dual Sim Data Call Values
E/GSM     ( 1137): [MSimGsmDCT:1] Ignore GSM msgs since GSM phone is not the current DDS
D/Bluetooth HSHFP( 1137): Starting BluetoothHeadsetService
I/notification_cancel(  382): [com.android.phone,5,NULL,0,64]
I/notification_cancel(  382): [com.android.phone,6,NULL,0,64]
I/notification_cancel(  382): [com.android.phone,5,NULL,0,64]
I/notification_cancel(  382): [com.android.phone,21,NULL,0,64]
V/MSimPhoneApp( 1137): Action intent recieved:android.intent.action.ANY_DATA_STATE
V/MSimPhoneApp( 1137): Action intent recieved:android.intent.action.SIM_STATE_CHANGED
V/MSimPhoneApp( 1137): Action intent recieved:android.intent.action.SERVICE_STATE
V/MSimPhoneApp( 1137): Action intent recieved:android.media.RINGER_MODE_CHANGED
D/SubscriptionManager( 1137): EVENT_CARD_INFO_NOT_AVAILABLE
D/SubscriptionManager( 1137): processCardInfoNotAvailable on cardIndex = 0 reason = REASON_RADIO_UNAVAILABLE
D/SubscriptionManager( 1137): processCardInfoNotAvailable mSetSubsModeRequired = true
D/SubscriptionManager( 1137): EVENT_CARD_INFO_NOT_AVAILABLE
D/SubscriptionManager( 1137): processCardInfoNotAvailable on cardIndex = 1 reason = REASON_RADIO_UNAVAILABLE
D/SubscriptionManager( 1137): processCardInfoNotAvailable mSetSubsModeRequired = true
V/MSimPhoneApp( 1137): Action intent recieved:android.intent.action.SERVICE_STATE
V/MSimPhoneApp( 1137): Action intent recieved:android.intent.action.ANY_DATA_STATE
V/MSimPhoneApp( 1137): Action intent recieved:android.intent.action.ANY_DATA_STATE
V/MSimPhoneApp( 1137): Action intent recieved:android.intent.action.ANY_DATA_STATE
V/MSimPhoneApp( 1137): Action intent recieved:android.intent.action.ANY_DATA_STATE
V/MSimPhoneApp( 1137): Action intent recieved:android.intent.action.ANY_DATA_STATE
V/MSimPhoneApp( 1137): Action intent recieved:android.intent.action.ANY_DATA_STATE
V/MSimPhoneApp( 1137): Action intent recieved:android.intent.action.ANY_DATA_STATE
V/MSimPhoneApp( 1137): Action intent recieved:android.intent.action.ANY_DATA_STATE
V/MSimPhoneApp( 1137): Action intent recieved:android.intent.action.ANY_DATA_STATE
V/MSimPhoneApp( 1137): Action intent recieved:android.intent.action.ANY_DATA_STATE
V/MSimPhoneApp( 1137): Action intent recieved:android.intent.action.ANY_DATA_STATE
V/MSimPhoneApp( 1137): Action intent recieved:android.intent.action.ANY_DATA_STATE
V/MSimPhoneApp( 1137): Action intent recieved:android.intent.action.ANY_DATA_STATE
V/MSimPhoneApp( 1137): Action intent recieved:android.intent.action.ANY_DATA_STATE
V/MSimPhoneApp( 1137): Action intent recieved:android.intent.action.ANY_DATA_STATE
V/MSimPhoneApp( 1137): Action intent recieved:android.intent.action.ANY_DATA_STATE
V/MSimPhoneApp( 1137): Action intent recieved:android.intent.action.ANY_DATA_STATE
V/MSimPhoneApp( 1137): Action intent recieved:android.intent.action.ANY_DATA_STATE
V/MSimPhoneApp( 1137): Action intent recieved:android.intent.action.ANY_DATA_STATE
V/MSimPhoneApp( 1137): Action intent recieved:android.intent.action.ANY_DATA_STATE
V/MSimPhoneApp( 1137): Action intent recieved:android.intent.action.ANY_DATA_STATE
V/MSimPhoneApp( 1137): Action intent recieved:android.intent.action.ANY_DATA_STATE
V/MSimPhoneApp( 1137): Action intent recieved:android.intent.action.ANY_DATA_STATE
V/MSimPhoneApp( 1137): Action intent recieved:android.intent.action.ANY_DATA_STATE
V/MSimPhoneApp( 1137): Action intent recieved:android.intent.action.ANY_DATA_STATE
V/MSimPhoneApp( 1137): Action intent recieved:android.intent.action.ANY_DATA_STATE
V/MSimPhoneApp( 1137): Action intent recieved:android.intent.action.ANY_DATA_STATE
V/MSimPhoneApp( 1137): Action intent recieved:android.intent.action.ANY_DATA_STATE
V/MSimPhoneApp( 1137): Action intent recieved:android.intent.action.ANY_DATA_STATE
V/MSimPhoneApp( 1137): Action intent recieved:android.intent.action.ANY_DATA_STATE
V/MSimPhoneApp( 1137): Action intent recieved:android.intent.action.ANY_DATA_STATE
V/MSimPhoneApp( 1137): Action intent recieved:android.intent.action.ANY_DATA_STATE
