--------- beginning of /dev/log/system
I/Vold    (  130): Vold 2.1 (the revenge) firing up
D/Vold    (  130): Volume sdcard state changing -1 (Initializing) -> 0 (No-Media)
D/Vold    (  130): Volume emmc state changing -1 (Initializing) -> 0 (No-Media)
D/Vold    (  130): Volume emmc state changing 0 (No-Media) -> 2 (Pending)
D/DirectVolume(  130): DirectVolume::handlePartitionAdded -> MAJOR 179, MINOR 1, PARTN 1
D/DirectVolume(  130): DirectVolume::handlePartitionAdded -> MAJOR 179, MINOR 2, PARTN 2
D/DirectVolume(  130): DirectVolume::handlePartitionAdded -> MAJOR 179, MINOR 3, PARTN 3
D/DirectVolume(  130): DirectVolume::handlePartitionAdded -> MAJOR 179, MINOR 4, PARTN 4
D/DirectVolume(  130): DirectVolume::handlePartitionAdded -> MAJOR 179, MINOR 5, PARTN 5
D/DirectVolume(  130): DirectVolume::handlePartitionAdded -> MAJOR 179, MINOR 6, PARTN 6
D/DirectVolume(  130): DirectVolume::handlePartitionAdded -> MAJOR 179, MINOR 7, PARTN 7
D/Vold    (  130): Volume emmc state changing 2 (Pending) -> 1 (Idle-Unmounted)
D/DirectVolume(  130): DirectVolume::handlePartitionAdded -> MAJOR 179, MINOR 8, PARTN 8
W/Vold    (  130): Duplicate state (1)
D/DirectVolume(  130): DirectVolume::handlePartitionAdded -> MAJOR 179, MINOR 9, PARTN 9
W/Vold    (  130): Duplicate state (1)
D/DirectVolume(  130): DirectVolume::handlePartitionAdded -> MAJOR 179, MINOR 10, PARTN 10
W/Vold    (  130): Duplicate state (1)
D/DirectVolume(  130): DirectVolume::handlePartitionAdded -> MAJOR 179, MINOR 11, PARTN 11
W/Vold    (  130): Duplicate state (1)
D/DirectVolume(  130): DirectVolume::handlePartitionAdded -> MAJOR 179, MINOR 12, PARTN 12
W/Vold    (  130): Duplicate state (1)
D/DirectVolume(  130): DirectVolume::handlePartitionAdded -> MAJOR 179, MINOR 13, PARTN 13
W/Vold    (  130): Duplicate state (1)
D/DirectVolume(  130): DirectVolume::handlePartitionAdded -> MAJOR 179, MINOR 14, PARTN 14
W/Vold    (  130): Duplicate state (1)
D/DirectVolume(  130): DirectVolume::handlePartitionAdded -> MAJOR 179, MINOR 15, PARTN 15
W/Vold    (  130): Duplicate state (1)
D/DirectVolume(  130): DirectVolume::handlePartitionAdded -> MAJOR 179, MINOR 16, PARTN 16
W/Vold    (  130): Duplicate state (1)
D/DirectVolume(  130): DirectVolume::handlePartitionAdded -> MAJOR 179, MINOR 17, PARTN 17
W/Vold    (  130): Duplicate state (1)
D/DirectVolume(  130): DirectVolume::handlePartitionAdded -> MAJOR 179, MINOR 18, PARTN 18
W/Vold    (  130): Duplicate state (1)
D/DirectVolume(  130): DirectVolume::handlePartitionAdded -> MAJOR 179, MINOR 19, PARTN 19
W/Vold    (  130): Duplicate state (1)
D/Vold    (  130): Volume sdcard state changing 0 (No-Media) -> 2 (Pending)
D/DirectVolume(  130): DirectVolume::handlePartitionAdded -> MAJOR 179, MINOR 33, PARTN 1
D/Vold    (  130): Volume sdcard state changing 2 (Pending) -> 1 (Idle-Unmounted)
--------- beginning of /dev/log/events
I/boot_progress_start(  137): 7168
E/libdiag (  139):  Diag_LSM_Init: Failed to open handle to diag driver, error = 13
I/boot_progress_preload_start(  137): 8420
I/boot_progress_preload_end(  137): 10790
I/SystemServer(  382): Entered the Android system server!
I/SystemServer(  382): Entropy Mixer
I/boot_progress_system_run(  382): 11021
I/SystemServer(  382): Power Manager
I/SystemServer(  382): Activity Manager
I/ActivityManager(  382): Memory class: 48
I/SystemServer(  382): Telephony Registry
I/SystemServer(  382): MSimTelephony Registry
I/SystemServer(  382): Scheduling Policy
I/SystemServer(  382): Package Manager
I/boot_progress_pms_start(  382): 11695
I/boot_progress_pms_system_scan_start(  382): 11895
W/PackageManager(  382): Library not found: /system/framework/qcrilhook.jar
W/PackageManager(  382): Library not found: /system/framework/org.simalliance.openmobileapi.jar
W/PackageManager(  382): Library not found: /system/framework/qcnvitems.jar
W/PackageParser(  382): No actions in intent filter at /system/app/Bluetooth.apk Binary XML file line #167
W/PackageParser(  382): No actions in intent filter at /system/app/Bluetooth.apk Binary XML file line #191
W/PackageParser(  382): No actions in intent filter at /system/app/CMFileManager.apk Binary XML file line #127
W/PackageParser(  382): No actions in intent filter at /system/app/Contacts.apk Binary XML file line #546
W/PackageParser(  382): No actions in intent filter at /system/app/DeskClock.apk Binary XML file line #150
W/PackageParser(  382): No actions in intent filter at /system/app/DeskClock.apk Binary XML file line #159
W/PackageManager(  382): Package com.android.gallery3d desires unavailable shared library com.google.android.media.effects; ignoring!
I/Installer(  382): connecting...
I/PackageManager(  382): Time to scan packages: 1.838 seconds
W/PackageManager(  382): Unknown permission com.google.android.googleapps.permission.GOOGLE_AUTH.mail in package com.android.contacts
W/PackageManager(  382): Unknown permission android.permission.ADD_SYSTEM_SERVICE in package com.android.phone
W/PackageManager(  382): Unknown permission com.google.android.googleapps.permission.GOOGLE_AUTH in package com.android.providers.calendar
W/PackageManager(  382): Unknown permission com.google.android.googleapps.permission.GOOGLE_AUTH.cl in package com.android.providers.calendar
W/PackageManager(  382): Unknown permission com.google.android.googleapps.permission.GOOGLE_AUTH.mail in package com.android.calendar
W/PackageManager(  382): Not granting permission android.permission.SEND_DOWNLOAD_COMPLETED_INTENTS to package com.android.browser (protectionLevel=2 flags=0x9be45)
W/PackageManager(  382): Unknown permission com.cyanogenmod.filemanager.permissions.READ_THEME in package com.cyanogenmod.filemanager
W/PackageManager(  382): Unknown permission com.google.android.googleapps.permission.GOOGLE_AUTH in package com.android.settings
W/PackageManager(  382): Unknown permission com.google.android.googleapps.permission.GOOGLE_AUTH in package com.android.providers.contacts
I/boot_progress_pms_data_scan_start(  382): 13732
I/boot_progress_pms_scan_end(  382): 13733
W/PackageManager(  382): Unknown permission com.google.android.googleapps.permission.GOOGLE_AUTH.cp in package com.android.providers.contacts
W/PackageManager(  382): Unknown permission android.permission.ACCESS_SUPERUSER in package jackpal.androidterm
W/PackageManager(  382): Unknown permission android.permission.ACCESS_4G_RADIO_DISABLE in package com.android.systemui
W/PackageManager(  382): Unknown permission android.permission.ACCESS_4G_STATE in package com.android.systemui
W/PackageManager(  382): Unknown permission android.permission.CHANGE_4G_STATE in package com.android.systemui
W/PackageManager(  382): Unknown permission com.google.android.googleapps.permission.ACCESS_GOOGLE_PASSWORD in package com.android.development
W/PackageManager(  382): Unknown permission com.google.android.googleapps.permission.GOOGLE_AUTH in package com.android.development
W/PackageManager(  382): Unknown permission com.google.android.googleapps.permission.GOOGLE_AUTH.ALL_SERVICES in package com.android.development
W/PackageManager(  382): Unknown permission com.google.android.googleapps.permission.GOOGLE_AUTH.YouTubeUser in package com.android.development
W/PackageManager(  382): Not granting permission android.permission.DEVICE_POWER to package com.android.deskclock (protectionLevel=2 flags=0x8be45)
I/boot_progress_pms_ready(  382): 13819
I/SystemServer(  382): Account Manager
I/SystemServer(  382): Content Manager
I/SystemServer(  382): System Content Providers
I/SystemServer(  382): Lights Service
I/SystemServer(  382): Battery Service
I/SystemServer(  382): Vibrator Service
I/battery_status(  382): [2,2,1,2,Li-ion]
I/battery_level(  382): [90,4064,250]
I/power_screen_state(  382): [1,3,0,0]
I/SystemServer(  382): Alarm Manager
I/SystemServer(  382): Init Watchdog
I/SystemServer(  382): Window Manager
I/InputManager(  382): Initializing input manager
W/StatusBarManager(  382): warning: no STATUS_BAR_SERVICE
I/screen_toggled(  382): 1
I/InputManager(  382): Starting input manager
I/SystemServer(  382): Bluetooth Service
I/SystemServer(  382): Input Method Service
W/InputMethodManagerService(  382): Couldn't create dir.: /data/system/inputmethod
I/SystemServer(  382): Accessibility Manager
I/content_update_sample(  382): [content://settings/secure,insert,,1,,1]
I/configuration_changed(  382): 1528
I/ActivityManager(  382): Config changed: {1.0 0mcc0mnc en_US sw320dp w320dp h508dp nrml long port ?uimode ?night -touch -keyb/v/h -nav/h s.2 themeResource=null}
I/SystemServer(  382): Mount Service
D/MountService(  382): got storage path: /storage/sdcard1 description: SD card primary: true removable: true emulated: false mtpReserve: 0 allowMassStorage: true maxFileSize: 0
D/MountService(  382): got storage path: /storage/sdcard0 description: Internal storage primary: false removable: false emulated: false mtpReserve: 0 allowMassStorage: true maxFileSize: 0
I/SystemServer(  382): LockSettingsService
I/SystemServer(  382): Device Policy
I/SystemServer(  382): Status Bar
I/SystemServer(  382): Clipboard Service
I/SystemServer(  382): NetworkManagement Service
I/SystemServer(  382): Text Service Manager Service
I/SystemServer(  382): NetworkStats Service
I/ActivityManager(  382): Config changed: {1.0 0mcc0mnc en_US sw320dp w320dp h508dp nrml long port ?uimode ?night finger -keyb/v/h -nav/h s.3 themeResource=null}
D/VoldCmdListener(  130): volume list
I/SystemServer(  382): NetworkPolicy Service
I/configuration_changed(  382): 8
D/MountService(  382): volume state changed for /storage/sdcard1 (null -> unmounted)
D/MountService(  382): volume state changed for /storage/sdcard0 (null -> unmounted)
I/SystemServer(  382): Wi-Fi P2pService
W/MountService(  382): getSecureContainerList() called when storage not mounted
D/VoldCmdListener(  130): asec list
W/PackageManager(  382): Unknown permission com.google.android.googleapps.permission.GOOGLE_AUTH.mail in package com.android.contacts
W/PackageManager(  382): Unknown permission android.permission.ADD_SYSTEM_SERVICE in package com.android.phone
W/PackageManager(  382): Unknown permission com.google.android.googleapps.permission.GOOGLE_AUTH in package com.android.providers.calendar
W/PackageManager(  382): Unknown permission com.google.android.googleapps.permission.GOOGLE_AUTH.cl in package com.android.providers.calendar
I/SystemServer(  382): Wi-Fi Service
W/PackageManager(  382): Unknown permission com.google.android.googleapps.permission.GOOGLE_AUTH.mail in package com.android.calendar
W/PackageManager(  382): Not granting permission android.permission.SEND_DOWNLOAD_COMPLETED_INTENTS to package com.android.browser (protectionLevel=2 flags=0x9be45)
W/PackageManager(  382): Unknown permission com.cyanogenmod.filemanager.permissions.READ_THEME in package com.cyanogenmod.filemanager
W/PackageManager(  382): Unknown permission com.google.android.googleapps.permission.GOOGLE_AUTH in package com.android.settings
W/PackageManager(  382): Unknown permission com.google.android.googleapps.permission.GOOGLE_AUTH in package com.android.providers.contacts
W/PackageManager(  382): Unknown permission com.google.android.googleapps.permission.GOOGLE_AUTH.cp in package com.android.providers.contacts
W/PackageManager(  382): Unknown permission android.permission.ACCESS_SUPERUSER in package jackpal.androidterm
W/PackageManager(  382): Unknown permission android.permission.ACCESS_4G_RADIO_DISABLE in package com.android.systemui
W/PackageManager(  382): Unknown permission android.permission.ACCESS_4G_STATE in package com.android.systemui
W/PackageManager(  382): Unknown permission android.permission.CHANGE_4G_STATE in package com.android.systemui
W/PackageManager(  382): Unknown permission com.google.android.googleapps.permission.ACCESS_GOOGLE_PASSWORD in package com.android.development
W/PackageManager(  382): Unknown permission com.google.android.googleapps.permission.GOOGLE_AUTH in package com.android.development
W/PackageManager(  382): Unknown permission com.google.android.googleapps.permission.GOOGLE_AUTH.ALL_SERVICES in package com.android.development
W/PackageManager(  382): Unknown permission com.google.android.googleapps.permission.GOOGLE_AUTH.YouTubeUser in package com.android.development
W/PackageManager(  382): Not granting permission android.permission.DEVICE_POWER to package com.android.deskclock (protectionLevel=2 flags=0x8be45)
I/dvm_lock_sample(  382): [system_server,0,android.server.ServerThread,84,PackageManagerService.java,1945,-,9220,16]
I/wifi_state_changed(  382): InitialState
I/SystemServer(  382): Connectivity Service
D/ConnectivityService(  382): ConnectivityService starting up
I/wifi_state_changed(  382): DriverUnloadedState
E/MobileDataStateTracker(  382): default: Ignoring feature request because could not acquire MSim Phone Service
E/MobileDataStateTracker(  382): default: Could not enable APN type "default"
I/WifiService(  382): WifiService starting up with Wi-Fi disabled
E/libdiag (  498):  Diag_LSM_Init: Failed to open handle to diag driver, error = 13
I/SystemServer(  382): Network Service Discovery Service
D/NsdService(  382): Network service discovery enabled true
I/SystemServer(  382): Throttle Service
I/SystemServer(  382): FM receiver Service
I/SystemServer(  382): FM transmitter Service
I/SystemServer(  382): UpdateLock Service
I/SystemServer(  382): Profile Manager
I/SystemServer(  382): Notification Manager
I/SystemServer(  382): Device Storage Monitor
I/SystemServer(  382): Location Manager
I/SystemServer(  382): Country Detector
I/SystemServer(  382): Search Service
I/SystemServer(  382): DropBox Service
I/SystemServer(  382): Wallpaper Service
I/free_storage_left(  382): [1148919808,783114240,147476480]
I/free_storage_changed(  382): 1148919808
I/SystemServer(  382): Audio Service
I/SystemServer(  382): Dock Observer
W/DockObserver(  382): This kernel does not have dock station support
I/SystemServer(  382): Wired Accessory Observer
W/WiredAccessoryObserver(  382): This kernel does not have usb audio support
W/WiredAccessoryObserver(  382): This kernel does not have samsung usb dock audio support
W/WiredAccessoryObserver(  382): This kernel does not have HDMI audio support
I/SystemServer(  382): USB Service
I/SystemServer(  382): Serial Service
I/SystemServer(  382): UI Mode Manager Service
I/SystemServer(  382): Backup Service
V/BackupManagerService(  382): Initializing package tracking
V/BackupManagerService(  382): No ancestral data
V/BackupManagerService(  382): addPackageParticipantsLocked: all
I/BackupManagerService(  382): New app android never backed up; scheduling
D/BackupManagerService(  382): Now staging backup of android
I/backup_data_changed(  382): android
I/BackupManagerService(  382): New app com.android.browser never backed up; scheduling
D/BackupManagerService(  382): Now staging backup of com.android.browser
I/backup_data_changed(  382): com.android.browser
I/BackupManagerService(  382): New app com.android.calendar never backed up; scheduling
D/BackupManagerService(  382): Now staging backup of com.android.calendar
I/backup_data_changed(  382): com.android.calendar
I/BackupManagerService(  382): New app com.android.inputmethod.latin never backed up; scheduling
D/BackupManagerService(  382): Now staging backup of com.android.inputmethod.latin
I/backup_data_changed(  382): com.android.inputmethod.latin
I/BackupManagerService(  382): New app com.android.providers.settings never backed up; scheduling
D/BackupManagerService(  382): Now staging backup of com.android.providers.settings
I/BackupManagerService(  382): New app com.android.providers.userdictionary never backed up; scheduling
D/BackupManagerService(  382): Now staging backup of com.android.providers.userdictionary
I/backup_data_changed(  382): com.android.providers.settings
I/backup_data_changed(  382): com.android.providers.userdictionary
I/BackupManagerService(  382): New app com.android.sharedstoragebackup never backed up; scheduling
D/BackupManagerService(  382): Now staging backup of com.android.sharedstoragebackup
I/backup_data_changed(  382): com.android.sharedstoragebackup
V/BackupManagerService(  382): Registering transport android/com.android.internal.backup.LocalTransport = com.android.internal.backup.LocalTransport@41e7d660
V/BackupManagerService(  382): Starting with transport com.google.android.backup/.BackupTransportService
V/BackupManagerService(  382): Google transport not present
I/BackupManagerService(  382): Found stale backup journal, scheduling
I/BackupManagerService(  382):   android
I/BackupManagerService(  382):   com.android.browser
I/backup_data_changed(  382): android
I/backup_data_changed(  382): com.android.browser
I/BackupManagerService(  382):   com.android.calendar
I/BackupManagerService(  382):   com.android.inputmethod.latin
I/BackupManagerService(  382):   com.android.providers.settings
I/BackupManagerService(  382):   com.android.providers.userdictionary
I/BackupManagerService(  382):   com.android.sharedstoragebackup
I/BackupManagerService(  382): Backup enabled => false
I/BackupManagerService(  382): Opting out of backup
I/SystemServer(  382): AppWidget Service
I/backup_data_changed(  382): com.android.calendar
I/backup_data_changed(  382): com.android.inputmethod.latin
I/backup_data_changed(  382): com.android.providers.settings
I/backup_data_changed(  382): com.android.providers.userdictionary
I/backup_data_changed(  382): com.android.sharedstoragebackup
I/SystemServer(  382): Recognition Service
I/SystemServer(  382): DiskStats Service
I/SystemServer(  382): SamplingProfiler Service
I/SystemServer(  382): NetworkTimeUpdateService
I/SystemServer(  382): CommonTimeManagementService
I/SystemServer(  382): CertBlacklister
I/SystemServer(  382): AssetRedirectionManager Service
D/PowerManagerService(  382): system ready!
I/ActivityManager(  382): System now ready
I/SystemServer(  382): Making services ready
D/SystemServer(  382): Starting service: Intent { cmp=com.android.systemui/.SystemUIService }
I/boot_progress_ams_ready(  382): 14945
I/ActivityManager(  382): Start proc com.android.systemui for service com.android.systemui/.SystemUIService: pid=515 uid=10039 gids={1028, 1015, 3002, 3001}
D/NetworkManagementService(  382): enabling bandwidth control
I/am_proc_start(  382): [515,10039,com.android.systemui,service,com.android.systemui/.SystemUIService]
I/am_proc_bound(  382): [515,com.android.systemui]
I/am_create_service(  382): [1108736416,com.android.systemui/.SystemUIService,,515]
D/SystemUIService(  515): loading: class com.android.systemui.statusbar.phone.PhoneStatusBar
D/SystemUIService(  515): running: com.android.systemui.statusbar.phone.PhoneStatusBar@41e2e0c0
I/StatusBarManagerService(  382): registerStatusBar bar=com.android.internal.statusbar.IStatusBar$Stub$Proxy@41e84a40
I/ActivityManager(  382): Config changed: {1.0 0mcc0mnc en_US sw320dp w320dp h508dp nrml long port finger -keyb/v/h -nav/h s.4 themeResource=null}
I/configuration_changed(  382): 512
W/RecognitionManagerService(  382): no available voice recognition services found
I/notification_enqueue(  382): [android,17040511,NULL,Notification(pri=-1 contentView=android/0x1090071 vibrate=null sound=null defaults=0x0 flags=0x2 kind=[null])]
I/ActivityManager(  382): Start proc android.process.media for broadcast com.android.providers.media/.UsbReceiver: pid=561 uid=10017 gids={1015, 1023, 1024, 1028, 2001, 3003, 3007}
I/am_proc_start(  382): [561,10017,android.process.media,broadcast,com.android.providers.media/.UsbReceiver]
I/am_create_service(  382): [1107813848,com.android.systemui/.ImageWallpaper,act=android.service.wallpaper.WallpaperService,515]
W/InputMethodManagerService(  382): Ignoring setImeWindowStatus of uid 1000 token: null
I/ActivityManager(  382): Start proc com.android.inputmethod.latin for service com.android.inputmethod.latin/.LatinIME: pid=573 uid=10024 gids={1028}
I/am_proc_start(  382): [573,10024,com.android.inputmethod.latin,service,com.android.inputmethod.latin/.LatinIME]
I/am_proc_bound(  382): [561,android.process.media]
I/LocationManagerService(  382): Setting GPS Source to: 0
I/am_proc_bound(  382): [573,com.android.inputmethod.latin]
I/am_create_service(  382): [1108284984,com.android.inputmethod.latin/.LatinIME,act=android.view.InputMethod,573]
I/binder_sample(  573): [android.app.IActivityManager,17,18,<pre-initialized>,3]
W/ThrottleService(  382): unable to find stats for iface rmnet0
I/ActivityManager(  382): Start proc com.android.phone for added application com.android.phone: pid=595 uid=1001 gids={3002, 3001, 3003, 1015, 1028}
I/am_proc_start(  382): [595,1001,com.android.phone,added application,com.android.phone]
I/ActivityManager(  382): START {act=android.intent.action.MAIN cat=[android.intent.category.HOME] flg=0x10000000 cmp=com.cyanogenmod.trebuchet/.Launcher u=0} from pid 0
I/am_create_task(  382): 2
I/am_create_activity(  382): [1106108072,2,com.cyanogenmod.trebuchet/.Launcher,android.intent.action.MAIN,NULL,NULL,268435456]
I/ActivityManager(  382): Start proc com.cyanogenmod.trebuchet for activity com.cyanogenmod.trebuchet/.Launcher: pid=605 uid=10042 gids={1028}
I/am_proc_start(  382): [605,10042,com.cyanogenmod.trebuchet,activity,com.cyanogenmod.trebuchet/.Launcher]
I/notification_cancel(  382): [android,17302916,NULL,0,0]
I/am_create_service(  382): [1108734240,com.android.providers.downloads/.DownloadService,,561]
I/binder_sample(  605): [,1,18,<pre-initialized>,3]
I/am_proc_bound(  382): [605,com.cyanogenmod.trebuchet]
I/am_restart_activity(  382): [1106108072,2,com.cyanogenmod.trebuchet/.Launcher]
I/am_proc_bound(  382): [595,com.android.phone]
I/am_create_service(  382): [1108723280,com.android.providers.media/.MtpService,,561]
I/binder_sample(  595): [android.app.IActivityManager,17,21,<pre-initialized>,4]
I/notification_cancel_all(  382): [com.android.providers.downloads,0,64]
D/PhoneStatusBar(  515): disable: < expand icons alerts ticker system_info back home recent clock >
D/StorageNotification(  515): Startup with UMS connection false (media state unmounted)
I/StorageNotification(  515): UMS connection changed to false (media state unmounted)
D/SystemUIService(  515): loading: class com.android.systemui.power.PowerUI
D/SystemUIService(  515): running: com.android.systemui.power.PowerUI@41f9c8c0
D/SystemUIService(  515): loading: class com.android.systemui.media.RingtonePlayer
D/SystemUIService(  515): running: com.android.systemui.media.RingtonePlayer@41f9d520
D/PhoneStatusBar(  515): addNotification score=-10
E/ActivityThread(  573): Failed to find provider info for com.android.inputmethod.latin.dictionarypack
D/RPC     (  382): 3000008c:00050000 sending call (XID 1).
I/ActivityManager(  382): Start proc android.process.acore for content provider com.android.providers.userdictionary/.UserDictionaryProvider: pid=664 uid=10001 gids={3003, 1015, 1028}
I/am_proc_start(  382): [664,10001,android.process.acore,content provider,com.android.providers.userdictionary/.UserDictionaryProvider]
I/dvm_lock_sample(  382): [system_server,1,Binder_2,22,ActivityManagerService.java,12689,-,6221,4]
I/LocationManagerService(  382): whitelist: []
I/LocationManagerService(  382): blacklist: []
D/RPC     (  382): 3000008c:00050000 received REPLY (XID 1), grabbing mutex to wake up client.
D/RPC     (  382): 3000008c:00050000 call success.
D/RPC     (  382): 3000008c:00050000 sending call (XID 2).
D/RPC     (  382): 3000008c:00050000 received REPLY (XID 2), grabbing mutex to wake up client.
D/RPC     (  382): 3000008c:00050000 call success.
D/RPC     (  382): 3000008c:00050000 received CALL.
D/RPC     (  382): 3000008c:00050000 sending call (XID 3).
I/binder_sample(  664): [,1,16,<pre-initialized>,3]
D/RPC     (  382): 3000008c:00050000 waiting for XDR input buffer to be consumed.
I/ActivityManager(  382): Start proc com.android.settings for broadcast com.android.settings/.widget.SettingsAppWidgetProvider: pid=678 uid=1000 gids={1015, 3002, 3001, 3003, 1028}
I/am_proc_start(  382): [678,1000,com.android.settings,broadcast,com.android.settings/.widget.SettingsAppWidgetProvider]
I/am_proc_bound(  382): [664,android.process.acore]
D/RPC     (  382): 3000008c:00050000 dispatching RPC call (XID 16, xdr 0x5135b008) for callback client 3100008c:00050001.
D/RPC     (  382): 3000008c:00050000 received REPLY (XID 3), grabbing mutex to wake up client.
D/RPC     (  382): 3000008c:00050000 call success.
D/RPC     (  382): 3100008c:327681 sending RPC reply (XID 16)
D/RPC     (  382): 3000008c:00050000 received CALL.
D/RPC     (  382): 3000008c:00050000 dispatching RPC call (XID 17, xdr 0x5135b008) for callback client 3100008c:00050001.
D/RPC     (  382): 3100008c:327681 sending RPC reply (XID 17)
I/LocationManagerService(  382): request passive (pid 382) 0 0
I/ActivityManager(  382): Start proc com.android.smspush for service com.android.smspush/.WapPushManager: pid=694 uid=10047 gids={1028}
I/am_proc_start(  382): [694,10047,com.android.smspush,service,com.android.smspush/.WapPushManager]
I/force_gc(  382): Binder
I/am_proc_bound(  382): [678,com.android.settings]
I/am_proc_bound(  382): [694,com.android.smspush]
I/am_create_service(  382): [1106182856,com.android.smspush/.WapPushManager,act=com.android.internal.telephony.IWapPushManager,694]
I/binder_sample(  694): [android.app.IActivityManager,17,32,<pre-initialized>,6]
I/am_destroy_service(  382): [1108734240,com.android.providers.downloads/.DownloadService,561]
I/binder_sample(  595): [android.app.IActivityManager,14,134,com.android.phone,26]
I/backup_data_changed(  382): android
I/am_create_service(  382): [1108703192,com.android.phone/.TelephonyDebugService,,595]
I/notification_cancel(  382): [com.android.phone,2,NULL,0,64]
I/am_create_service(  382): [1108408896,com.android.phone/.BluetoothHeadsetService,,595]
I/binder_sample(  573): [android.app.IActivityManager,29,1066,com.android.inputmethod.latin,100]
W/ActivityManager(  382): Unable to start service Intent { act=com.android.ussd.IExtendedNetworkService }: not found
D/WifiService(  382): New client listening to asynchronous messages
D/PhoneStatusBar(  515): disable: < expand icons alerts ticker system_info BACK* HOME* RECENT* CLOCK* >
I/MSimTelephonyRegistry(  382): notifyServiceState: 3 home null null null  Unknown CSS not supported -1 -1 mDataState=3 RoamInd=-1 DefRoamInd=-1 EmergOnly=false
I/gsm_service_state_change(  595): [1,1,3,1]
--------- beginning of /dev/log/radio
E/PHONE   (  595): Settings Exception Reading Dual Sim Data Call Values
D/GSM     (  595): [MSimDefaultPhoneNotifier] subscription = 0, DDS = 0
E/PHONE   (  595): Settings Exception Reading Dual Sim Data Call Values
D/GSM     (  595): [MSimDefaultPhoneNotifier] subscription = 0, DDS = 0
E/PHONE   (  595): Settings Exception Reading Dual Sim Data Call Values
D/GSM     (  595): [MSimDefaultPhoneNotifier] subscription = 0, DDS = 0
E/PHONE   (  595): Settings Exception Reading Dual Sim Data Call Values
D/GSM     (  595): [GSMPhone] getDataConnectionState: Data is Out of Service. ret = DISCONNECTED
E/PHONE   (  595): Settings Exception Reading Dual Sim Data Call Values
D/GSM     (  595): [MSimDefaultPhoneNotifier] subscription = 0, DDS = 0
E/PHONE   (  595): Settings Exception Reading Dual Sim Data Call Values
D/GSM     (  595): [MSimDefaultPhoneNotifier] subscription = 0, DDS = 0
E/PHONE   (  595): Settings Exception Reading Dual Sim Data Call Values
D/GSM     (  595): [MSimDefaultPhoneNotifier] subscription = 0, DDS = 0
E/PHONE   (  595): Settings Exception Reading Dual Sim Data Call Values
D/GSM     (  595): [MSimDefaultPhoneNotifier] subscription = 0, DDS = 0
E/PHONE   (  595): Settings Exception Reading Dual Sim Data Call Values
D/GSM     (  595): [MSimDefaultPhoneNotifier] subscription = 0, DDS = 0
E/PHONE   (  595): Settings Exception Reading Dual Sim Data Call Values
D/GSM     (  595): [MSimDefaultPhoneNotifier] subscription = 0, DDS = 0
E/PHONE   (  595): Settings Exception Reading Dual Sim Data Call Values
D/GSM     (  595): [MSimDefaultPhoneNotifier] subscription = 0, DDS = 0
E/PHONE   (  595): Settings Exception Reading Dual Sim Data Call Values
D/GSM     (  595): [MSimDefaultPhoneNotifier] subscription = 0, DDS = 0
E/PHONE   (  595): Settings Exception Reading Dual Sim Data Call Values
E/PHONE   (  595): Settings Exception Reading Dual Sim Data Call Values
D/GSM     (  595): [MSimDefaultPhoneNotifier] subscription = 0, DDS = 0
E/PHONE   (  595): Settings Exception Reading Dual Sim Data Call Values
D/GSM     (  595): [MSimDefaultPhoneNotifier] subscription = 0, DDS = 0
E/PHONE   (  595): Settings Exception Reading Dual Sim Data Call Values
D/GSM     (  595): [MSimDefaultPhoneNotifier] subscription = 0, DDS = 0
E/PHONE   (  595): Settings Exception Reading Dual Sim Data Call Values
D/GSM     (  595): [MSimDefaultPhoneNotifier] subscription = 0, DDS = 0
E/PHONE   (  595): Settings Exception Reading Dual Sim Data Call Values
D/GSM     (  595): [MSimDefaultPhoneNotifier] subscription = 0, DDS = 0
E/PHONE   (  595): Settings Exception Reading Dual Sim Data Call Values
D/GSM     (  595): [MSimDefaultPhoneNotifier] subscription = 0, DDS = 0
I/content_query_sample(  595): [content://call_log/calls,_id/number/date/duration/type,type=3 AND new=1,date DESC,440,,89]
E/PHONE   (  595): Settings Exception Reading Dual Sim Data Call Values
D/GSM     (  595): [MSimDefaultPhoneNotifier] subscription = 0, DDS = 0
D/GSM     (  595): [MSimGsmDCT:0] setupDataOnReadyApns: roamingOff
D/GSM     (  595): [ApnContext:default] set reason as roamingOff,current state IDLE
E/PHONE   (  595): Settings Exception Reading Dual Sim Data Call Values
D/GSM     (  595): [MSimDefaultPhoneNotifier] subscription = 0, DDS = 0
E/PHONE   (  595): Settings Exception Reading Dual Sim Data Call Values
D/GSM     (  595): [MSimDefaultPhoneNotifier] subscription = 0, DDS = 0
E/PHONE   (  595): Settings Exception Reading Dual Sim Data Call Values
D/GSM     (  595): [MSimDefaultPhoneNotifier] subscription = 0, DDS = 0
E/PHONE   (  595): Settings Exception Reading Dual Sim Data Call Values
D/GSM     (  595): [MSimDefaultPhoneNotifier] subscription = 0, DDS = 0
E/PHONE   (  595): Settings Exception Reading Dual Sim Data Call Values
D/GSM     (  595): [MSimDefaultPhoneNotifier] subscription = 0, DDS = 0
E/PHONE   (  595): Settings Exception Reading Dual Sim Data Call Values
D/GSM     (  595): [MSimDefaultPhoneNotifier] subscription = 0, DDS = 0
E/PHONE   (  595): Settings Exception Reading Dual Sim Data Call Values
D/GSM     (  595): [MSimDefaultPhoneNotifier] subscription = 0, DDS = 0
D/GSM     (  595): MSimGsmSMSDispatcher: subId = 0 slotId = -1
D/RIL_MSimIccCardProxy(  595): No card available
D/RIL_MSimIccCardProxy(  595): No card available
D/RILJ    (  595): [0006]> GET_CURRENT_CALLS [SUB1]
D/RILJ    (  595): [0007]> RADIO_POWER on [SUB1]
I/GSM     (  595): Network State Changed, get EONS and update operator name display
I/gsm_service_state_change(  595): [1,1,3,1]
I/MSimTelephonyRegistry(  382): notifyServiceState: 3 home null null null  Unknown CSS not supported -1 -1 mDataState=3 RoamInd=-1 DefRoamInd=-1 EmergOnly=false
E/PHONE   (  595): Settings Exception Reading Dual Sim Data Call Values
E/GSM     (  595): [MSimGsmDCT:1] Ignore GSM msgs since GSM phone is not the current DDS
E/PHONE   (  595): Settings Exception Reading Dual Sim Data Call Values
E/GSM     (  595): [MSimGsmDCT:1] Ignore GSM msgs since GSM phone is not the current DDS
E/PHONE   (  595): Settings Exception Reading Dual Sim Data Call Values
E/GSM     (  595): [MSimGsmDCT:1] Ignore GSM msgs since GSM phone is not the current DDS
E/PHONE   (  595): Settings Exception Reading Dual Sim Data Call Values
E/GSM     (  595): [MSimGsmDCT:1] Ignore GSM msgs since GSM phone is not the current DDS
D/GSM     (  595): MSimGsmSMSDispatcher: subId = 1 slotId = -1
D/RIL_MSimIccCardProxy(  595): No card available
D/RIL_MSimIccCardProxy(  595): No card available
I/binder_sample(  595): [android.app.IActivityManager,61,8,com.android.phone,1]
D/RILJ    (  595): [0008]> RADIO_POWER on [SUB0]
I/GSM     (  595): Network State Changed, get EONS and update operator name display
D/RILJ    (  595): [0009]> RADIO_POWER on [SUB0]
D/RILJ    (  595): [0010]> BASEBAND_VERSION [SUB0]
D/RILJ    (  595): [0011]> GET_IMEI [SUB0]
D/RILJ    (  595): [0012]> GET_IMEISV [SUB0]
E/PHONE   (  595): Settings Exception Reading Dual Sim Data Call Values
D/RILJ    (  595): [0013]> RADIO_POWER on [SUB1]
I/GSM     (  595): Network State Changed, get EONS and update operator name display
D/RILJ    (  595): [0014]> RADIO_POWER on [SUB1]
D/RILJ    (  595): [0015]> BASEBAND_VERSION [SUB1]
I/am_on_resume_called(  605): com.cyanogenmod.trebuchet.Launcher
D/RILJ    (  595): [0016]> GET_IMEI [SUB1]
D/RILJ    (  595): [0017]> GET_IMEISV [SUB1]
E/PHONE   (  595): Settings Exception Reading Dual Sim Data Call Values
E/GSM     (  595): [MSimGsmDCT:1] Ignore GSM msgs since GSM phone is not the current DDS
I/notification_cancel(  382): [com.android.phone,5,NULL,0,64]
I/notification_cancel(  382): [com.android.phone,6,NULL,0,64]
I/notification_cancel(  382): [com.android.phone,5,NULL,0,64]
I/notification_cancel(  382): [com.android.phone,21,NULL,0,64]
I/ActivityManager(  382): Start proc com.noshufou.android.su for broadcast com.noshufou.android.su/.SuResultReceiver: pid=737 uid=10038 gids={3003, 1015, 1028}
I/am_proc_start(  382): [737,10038,com.noshufou.android.su,broadcast,com.noshufou.android.su/.SuResultReceiver]
I/am_proc_bound(  382): [737,com.noshufou.android.su]
I/StorageNotification(  515): UMS connection changed to false (media state unmounted)
D/StatusBar.MSimNetworkController(  515): updateSimState for subscription :0
D/StatusBar.MSimNetworkController(  515): updateSimState simState =UNKNOWN
D/StatusBar.MSimNetworkController(  515): In updateSimIcon card =0, simState= UNKNOWN
D/StatusBar.MSimNetworkController(  515): refreshViews subscription =0mMSimDataConnected =false
D/StatusBar.MSimNetworkController(  515): refreshViews mMSimDataActivity =0
D/StatusBar.MSimNetworkController(  515): refreshViews connected={ } level=0 mMSimcombinedSignalIconId=0x0/(null) mMSimcombinedActivityIconId=0x0 mAirplaneMode=false mMSimDataActivity=0 mMSimPhoneSignalIconId=0x7f0200f8 mMSimDataDirectionIconId=0x0 mMSimDataSignalIconId=0x0 mMSimDataTypeIconId=0x0 mNoMSimIconId=0x0 mWifiIconId=0x0 mBluetoothTetherIconId=0x1080580
I/notification_cancel(  382): [com.android.phone,7,NULL,0,64]
I/notification_cancel(  382): [com.android.phone,7,NULL,0,64]
I/notification_cancel(  382): [com.android.phone,7,NULL,0,64]
I/notification_cancel(  382): [com.android.phone,7,NULL,0,64]
I/notification_cancel(  382): [com.android.phone,7,NULL,0,64]
I/notification_cancel(  382): [com.android.phone,7,NULL,0,64]
I/notification_cancel(  382): [com.android.phone,7,NULL,0,64]
I/notification_cancel(  382): [com.android.phone,7,NULL,0,64]
I/notification_cancel(  382): [com.android.phone,7,NULL,0,64]
I/notification_cancel(  382): [com.android.phone,7,NULL,0,64]
I/notification_cancel(  382): [com.android.phone,7,NULL,0,64]
I/notification_cancel(  382): [com.android.phone,7,NULL,0,64]
D/StatusBar.MSimNetworkController(  515): changing data overlay icon id to 0
D/StatusBar.MSimNetworkController(  515): updateDataIcon subscription =0
D/StatusBar.MSimNetworkController(  515): updateDataIcon dataSub =0
D/StatusBar.MSimNetworkController(  515): updateDataIcon  when SimState =UNKNOWN
D/StatusBar.MSimNetworkController(  515): updateDataIcon when mMSimDataConnected =false
D/StatusBar.MSimNetworkController(  515): updateDataIcon subscription =0
D/StatusBar.MSimNetworkController(  515): updateDataIcon dataSub =0
D/StatusBar.MSimNetworkController(  515): updateDataIcon  when SimState =UNKNOWN
D/StatusBar.MSimNetworkController(  515): updateDataIcon when mMSimDataConnected =false
D/StatusBar.MSimNetworkController(  515): refreshViews subscription =0mMSimDataConnected =false
D/StatusBar.MSimNetworkController(  515): refreshViews mMSimDataActivity =0
I/notification_cancel(  382): [com.android.phone,7,NULL,0,64]
I/notification_cancel(  382): [com.android.phone,7,NULL,0,64]
I/notification_cancel(  382): [com.android.phone,7,NULL,0,64]
I/notification_cancel(  382): [com.android.phone,7,NULL,0,64]
I/notification_cancel(  382): [com.android.phone,7,NULL,0,64]
I/notification_cancel(  382): [com.android.phone,7,NULL,0,64]
I/notification_cancel(  382): [com.android.phone,7,NULL,0,64]
I/notification_cancel(  382): [com.android.phone,7,NULL,0,64]
I/notification_cancel(  382): [com.android.phone,7,NULL,0,64]
I/notification_cancel(  382): [com.android.phone,7,NULL,0,64]
I/notification_cancel(  382): [com.android.phone,7,NULL,0,64]
I/notification_cancel(  382): [com.android.phone,7,NULL,0,64]
D/StatusBar.MSimNetworkController(  515): refreshViews connected={ } level=0 mMSimcombinedSignalIconId=0x0/(null) mMSimcombinedActivityIconId=0x0 mAirplaneMode=false mMSimDataActivity=0 mMSimPhoneSignalIconId=0x7f0200f8 mMSimDataDirectionIconId=0x0 mMSimDataSignalIconId=0x0 mMSimDataTypeIconId=0x0 mNoMSimIconId=0x0 mWifiIconId=0x0 mBluetoothTetherIconId=0x1080580
D/PhoneStatusBarPolicy(  515): updateSimState for subscription :0
I/notification_cancel(  382): [com.android.phone,7,NULL,0,64]
I/notification_cancel(  382): [com.android.phone,7,NULL,0,64]
I/notification_cancel(  382): [com.android.phone,7,NULL,0,64]
I/notification_cancel(  382): [com.android.phone,7,NULL,0,64]
I/notification_cancel(  382): [com.android.phone,7,NULL,0,64]
I/notification_cancel(  382): [com.android.phone,7,NULL,0,64]
I/notification_cancel(  382): [com.android.phone,7,NULL,0,64]
I/notification_cancel(  382): [com.android.phone,7,NULL,0,64]
I/notification_cancel(  382): [com.android.phone,7,NULL,0,64]
I/notification_cancel(  382): [com.android.phone,7,NULL,0,64]
I/binder_sample(  515): [android.app.IActivityManager,12,10,com.android.systemui,2]
I/notification_cancel(  382): [com.android.phone,7,NULL,0,64]
I/notification_cancel(  382): [com.android.phone,7,NULL,0,64]
I/notification_cancel(  382): [com.android.phone,7,NULL,0,64]
I/am_create_service(  382): [1107083456,com.noshufou.android.su/.service.ResultService,,737]
I/ActivityManager(  382): Start proc com.android.deskclock for broadcast com.android.deskclock/com.android.alarmclock.AnalogAppWidgetProvider: pid=756 uid=10015 gids={1028}
I/am_proc_start(  382): [756,10015,com.android.deskclock,broadcast,com.android.deskclock/com.android.alarmclock.AnalogAppWidgetProvider]
D/StatusBar.MSimNetworkController(  515): updateSimState for subscription :0
D/StatusBar.MSimNetworkController(  515): updateSimState simState =UNKNOWN
D/StatusBar.MSimNetworkController(  515): In updateSimIcon card =0, simState= UNKNOWN
D/StatusBar.MSimNetworkController(  515): refreshViews subscription =0mMSimDataConnected =false
D/StatusBar.MSimNetworkController(  515): refreshViews mMSimDataActivity =0
D/StatusBar.MSimNetworkController(  515): refreshViews connected={ } level=0 mMSimcombinedSignalIconId=0x0/(null) mMSimcombinedActivityIconId=0x0 mAirplaneMode=false mMSimDataActivity=0 mMSimPhoneSignalIconId=0x7f0200f8 mMSimDataDirectionIconId=0x0 mMSimDataSignalIconId=0x0 mMSimDataTypeIconId=0x0 mNoMSimIconId=0x0 mWifiIconId=0x0 mBluetoothTetherIconId=0x1080580
D/StatusBar.MSimNetworkController(  515): updateDataIcon subscription =0
D/StatusBar.MSimNetworkController(  515): updateDataIcon dataSub =0
D/StatusBar.MSimNetworkController(  515): updateDataIcon  when SimState =UNKNOWN
D/StatusBar.MSimNetworkController(  515): updateDataIcon when mMSimDataConnected =false
D/StatusBar.MSimNetworkController(  515): updateDataIcon subscription =0
D/StatusBar.MSimNetworkController(  515): updateDataIcon dataSub =0
D/StatusBar.MSimNetworkController(  515): updateDataIcon  when SimState =UNKNOWN
D/StatusBar.MSimNetworkController(  515): updateDataIcon when mMSimDataConnected =false
D/StatusBar.MSimNetworkController(  515): refreshViews subscription =0mMSimDataConnected =false
D/StatusBar.MSimNetworkController(  515): refreshViews mMSimDataActivity =0
D/StatusBar.MSimNetworkController(  515): refreshViews connected={ } level=0 mMSimcombinedSignalIconId=0x0/(null) mMSimcombinedActivityIconId=0x0 mAirplaneMode=false mMSimDataActivity=0 mMSimPhoneSignalIconId=0x7f0200f8 mMSimDataDirectionIconId=0x0 mMSimDataSignalIconId=0x0 mMSimDataTypeIconId=0x0 mNoMSimIconId=0x0 mWifiIconId=0x0 mBluetoothTetherIconId=0x1080580
D/PhoneStatusBarPolicy(  515): updateSimState for subscription :0
D/StatusBar.MSimNetworkController(  515): onServiceStateChanged received on subscription :0state=3
D/StatusBar.MSimNetworkController(  515): updateTelephonySignalStrength: subscription =0
D/StatusBar.MSimNetworkController(  515):  No service
D/StatusBar.MSimNetworkController(  515): updateDataNetType sub = 0 mDataNetType = 0
E/StatusBar.MSimNetworkController(  515): updateDataNetType NETWORK_TYPE_UNKNOWN
D/StatusBar.MSimNetworkController(  515): updateDataIcon subscription =0
D/StatusBar.MSimNetworkController(  515): updateDataIcon dataSub =0
D/StatusBar.MSimNetworkController(  515): updateDataIcon  when SimState =UNKNOWN
D/StatusBar.MSimNetworkController(  515): updateDataIcon when mMSimDataConnected =false
D/StatusBar.MSimNetworkController(  515): refreshViews subscription =0mMSimDataConnected =false
D/StatusBar.MSimNetworkController(  515): refreshViews mMSimDataActivity =0
D/StatusBar.MSimNetworkController(  515): refreshViews connected={ } level=0 mMSimcombinedSignalIconId=0x7f0200f8/com.android.systemui:drawable/stat_sys_signal_null mMSimcombinedActivityIconId=0x0 mAirplaneMode=false mMSimDataActivity=0 mMSimPhoneSignalIconId=0x7f0200f8 mMSimDataDirectionIconId=0x0 mMSimDataSignalIconId=0x7f0200f8 mMSimDataTypeIconId=0x0 mNoMSimIconId=0x0 mWifiIconId=0x0 mBluetoothTetherIconId=0x1080580
D/StatusBar.MSimNetworkController(  515): onServiceStateChanged received on subscription :1state=3
D/StatusBar.MSimNetworkController(  515): updateTelephonySignalStrength: subscription =1
D/StatusBar.MSimNetworkController(  515):  No service
D/StatusBar.MSimNetworkController(  515): updateDataNetType sub = 1 mDataNetType = 0
E/StatusBar.MSimNetworkController(  515): updateDataNetType NETWORK_TYPE_UNKNOWN
D/StatusBar.MSimNetworkController(  515): updateDataIcon subscription =1
D/StatusBar.MSimNetworkController(  515): updateDataIcon dataSub =0
D/StatusBar.MSimNetworkController(  515): updateDataIcon return
D/StatusBar.MSimNetworkController(  515): refreshViews subscription =1mMSimDataConnected =false
D/StatusBar.MSimNetworkController(  515): refreshViews mMSimDataActivity =0
D/StatusBar.MSimNetworkController(  515): refreshViews connected={ } level=0 mMSimcombinedSignalIconId=0x7f0200f8/com.android.systemui:drawable/stat_sys_signal_null mMSimcombinedActivityIconId=0x0 mAirplaneMode=false mMSimDataActivity=0 mMSimPhoneSignalIconId=0x7f0200f8 mMSimDataDirectionIconId=0x0 mMSimDataSignalIconId=0x7f0200f8 mMSimDataTypeIconId=0x0 mNoMSimIconId=0x0 mWifiIconId=0x0 mBluetoothTetherIconId=0x1080580
I/am_proc_bound(  382): [756,com.android.deskclock]
I/activity_launch_time(  382): [1106108072,com.cyanogenmod.trebuchet/.Launcher,3040,3040]
W/ActivityManager(  382): Permission denied: checkComponentPermission() owningUid=1000
W/BroadcastQueue(  382): Permission Denial: broadcasting Intent { act=android.appwidget.action.APPWIDGET_UPDATE_OPTIONS flg=0x10 cmp=com.android.settings/.widget.SettingsAppWidgetProvider (has extras) } from android (pid=605, uid=10042) is not exported from uid 1000 due to receiver com.android.settings/com.android.settings.widget.SettingsAppWidgetProvider
D/PowerManagerService(  382): bootCompleted
V/DevicePolicyManagerService(  382): Sending password expiration notifications for action android.intent.action.BOOT_COMPLETED
D/VoldCmdListener(  130): volume mount /storage/sdcard1
I/Vold    (  130): /dev/block/vold/179:33 being considered for volume sdcard
D/Vold    (  130): Volume sdcard state changing 1 (Idle-Unmounted) -> 3 (Checking)
D/MountService(  382): volume state changed for /storage/sdcard1 (unmounted -> checking)
I/StorageNotification(  515): Media {/storage/sdcard1} state changed from {unmounted} -> {checking} (primary = true)
D/MountService(  382): sendStorageIntent Intent { act=android.intent.action.MEDIA_CHECKING dat=file:///storage/sdcard1 (has extras) }
I/ActivityManager(  382): Start proc com.android.contacts for broadcast com.android.contacts/.calllog.CallLogReceiver: pid=784 uid=10001 gids={3003, 1015, 1028}
I/am_proc_start(  382): [784,10001,com.android.contacts,broadcast,com.android.contacts/.calllog.CallLogReceiver]
I/boot_progress_enable_screen(  382): 18967
D/PhoneStatusBar(  515): addNotification score=0
I/notification_enqueue(  382): [com.android.systemui,17301675,NULL,Notification(pri=0 contentView=com.android.systemui/0x1090071 vibrate=null sound=null defaults=0x0 flags=0x2 kind=[null])]
V/WiredAccessoryObserver(  382): init()
I/am_proc_bound(  382): [784,com.android.contacts]
I/am_create_service(  382): [1107177320,com.android.contacts/.calllog.CallLogNotificationsService,act=com.android.contacts.calllog.UPDATE_NOTIFICATIONS,784]
I/ActivityManager(  382): Start proc com.bel.android.dspmanager for broadcast com.bel.android.dspmanager/.receiver.BootCompletedReceiver: pid=829 uid=10013 gids={3002, 1028}
I/am_proc_start(  382): [829,10013,com.bel.android.dspmanager,broadcast,com.bel.android.dspmanager/.receiver.BootCompletedReceiver]
I/am_destroy_service(  382): [1107083456,com.noshufou.android.su/.service.ResultService,737]
I/am_proc_bound(  382): [829,com.bel.android.dspmanager]
I/am_create_service(  382): [1108725576,com.bel.android.dspmanager/.service.HeadsetService,,829]
I/ActivityManager(  382): Start proc com.cyanogenmod.updater for broadcast com.cyanogenmod.updater/.receiver.UpdateCheckReceiver: pid=853 uid=10007 gids={3003, 1015, 2001, 1028}
I/am_proc_start(  382): [853,10007,com.cyanogenmod.updater,broadcast,com.cyanogenmod.updater/.receiver.UpdateCheckReceiver]
I/am_proc_bound(  382): [853,com.cyanogenmod.updater]
I/notification_cancel(  382): [com.android.contacts,1,DefaultVoicemailNotifier,0,64]
I/am_destroy_service(  382): [1107177320,com.android.contacts/.calllog.CallLogNotificationsService,784]
I/ActivityManager(  382): Start proc com.cyanogenmod.updater.updater.service.UpdateCheckService for service com.cyanogenmod.updater/.service.UpdateCheckService: pid=869 uid=10007 gids={3003, 1015, 2001, 1028}
I/am_proc_start(  382): [869,10007,com.cyanogenmod.updater.updater.service.UpdateCheckService,service,com.cyanogenmod.updater/.service.UpdateCheckService]
I/ActivityManager(  382): Start proc com.android.providers.calendar for broadcast com.android.providers.calendar/.CalendarReceiver: pid=880 uid=10011 gids={3003, 1015, 1028}
I/am_proc_start(  382): [880,10011,com.android.providers.calendar,broadcast,com.android.providers.calendar/.CalendarReceiver]
I/am_proc_bound(  382): [869,com.cyanogenmod.updater.updater.service.UpdateCheckService]
I/am_create_service(  382): [1106177376,com.cyanogenmod.updater/.service.UpdateCheckService,,869]
I/am_proc_bound(  382): [880,com.android.providers.calendar]
I/binder_sample(  880): [android.app.IActivityManager,17,19,<pre-initialized>,3]
I/am_create_service(  382): [1106128152,com.android.providers.calendar/.EmptyService,,880]
I/am_create_service(  382): [1105922976,com.android.providers.downloads/.DownloadService,,561]
I/ActivityManager(  382): Start proc com.android.email for broadcast com.android.email/.service.EmailBroadcastReceiver: pid=906 uid=10018 gids={3003, 1015, 1028}
I/am_proc_start(  382): [906,10018,com.android.email,broadcast,com.android.email/.service.EmailBroadcastReceiver]
I/notification_cancel_all(  382): [com.android.providers.downloads,0,64]
I/content_query_sample(  595): [content://com.android.contacts/data/callables,data1/data4/custom_ringtone/send_to_voicemail,((custom_ringtone IS NOT NULL OR send_to_voicemail=1) AND data1 IS NOT NULL),,2475,,100]
I/am_proc_bound(  382): [906,com.android.email]
I/am_destroy_service(  382): [1105922976,com.android.providers.downloads/.DownloadService,561]
D/ActivityThread(  906): Loading provider com.android.email.provider;com.android.email.notifier: com.android.email.provider.EmailProvider
I/ActivityManager(  382): Start proc com.android.exchange for service com.android.exchange/.ExchangeService: pid=925 uid=10019 gids={3003, 1015, 1028}
I/am_proc_start(  382): [925,10019,com.android.exchange,service,com.android.exchange/.ExchangeService]
I/am_create_service(  382): [1106209752,com.android.email/.service.EmailBroadcastProcessorService,act=broadcast_receiver,906]
I/force_gc(  382): Binder
I/am_proc_bound(  382): [925,com.android.exchange]
I/am_create_service(  382): [1106018176,com.android.exchange/.ExchangeService,act=com.android.email.EXCHANGE_INTENT,925]
I/binder_sample(  925): [android.app.IActivityManager,17,59,<pre-initialized>,11]
I/dvm_lock_sample(  382): [system_server,0,ActivityManager,8,ActivityManagerService.java,2296,-,4162,1]
I/am_create_service(  382): [1108701736,com.android.exchange/.service.ExchangeBroadcastProcessorService,act=broadcast_receiver,925]
I/am_create_service(  382): [1108494520,com.android.providers.media/.MediaScannerService,,561]
I/ActivityManager(  382): Start proc com.android.mms for broadcast com.android.mms/.transaction.MmsSystemEventReceiver: pid=945 uid=10028 gids={3003, 1015, 1028}
I/am_proc_start(  382): [945,10028,com.android.mms,broadcast,com.android.mms/.transaction.MmsSystemEventReceiver]
I/am_destroy_service(  382): [1108701736,com.android.exchange/.service.ExchangeBroadcastProcessorService,925]
I/am_create_service(  382): [1108431888,com.android.email/.service.AccountService,act=com.android.email.ACCOUNT_INTENT,906]
I/am_proc_bound(  382): [945,com.android.mms]
I/am_destroy_service(  382): [1108431888,com.android.email/.service.AccountService,906]
I/am_create_service(  382): [1108301664,com.android.email/.service.AccountService,act=com.android.email.ACCOUNT_INTENT,906]
