D/dalvikvm(  382): GC_CONCURRENT freed 1923K, 40% free 5948K/9863K, paused 3ms+5ms, total 57ms
V/MSimPhoneApp( 1137): Action intent recieved:android.intent.action.ANY_DATA_STATE
V/MSimPhoneApp( 1137): Action intent recieved:android.intent.action.ANY_DATA_STATE
V/MSimPhoneApp( 1137): Action intent recieved:android.intent.action.ANY_DATA_STATE
V/MSimPhoneApp( 1137): Action intent recieved:android.intent.action.ANY_DATA_STATE
V/MSimPhoneApp( 1137): Action intent recieved:android.intent.action.ANY_DATA_STATE
V/MSimPhoneApp( 1137): Action intent recieved:android.intent.action.SERVICE_STATE
I/notification_cancel(  382): [com.android.phone,7,NULL,0,64]
I/notification_cancel(  382): [com.android.phone,7,NULL,0,64]
I/notification_cancel(  382): [com.android.phone,7,NULL,0,64]
I/notification_cancel(  382): [com.android.phone,7,NULL,0,64]
I/notification_cancel(  382): [com.android.phone,7,NULL,0,64]
I/notification_cancel(  382): [com.android.phone,7,NULL,0,64]
I/notification_cancel(  382): [com.android.phone,7,NULL,0,64]
I/notification_cancel(  382): [com.android.phone,7,NULL,0,64]
I/notification_cancel(  382): [com.android.phone,7,NULL,0,64]
I/notification_cancel(  382): [com.android.phone,7,NULL,0,64]
I/notification_cancel(  382): [com.android.phone,7,NULL,0,64]
I/notification_cancel(  382): [com.android.phone,7,NULL,0,64]
I/notification_cancel(  382): [com.android.phone,7,NULL,0,64]
I/notification_cancel(  382): [com.android.phone,7,NULL,0,64]
I/notification_cancel(  382): [com.android.phone,7,NULL,0,64]
I/notification_cancel(  382): [com.android.phone,7,NULL,0,64]
I/notification_cancel(  382): [com.android.phone,7,NULL,0,64]
I/notification_cancel(  382): [com.android.phone,7,NULL,0,64]
I/notification_cancel(  382): [com.android.phone,7,NULL,0,64]
I/notification_cancel(  382): [com.android.phone,7,NULL,0,64]
I/notification_cancel(  382): [com.android.phone,7,NULL,0,64]
I/notification_cancel(  382): [com.android.phone,7,NULL,0,64]
I/notification_cancel(  382): [com.android.phone,7,NULL,0,64]
I/notification_cancel(  382): [com.android.phone,7,NULL,0,64]
I/notification_cancel(  382): [com.android.phone,7,NULL,0,64]
I/notification_cancel(  382): [com.android.phone,7,NULL,0,64]
I/notification_cancel(  382): [com.android.phone,7,NULL,0,64]
I/notification_cancel(  382): [com.android.phone,7,NULL,0,64]
I/notification_cancel(  382): [com.android.phone,7,NULL,0,64]
I/notification_cancel(  382): [com.android.phone,7,NULL,0,64]
I/notification_cancel(  382): [com.android.phone,7,NULL,0,64]
V/SipBroadcastReceiver( 1137): start auto registration
I/notification_cancel(  382): [com.android.phone,7,NULL,0,64]
I/notification_cancel(  382): [com.android.phone,7,NULL,0,64]
I/notification_cancel(  382): [com.android.phone,7,NULL,0,64]
I/notification_cancel(  382): [com.android.phone,7,NULL,0,64]
I/notification_cancel(  382): [com.android.phone,7,NULL,0,64]
I/notification_cancel(  382): [com.android.phone,7,NULL,0,64]
I/notification_cancel(  382): [com.android.phone,7,NULL,0,64]
E/Sensors (  382): sensors_poll_context_t::pollEvents, line 202: receive event #### i=3, nb=1
E/Sensors (  382): sensors_poll_context_t::pollEvents, line 202: receive event #### i=3, nb=1
E/MP-Decision( 1165): MPDecision server starting
E/MP-Decision( 1165): OPTION ENABLED: Control sleep modes
E/MP-Decision( 1165): OPTION ENABLED: Adjusting average
E/MP-Decision( 1165): 
E/MP-Decision( 1165):  MP Decision Options:
E/MP-Decision( 1165): --poll_ms --decision_ms --no_sleep --avg_comp --debug
E/MP-Decision( 1165): --Nw=[1..3]:[value] --Tw=[1..3]:[value] --Ns=[1..3]:[value] --Ts=[1..3]:[value]
E/Sensors (  382): sensors_poll_context_t::pollEvents, line 202: receive event #### i=3, nb=1
E/Sensors (  382): sensors_poll_context_t::pollEvents, line 202: receive event #### i=3, nb=1
D/dalvikvm(  561): GC_CONCURRENT freed 1777K, 72% free 2338K/8195K, paused 2ms+2ms, total 21ms
E/Sensors (  382): sensors_poll_context_t::pollEvents, line 202: receive event #### i=3, nb=1
E/Sensors (  382): sensors_poll_context_t::pollEvents, line 202: receive event #### i=3, nb=1
D/su      ( 1174): Executing exec /system/bin/am broadcast -a com.noshufou.android.su.RESULT --es socket '' --ei caller_uid 2000 --ei allow 1 --ei version_code 18
E/MP-Decision( 1175): MPDecision server starting
E/MP-Decision( 1175): OPTION ENABLED: Control sleep modes
E/MP-Decision( 1175): OPTION ENABLED: Adjusting average
E/MP-Decision( 1175): 
E/MP-Decision( 1175):  MP Decision Options:
E/MP-Decision( 1175): --poll_ms --decision_ms --no_sleep --avg_comp --debug
E/MP-Decision( 1175): --Nw=[1..3]:[value] --Tw=[1..3]:[value] --Ns=[1..3]:[value] --Ts=[1..3]:[value]
D/AndroidRuntime( 1174): 
D/AndroidRuntime( 1174): >>>>>> AndroidRuntime START com.android.internal.os.RuntimeInit <<<<<<
D/AndroidRuntime( 1174): CheckJNI is OFF
D/dalvikvm( 1174): Trying to load lib libjavacore.so 0x0
D/dalvikvm( 1174): Added shared lib libjavacore.so 0x0
D/dalvikvm( 1174): Trying to load lib libnativehelper.so 0x0
D/dalvikvm( 1174): Added shared lib libnativehelper.so 0x0
D/AndroidRuntime( 1174): Calling main entry com.android.commands.am.Am
I/ActivityManager(  382): Start proc com.noshufou.android.su for broadcast com.noshufou.android.su/.SuResultReceiver: pid=1187 uid=10038 gids={3003, 1015, 1028}
I/am_proc_start(  382): [1187,10038,com.noshufou.android.su,broadcast,com.noshufou.android.su/.SuResultReceiver]
I/dalvikvm( 1187): Turning on JNI app bug workarounds for target SDK version 11...
I/am_proc_bound(  382): [1187,com.noshufou.android.su]
I/ActivityThread( 1187): Pub com.noshufou.android.su.provider: com.noshufou.android.su.provider.PermissionsProvider
I/am_create_service(  382): [1108742840,com.noshufou.android.su/.service.ResultService,,1187]
D/AndroidRuntime( 1174): Shutting down VM
D/dalvikvm( 1174): GC_CONCURRENT freed 99K, 81% free 499K/2560K, paused 0ms+0ms, total 3ms
I/am_destroy_service(  382): [1108742840,com.noshufou.android.su/.service.ResultService,1187]
D/su      ( 1173): 2000 /system/bin/mksh executing 0 /system/bin/sh using shell /system/bin/sh : sh
E/Sensors (  382): sensors_poll_context_t::pollEvents, line 202: receive event #### i=3, nb=1
E/Sensors (  382): sensors_poll_context_t::pollEvents, line 202: receive event #### i=3, nb=1
E/Sensors (  382): sensors_poll_context_t::pollEvents, line 202: receive event #### i=3, nb=1
E/Sensors (  382): sensors_poll_context_t::pollEvents, line 202: receive event #### i=3, nb=1
E/MP-Decision( 1203): MPDecision server starting
E/MP-Decision( 1203): OPTION ENABLED: Control sleep modes
E/MP-Decision( 1203): OPTION ENABLED: Adjusting average
E/MP-Decision( 1203): 
E/MP-Decision( 1203):  MP Decision Options:
E/MP-Decision( 1203): --poll_ms --decision_ms --no_sleep --avg_comp --debug
E/MP-Decision( 1203): --Nw=[1..3]:[value] --Tw=[1..3]:[value] --Ns=[1..3]:[value] --Ts=[1..3]:[value]
E/Sensors (  382): sensors_poll_context_t::pollEvents, line 202: receive event #### i=3, nb=1
E/Sensors (  382): sensors_poll_context_t::pollEvents, line 202: receive event #### i=3, nb=1
E/Sensors (  382): sensors_poll_context_t::pollEvents, line 202: receive event #### i=3, nb=1
E/MP-Decision( 1207): MPDecision server starting
E/MP-Decision( 1207): OPTION ENABLED: Control sleep modes
E/MP-Decision( 1207): OPTION ENABLED: Adjusting average
E/MP-Decision( 1207): 
E/MP-Decision( 1207):  MP Decision Options:
E/MP-Decision( 1207): --poll_ms --decision_ms --no_sleep --avg_comp --debug
E/MP-Decision( 1207): --Nw=[1..3]:[value] --Tw=[1..3]:[value] --Ns=[1..3]:[value] --Ts=[1..3]:[value]
E/Sensors (  382): sensors_poll_context_t::pollEvents, line 202: receive event #### i=3, nb=1
E/Sensors (  382): sensors_poll_context_t::pollEvents, line 202: receive event #### i=3, nb=1
E/Sensors (  382): sensors_poll_context_t::pollEvents, line 202: receive event #### i=3, nb=1
E/Sensors (  382): sensors_poll_context_t::pollEvents, line 202: receive event #### i=3, nb=1
E/MP-Decision( 1210): MPDecision server starting
E/MP-Decision( 1210): OPTION ENABLED: Control sleep modes
E/MP-Decision( 1210): OPTION ENABLED: Adjusting average
E/MP-Decision( 1210): 
E/MP-Decision( 1210):  MP Decision Options:
E/MP-Decision( 1210): --poll_ms --decision_ms --no_sleep --avg_comp --debug
E/MP-Decision( 1210): --Nw=[1..3]:[value] --Tw=[1..3]:[value] --Ns=[1..3]:[value] --Ts=[1..3]:[value]
E/Sensors (  382): sensors_poll_context_t::pollEvents, line 202: receive event #### i=3, nb=1
D/dalvikvm(  561): GC_CONCURRENT freed 1729K, 72% free 2339K/8195K, paused 3ms+3ms, total 35ms
E/Sensors (  382): sensors_poll_context_t::pollEvents, line 202: receive event #### i=3, nb=1
I/force_gc(  382): Binder
D/dalvikvm(  382): GC_EXPLICIT freed 116K, 40% free 5919K/9863K, paused 2ms+5ms, total 52ms
I/force_gc(  382): Binder
D/dalvikvm(  382): GC_EXPLICIT freed 115K, 41% free 5917K/9863K, paused 3ms+5ms, total 53ms
I/force_gc(  561): Binder
D/dalvikvm(  561): GC_EXPLICIT freed 742K, 70% free 2486K/8195K, paused 2ms+4ms, total 26ms
E/Sensors (  382): sensors_poll_context_t::pollEvents, line 202: receive event #### i=3, nb=1
I/force_gc(  382): Binder
D/dalvikvm(  382): GC_EXPLICIT freed 113K, 41% free 5917K/9863K, paused 3ms+5ms, total 54ms
W/MediaScanner(  561): Error opening directory '/storage/sdcard1/.android_secure/', skipping: Permission denied.
I/force_gc(  382): Binder
D/dalvikvm(  382): GC_EXPLICIT freed 113K, 41% free 5917K/9863K, paused 3ms+5ms, total 53ms
I/force_gc(  561): Binder
E/MP-Decision( 1213): MPDecision server starting
E/MP-Decision( 1213): OPTION ENABLED: Control sleep modes
E/MP-Decision( 1213): OPTION ENABLED: Adjusting average
E/MP-Decision( 1213): 
E/MP-Decision( 1213):  MP Decision Options:
E/MP-Decision( 1213): --poll_ms --decision_ms --no_sleep --avg_comp --debug
E/MP-Decision( 1213): --Nw=[1..3]:[value] --Tw=[1..3]:[value] --Ns=[1..3]:[value] --Ts=[1..3]:[value]
D/dalvikvm(  561): GC_EXPLICIT freed 402K, 69% free 2577K/8195K, paused 2ms+9ms, total 38ms
D/dalvikvm(  561): null clazz in OP_INSTANCE_OF, single-stepping
I/force_gc(  382): Binder
D/dalvikvm(  382): GC_EXPLICIT freed 113K, 41% free 5917K/9863K, paused 3ms+4ms, total 54ms
E/Sensors (  382): sensors_poll_context_t::pollEvents, line 202: receive event #### i=3, nb=1
I/force_gc(  382): Binder
D/dalvikvm(  382): GC_EXPLICIT freed 119K, 40% free 5918K/9863K, paused 3ms+5ms, total 57ms
I/force_gc(  561): Binder
D/dalvikvm(  561): GC_EXPLICIT freed 478K, 69% free 2578K/8195K, paused 2ms+5ms, total 28ms
I/force_gc(  382): Binder
D/dalvikvm(  382): GC_EXPLICIT freed 114K, 41% free 5916K/9863K, paused 3ms+5ms, total 53ms
I/force_gc(  382): Binder
D/dalvikvm(  382): GC_EXPLICIT freed 112K, 41% free 5917K/9863K, paused 3ms+5ms, total 53ms
I/force_gc(  561): Binder
D/dalvikvm(  561): GC_EXPLICIT freed 470K, 69% free 2578K/8195K, paused 2ms+7ms, total 28ms
I/force_gc(  382): Binder
D/dalvikvm(  382): GC_EXPLICIT freed 113K, 41% free 5916K/9863K, paused 3ms+4ms, total 53ms
E/Sensors (  382): sensors_poll_context_t::pollEvents, line 202: receive event #### i=3, nb=1
I/force_gc(  382): Binder
D/dalvikvm(  382): GC_EXPLICIT freed 112K, 41% free 5917K/9863K, paused 3ms+5ms, total 54ms
I/force_gc(  561): Binder
D/dalvikvm(  561): GC_EXPLICIT freed 477K, 69% free 2578K/8195K, paused 2ms+6ms, total 28ms
I/force_gc(  382): Binder
D/dalvikvm(  382): GC_EXPLICIT freed 113K, 41% free 5916K/9863K, paused 3ms+5ms, total 53ms
I/force_gc(  382): Binder
D/dalvikvm(  382): GC_EXPLICIT freed 112K, 41% free 5917K/9863K, paused 2ms+5ms, total 52ms
I/force_gc(  561): Binder
D/dalvikvm(  561): GC_EXPLICIT freed 470K, 69% free 2574K/8195K, paused 2ms+6ms, total 29ms
E/Sensors (  382): sensors_poll_context_t::pollEvents, line 202: receive event #### i=3, nb=1
I/force_gc(  382): Binder
D/dalvikvm(  382): GC_EXPLICIT freed 113K, 41% free 5916K/9863K, paused 3ms+5ms, total 53ms
I/force_gc(  382): Binder
D/dalvikvm(  382): GC_EXPLICIT freed 112K, 41% free 5917K/9863K, paused 3ms+5ms, total 53ms
I/force_gc(  561): Binder
D/dalvikvm(  561): GC_EXPLICIT freed 490K, 69% free 2576K/8195K, paused 2ms+6ms, total 29ms
I/force_gc(  382): Binder
D/dalvikvm(  382): GC_EXPLICIT freed 113K, 41% free 5916K/9863K, paused 3ms+5ms, total 53ms
E/Sensors (  382): sensors_poll_context_t::pollEvents, line 202: receive event #### i=3, nb=1
I/force_gc(  382): Binder
D/dalvikvm(  382): GC_EXPLICIT freed 112K, 41% free 5917K/9863K, paused 3ms+4ms, total 53ms
E/MP-Decision( 1217): MPDecision server starting
E/MP-Decision( 1217): OPTION ENABLED: Control sleep modes
E/MP-Decision( 1217): OPTION ENABLED: Adjusting average
E/MP-Decision( 1217): 
E/MP-Decision( 1217):  MP Decision Options:
E/MP-Decision( 1217): --poll_ms --decision_ms --no_sleep --avg_comp --debug
E/MP-Decision( 1217): --Nw=[1..3]:[value] --Tw=[1..3]:[value] --Ns=[1..3]:[value] --Ts=[1..3]:[value]
I/force_gc(  561): Binder
D/dalvikvm(  561): GC_EXPLICIT freed 496K, 69% free 2578K/8195K, paused 2ms+6ms, total 28ms
I/force_gc(  382): Binder
D/dalvikvm(  382): GC_EXPLICIT freed 113K, 41% free 5916K/9863K, paused 3ms+5ms, total 52ms
I/force_gc(  382): Binder
D/dalvikvm(  382): GC_EXPLICIT freed 128K, 40% free 5919K/9863K, paused 2ms+4ms, total 52ms
I/force_gc(  561): Binder
D/dalvikvm(  561): GC_EXPLICIT freed 498K, 69% free 2578K/8195K, paused 2ms+5ms, total 35ms
I/force_gc(  382): Binder
D/dalvikvm(  382): GC_EXPLICIT freed 114K, 41% free 5917K/9863K, paused 3ms+5ms, total 53ms
E/Sensors (  382): sensors_poll_context_t::pollEvents, line 202: receive event #### i=3, nb=1
I/force_gc(  382): Binder
D/dalvikvm(  382): GC_EXPLICIT freed 112K, 41% free 5917K/9863K, paused 3ms+5ms, total 52ms
I/force_gc(  561): Binder
D/dalvikvm(  561): GC_EXPLICIT freed 498K, 69% free 2578K/8195K, paused 2ms+5ms, total 35ms
I/force_gc(  382): Binder
D/dalvikvm(  382): GC_EXPLICIT freed 113K, 41% free 5917K/9863K, paused 3ms+6ms, total 53ms
I/force_gc(  382): Binder
D/dalvikvm(  382): GC_EXPLICIT freed 112K, 41% free 5917K/9863K, paused 3ms+4ms, total 52ms
I/force_gc(  561): Binder
D/dalvikvm(  561): GC_EXPLICIT freed 498K, 69% free 2578K/8195K, paused 2ms+5ms, total 28ms
E/Sensors (  382): sensors_poll_context_t::pollEvents, line 202: receive event #### i=3, nb=1
I/force_gc(  382): Binder
D/dalvikvm(  382): GC_EXPLICIT freed 113K, 41% free 5917K/9863K, paused 3ms+5ms, total 53ms
I/force_gc(  382): Binder
D/dalvikvm(  382): GC_EXPLICIT freed 112K, 41% free 5917K/9863K, paused 3ms+5ms, total 53ms
I/force_gc(  561): Binder
D/dalvikvm(  561): GC_EXPLICIT freed 498K, 69% free 2578K/8195K, paused 2ms+6ms, total 28ms
I/force_gc(  382): Binder
D/dalvikvm(  382): GC_EXPLICIT freed 113K, 41% free 5917K/9863K, paused 3ms+5ms, total 52ms
I/force_gc(  382): Binder
D/dalvikvm(  382): GC_EXPLICIT freed 112K, 41% free 5917K/9863K, paused 3ms+5ms, total 53ms
E/Sensors (  382): sensors_poll_context_t::pollEvents, line 202: receive event #### i=3, nb=1
I/force_gc(  561): Binder
D/dalvikvm(  561): GC_EXPLICIT freed 498K, 69% free 2578K/8195K, paused 2ms+6ms, total 28ms
I/force_gc(  382): Binder
D/dalvikvm(  382): GC_EXPLICIT freed 113K, 41% free 5917K/9863K, paused 3ms+5ms, total 52ms
I/force_gc(  382): Binder
D/dalvikvm(  382): GC_EXPLICIT freed 112K, 41% free 5917K/9863K, paused 3ms+4ms, total 52ms
I/force_gc(  561): Binder
D/dalvikvm(  561): GC_EXPLICIT freed 498K, 69% free 2578K/8195K, paused 2ms+6ms, total 28ms
E/MP-Decision( 1220): MPDecision server starting
E/MP-Decision( 1220): OPTION ENABLED: Control sleep modes
E/MP-Decision( 1220): OPTION ENABLED: Adjusting average
E/MP-Decision( 1220): 
E/MP-Decision( 1220):  MP Decision Options:
E/MP-Decision( 1220): --poll_ms --decision_ms --no_sleep --avg_comp --debug
E/MP-Decision( 1220): --Nw=[1..3]:[value] --Tw=[1..3]:[value] --Ns=[1..3]:[value] --Ts=[1..3]:[value]
I/force_gc(  382): Binder
D/dalvikvm(  382): GC_EXPLICIT freed 113K, 41% free 5917K/9863K, paused 3ms+5ms, total 53ms
E/Sensors (  382): sensors_poll_context_t::pollEvents, line 202: receive event #### i=3, nb=1
I/force_gc(  382): Binder
D/dalvikvm(  382): GC_EXPLICIT freed 112K, 41% free 5917K/9863K, paused 3ms+5ms, total 53ms
I/force_gc(  561): Binder
D/dalvikvm(  561): GC_EXPLICIT freed 498K, 69% free 2578K/8195K, paused 2ms+6ms, total 28ms
I/force_gc(  382): Binder
D/dalvikvm(  382): GC_EXPLICIT freed 113K, 41% free 5917K/9863K, paused 3ms+4ms, total 52ms
I/force_gc(  382): Binder
D/dalvikvm(  382): GC_EXPLICIT freed 112K, 41% free 5917K/9863K, paused 3ms+5ms, total 53ms
I/force_gc(  561): Binder
D/dalvikvm(  561): GC_EXPLICIT freed 497K, 69% free 2579K/8195K, paused 2ms+5ms, total 28ms
I/force_gc(  382): Binder
D/dalvikvm(  382): GC_EXPLICIT freed 113K, 41% free 5917K/9863K, paused 3ms+5ms, total 53ms
E/Sensors (  382): sensors_poll_context_t::pollEvents, line 202: receive event #### i=3, nb=1
I/force_gc(  382): Binder
D/dalvikvm(  382): GC_EXPLICIT freed 112K, 41% free 5917K/9863K, paused 2ms+5ms, total 52ms
I/force_gc(  561): Binder
D/dalvikvm(  561): GC_EXPLICIT freed 498K, 69% free 2579K/8195K, paused 2ms+5ms, total 28ms
I/force_gc(  382): Binder
D/dalvikvm(  382): GC_EXPLICIT freed 113K, 41% free 5917K/9863K, paused 3ms+4ms, total 52ms
I/force_gc(  382): Binder
D/dalvikvm(  382): GC_EXPLICIT freed 112K, 41% free 5917K/9863K, paused 3ms+5ms, total 53ms
I/force_gc(  561): Binder
D/dalvikvm(  561): GC_EXPLICIT freed 498K, 69% free 2579K/8195K, paused 2ms+6ms, total 36ms
E/Sensors (  382): sensors_poll_context_t::pollEvents, line 202: receive event #### i=3, nb=1
I/force_gc(  382): Binder
D/dalvikvm(  382): GC_EXPLICIT freed 113K, 41% free 5917K/9863K, paused 3ms+5ms, total 52ms
I/force_gc(  382): Binder
D/dalvikvm(  382): GC_EXPLICIT freed 112K, 41% free 5917K/9863K, paused 2ms+5ms, total 52ms
I/force_gc(  561): Binder
D/dalvikvm(  561): GC_EXPLICIT freed 498K, 69% free 2579K/8195K, paused 2ms+5ms, total 28ms
I/force_gc(  382): Binder
D/dalvikvm(  382): GC_EXPLICIT freed 113K, 41% free 5917K/9863K, paused 3ms+6ms, total 57ms
I/force_gc(  382): Binder
D/dalvikvm(  382): GC_EXPLICIT freed 112K, 41% free 5917K/9863K, paused 3ms+5ms, total 53ms
I/force_gc(  561): Binder
D/dalvikvm(  561): GC_EXPLICIT freed 498K, 69% free 2579K/8195K, paused 3ms+5ms, total 28ms
E/Sensors (  382): sensors_poll_context_t::pollEvents, line 202: receive event #### i=3, nb=1
E/MP-Decision( 1223): MPDecision server starting
E/MP-Decision( 1223): OPTION ENABLED: Control sleep modes
E/MP-Decision( 1223): OPTION ENABLED: Adjusting average
E/MP-Decision( 1223): 
E/MP-Decision( 1223):  MP Decision Options:
E/MP-Decision( 1223): --poll_ms --decision_ms --no_sleep --avg_comp --debug
E/MP-Decision( 1223): --Nw=[1..3]:[value] --Tw=[1..3]:[value] --Ns=[1..3]:[value] --Ts=[1..3]:[value]
I/force_gc(  382): Binder
D/dalvikvm(  382): GC_EXPLICIT freed 113K, 41% free 5917K/9863K, paused 3ms+4ms, total 53ms
I/force_gc(  382): Binder
D/dalvikvm(  382): GC_EXPLICIT freed 112K, 41% free 5917K/9863K, paused 3ms+5ms, total 53ms
I/force_gc(  561): Binder
D/dalvikvm(  561): GC_EXPLICIT freed 498K, 69% free 2579K/8195K, paused 2ms+5ms, total 28ms
I/force_gc(  382): Binder
D/dalvikvm(  382): GC_EXPLICIT freed 113K, 41% free 5917K/9863K, paused 3ms+5ms, total 52ms
E/Sensors (  382): sensors_poll_context_t::pollEvents, line 202: receive event #### i=3, nb=1
I/force_gc(  382): Binder
D/dalvikvm(  382): GC_EXPLICIT freed 112K, 41% free 5917K/9863K, paused 3ms+5ms, total 53ms
I/force_gc(  561): Binder
D/dalvikvm(  561): GC_EXPLICIT freed 498K, 69% free 2579K/8195K, paused 2ms+5ms, total 28ms
D/dalvikvm(  382): WAIT_FOR_CONCURRENT_GC blocked 1ms
I/force_gc(  382): Binder
D/dalvikvm(  382): GC_EXPLICIT freed 113K, 41% free 5917K/9863K, paused 3ms+5ms, total 57ms
I/force_gc(  382): Binder
D/dalvikvm(  382): GC_EXPLICIT freed 112K, 41% free 5917K/9863K, paused 2ms+5ms, total 52ms
I/force_gc(  561): Binder
D/dalvikvm(  561): GC_EXPLICIT freed 498K, 69% free 2579K/8195K, paused 2ms+6ms, total 28ms
I/force_gc(  382): Binder
D/dalvikvm(  382): GC_EXPLICIT freed 113K, 41% free 5917K/9863K, paused 3ms+5ms, total 53ms
E/Sensors (  382): sensors_poll_context_t::pollEvents, line 202: receive event #### i=3, nb=1
I/force_gc(  382): Binder
D/dalvikvm(  382): GC_EXPLICIT freed 112K, 41% free 5917K/9863K, paused 3ms+5ms, total 53ms
I/force_gc(  561): Binder
D/dalvikvm(  561): GC_EXPLICIT freed 498K, 69% free 2579K/8195K, paused 2ms+5ms, total 28ms
I/force_gc(  382): Binder
D/dalvikvm(  382): GC_EXPLICIT freed 113K, 41% free 5917K/9863K, paused 3ms+5ms, total 53ms
I/force_gc(  382): Binder
D/dalvikvm(  382): GC_EXPLICIT freed 112K, 41% free 5917K/9863K, paused 3ms+5ms, total 53ms
I/force_gc(  561): Binder
D/dalvikvm(  561): GC_EXPLICIT freed 498K, 69% free 2579K/8195K, paused 2ms+6ms, total 28ms
E/Sensors (  382): sensors_poll_context_t::pollEvents, line 202: receive event #### i=3, nb=1
I/force_gc(  382): Binder
D/dalvikvm(  382): GC_EXPLICIT freed 113K, 41% free 5917K/9863K, paused 3ms+5ms, total 56ms
I/force_gc(  382): Binder
D/dalvikvm(  382): GC_EXPLICIT freed 112K, 41% free 5917K/9863K, paused 3ms+5ms, total 56ms
I/force_gc(  561): Binder
D/dalvikvm(  561): GC_EXPLICIT freed 498K, 69% free 2579K/8195K, paused 2ms+6ms, total 34ms
I/force_gc(  382): Binder
D/dalvikvm(  382): GC_EXPLICIT freed 113K, 41% free 5917K/9863K, paused 3ms+4ms, total 56ms
E/MP-Decision( 1226): MPDecision server starting
E/MP-Decision( 1226): OPTION ENABLED: Control sleep modes
E/MP-Decision( 1226): OPTION ENABLED: Adjusting average
E/MP-Decision( 1226): 
E/MP-Decision( 1226):  MP Decision Options:
E/MP-Decision( 1226): --poll_ms --decision_ms --no_sleep --avg_comp --debug
E/MP-Decision( 1226): --Nw=[1..3]:[value] --Tw=[1..3]:[value] --Ns=[1..3]:[value] --Ts=[1..3]:[value]
I/force_gc(  382): Binder
D/dalvikvm(  382): GC_EXPLICIT freed 112K, 41% free 5917K/9863K, paused 3ms+5ms, total 56ms
I/force_gc(  561): Binder
D/dalvikvm(  561): GC_EXPLICIT freed 498K, 69% free 2579K/8195K, paused 2ms+5ms, total 35ms
E/Sensors (  382): sensors_poll_context_t::pollEvents, line 202: receive event #### i=3, nb=1
I/force_gc(  382): Binder
D/dalvikvm(  382): GC_EXPLICIT freed 113K, 41% free 5917K/9863K, paused 3ms+5ms, total 52ms
I/force_gc(  382): Binder
D/dalvikvm(  382): GC_EXPLICIT freed 112K, 41% free 5917K/9863K, paused 3ms+5ms, total 56ms
I/force_gc(  561): Binder
D/dalvikvm(  561): GC_EXPLICIT freed 499K, 69% free 2578K/8195K, paused 2ms+5ms, total 29ms
I/force_gc(  382): Binder
D/dalvikvm(  382): GC_EXPLICIT freed 113K, 41% free 5917K/9863K, paused 3ms+4ms, total 56ms
E/Sensors (  382): sensors_poll_context_t::pollEvents, line 202: receive event #### i=3, nb=1
I/force_gc(  382): Binder
D/dalvikvm(  382): GC_EXPLICIT freed 112K, 41% free 5917K/9863K, paused 3ms+5ms, total 56ms
I/force_gc(  561): Binder
D/dalvikvm(  561): GC_EXPLICIT freed 498K, 69% free 2578K/8195K, paused 2ms+6ms, total 29ms
I/force_gc(  382): Binder
D/dalvikvm(  382): GC_EXPLICIT freed 113K, 41% free 5917K/9863K, paused 2ms+5ms, total 56ms
I/force_gc(  382): Binder
D/dalvikvm(  382): GC_EXPLICIT freed 112K, 41% free 5917K/9863K, paused 3ms+5ms, total 56ms
I/force_gc(  561): Binder
D/dalvikvm(  561): GC_EXPLICIT freed 498K, 69% free 2578K/8195K, paused 2ms+6ms, total 34ms
I/force_gc(  382): Binder
D/dalvikvm(  382): GC_EXPLICIT freed 113K, 41% free 5917K/9863K, paused 3ms+5ms, total 56ms
E/Sensors (  382): sensors_poll_context_t::pollEvents, line 202: receive event #### i=3, nb=1
I/force_gc(  382): Binder
D/dalvikvm(  382): GC_EXPLICIT freed 112K, 41% free 5917K/9863K, paused 3ms+5ms, total 55ms
I/force_gc(  561): Binder
D/dalvikvm(  561): GC_EXPLICIT freed 498K, 69% free 2578K/8195K, paused 2ms+6ms, total 34ms
I/force_gc(  382): Binder
D/dalvikvm(  382): GC_EXPLICIT freed 113K, 41% free 5917K/9863K, paused 3ms+5ms, total 56ms
I/force_gc(  382): Binder
D/dalvikvm(  382): GC_EXPLICIT freed 112K, 41% free 5917K/9863K, paused 3ms+5ms, total 56ms
I/force_gc(  561): Binder
D/dalvikvm(  561): GC_EXPLICIT freed 498K, 69% free 2578K/8195K, paused 2ms+6ms, total 29ms
I/force_gc(  382): Binder
E/Sensors (  382): sensors_poll_context_t::pollEvents, line 202: receive event #### i=3, nb=1
D/dalvikvm(  382): GC_EXPLICIT freed 113K, 41% free 5917K/9863K, paused 3ms+5ms, total 57ms
E/MP-Decision( 1229): MPDecision server starting
E/MP-Decision( 1229): OPTION ENABLED: Control sleep modes
E/MP-Decision( 1229): OPTION ENABLED: Adjusting average
E/MP-Decision( 1229): 
E/MP-Decision( 1229):  MP Decision Options:
E/MP-Decision( 1229): --poll_ms --decision_ms --no_sleep --avg_comp --debug
E/MP-Decision( 1229): --Nw=[1..3]:[value] --Tw=[1..3]:[value] --Ns=[1..3]:[value] --Ts=[1..3]:[value]
I/force_gc(  382): Binder
D/dalvikvm(  382): GC_EXPLICIT freed 112K, 41% free 5917K/9863K, paused 3ms+5ms, total 56ms
I/force_gc(  561): Binder
D/dalvikvm(  561): GC_EXPLICIT freed 498K, 69% free 2578K/8195K, paused 2ms+5ms, total 28ms
I/force_gc(  382): Binder
D/dalvikvm(  382): GC_EXPLICIT freed 113K, 41% free 5917K/9863K, paused 3ms+5ms, total 57ms
I/force_gc(  382): Binder
D/dalvikvm(  382): GC_EXPLICIT freed 112K, 41% free 5917K/9863K, paused 3ms+5ms, total 56ms
I/force_gc(  561): Binder
D/dalvikvm(  561): GC_EXPLICIT freed 498K, 69% free 2578K/8195K, paused 2ms+6ms, total 28ms
E/Sensors (  382): sensors_poll_context_t::pollEvents, line 202: receive event #### i=3, nb=1
I/force_gc(  382): Binder
D/dalvikvm(  382): GC_EXPLICIT freed 113K, 41% free 5917K/9863K, paused 3ms+5ms, total 56ms
I/force_gc(  382): Binder
D/dalvikvm(  382): GC_EXPLICIT freed 112K, 41% free 5917K/9863K, paused 3ms+5ms, total 56ms
I/force_gc(  561): Binder
D/dalvikvm(  561): GC_EXPLICIT freed 498K, 69% free 2578K/8195K, paused 2ms+6ms, total 34ms
I/force_gc(  382): Binder
D/dalvikvm(  382): GC_EXPLICIT freed 113K, 41% free 5917K/9863K, paused 3ms+5ms, total 57ms
I/force_gc(  382): Binder
E/Sensors (  382): sensors_poll_context_t::pollEvents, line 202: receive event #### i=3, nb=1
D/dalvikvm(  382): GC_EXPLICIT freed 112K, 41% free 5917K/9863K, paused 3ms+5ms, total 57ms
I/force_gc(  561): Binder
D/dalvikvm(  561): GC_EXPLICIT freed 498K, 69% free 2578K/8195K, paused 2ms+5ms, total 35ms
I/battery_level(  382): [92,4075,370]
I/force_gc(  382): Binder
D/dalvikvm(  382): GC_EXPLICIT freed 122K, 40% free 5918K/9863K, paused 3ms+5ms, total 57ms
I/force_gc(  382): Binder
D/dalvikvm(  382): GC_EXPLICIT freed 113K, 41% free 5917K/9863K, paused 3ms+5ms, total 57ms
I/force_gc(  561): Binder
D/dalvikvm(  561): GC_EXPLICIT freed 498K, 69% free 2578K/8195K, paused 2ms+5ms, total 35ms
I/force_gc(  382): Binder
D/dalvikvm(  382): GC_EXPLICIT freed 113K, 41% free 5917K/9863K, paused 3ms+4ms, total 56ms
E/Sensors (  382): sensors_poll_context_t::pollEvents, line 202: receive event #### i=3, nb=1
I/force_gc(  382): Binder
D/dalvikvm(  382): GC_EXPLICIT freed 112K, 41% free 5917K/9863K, paused 3ms+5ms, total 57ms
I/force_gc(  561): Binder
D/dalvikvm(  561): GC_EXPLICIT freed 498K, 69% free 2578K/8195K, paused 2ms+5ms, total 35ms
I/force_gc(  382): Binder
D/dalvikvm(  382): GC_EXPLICIT freed 113K, 41% free 5917K/9863K, paused 3ms+4ms, total 56ms
I/force_gc(  382): Binder
E/MP-Decision( 1233): MPDecision server starting
E/MP-Decision( 1233): OPTION ENABLED: Control sleep modes
E/MP-Decision( 1233): OPTION ENABLED: Adjusting average
E/MP-Decision( 1233): 
E/MP-Decision( 1233):  MP Decision Options:
E/MP-Decision( 1233): --poll_ms --decision_ms --no_sleep --avg_comp --debug
E/MP-Decision( 1233): --Nw=[1..3]:[value] --Tw=[1..3]:[value] --Ns=[1..3]:[value] --Ts=[1..3]:[value]
D/dalvikvm(  382): GC_EXPLICIT freed 112K, 41% free 5917K/9863K, paused 3ms+5ms, total 63ms
I/force_gc(  561): Binder
D/dalvikvm(  561): GC_EXPLICIT freed 497K, 69% free 2578K/8195K, paused 2ms+6ms, total 34ms
I/force_gc(  382): Binder
D/dalvikvm(  382): GC_EXPLICIT freed 113K, 41% free 5917K/9863K, paused 3ms+5ms, total 54ms
E/Sensors (  382): sensors_poll_context_t::pollEvents, line 202: receive event #### i=3, nb=1
I/force_gc(  382): Binder
D/dalvikvm(  382): GC_EXPLICIT freed 112K, 41% free 5917K/9863K, paused 3ms+5ms, total 56ms
I/force_gc(  561): Binder
D/dalvikvm(  561): GC_EXPLICIT freed 498K, 69% free 2579K/8195K, paused 2ms+5ms, total 34ms
I/force_gc(  382): Binder
D/dalvikvm(  382): GC_EXPLICIT freed 113K, 41% free 5917K/9863K, paused 3ms+5ms, total 56ms
D/RILJ    ( 1137): NOTE: mReqWaiting is NOT 0 but9 at TIMEOUT, reset! There still msg waitng for response
D/RILJ    ( 1137): WAKE_LOCK_TIMEOUT  mRequestList=9
D/RILJ    ( 1137): 0: [2] SET_SUPP_SVC_NOTIFICATION
D/RILJ    ( 1137): 1: [3] SCREEN_STATE
D/RILJ    ( 1137): 2: [6] GET_CURRENT_CALLS
D/RILJ    ( 1137): 3: [7] RADIO_POWER
D/RILJ    ( 1137): 4: [13] RADIO_POWER
D/RILJ    ( 1137): 5: [14] RADIO_POWER
D/RILJ    ( 1137): 6: [15] BASEBAND_VERSION
D/RILJ    ( 1137): 7: [16] GET_IMEI
D/RILJ    ( 1137): 8: [17] GET_IMEISV
D/RILJ    ( 1137): NOTE: mReqWaiting is NOT 0 but9 at TIMEOUT, reset! There still msg waitng for response
D/RILJ    ( 1137): WAKE_LOCK_TIMEOUT  mRequestList=9
D/RILJ    ( 1137): 0: [0] SET_SUPP_SVC_NOTIFICATION
D/RILJ    ( 1137): 1: [1] SCREEN_STATE
D/RILJ    ( 1137): 2: [4] GET_CURRENT_CALLS
D/RILJ    ( 1137): 3: [5] RADIO_POWER
D/RILJ    ( 1137): 4: [8] RADIO_POWER
D/RILJ    ( 1137): 5: [9] RADIO_POWER
D/RILJ    ( 1137): 6: [10] BASEBAND_VERSION
D/RILJ    ( 1137): 7: [11] GET_IMEI
D/RILJ    ( 1137): 8: [12] GET_IMEISV
I/force_gc(  382): Binder
D/dalvikvm(  382): GC_EXPLICIT freed 112K, 41% free 5917K/9863K, paused 3ms+5ms, total 56ms
I/force_gc(  561): Binder
D/dalvikvm(  561): GC_EXPLICIT freed 498K, 69% free 2579K/8195K, paused 2ms+6ms, total 29ms
E/Sensors (  382): sensors_poll_context_t::pollEvents, line 202: receive event #### i=3, nb=1
I/force_gc(  382): Binder
D/dalvikvm(  382): GC_EXPLICIT freed 113K, 41% free 5916K/9863K, paused 3ms+5ms, total 56ms
I/force_gc(  382): Binder
D/dalvikvm(  382): GC_EXPLICIT freed 112K, 41% free 5917K/9863K, paused 3ms+4ms, total 56ms
I/force_gc(  561): Binder
I/ActivityManager(  382): START {act=android.intent.action.MAIN cmp=com.android.phone/.MobileNetworkSettings u=0} from pid 678
I/am_create_activity(  382): [1105996160,3,com.android.phone/.MobileNetworkSettings,android.intent.action.MAIN,NULL,NULL,0]
D/dalvikvm(  561): GC_EXPLICIT freed 498K, 69% free 2578K/8195K, paused 2ms+13ms, total 50ms
I/am_pause_activity(  382): [1106436400,com.android.settings/.SubSettings]
I/am_on_paused_called(  678): com.android.settings.SubSettings
I/am_restart_activity(  382): [1105996160,3,com.android.phone/.MobileNetworkSettings]
D/RILB    ( 1137): getLteOnCdmaMode=-1 curVal=-1 product_type='' lteOnCdmaProductType=''
I/Use2GOnlyCheckBoxPreference( 1137): updatePhone subscription :0
D/RILJ    ( 1137): [0018]> REQUEST_GET_PREFERRED_NETWORK_TYPE [SUB0]
D/RILJ    ( 1137): [0019]> REQUEST_GET_PREFERRED_NETWORK_TYPE [SUB0]
D/GSM     ( 1137): isManualNetSelAllowed in mode = 0
I/am_on_resume_called( 1137): com.android.phone.MobileNetworkSettings
I/force_gc(  382): Binder
D/dalvikvm(  382): GC_EXPLICIT freed 330K, 40% free 5928K/9863K, paused 3ms+5ms, total 57ms
I/ActivityManager(  382): Displayed com.android.phone/.MobileNetworkSettings: +484ms
I/activity_launch_time(  382): [1105996160,com.android.phone/.MobileNetworkSettings,484,484]
I/binder_sample( 1137): [com.android.internal.view.IInputMethodManager,12,9,com.android.phone,1]
E/Sensors (  382): sensors_poll_context_t::pollEvents, line 202: receive event #### i=3, nb=1
I/force_gc(  382): Binder
D/dalvikvm(  382): GC_EXPLICIT freed 118K, 40% free 5933K/9863K, paused 3ms+5ms, total 54ms
I/force_gc(  561): Binder
D/dalvikvm(  561): GC_EXPLICIT freed 498K, 69% free 2579K/8195K, paused 2ms+5ms, total 32ms
I/force_gc(  382): Binder
D/dalvikvm(  382): GC_EXPLICIT freed 117K, 40% free 5928K/9863K, paused 3ms+13ms, total 100ms
I/force_gc(  382): Binder
D/dalvikvm(  382): GC_EXPLICIT freed 112K, 40% free 5928K/9863K, paused 3ms+5ms, total 56ms
I/force_gc(  561): Binder
E/Sensors (  382): sensors_poll_context_t::pollEvents, line 202: receive event #### i=3, nb=1
D/dalvikvm(  561): GC_EXPLICIT freed 497K, 69% free 2579K/8195K, paused 2ms+6ms, total 35ms
I/force_gc(  382): Binder
E/MP-Decision( 1238): MPDecision server starting
E/MP-Decision( 1238): OPTION ENABLED: Control sleep modes
E/MP-Decision( 1238): OPTION ENABLED: Adjusting average
E/MP-Decision( 1238): 
E/MP-Decision( 1238):  MP Decision Options:
E/MP-Decision( 1238): --poll_ms --decision_ms --no_sleep --avg_comp --debug
E/MP-Decision( 1238): --Nw=[1..3]:[value] --Tw=[1..3]:[value] --Ns=[1..3]:[value] --Ts=[1..3]:[value]
D/dalvikvm(  382): GC_EXPLICIT freed 113K, 40% free 5928K/9863K, paused 3ms+5ms, total 58ms
I/force_gc(  382): Binder
D/dalvikvm(  382): GC_EXPLICIT freed 112K, 40% free 5928K/9863K, paused 3ms+6ms, total 55ms
I/force_gc(  561): Binder
D/dalvikvm(  561): GC_EXPLICIT freed 498K, 69% free 2579K/8195K, paused 2ms+5ms, total 34ms
I/force_gc(  382): Binder
D/GsmUmtsOptions( 1137): preferenceTreeClick: return false
D/dalvikvm(  382): GC_EXPLICIT freed 113K, 40% free 5928K/9863K, paused 3ms+5ms, total 64ms
I/ActivityManager(  382): START {act=android.intent.action.MAIN cmp=com.android.phone/.NetworkSetting (has extras) u=0} from pid 1137
I/am_create_activity(  382): [1106301320,3,com.android.phone/.NetworkSetting,android.intent.action.MAIN,NULL,NULL,0]
I/am_pause_activity(  382): [1105996160,com.android.phone/.MobileNetworkSettings]
I/am_on_paused_called( 1137): com.android.phone.MobileNetworkSettings
I/am_restart_activity(  382): [1106301320,3,com.android.phone/.NetworkSetting]
I/am_create_service(  382): [1108469232,com.android.phone/.NetworkQueryService,,1137]
I/am_on_resume_called( 1137): com.android.phone.NetworkSetting
E/Sensors (  382): sensors_poll_context_t::pollEvents, line 202: receive event #### i=3, nb=1
I/ActivityManager(  382): Displayed com.android.phone/.NetworkSetting: +222ms
I/activity_launch_time(  382): [1106301320,com.android.phone/.NetworkSetting,222,222]
D/RILJ    ( 1137): [0020]> QUERY_AVAILABLE_NETWORKS  [SUB0]
I/force_gc(  382): Binder
D/dalvikvm(  382): GC_EXPLICIT freed 338K, 40% free 5947K/9863K, paused 6ms+7ms, total 130ms
I/force_gc(  561): Binder
D/dalvikvm(  561): GC_EXPLICIT freed 498K, 69% free 2579K/8195K, paused 3ms+7ms, total 45ms
I/force_gc(  382): Binder
D/dalvikvm(  382): GC_EXPLICIT freed 120K, 40% free 5945K/9863K, paused 4ms+9ms, total 87ms
E/Sensors (  382): sensors_poll_context_t::pollEvents, line 202: receive event #### i=3, nb=1
I/force_gc(  382): Binder
D/dalvikvm(  382): GC_EXPLICIT freed 117K, 40% free 5940K/9863K, paused 3ms+5ms, total 77ms
I/force_gc(  561): Binder
D/dalvikvm(  561): GC_EXPLICIT freed 498K, 69% free 2580K/8195K, paused 2ms+6ms, total 45ms
I/force_gc(  382): Binder
D/dalvikvm(  382): GC_EXPLICIT freed 113K, 40% free 5939K/9863K, paused 4ms+8ms, total 88ms
E/Sensors (  382): sensors_poll_context_t::pollEvents, line 202: receive event #### i=3, nb=1
I/force_gc(  382): Binder
D/dalvikvm(  382): GC_EXPLICIT freed 112K, 40% free 5940K/9863K, paused 6ms+9ms, total 81ms
I/force_gc(  561): Binder
D/dalvikvm(  561): GC_EXPLICIT freed 498K, 69% free 2580K/8195K, paused 2ms+6ms, total 43ms
I/force_gc(  382): Binder
E/MP-Decision( 1243): MPDecision server starting
E/MP-Decision( 1243): OPTION ENABLED: Control sleep modes
E/MP-Decision( 1243): OPTION ENABLED: Adjusting average
E/MP-Decision( 1243): 
E/MP-Decision( 1243):  MP Decision Options:
E/MP-Decision( 1243): --poll_ms --decision_ms --no_sleep --avg_comp --debug
E/MP-Decision( 1243): --Nw=[1..3]:[value] --Tw=[1..3]:[value] --Ns=[1..3]:[value] --Ts=[1..3]:[value]
D/dalvikvm(  382): GC_EXPLICIT freed 113K, 40% free 5939K/9863K, paused 4ms+8ms, total 85ms
E/Sensors (  382): sensors_poll_context_t::pollEvents, line 202: receive event #### i=3, nb=1
I/force_gc(  382): Binder
D/dalvikvm(  382): GC_EXPLICIT freed 112K, 40% free 5940K/9863K, paused 3ms+5ms, total 78ms
I/force_gc(  561): Binder
D/dalvikvm(  561): GC_EXPLICIT freed 498K, 69% free 2580K/8195K, paused 3ms+8ms, total 41ms
I/force_gc(  382): Binder
D/dalvikvm(  382): GC_EXPLICIT freed 113K, 40% free 5939K/9863K, paused 3ms+8ms, total 78ms
E/Sensors (  382): sensors_poll_context_t::pollEvents, line 202: receive event #### i=3, nb=1
I/force_gc(  382): Binder
D/dalvikvm(  382): GC_EXPLICIT freed 113K, 40% free 5940K/9863K, paused 6ms+5ms, total 84ms
I/force_gc(  561): Binder
D/dalvikvm(  561): GC_EXPLICIT freed 498K, 69% free 2580K/8195K, paused 4ms+8ms, total 44ms
I/force_gc(  382): Binder
D/dalvikvm(  382): GC_EXPLICIT freed 114K, 40% free 5941K/9863K, paused 5ms+9ms, total 85ms
I/battery_level(  382): [92,4072,380]
E/Sensors (  382): sensors_poll_context_t::pollEvents, line 202: receive event #### i=3, nb=1
I/force_gc(  382): Binder
D/dalvikvm(  382): GC_EXPLICIT freed 119K, 40% free 5941K/9863K, paused 5ms+8ms, total 83ms
I/force_gc(  561): Binder
D/dalvikvm(  561): GC_EXPLICIT freed 498K, 69% free 2580K/8195K, paused 2ms+7ms, total 44ms
I/force_gc(  382): Binder
D/dalvikvm(  382): GC_EXPLICIT freed 113K, 40% free 5939K/9863K, paused 5ms+7ms, total 84ms
I/force_gc(  382): Binder
E/Sensors (  382): sensors_poll_context_t::pollEvents, line 202: receive event #### i=3, nb=1
D/dalvikvm(  382): GC_EXPLICIT freed 112K, 40% free 5940K/9863K, paused 6ms+7ms, total 84ms
I/force_gc(  561): Binder
D/dalvikvm(  561): GC_EXPLICIT freed 498K, 69% free 2580K/8195K, paused 4ms+9ms, total 41ms
E/MP-Decision( 1246): MPDecision server starting
E/MP-Decision( 1246): OPTION ENABLED: Control sleep modes
E/MP-Decision( 1246): OPTION ENABLED: Adjusting average
E/MP-Decision( 1246): 
E/MP-Decision( 1246):  MP Decision Options:
E/MP-Decision( 1246): --poll_ms --decision_ms --no_sleep --avg_comp --debug
E/MP-Decision( 1246): --Nw=[1..3]:[value] --Tw=[1..3]:[value] --Ns=[1..3]:[value] --Ts=[1..3]:[value]
I/force_gc(  382): Binder
D/dalvikvm(  382): GC_EXPLICIT freed 113K, 40% free 5939K/9863K, paused 4ms+6ms, total 82ms
I/force_gc(  382): Binder
D/dalvikvm(  382): GC_EXPLICIT freed 112K, 40% free 5940K/9863K, paused 4ms+5ms, total 86ms
E/Sensors (  382): sensors_poll_context_t::pollEvents, line 202: receive event #### i=3, nb=1
I/force_gc(  561): Binder
D/dalvikvm(  561): GC_EXPLICIT freed 498K, 69% free 2580K/8195K, paused 3ms+8ms, total 41ms
I/force_gc(  382): Binder
D/dalvikvm(  382): GC_EXPLICIT freed 112K, 40% free 5939K/9863K, paused 6ms+7ms, total 84ms
I/force_gc(  382): Binder
D/dalvikvm(  382): GC_EXPLICIT freed 111K, 40% free 5940K/9863K, paused 6ms+9ms, total 85ms
E/Sensors (  382): sensors_poll_context_t::pollEvents, line 202: receive event #### i=3, nb=1
I/force_gc(  561): Binder
D/dalvikvm(  561): GC_EXPLICIT freed 498K, 69% free 2580K/8195K, paused 4ms+8ms, total 43ms
I/force_gc(  382): Binder
D/dalvikvm(  382): GC_EXPLICIT freed 112K, 40% free 5939K/9863K, paused 4ms+5ms, total 83ms
I/force_gc(  382): Binder
D/dalvikvm(  382): GC_EXPLICIT freed 112K, 40% free 5940K/9863K, paused 5ms+7ms, total 75ms
I/force_gc(  561): Binder
E/Sensors (  382): sensors_poll_context_t::pollEvents, line 202: receive event #### i=3, nb=1
D/dalvikvm(  561): GC_EXPLICIT freed 498K, 69% free 2580K/8195K, paused 4ms+6ms, total 45ms
I/force_gc(  382): Binder
D/dalvikvm(  382): GC_EXPLICIT freed 112K, 40% free 5939K/9863K, paused 3ms+6ms, total 82ms
I/force_gc(  382): Binder
E/MP-Decision( 1249): MPDecision server starting
E/MP-Decision( 1249): OPTION ENABLED: Control sleep modes
E/MP-Decision( 1249): OPTION ENABLED: Adjusting average
E/MP-Decision( 1249): 
E/MP-Decision( 1249):  MP Decision Options:
E/MP-Decision( 1249): --poll_ms --decision_ms --no_sleep --avg_comp --debug
E/MP-Decision( 1249): --Nw=[1..3]:[value] --Tw=[1..3]:[value] --Ns=[1..3]:[value] --Ts=[1..3]:[value]
D/dalvikvm(  382): GC_EXPLICIT freed 112K, 40% free 5940K/9863K, paused 3ms+8ms, total 89ms
I/force_gc(  561): Binder
D/dalvikvm(  561): GC_EXPLICIT freed 498K, 69% free 2580K/8195K, paused 2ms+8ms, total 40ms
E/Sensors (  382): sensors_poll_context_t::pollEvents, line 202: receive event #### i=3, nb=1
I/force_gc(  382): Binder
D/dalvikvm(  382): GC_EXPLICIT freed 112K, 40% free 5939K/9863K, paused 4ms+5ms, total 83ms
I/force_gc(  382): Binder
D/dalvikvm(  382): GC_EXPLICIT freed 112K, 40% free 5940K/9863K, paused 6ms+8ms, total 79ms
I/force_gc(  561): Binder
D/dalvikvm(  561): GC_EXPLICIT freed 491K, 69% free 2579K/8195K, paused 5ms+10ms, total 52ms
E/Sensors (  382): sensors_poll_context_t::pollEvents, line 202: receive event #### i=3, nb=1
I/force_gc(  382): Binder
D/dalvikvm(  382): GC_EXPLICIT freed 113K, 40% free 5939K/9863K, paused 3ms+7ms, total 70ms
I/force_gc(  382): Binder
D/dalvikvm(  382): GC_EXPLICIT freed 112K, 40% free 5940K/9863K, paused 3ms+7ms, total 79ms
I/force_gc(  561): Binder
D/dalvikvm(  561): GC_EXPLICIT freed 530K, 69% free 2580K/8195K, paused 2ms+6ms, total 44ms
E/Sensors (  382): sensors_poll_context_t::pollEvents, line 202: receive event #### i=3, nb=1
I/force_gc(  382): Binder
D/dalvikvm(  382): GC_EXPLICIT freed 112K, 40% free 5939K/9863K, paused 3ms+6ms, total 81ms
I/force_gc(  382): Binder
D/dalvikvm(  382): GC_EXPLICIT freed 112K, 40% free 5940K/9863K, paused 6ms+9ms, total 83ms
I/force_gc(  561): Binder
D/dalvikvm(  561): GC_EXPLICIT freed 535K, 69% free 2579K/8195K, paused 2ms+6ms, total 44ms
E/Sensors (  382): sensors_poll_context_t::pollEvents, line 202: receive event #### i=3, nb=1
I/force_gc(  382): Binder
D/dalvikvm(  382): GC_EXPLICIT freed 112K, 40% free 5939K/9863K, paused 5ms+5ms, total 84ms
E/MP-Decision( 1252): MPDecision server starting
E/MP-Decision( 1252): OPTION ENABLED: Control sleep modes
E/MP-Decision( 1252): OPTION ENABLED: Adjusting average
E/MP-Decision( 1252): 
E/MP-Decision( 1252):  MP Decision Options:
E/MP-Decision( 1252): --poll_ms --decision_ms --no_sleep --avg_comp --debug
E/MP-Decision( 1252): --Nw=[1..3]:[value] --Tw=[1..3]:[value] --Ns=[1..3]:[value] --Ts=[1..3]:[value]
I/force_gc(  382): Binder
D/dalvikvm(  382): GC_EXPLICIT freed 112K, 40% free 5940K/9863K, paused 5ms+7ms, total 84ms
I/force_gc(  561): Binder
D/dalvikvm(  561): GC_EXPLICIT freed 538K, 69% free 2579K/8195K, paused 2ms+6ms, total 43ms
E/Sensors (  382): sensors_poll_context_t::pollEvents, line 202: receive event #### i=3, nb=1
I/force_gc(  382): Binder
D/dalvikvm(  382): GC_EXPLICIT freed 112K, 40% free 5939K/9863K, paused 6ms+7ms, total 80ms
I/force_gc(  382): Binder
D/dalvikvm(  382): GC_EXPLICIT freed 112K, 40% free 5940K/9863K, paused 5ms+8ms, total 77ms
I/force_gc(  561): Binder
D/dalvikvm(  561): GC_EXPLICIT freed 541K, 69% free 2581K/8195K, paused 4ms+10ms, total 43ms
E/Sensors (  382): sensors_poll_context_t::pollEvents, line 202: receive event #### i=3, nb=1
I/force_gc(  382): Binder
D/dalvikvm(  382): GC_EXPLICIT freed 112K, 40% free 5939K/9863K, paused 4ms+5ms, total 85ms
I/force_gc(  382): Binder
D/dalvikvm(  382): GC_EXPLICIT freed 112K, 40% free 5940K/9863K, paused 6ms+8ms, total 81ms
I/force_gc(  561): Binder
D/dalvikvm(  561): GC_EXPLICIT freed 541K, 69% free 2581K/8195K, paused 3ms+9ms, total 41ms
E/Sensors (  382): sensors_poll_context_t::pollEvents, line 202: receive event #### i=3, nb=1
I/force_gc(  382): Binder
D/dalvikvm(  382): GC_EXPLICIT freed 113K, 40% free 5939K/9863K, paused 4ms+6ms, total 76ms
I/force_gc(  382): Binder
D/dalvikvm(  382): GC_EXPLICIT freed 112K, 40% free 5940K/9863K, paused 3ms+5ms, total 74ms
I/force_gc(  561): Binder
D/dalvikvm(  561): GC_EXPLICIT freed 539K, 69% free 2581K/8195K, paused 3ms+8ms, total 38ms
E/MP-Decision( 1255): MPDecision server starting
E/MP-Decision( 1255): OPTION ENABLED: Control sleep modes
E/MP-Decision( 1255): OPTION ENABLED: Adjusting average
E/MP-Decision( 1255): 
E/MP-Decision( 1255):  MP Decision Options:
E/MP-Decision( 1255): --poll_ms --decision_ms --no_sleep --avg_comp --debug
E/MP-Decision( 1255): --Nw=[1..3]:[value] --Tw=[1..3]:[value] --Ns=[1..3]:[value] --Ts=[1..3]:[value]
E/Sensors (  382): sensors_poll_context_t::pollEvents, line 202: receive event #### i=3, nb=1
I/force_gc(  382): Binder
D/dalvikvm(  382): GC_EXPLICIT freed 113K, 40% free 5939K/9863K, paused 5ms+6ms, total 77ms
I/force_gc(  382): Binder
D/dalvikvm(  382): GC_EXPLICIT freed 118K, 40% free 5941K/9863K, paused 6ms+9ms, total 79ms
I/force_gc(  561): Binder
D/dalvikvm(  561): GC_EXPLICIT freed 542K, 69% free 2581K/8195K, paused 3ms+10ms, total 41ms
E/Sensors (  382): sensors_poll_context_t::pollEvents, line 202: receive event #### i=3, nb=1
I/force_gc(  382): Binder
D/dalvikvm(  382): GC_EXPLICIT freed 114K, 40% free 5939K/9863K, paused 4ms+9ms, total 82ms
I/force_gc(  382): Binder
D/dalvikvm(  382): GC_EXPLICIT freed 112K, 40% free 5939K/9863K, paused 3ms+6ms, total 84ms
I/force_gc(  561): Binder
D/dalvikvm(  561): GC_EXPLICIT freed 540K, 69% free 2581K/8195K, paused 3ms+8ms, total 40ms
I/force_gc(  382): Binder
E/Sensors (  382): sensors_poll_context_t::pollEvents, line 202: receive event #### i=3, nb=1
D/dalvikvm(  382): GC_EXPLICIT freed 112K, 40% free 5939K/9863K, paused 4ms+7ms, total 76ms
I/force_gc(  382): Binder
D/dalvikvm(  382): GC_EXPLICIT freed 112K, 40% free 5939K/9863K, paused 5ms+7ms, total 82ms
I/force_gc(  561): Binder
D/dalvikvm(  561): GC_EXPLICIT freed 542K, 69% free 2581K/8195K, paused 2ms+5ms, total 44ms
I/force_gc(  382): Binder
D/dalvikvm(  382): GC_EXPLICIT freed 113K, 40% free 5939K/9863K, paused 6ms+7ms, total 81ms
E/Sensors (  382): sensors_poll_context_t::pollEvents, line 202: receive event #### i=3, nb=1
E/MP-Decision( 1264): MPDecision server starting
E/MP-Decision( 1264): OPTION ENABLED: Control sleep modes
E/MP-Decision( 1264): OPTION ENABLED: Adjusting average
E/MP-Decision( 1264): 
E/MP-Decision( 1264):  MP Decision Options:
E/MP-Decision( 1264): --poll_ms --decision_ms --no_sleep --avg_comp --debug
E/MP-Decision( 1264): --Nw=[1..3]:[value] --Tw=[1..3]:[value] --Ns=[1..3]:[value] --Ts=[1..3]:[value]
I/force_gc(  382): Binder
D/dalvikvm(  382): GC_EXPLICIT freed 112K, 40% free 5940K/9863K, paused 3ms+4ms, total 76ms
I/force_gc(  561): Binder
D/dalvikvm(  561): GC_EXPLICIT freed 541K, 69% free 2581K/8195K, paused 5ms+9ms, total 54ms
I/force_gc(  382): Binder
D/dalvikvm(  382): GC_EXPLICIT freed 128K, 40% free 5941K/9863K, paused 6ms+8ms, total 79ms
E/Sensors (  382): sensors_poll_context_t::pollEvents, line 202: receive event #### i=3, nb=1
D/su      ( 1268): Executing exec /system/bin/am broadcast -a com.noshufou.android.su.RESULT --es socket '' --ei caller_uid 2000 --ei allow 1 --ei version_code 18
I/force_gc(  382): Binder
D/AndroidRuntime( 1268): 
D/AndroidRuntime( 1268): >>>>>> AndroidRuntime START com.android.internal.os.RuntimeInit <<<<<<
D/AndroidRuntime( 1268): CheckJNI is OFF
D/dalvikvm( 1268): Trying to load lib libjavacore.so 0x0
D/dalvikvm( 1268): Added shared lib libjavacore.so 0x0
D/dalvikvm( 1268): Trying to load lib libnativehelper.so 0x0
D/dalvikvm( 1268): Added shared lib libnativehelper.so 0x0
D/dalvikvm(  382): GC_EXPLICIT freed 113K, 40% free 5940K/9863K, paused 3ms+13ms, total 135ms
I/force_gc(  561): Binder
D/AndroidRuntime( 1268): Calling main entry com.android.commands.am.Am
I/am_create_service(  382): [1106270832,com.noshufou.android.su/.service.ResultService,,1187]
D/AndroidRuntime( 1268): Shutting down VM
D/dalvikvm( 1268): GC_CONCURRENT freed 99K, 81% free 499K/2560K, paused 1ms+1ms, total 5ms
D/dalvikvm(  561): GC_EXPLICIT freed 540K, 69% free 2581K/8195K, paused 3ms+10ms, total 81ms
I/am_destroy_service(  382): [1106270832,com.noshufou.android.su/.service.ResultService,1187]
I/binder_sample( 1187): [android.view.IWindowSession,4,33,com.noshufou.android.su,6]
D/su      ( 1267): 2000 /system/bin/mksh executing 0 /system/bin/sh using shell /system/bin/sh : sh
E/Sensors (  382): sensors_poll_context_t::pollEvents, line 202: receive event #### i=3, nb=1
I/force_gc(  382): Binder
D/dalvikvm(  382): GC_EXPLICIT freed 119K, 40% free 5946K/9863K, paused 4ms+7ms, total 90ms
I/force_gc(  382): Binder
D/dalvikvm(  382): GC_EXPLICIT freed 115K, 40% free 5943K/9863K, paused 5ms+6ms, total 76ms
I/force_gc(  561): Binder
D/dalvikvm(  561): GC_EXPLICIT freed 540K, 69% free 2581K/8195K, paused 2ms+7ms, total 45ms
E/Sensors (  382): sensors_poll_context_t::pollEvents, line 202: receive event #### i=3, nb=1
I/force_gc(  382): Binder
D/dalvikvm(  382): GC_EXPLICIT freed 112K, 40% free 5943K/9863K, paused 7ms+7ms, total 83ms
I/force_gc(  382): Binder
D/dalvikvm(  382): GC_EXPLICIT freed 114K, 40% free 5943K/9863K, paused 3ms+9ms, total 81ms
E/MP-Decision( 1280): MPDecision server starting
E/MP-Decision( 1280): OPTION ENABLED: Control sleep modes
E/MP-Decision( 1280): OPTION ENABLED: Adjusting average
E/MP-Decision( 1280): 
E/MP-Decision( 1280):  MP Decision Options:
E/MP-Decision( 1280): --poll_ms --decision_ms --no_sleep --avg_comp --debug
E/MP-Decision( 1280): --Nw=[1..3]:[value] --Tw=[1..3]:[value] --Ns=[1..3]:[value] --Ts=[1..3]:[value]
I/force_gc(  561): Binder
D/dalvikvm(  561): GC_EXPLICIT freed 540K, 69% free 2581K/8195K, paused 2ms+7ms, total 48ms
E/Sensors (  382): sensors_poll_context_t::pollEvents, line 202: receive event #### i=3, nb=1
I/force_gc(  382): Binder
D/dalvikvm(  382): GC_EXPLICIT freed 115K, 40% free 5940K/9863K, paused 3ms+8ms, total 81ms
I/force_gc(  382): Binder
D/dalvikvm(  382): GC_EXPLICIT freed 113K, 40% free 5940K/9863K, paused 3ms+5ms, total 71ms
I/force_gc(  561): Binder
D/dalvikvm(  561): GC_EXPLICIT freed 541K, 69% free 2581K/8195K, paused 3ms+6ms, total 41ms
E/Sensors (  382): sensors_poll_context_t::pollEvents, line 202: receive event #### i=3, nb=1
I/force_gc(  382): Binder
D/dalvikvm(  382): GC_EXPLICIT freed 112K, 40% free 5940K/9863K, paused 3ms+7ms, total 78ms
I/force_gc(  382): Binder
D/dalvikvm(  382): GC_EXPLICIT freed 115K, 40% free 5941K/9863K, paused 3ms+6ms, total 72ms
I/force_gc(  561): Binder
D/dalvikvm(  561): GC_EXPLICIT freed 540K, 69% free 2581K/8195K, paused 4ms+9ms, total 45ms
E/Sensors (  382): sensors_poll_context_t::pollEvents, line 202: receive event #### i=3, nb=1
I/force_gc(  382): Binder
D/dalvikvm(  382): GC_EXPLICIT freed 112K, 40% free 5941K/9863K, paused 5ms+7ms, total 74ms
I/force_gc(  382): Binder
