D/dalvikvm(  382): GC_EXPLICIT freed 113K, 40% free 5940K/9863K, paused 6ms+9ms, total 82ms
I/force_gc(  561): Binder
D/dalvikvm(  561): GC_EXPLICIT freed 541K, 69% free 2581K/8195K, paused 2ms+6ms, total 44ms
I/force_gc(  382): Binder
E/Sensors (  382): sensors_poll_context_t::pollEvents, line 202: receive event #### i=3, nb=1
D/dalvikvm(  382): GC_EXPLICIT freed 112K, 40% free 5941K/9863K, paused 5ms+6ms, total 79ms
E/MP-Decision( 1283): MPDecision server starting
E/MP-Decision( 1283): OPTION ENABLED: Control sleep modes
E/MP-Decision( 1283): OPTION ENABLED: Adjusting average
E/MP-Decision( 1283): 
E/MP-Decision( 1283):  MP Decision Options:
E/MP-Decision( 1283): --poll_ms --decision_ms --no_sleep --avg_comp --debug
E/MP-Decision( 1283): --Nw=[1..3]:[value] --Tw=[1..3]:[value] --Ns=[1..3]:[value] --Ts=[1..3]:[value]
I/force_gc(  382): Binder
D/dalvikvm(  382): GC_EXPLICIT freed 113K, 40% free 5940K/9863K, paused 3ms+8ms, total 79ms
I/force_gc(  561): Binder
D/dalvikvm(  561): GC_EXPLICIT freed 547K, 69% free 2580K/8195K, paused 2ms+6ms, total 45ms
I/force_gc(  382): Binder
E/Sensors (  382): sensors_poll_context_t::pollEvents, line 202: receive event #### i=3, nb=1
D/dalvikvm(  382): GC_EXPLICIT freed 112K, 40% free 5941K/9863K, paused 4ms+5ms, total 82ms
I/force_gc(  382): Binder
D/dalvikvm(  382): GC_EXPLICIT freed 112K, 40% free 5940K/9863K, paused 6ms+7ms, total 86ms
I/force_gc(  561): Binder
D/dalvikvm(  561): GC_EXPLICIT freed 549K, 69% free 2575K/8195K, paused 2ms+6ms, total 44ms
I/force_gc(  382): Binder
D/dalvikvm(  382): GC_EXPLICIT freed 112K, 40% free 5941K/9863K, paused 6ms+7ms, total 82ms
E/Sensors (  382): sensors_poll_context_t::pollEvents, line 202: receive event #### i=3, nb=1
I/force_gc(  382): Binder
D/dalvikvm(  382): GC_EXPLICIT freed 112K, 40% free 5940K/9863K, paused 5ms+7ms, total 78ms
I/force_gc(  561): Binder
D/dalvikvm(  561): GC_EXPLICIT freed 546K, 69% free 2576K/8195K, paused 3ms+9ms, total 45ms
I/force_gc(  382): Binder
D/dalvikvm(  382): GC_EXPLICIT freed 112K, 40% free 5941K/9863K, paused 5ms+8ms, total 79ms
E/Sensors (  382): sensors_poll_context_t::pollEvents, line 202: receive event #### i=3, nb=1
I/force_gc(  382): Binder
D/dalvikvm(  382): GC_EXPLICIT freed 113K, 40% free 5940K/9863K, paused 8ms+7ms, total 82ms
I/force_gc(  561): Binder
D/dalvikvm(  561): GC_EXPLICIT freed 532K, 69% free 2576K/8195K, paused 2ms+5ms, total 45ms
I/force_gc(  382): Binder
D/dalvikvm(  382): GC_EXPLICIT freed 112K, 40% free 5941K/9863K, paused 5ms+5ms, total 80ms
E/MP-Decision( 1286): MPDecision server starting
E/MP-Decision( 1286): OPTION ENABLED: Control sleep modes
E/MP-Decision( 1286): OPTION ENABLED: Adjusting average
E/MP-Decision( 1286): 
E/MP-Decision( 1286):  MP Decision Options:
E/MP-Decision( 1286): --poll_ms --decision_ms --no_sleep --avg_comp --debug
E/MP-Decision( 1286): --Nw=[1..3]:[value] --Tw=[1..3]:[value] --Ns=[1..3]:[value] --Ts=[1..3]:[value]
E/Sensors (  382): sensors_poll_context_t::pollEvents, line 202: receive event #### i=3, nb=1
I/force_gc(  382): Binder
D/dalvikvm(  382): GC_EXPLICIT freed 113K, 40% free 5940K/9863K, paused 6ms+7ms, total 76ms
I/force_gc(  561): Binder
D/dalvikvm(  561): GC_EXPLICIT freed 488K, 69% free 2578K/8195K, paused 3ms+7ms, total 39ms
I/force_gc(  382): Binder
D/dalvikvm(  382): GC_EXPLICIT freed 112K, 40% free 5941K/9863K, paused 3ms+6ms, total 80ms
E/Sensors (  382): sensors_poll_context_t::pollEvents, line 202: receive event #### i=3, nb=1
I/force_gc(  382): Binder
D/dalvikvm(  382): GC_EXPLICIT freed 113K, 40% free 5940K/9863K, paused 6ms+7ms, total 83ms
I/force_gc(  561): Binder
D/dalvikvm(  561): GC_EXPLICIT freed 482K, 69% free 2580K/8195K, paused 2ms+9ms, total 50ms
I/force_gc(  382): Binder
D/dalvikvm(  382): GC_EXPLICIT freed 112K, 40% free 5941K/9863K, paused 6ms+8ms, total 84ms
E/Sensors (  382): sensors_poll_context_t::pollEvents, line 202: receive event #### i=3, nb=1
I/force_gc(  382): Binder
D/dalvikvm(  382): GC_EXPLICIT freed 113K, 40% free 5940K/9863K, paused 4ms+7ms, total 80ms
I/force_gc(  561): Binder
D/dalvikvm(  561): GC_EXPLICIT freed 537K, 69% free 2579K/8195K, paused 10ms+14ms, total 83ms
I/force_gc(  382): Binder
D/dalvikvm(  382): GC_EXPLICIT freed 112K, 40% free 5941K/9863K, paused 6ms+7ms, total 76ms
E/Sensors (  382): sensors_poll_context_t::pollEvents, line 202: receive event #### i=3, nb=1
I/force_gc(  382): Binder
D/dalvikvm(  382): GC_EXPLICIT freed 113K, 40% free 5940K/9863K, paused 3ms+5ms, total 79ms
E/MP-Decision( 1290): MPDecision server starting
E/MP-Decision( 1290): OPTION ENABLED: Control sleep modes
E/MP-Decision( 1290): OPTION ENABLED: Adjusting average
E/MP-Decision( 1290): 
E/MP-Decision( 1290):  MP Decision Options:
E/MP-Decision( 1290): --poll_ms --decision_ms --no_sleep --avg_comp --debug
E/MP-Decision( 1290): --Nw=[1..3]:[value] --Tw=[1..3]:[value] --Ns=[1..3]:[value] --Ts=[1..3]:[value]
I/force_gc(  561): Binder
D/dalvikvm(  561): GC_EXPLICIT freed 528K, 69% free 2579K/8195K, paused 2ms+8ms, total 42ms
I/force_gc(  382): Binder
D/dalvikvm(  382): GC_EXPLICIT freed 112K, 40% free 5941K/9863K, paused 3ms+5ms, total 73ms
E/Sensors (  382): sensors_poll_context_t::pollEvents, line 202: receive event #### i=3, nb=1
I/force_gc(  382): Binder
D/dalvikvm(  382): GC_EXPLICIT freed 112K, 40% free 5940K/9863K, paused 3ms+5ms, total 79ms
I/force_gc(  561): Binder
D/dalvikvm(  561): GC_EXPLICIT freed 515K, 69% free 2581K/8195K, paused 2ms+6ms, total 44ms
I/force_gc(  382): Binder
D/dalvikvm(  382): GC_EXPLICIT freed 112K, 40% free 5941K/9863K, paused 5ms+6ms, total 84ms
E/Sensors (  382): sensors_poll_context_t::pollEvents, line 202: receive event #### i=3, nb=1
I/force_gc(  382): Binder
D/dalvikvm(  382): GC_EXPLICIT freed 113K, 40% free 5940K/9863K, paused 6ms+8ms, total 82ms
I/force_gc(  561): Binder
D/dalvikvm(  561): GC_EXPLICIT freed 517K, 69% free 2581K/8195K, paused 2ms+7ms, total 46ms
I/force_gc(  382): Binder
D/dalvikvm(  382): GC_EXPLICIT freed 111K, 40% free 5941K/9863K, paused 5ms+7ms, total 78ms
E/Sensors (  382): sensors_poll_context_t::pollEvents, line 202: receive event #### i=3, nb=1
I/force_gc(  382): Binder
D/dalvikvm(  382): GC_EXPLICIT freed 112K, 40% free 5940K/9863K, paused 5ms+7ms, total 77ms
I/force_gc(  561): Binder
D/dalvikvm(  561): GC_EXPLICIT freed 517K, 69% free 2581K/8195K, paused 3ms+7ms, total 49ms
I/force_gc(  382): Binder
D/dalvikvm(  382): GC_EXPLICIT freed 112K, 40% free 5941K/9863K, paused 5ms+8ms, total 75ms
E/MP-Decision( 1293): MPDecision server starting
E/MP-Decision( 1293): OPTION ENABLED: Control sleep modes
E/MP-Decision( 1293): OPTION ENABLED: Adjusting average
E/MP-Decision( 1293): 
E/MP-Decision( 1293):  MP Decision Options:
E/MP-Decision( 1293): --poll_ms --decision_ms --no_sleep --avg_comp --debug
E/MP-Decision( 1293): --Nw=[1..3]:[value] --Tw=[1..3]:[value] --Ns=[1..3]:[value] --Ts=[1..3]:[value]
I/force_gc(  382): Binder
E/Sensors (  382): sensors_poll_context_t::pollEvents, line 202: receive event #### i=3, nb=1
D/dalvikvm(  382): GC_EXPLICIT freed 113K, 40% free 5940K/9863K, paused 6ms+7ms, total 88ms
I/force_gc(  561): Binder
D/dalvikvm(  561): GC_EXPLICIT freed 501K, 69% free 2580K/8195K, paused 2ms+6ms, total 44ms
I/force_gc(  382): Binder
D/dalvikvm(  382): GC_EXPLICIT freed 112K, 40% free 5941K/9863K, paused 7ms+7ms, total 81ms
I/force_gc(  382): Binder
D/dalvikvm(  382): GC_EXPLICIT freed 113K, 40% free 5940K/9863K, paused 4ms+7ms, total 78ms
E/Sensors (  382): sensors_poll_context_t::pollEvents, line 202: receive event #### i=3, nb=1
I/force_gc(  561): Binder
I/binder_sample(  515): [android.view.IWindowSession,4,10,com.android.systemui,2]
D/dalvikvm(  561): GC_EXPLICIT freed 507K, 69% free 2573K/8195K, paused 8ms+7ms, total 59ms
I/ActivityManager(  382): START {act=android.intent.action.MAIN cat=[android.intent.category.HOME] flg=0x10200000 cmp=com.cyanogenmod.trebuchet/.Launcher u=0} from pid 382
I/am_pause_activity(  382): [1106301320,com.android.phone/.NetworkSetting]
I/am_task_to_front(  382): 2
I/am_new_intent(  382): [1106521952,2,com.cyanogenmod.trebuchet/.Launcher,android.intent.action.MAIN,NULL,NULL,274726912]
I/am_on_paused_called( 1137): com.android.phone.NetworkSetting
I/am_resume_activity(  382): [1106108072,2,com.cyanogenmod.trebuchet/.Launcher]
I/am_on_resume_called(  605): com.cyanogenmod.trebuchet.Launcher
I/force_gc(  382): Binder
D/dalvikvm(  382): GC_EXPLICIT freed 345K, 40% free 5951K/9863K, paused 7ms+6ms, total 90ms
I/ActivityManager(  382): START {act=android.intent.action.MAIN cat=[android.intent.category.LAUNCHER] flg=0x10200000 cmp=com.android.contacts/.activities.DialtactsActivity bnds=[0,707][96,800] u=0} from pid 605
I/am_create_task(  382): 4
I/am_create_activity(  382): [1107082848,4,com.android.contacts/.activities.DialtactsActivity,android.intent.action.MAIN,NULL,NULL,270532608]
I/am_pause_activity(  382): [1106108072,com.cyanogenmod.trebuchet/.Launcher]
I/am_on_paused_called(  605): com.cyanogenmod.trebuchet.Launcher
I/ActivityManager(  382): Start proc com.android.contacts for activity com.android.contacts/.activities.DialtactsActivity: pid=1301 uid=10001 gids={3003, 1015, 1028}
I/am_proc_start(  382): [1301,10001,com.android.contacts,activity,com.android.contacts/.activities.DialtactsActivity]
I/am_proc_bound(  382): [1301,com.android.contacts]
I/am_restart_activity(  382): [1107082848,4,com.android.contacts/.activities.DialtactsActivity]
I/binder_sample( 1301): [android.app.IActivityManager,17,42,<pre-initialized>,8]
E/Sensors (  382): sensors_poll_context_t::pollEvents, line 202: receive event #### i=3, nb=1
D/dalvikvm(  605): GC_CONCURRENT freed 1607K, 47% free 6047K/11335K, paused 6ms+9ms, total 114ms
I/AccountTypeManager( 1301): Loaded meta-data for 1 account types, 0 accounts in 27ms(wall) 12ms(cpu)
I/am_on_resume_called( 1301): com.android.contacts.activities.DialtactsActivity
I/force_gc(  382): Binder
D/dalvikvm(  382): GC_EXPLICIT freed 143K, 27% free 7287K/9863K, paused 3ms+5ms, total 73ms
I/ContactPhotoManager( 1301): Cache adj: 0.5
W/PhoneNumberUtil( 1301): Invalid or missing region code (,) provided.
W/NotificationMgr( 1137): updateInCallNotification: null connection, can't set exp view line 1.
I/notification_cancel(  382): [com.android.phone,1,NULL,0,64]
I/am_create_service(  382): [1108542936,com.android.contacts/.calllog.CallLogNotificationsService,act=com.android.contacts.calllog.UPDATE_NOTIFICATIONS,1301]
D/libEGL  ( 1301): loaded /system/lib/egl/libEGL_adreno200.so
D/libEGL  ( 1301): loaded /system/lib/egl/libGLESv1_CM_adreno200.so
D/libEGL  ( 1301): loaded /system/lib/egl/libGLESv2_adreno200.so
I/Adreno200-EGL( 1301): <qeglDrvAPI_eglInitialize:299>: EGL 1.4 QUALCOMM build: AU_LINUX_ANDROID_JB_REL_2.0.3.04.01.01.21.010_msm8625_JB_REL_2.0.3_Merge_release_AU (Merge)
I/Adreno200-EGL( 1301): Build Date: 10/26/12 Fri
I/Adreno200-EGL( 1301): Local Branch: 
I/Adreno200-EGL( 1301): Remote Branch: quic/jb_rel_2.0.3
I/Adreno200-EGL( 1301): Local Patches: NONE
I/Adreno200-EGL( 1301): Reconstruct Branch: AU_LINUX_ANDROID_JB_REL_2.0.3.04.01.01.21.010 +  NOTHING
I/force_gc(  561): Binder
D/OpenGLRenderer( 1301): Enabling debug mode 0
D/dalvikvm(  561): GC_EXPLICIT freed 501K, 69% free 2575K/8195K, paused 7ms+6ms, total 55ms
I/ActivityManager(  382): Displayed com.android.contacts/.activities.DialtactsActivity: +1s6ms
I/activity_launch_time(  382): [1107082848,com.android.contacts/.activities.DialtactsActivity,1006,1006]
I/notification_cancel(  382): [com.android.contacts,1,DefaultVoicemailNotifier,0,64]
I/am_destroy_service(  382): [1108542936,com.android.contacts/.calllog.CallLogNotificationsService,1301]
I/force_gc(  382): Binder
D/dalvikvm(  382): GC_EXPLICIT freed 125K, 27% free 7284K/9863K, paused 7ms+7ms, total 110ms
E/Sensors (  382): sensors_poll_context_t::pollEvents, line 202: receive event #### i=3, nb=1
I/force_gc(  382): Binder
D/dalvikvm(  382): GC_EXPLICIT freed 1215K, 38% free 6181K/9863K, paused 3ms+6ms, total 65ms
I/force_gc(  561): Binder
E/MP-Decision( 1329): MPDecision server starting
E/MP-Decision( 1329): OPTION ENABLED: Control sleep modes
E/MP-Decision( 1329): OPTION ENABLED: Adjusting average
E/MP-Decision( 1329): 
E/MP-Decision( 1329):  MP Decision Options:
E/MP-Decision( 1329): --poll_ms --decision_ms --no_sleep --avg_comp --debug
E/MP-Decision( 1329): --Nw=[1..3]:[value] --Tw=[1..3]:[value] --Ns=[1..3]:[value] --Ts=[1..3]:[value]
D/dalvikvm(  561): GC_EXPLICIT freed 520K, 69% free 2572K/8195K, paused 2ms+6ms, total 47ms
I/force_gc(  382): Binder
D/dalvikvm(  382): GC_EXPLICIT freed 114K, 38% free 6177K/9863K, paused 3ms+5ms, total 63ms
I/force_gc(  382): Binder
D/dalvikvm(  382): GC_EXPLICIT freed 110K, 38% free 6177K/9863K, paused 3ms+5ms, total 69ms
E/Sensors (  382): sensors_poll_context_t::pollEvents, line 202: receive event #### i=3, nb=1
I/force_gc(  561): Binder
D/dalvikvm(  561): GC_EXPLICIT freed 519K, 69% free 2574K/8195K, paused 4ms+9ms, total 44ms
D/RILJ    ( 1137): NOTE: mReqWaiting is NOT 0 but3 at TIMEOUT, reset! There still msg waitng for response
D/RILJ    ( 1137): WAKE_LOCK_TIMEOUT  mRequestList=12
D/RILJ    ( 1137): 0: [0] SET_SUPP_SVC_NOTIFICATION
D/RILJ    ( 1137): 1: [1] SCREEN_STATE
D/RILJ    ( 1137): 2: [4] GET_CURRENT_CALLS
D/RILJ    ( 1137): 3: [5] RADIO_POWER
D/RILJ    ( 1137): 4: [8] RADIO_POWER
D/RILJ    ( 1137): 5: [9] RADIO_POWER
D/RILJ    ( 1137): 6: [10] BASEBAND_VERSION
D/RILJ    ( 1137): 7: [11] GET_IMEI
D/RILJ    ( 1137): 8: [12] GET_IMEISV
D/RILJ    ( 1137): 9: [18] REQUEST_GET_PREFERRED_NETWORK_TYPE
D/RILJ    ( 1137): 10: [19] REQUEST_GET_PREFERRED_NETWORK_TYPE
D/RILJ    ( 1137): 11: [20] QUERY_AVAILABLE_NETWORKS 
I/force_gc(  382): Binder
D/dalvikvm(  382): GC_EXPLICIT freed 111K, 38% free 6177K/9863K, paused 3ms+6ms, total 60ms
I/force_gc(  382): Binder
I/ActivityManager(  382): START {act=android.intent.action.INSERT_OR_EDIT typ=vnd.android.cursor.item/person cmp=com.android.contacts/.activities.ContactSelectionActivity (has extras) u=0} from pid 1301
I/am_create_activity(  382): [1107413464,4,com.android.contacts/.activities.ContactSelectionActivity,android.intent.action.INSERT_OR_EDIT,vnd.android.cursor.item/person,NULL,0]
D/dalvikvm(  382): GC_EXPLICIT freed 114K, 36% free 6389K/9863K, paused 4ms+6ms, total 66ms
I/am_pause_activity(  382): [1107082848,com.android.contacts/.activities.DialtactsActivity]
I/am_on_paused_called( 1301): com.android.contacts.activities.DialtactsActivity
I/am_restart_activity(  382): [1107413464,4,com.android.contacts/.activities.ContactSelectionActivity]
I/ContactsIntentResolver( 1301): Called with action: android.intent.action.INSERT_OR_EDIT
I/InputDispatcher(  382): Dropping event because there is no touched window.
D/dalvikvm( 1301): GC_FOR_ALLOC freed 690K, 31% free 5676K/8195K, paused 47ms, total 49ms
I/dalvikvm-heap( 1301): Grow heap (frag case) to 14.642MB for 1048592-byte allocation
I/am_on_resume_called( 1301): com.android.contacts.activities.ContactSelectionActivity
I/force_gc(  561): Binder
D/dalvikvm(  561): GC_EXPLICIT freed 491K, 69% free 2581K/8195K, paused 2ms+6ms, total 37ms
I/ActivityManager(  382): Displayed com.android.contacts/.activities.ContactSelectionActivity: +501ms
I/activity_launch_time(  382): [1107413464,com.android.contacts/.activities.ContactSelectionActivity,501,501]
I/force_gc(  382): Binder
E/Sensors (  382): sensors_poll_context_t::pollEvents, line 202: receive event #### i=3, nb=1
D/dalvikvm(  382): GC_EXPLICIT freed 335K, 38% free 6189K/9863K, paused 8ms+6ms, total 89ms
W/NotificationMgr( 1137): updateInCallNotification: null connection, can't set exp view line 1.
I/notification_cancel(  382): [com.android.phone,1,NULL,0,64]
I/am_create_service(  382): [1108159320,com.android.contacts/.calllog.CallLogNotificationsService,act=com.android.contacts.calllog.UPDATE_NOTIFICATIONS,1301]
I/notification_cancel(  382): [com.android.contacts,1,DefaultVoicemailNotifier,0,64]
I/am_destroy_service(  382): [1108159320,com.android.contacts/.calllog.CallLogNotificationsService,1301]
I/force_gc(  382): Binder
D/dalvikvm(  382): GC_EXPLICIT freed 125K, 38% free 6187K/9863K, paused 3ms+5ms, total 55ms
I/am_finish_activity(  382): [1107413464,4,com.android.contacts/.activities.ContactSelectionActivity,app-request]
I/am_pause_activity(  382): [1107413464,com.android.contacts/.activities.ContactSelectionActivity]
I/am_on_paused_called( 1301): com.android.contacts.activities.ContactSelectionActivity
I/am_resume_activity(  382): [1107082848,4,com.android.contacts/.activities.DialtactsActivity]
I/am_on_resume_called( 1301): com.android.contacts.activities.DialtactsActivity
I/force_gc(  561): Binder
D/dalvikvm(  561): GC_EXPLICIT freed 500K, 69% free 2583K/8195K, paused 2ms+6ms, total 40ms
I/am_destroy_activity(  382): [1107413464,4,com.android.contacts/.activities.ContactSelectionActivity,finish-imm]
I/force_gc(  382): Binder
D/dalvikvm(  382): GC_EXPLICIT freed 335K, 38% free 6190K/9863K, paused 3ms+5ms, total 54ms
E/Sensors (  382): sensors_poll_context_t::pollEvents, line 202: receive event #### i=3, nb=1
I/force_gc(  382): Binder
D/dalvikvm(  382): GC_EXPLICIT freed 115K, 38% free 6185K/9863K, paused 3ms+5ms, total 64ms
I/force_gc(  561): Binder
D/dalvikvm(  561): GC_EXPLICIT freed 505K, 69% free 2584K/8195K, paused 3ms+7ms, total 47ms
I/force_gc(  382): Binder
D/dalvikvm(  382): GC_EXPLICIT freed 110K, 38% free 6185K/9863K, paused 3ms+5ms, total 60ms
E/MP-Decision( 1349): MPDecision server starting
E/MP-Decision( 1349): OPTION ENABLED: Control sleep modes
E/MP-Decision( 1349): OPTION ENABLED: Adjusting average
E/MP-Decision( 1349): 
E/MP-Decision( 1349):  MP Decision Options:
E/MP-Decision( 1349): --poll_ms --decision_ms --no_sleep --avg_comp --debug
E/MP-Decision( 1349): --Nw=[1..3]:[value] --Tw=[1..3]:[value] --Ns=[1..3]:[value] --Ts=[1..3]:[value]
I/force_gc(  382): Binder
D/dalvikvm(  382): GC_EXPLICIT freed 110K, 38% free 6185K/9863K, paused 3ms+5ms, total 56ms
E/Sensors (  382): sensors_poll_context_t::pollEvents, line 202: receive event #### i=3, nb=1
I/force_gc(  561): Binder
D/dalvikvm(  561): GC_EXPLICIT freed 503K, 69% free 2585K/8195K, paused 2ms+7ms, total 30ms
I/force_gc(  382): Binder
D/dalvikvm(  382): GC_EXPLICIT freed 111K, 38% free 6185K/9863K, paused 4ms+5ms, total 67ms
I/force_gc(  382): Binder
D/dalvikvm(  382): GC_EXPLICIT freed 110K, 38% free 6185K/9863K, paused 3ms+6ms, total 65ms
I/force_gc(  561): Binder
I/ActivityManager(  382): START {act=android.intent.action.MAIN flg=0x10000000 cmp=com.android.settings/.TestingSettings u=0} from pid 678
I/am_create_task(  382): 5
I/am_create_activity(  382): [1107716600,5,com.android.settings/.TestingSettings,android.intent.action.MAIN,NULL,NULL,268435456]
I/am_pause_activity(  382): [1107082848,com.android.contacts/.activities.DialtactsActivity]
E/Sensors (  382): sensors_poll_context_t::pollEvents, line 202: receive event #### i=3, nb=1
D/dalvikvm(  561): GC_EXPLICIT freed 504K, 69% free 2585K/8195K, paused 3ms+78ms, total 115ms
I/force_gc(  382): Binder
I/am_on_paused_called( 1301): com.android.contacts.activities.DialtactsActivity
I/am_restart_activity(  382): [1107716600,5,com.android.settings/.TestingSettings]
D/dalvikvm(  382): GC_EXPLICIT freed 143K, 24% free 7522K/9863K, paused 4ms+6ms, total 68ms
W/DialpadFragment( 1301): stopTone: mToneGenerator == null
I/am_on_resume_called(  678): com.android.settings.TestingSettings
I/ActivityManager(  382): Displayed com.android.settings/.TestingSettings: +246ms
I/activity_launch_time(  382): [1107716600,com.android.settings/.TestingSettings,246,246]
W/IInputConnectionWrapper( 1301): showStatusIcon on inactive InputConnection
I/force_gc(  382): Binder
W/NotificationMgr( 1137): updateInCallNotification: null connection, can't set exp view line 1.
I/content_update_sample( 1301): [content://call_log/calls,update,is_read = 0 AND type = 3,4,,1]
I/notification_cancel(  382): [com.android.phone,1,NULL,0,64]
I/am_create_service(  382): [1107915424,com.android.contacts/.calllog.CallLogNotificationsService,act=com.android.contacts.calllog.UPDATE_NOTIFICATIONS,1301]
D/dalvikvm(  382): GC_EXPLICIT freed 132K, 24% free 7529K/9863K, paused 5ms+6ms, total 90ms
I/notification_cancel(  382): [com.android.contacts,1,DefaultVoicemailNotifier,0,64]
I/am_destroy_service(  382): [1107915424,com.android.contacts/.calllog.CallLogNotificationsService,1301]
D/dalvikvm(  382): WAIT_FOR_CONCURRENT_GC blocked 1ms
I/force_gc(  382): Binder
D/dalvikvm(  382): GC_EXPLICIT freed 1241K, 36% free 6400K/9863K, paused 3ms+6ms, total 59ms
I/force_gc(  561): Binder
D/dalvikvm(  561): GC_EXPLICIT freed 503K, 69% free 2585K/8195K, paused 2ms+7ms, total 43ms
I/ActivityManager(  382): START {act=android.intent.action.MAIN cmp=com.android.settings/.RadioInfo u=0} from pid 678
I/am_create_activity(  382): [1108405904,5,com.android.settings/.RadioInfo,android.intent.action.MAIN,NULL,NULL,0]
E/Sensors (  382): sensors_poll_context_t::pollEvents, line 202: receive event #### i=3, nb=1
I/am_pause_activity(  382): [1107716600,com.android.settings/.TestingSettings]
I/am_on_paused_called(  678): com.android.settings.TestingSettings
I/am_restart_activity(  382): [1108405904,5,com.android.settings/.RadioInfo]
D/dalvikvm( 1137): GC_FOR_ALLOC freed 827K, 25% free 6186K/8195K, paused 46ms, total 47ms
W/ResourceType( 1137): getEntry failing because entryIndex 129 is beyond type entryCount 2
D/RILJ    ( 1137): [0021]> REQUEST_GET_PREFERRED_NETWORK_TYPE [SUB0]
D/RILJ    ( 1137): [0022]> REQUEST_GET_NEIGHBORING_CELL_IDS [SUB0]
D/RILJ    ( 1137): [0023]> REQUEST_SET_LOCATION_UPDATES: true [SUB0]
W/SignalStrength( 1137): getLTELevel - rsrp:2147483647 snr:2147483647 rsrpIconLevel:-1 snrIconLevel:-1
W/SignalStrength( 1137): getLTELevel - rssi:99 rssiIconLevel:0
W/SignalStrength( 1137): getGsmDbm=-1
W/SignalStrength( 1137): getDbm=-1
W/SignalStrength( 1137): getLTELevel - rsrp:2147483647 snr:2147483647 rsrpIconLevel:-1 snrIconLevel:-1
W/SignalStrength( 1137): getLTELevel - rssi:99 rssiIconLevel:0
W/SignalStrength( 1137): getGsmAsuLevel=99
W/SignalStrength( 1137): getAsuLevel=99
D/phone   ( 1137): updateImsRegRequiredState isImsRegRequired()=false
D/phone   ( 1137): updateSmsOverImsState isSmsOverImsEnabled()=false
D/phone   ( 1137): updateLteRamDumpState isLteRamDumpEnabled()=false
I/phone   ( 1137): [RadioInfo] onResume: register phone & data intents
D/GSM     ( 1137): [GSMPhone] getDataConnectionState: Data is Out of Service. ret = DISCONNECTED
I/am_on_resume_called( 1137): com.android.settings.RadioInfo
D/GSM     ( 1137): [GSMPhone] getDataConnectionState: Data is Out of Service. ret = DISCONNECTED
I/am_create_service(  382): [1108179040,com.android.inputmethod.latin/.spellcheck.AndroidSpellCheckerService,act=android.service.textservice.SpellCheckerService,573]
I/force_gc(  382): Binder
D/dalvikvm(  382): GC_EXPLICIT freed 362K, 24% free 7537K/9863K, paused 4ms+4ms, total 63ms
I/ActivityManager(  382): Displayed com.android.settings/.RadioInfo: +813ms
D/GSM     ( 1137): [GSMPhone] getDataConnectionState: Data is Out of Service. ret = DISCONNECTED
I/activity_launch_time(  382): [1108405904,com.android.settings/.RadioInfo,813,813]
D/RILJ    ( 1137): [0024]> REQUEST_SET_PREFERRED_NETWORK_TYPE : 0 [SUB0]
I/force_gc(  382): Binder
D/dalvikvm(  382): GC_EXPLICIT freed 124K, 24% free 7529K/9863K, paused 4ms+6ms, total 57ms
I/force_gc(  561): Binder
D/dalvikvm(  561): GC_EXPLICIT freed 509K, 69% free 2578K/8195K, paused 2ms+5ms, total 28ms
E/Sensors (  382): sensors_poll_context_t::pollEvents, line 202: receive event #### i=3, nb=1
I/force_gc(  382): Binder
D/dalvikvm(  382): GC_EXPLICIT freed 1231K, 36% free 6407K/9863K, paused 4ms+7ms, total 91ms
E/MP-Decision( 1363): MPDecision server starting
E/MP-Decision( 1363): OPTION ENABLED: Control sleep modes
E/MP-Decision( 1363): OPTION ENABLED: Adjusting average
E/MP-Decision( 1363): 
E/MP-Decision( 1363):  MP Decision Options:
E/MP-Decision( 1363): --poll_ms --decision_ms --no_sleep --avg_comp --debug
E/MP-Decision( 1363): --Nw=[1..3]:[value] --Tw=[1..3]:[value] --Ns=[1..3]:[value] --Ts=[1..3]:[value]
I/force_gc(  382): Binder
D/dalvikvm(  382): GC_EXPLICIT freed 110K, 36% free 6408K/9863K, paused 3ms+5ms, total 56ms
I/force_gc(  561): Binder
D/dalvikvm(  561): GC_EXPLICIT freed 503K, 69% free 2579K/8195K, paused 2ms+7ms, total 32ms
E/Sensors (  382): sensors_poll_context_t::pollEvents, line 202: receive event #### i=3, nb=1
I/force_gc(  382): Binder
D/dalvikvm(  382): GC_EXPLICIT freed 111K, 36% free 6407K/9863K, paused 3ms+5ms, total 59ms
I/force_gc(  382): Binder
D/dalvikvm(  382): GC_EXPLICIT freed 112K, 35% free 6414K/9863K, paused 3ms+5ms, total 60ms
I/force_gc(  561): Binder
D/dalvikvm(  561): GC_EXPLICIT freed 503K, 69% free 2579K/8195K, paused 2ms+5ms, total 30ms
I/force_gc(  382): Binder
E/Sensors (  382): sensors_poll_context_t::pollEvents, line 202: receive event #### i=3, nb=1
D/dalvikvm(  382): GC_EXPLICIT freed 113K, 36% free 6411K/9863K, paused 3ms+5ms, total 55ms
I/force_gc(  382): Binder
W/InputMethodManagerService(  382): Window already focused, ignoring focus gain of: com.android.internal.view.IInputMethodClient$Stub$Proxy@42074818 attribute=null
D/RILJ    ( 1137): [0025]> REQUEST_SET_PREFERRED_NETWORK_TYPE : 1 [SUB0]
D/dalvikvm(  382): GC_EXPLICIT freed 110K, 35% free 6414K/9863K, paused 7ms+5ms, total 105ms
I/force_gc(  561): Binder
D/dalvikvm(  561): GC_EXPLICIT freed 503K, 69% free 2579K/8195K, paused 4ms+7ms, total 46ms
I/force_gc(  382): Binder
D/dalvikvm(  382): GC_EXPLICIT freed 113K, 35% free 6413K/9863K, paused 3ms+5ms, total 55ms
E/Sensors (  382): sensors_poll_context_t::pollEvents, line 202: receive event #### i=3, nb=1
I/force_gc(  382): Binder
D/dalvikvm(  382): GC_EXPLICIT freed 113K, 35% free 6416K/9863K, paused 3ms+5ms, total 57ms
I/force_gc(  561): Binder
D/dalvikvm(  561): GC_EXPLICIT freed 502K, 69% free 2579K/8195K, paused 3ms+5ms, total 29ms
D/dalvikvm( 1137): GC_FOR_ALLOC freed 115K, 17% free 7377K/8839K, paused 29ms, total 29ms
I/force_gc(  382): Binder
D/dalvikvm(  382): GC_EXPLICIT freed 112K, 35% free 6414K/9863K, paused 4ms+5ms, total 59ms
E/MP-Decision( 1367): MPDecision server starting
E/MP-Decision( 1367): OPTION ENABLED: Control sleep modes
E/MP-Decision( 1367): OPTION ENABLED: Adjusting average
E/MP-Decision( 1367): 
E/MP-Decision( 1367):  MP Decision Options:
E/MP-Decision( 1367): --poll_ms --decision_ms --no_sleep --avg_comp --debug
E/MP-Decision( 1367): --Nw=[1..3]:[value] --Tw=[1..3]:[value] --Ns=[1..3]:[value] --Ts=[1..3]:[value]
I/force_gc(  382): Binder
D/dalvikvm(  382): GC_EXPLICIT freed 109K, 35% free 6414K/9863K, paused 6ms+5ms, total 63ms
E/Sensors (  382): sensors_poll_context_t::pollEvents, line 202: receive event #### i=3, nb=1
I/force_gc(  561): Binder
D/dalvikvm(  561): GC_EXPLICIT freed 502K, 69% free 2579K/8195K, paused 3ms+8ms, total 44ms
W/InputMethodManagerService(  382): Window already focused, ignoring focus gain of: com.android.internal.view.IInputMethodClient$Stub$Proxy@4201d3d0 attribute=null
D/RILJ    ( 1137): [0026]> REQUEST_SET_PREFERRED_NETWORK_TYPE : 3 [SUB0]
I/force_gc(  382): Binder
D/dalvikvm(  382): GC_EXPLICIT freed 112K, 35% free 6415K/9863K, paused 3ms+5ms, total 59ms
I/force_gc(  382): Binder
D/dalvikvm(  382): GC_EXPLICIT freed 114K, 35% free 6412K/9863K, paused 3ms+8ms, total 87ms
I/force_gc(  561): Binder
D/dalvikvm(  561): GC_EXPLICIT freed 502K, 69% free 2579K/8195K, paused 4ms+6ms, total 54ms
D/RILJ    ( 1137): [0027]> RADIO_POWER on [SUB0]
E/Sensors (  382): sensors_poll_context_t::pollEvents, line 202: receive event #### i=3, nb=1
I/force_gc(  382): Binder
D/dalvikvm(  382): GC_EXPLICIT freed 111K, 35% free 6411K/9863K, paused 3ms+6ms, total 86ms
I/force_gc(  382): Binder
I/menu_opened( 1137): 0
D/dalvikvm(  382): GC_EXPLICIT freed 110K, 35% free 6412K/9863K, paused 3ms+7ms, total 58ms
I/force_gc(  561): Binder
D/dalvikvm(  561): GC_EXPLICIT freed 503K, 69% free 2579K/8195K, paused 4ms+8ms, total 47ms
I/force_gc(  382): Binder
D/dalvikvm(  382): GC_EXPLICIT freed 111K, 35% free 6418K/9863K, paused 3ms+6ms, total 56ms
E/Sensors (  382): sensors_poll_context_t::pollEvents, line 202: receive event #### i=3, nb=1
I/ActivityManager(  382): START {cmp=com.android.settings/.BandMode u=0} from pid 1137
I/am_create_activity(  382): [1106002376,5,com.android.settings/.BandMode,NULL,NULL,NULL,0]
I/am_pause_activity(  382): [1108405904,com.android.settings/.RadioInfo]
I/phone   ( 1137): [RadioInfo] onPause: unregister phone & data intents
I/am_on_paused_called( 1137): com.android.settings.RadioInfo
I/am_restart_activity(  382): [1106002376,5,com.android.settings/.BandMode]
I/force_gc(  382): Binder
D/dalvikvm(  382): GC_EXPLICIT freed 333K, 35% free 6420K/9863K, paused 4ms+9ms, total 84ms
D/RILJ    ( 1137): [0028]> QUERY_AVAILABLE_BAND_MODE [SUB0]
I/am_on_resume_called( 1137): com.android.settings.BandMode
I/ActivityManager(  382): Displayed com.android.settings/.BandMode: +269ms
I/activity_launch_time(  382): [1106002376,com.android.settings/.BandMode,269,269]
I/force_gc(  561): Binder
D/dalvikvm(  561): GC_EXPLICIT freed 501K, 69% free 2579K/8195K, paused 3ms+7ms, total 42ms
I/force_gc(  382): Binder
D/dalvikvm(  382): GC_EXPLICIT freed 116K, 35% free 6433K/9863K, paused 3ms+5ms, total 55ms
I/force_gc(  382): Binder
E/Sensors (  382): sensors_poll_context_t::pollEvents, line 202: receive event #### i=3, nb=1
D/dalvikvm(  382): GC_EXPLICIT freed 124K, 35% free 6418K/9863K, paused 3ms+5ms, total 55ms
I/force_gc(  561): Binder
D/dalvikvm(  561): GC_EXPLICIT freed 500K, 69% free 2579K/8195K, paused 2ms+6ms, total 29ms
E/MP-Decision( 1375): MPDecision server starting
E/MP-Decision( 1375): OPTION ENABLED: Control sleep modes
E/MP-Decision( 1375): OPTION ENABLED: Adjusting average
E/MP-Decision( 1375): 
E/MP-Decision( 1375):  MP Decision Options:
E/MP-Decision( 1375): --poll_ms --decision_ms --no_sleep --avg_comp --debug
E/MP-Decision( 1375): --Nw=[1..3]:[value] --Tw=[1..3]:[value] --Ns=[1..3]:[value] --Ts=[1..3]:[value]
I/force_gc(  382): Binder
D/dalvikvm(  382): GC_EXPLICIT freed 109K, 35% free 6419K/9863K, paused 3ms+5ms, total 55ms
I/force_gc(  382): Binder
D/dalvikvm(  382): GC_EXPLICIT freed 110K, 35% free 6418K/9863K, paused 3ms+5ms, total 55ms
I/force_gc(  561): Binder
D/dalvikvm(  561): GC_EXPLICIT freed 498K, 69% free 2580K/8195K, paused 2ms+6ms, total 28ms
I/force_gc(  382): Binder
E/Sensors (  382): sensors_poll_context_t::pollEvents, line 202: receive event #### i=3, nb=1
D/dalvikvm(  382): GC_EXPLICIT freed 109K, 35% free 6419K/9863K, paused 3ms+5ms, total 56ms
I/force_gc(  382): Binder
D/dalvikvm(  382): GC_EXPLICIT freed 110K, 35% free 6418K/9863K, paused 3ms+5ms, total 55ms
I/force_gc(  561): Binder
D/dalvikvm(  561): GC_EXPLICIT freed 501K, 69% free 2580K/8195K, paused 2ms+6ms, total 28ms
I/force_gc(  382): Binder
D/dalvikvm(  382): GC_EXPLICIT freed 110K, 35% free 6419K/9863K, paused 3ms+4ms, total 53ms
I/force_gc(  382): Binder
D/dalvikvm(  382): GC_EXPLICIT freed 110K, 35% free 6418K/9863K, paused 3ms+5ms, total 58ms
I/force_gc(  561): Binder
D/dalvikvm(  561): GC_EXPLICIT freed 500K, 69% free 2580K/8195K, paused 2ms+5ms, total 29ms
E/Sensors (  382): sensors_poll_context_t::pollEvents, line 202: receive event #### i=3, nb=1
I/force_gc(  382): Binder
D/dalvikvm(  382): GC_EXPLICIT freed 111K, 35% free 6419K/9863K, paused 3ms+5ms, total 58ms
I/force_gc(  382): Binder
D/dalvikvm(  382): GC_EXPLICIT freed 111K, 35% free 6418K/9863K, paused 3ms+5ms, total 56ms
I/force_gc(  561): Binder
D/dalvikvm(  561): GC_EXPLICIT freed 499K, 69% free 2579K/8195K, paused 2ms+5ms, total 28ms
I/force_gc(  382): Binder
D/dalvikvm(  382): GC_EXPLICIT freed 109K, 35% free 6419K/9863K, paused 3ms+4ms, total 54ms
E/Sensors (  382): sensors_poll_context_t::pollEvents, line 202: receive event #### i=3, nb=1
I/force_gc(  382): Binder
D/dalvikvm(  382): GC_EXPLICIT freed 110K, 35% free 6418K/9863K, paused 3ms+4ms, total 53ms
I/force_gc(  561): Binder
D/dalvikvm(  561): GC_EXPLICIT freed 499K, 69% free 2580K/8195K, paused 2ms+6ms, total 28ms
I/force_gc(  382): Binder
D/dalvikvm(  382): GC_EXPLICIT freed 109K, 35% free 6419K/9863K, paused 3ms+5ms, total 55ms
I/force_gc(  382): Binder
D/dalvikvm(  382): GC_EXPLICIT freed 110K, 35% free 6418K/9863K, paused 3ms+4ms, total 54ms
I/force_gc(  561): Binder
D/dalvikvm(  561): GC_EXPLICIT freed 499K, 69% free 2580K/8195K, paused 2ms+5ms, total 28ms
E/MP-Decision( 1378): MPDecision server starting
E/MP-Decision( 1378): OPTION ENABLED: Control sleep modes
E/MP-Decision( 1378): OPTION ENABLED: Adjusting average
E/MP-Decision( 1378): 
E/MP-Decision( 1378):  MP Decision Options:
E/MP-Decision( 1378): --poll_ms --decision_ms --no_sleep --avg_comp --debug
E/MP-Decision( 1378): --Nw=[1..3]:[value] --Tw=[1..3]:[value] --Ns=[1..3]:[value] --Ts=[1..3]:[value]
I/force_gc(  382): Binder
E/Sensors (  382): sensors_poll_context_t::pollEvents, line 202: receive event #### i=3, nb=1
D/dalvikvm(  382): GC_EXPLICIT freed 109K, 35% free 6419K/9863K, paused 3ms+5ms, total 55ms
I/force_gc(  382): Binder
D/dalvikvm(  382): GC_EXPLICIT freed 110K, 35% free 6418K/9863K, paused 3ms+5ms, total 54ms
I/force_gc(  561): Binder
D/dalvikvm(  561): GC_EXPLICIT freed 497K, 69% free 2580K/8195K, paused 2ms+6ms, total 28ms
I/force_gc(  382): Binder
D/dalvikvm(  382): GC_EXPLICIT freed 110K, 35% free 6419K/9863K, paused 3ms+5ms, total 55ms
I/force_gc(  382): Binder
D/dalvikvm(  382): GC_EXPLICIT freed 110K, 35% free 6418K/9863K, paused 3ms+4ms, total 54ms
I/force_gc(  561): Binder
D/dalvikvm(  561): GC_EXPLICIT freed 499K, 69% free 2580K/8195K, paused 2ms+6ms, total 29ms
E/Sensors (  382): sensors_poll_context_t::pollEvents, line 202: receive event #### i=3, nb=1
I/force_gc(  382): Binder
D/dalvikvm(  382): GC_EXPLICIT freed 109K, 35% free 6419K/9863K, paused 2ms+5ms, total 54ms
I/force_gc(  382): Binder
D/dalvikvm(  382): GC_EXPLICIT freed 110K, 35% free 6418K/9863K, paused 3ms+4ms, total 55ms
I/force_gc(  561): Binder
D/dalvikvm(  561): GC_EXPLICIT freed 499K, 69% free 2580K/8195K, paused 2ms+6ms, total 28ms
I/force_gc(  382): Binder
D/dalvikvm(  382): GC_EXPLICIT freed 110K, 35% free 6419K/9863K, paused 3ms+5ms, total 58ms
E/Sensors (  382): sensors_poll_context_t::pollEvents, line 202: receive event #### i=3, nb=1
I/force_gc(  382): Binder
D/dalvikvm(  382): GC_EXPLICIT freed 110K, 35% free 6418K/9863K, paused 3ms+5ms, total 57ms
I/force_gc(  561): Binder
D/dalvikvm(  561): GC_EXPLICIT freed 498K, 69% free 2580K/8195K, paused 3ms+5ms, total 29ms
I/force_gc(  382): Binder
D/dalvikvm(  382): GC_EXPLICIT freed 110K, 35% free 6419K/9863K, paused 3ms+5ms, total 58ms
I/force_gc(  382): Binder
D/dalvikvm(  382): GC_EXPLICIT freed 110K, 35% free 6418K/9863K, paused 3ms+4ms, total 57ms
I/force_gc(  561): Binder
D/dalvikvm(  561): GC_EXPLICIT freed 497K, 69% free 2579K/8195K, paused 2ms+5ms, total 29ms
I/force_gc(  382): Binder
E/Sensors (  382): sensors_poll_context_t::pollEvents, line 202: receive event #### i=3, nb=1
D/dalvikvm(  382): GC_EXPLICIT freed 110K, 35% free 6419K/9863K, paused 3ms+6ms, total 59ms
I/force_gc(  382): Binder
D/dalvikvm(  382): GC_EXPLICIT freed 110K, 35% free 6418K/9863K, paused 3ms+4ms, total 57ms
I/force_gc(  561): Binder
E/MP-Decision( 1381): MPDecision server starting
D/dalvikvm(  561): GC_EXPLICIT freed 497K, 69% free 2580K/8195K, paused 2ms+6ms, total 31ms
E/MP-Decision( 1381): OPTION ENABLED: Control sleep modes
E/MP-Decision( 1381): OPTION ENABLED: Adjusting average
E/MP-Decision( 1381): 
E/MP-Decision( 1381):  MP Decision Options:
E/MP-Decision( 1381): --poll_ms --decision_ms --no_sleep --avg_comp --debug
E/MP-Decision( 1381): --Nw=[1..3]:[value] --Tw=[1..3]:[value] --Ns=[1..3]:[value] --Ts=[1..3]:[value]
I/force_gc(  382): Binder
D/dalvikvm(  382): GC_EXPLICIT freed 123K, 35% free 6419K/9863K, paused 3ms+5ms, total 70ms
I/force_gc(  382): Binder
D/dalvikvm(  382): GC_EXPLICIT freed 111K, 35% free 6418K/9863K, paused 3ms+5ms, total 58ms
I/force_gc(  561): Binder
E/Sensors (  382): sensors_poll_context_t::pollEvents, line 202: receive event #### i=3, nb=1
D/dalvikvm(  561): GC_EXPLICIT freed 496K, 69% free 2580K/8195K, paused 3ms+7ms, total 30ms
I/force_gc(  382): Binder
D/dalvikvm(  382): GC_EXPLICIT freed 109K, 35% free 6419K/9863K, paused 3ms+5ms, total 57ms
I/force_gc(  382): Binder
D/dalvikvm(  382): GC_EXPLICIT freed 110K, 35% free 6418K/9863K, paused 3ms+5ms, total 55ms
I/force_gc(  561): Binder
D/dalvikvm(  561): GC_EXPLICIT freed 497K, 69% free 2580K/8195K, paused 2ms+5ms, total 34ms
I/force_gc(  382): Binder
D/dalvikvm(  382): GC_EXPLICIT freed 109K, 35% free 6418K/9863K, paused 3ms+5ms, total 58ms
E/Sensors (  382): sensors_poll_context_t::pollEvents, line 202: receive event #### i=3, nb=1
I/force_gc(  382): Binder
D/dalvikvm(  382): GC_EXPLICIT freed 110K, 35% free 6418K/9863K, paused 3ms+5ms, total 55ms
I/force_gc(  561): Binder
D/dalvikvm(  561): GC_EXPLICIT freed 496K, 69% free 2579K/8195K, paused 2ms+6ms, total 34ms
I/force_gc(  382): Binder
D/dalvikvm(  382): GC_EXPLICIT freed 110K, 35% free 6418K/9863K, paused 3ms+4ms, total 57ms
I/force_gc(  382): Binder
D/dalvikvm(  382): GC_EXPLICIT freed 110K, 35% free 6418K/9863K, paused 3ms+5ms, total 59ms
I/force_gc(  561): Binder
D/dalvikvm(  561): GC_EXPLICIT freed 493K, 69% free 2579K/8195K, paused 2ms+5ms, total 35ms
E/Sensors (  382): sensors_poll_context_t::pollEvents, line 202: receive event #### i=3, nb=1
I/force_gc(  382): Binder
D/dalvikvm(  382): GC_EXPLICIT freed 109K, 35% free 6419K/9863K, paused 3ms+5ms, total 58ms
I/force_gc(  382): Binder
D/dalvikvm(  382): GC_EXPLICIT freed 110K, 35% free 6418K/9863K, paused 3ms+5ms, total 54ms
I/force_gc(  561): Binder
D/dalvikvm(  561): GC_EXPLICIT freed 490K, 69% free 2580K/8195K, paused 2ms+6ms, total 35ms
I/force_gc(  382): Binder
D/dalvikvm(  382): GC_EXPLICIT freed 109K, 35% free 6418K/9863K, paused 3ms+4ms, total 54ms
E/MP-Decision( 1385): MPDecision server starting
E/MP-Decision( 1385): OPTION ENABLED: Control sleep modes
E/MP-Decision( 1385): OPTION ENABLED: Adjusting average
E/MP-Decision( 1385): 
E/MP-Decision( 1385):  MP Decision Options:
E/MP-Decision( 1385): --poll_ms --decision_ms --no_sleep --avg_comp --debug
E/MP-Decision( 1385): --Nw=[1..3]:[value] --Tw=[1..3]:[value] --Ns=[1..3]:[value] --Ts=[1..3]:[value]
I/force_gc(  382): Binder
D/dalvikvm(  382): GC_EXPLICIT freed 110K, 35% free 6418K/9863K, paused 3ms+5ms, total 58ms
E/Sensors (  382): sensors_poll_context_t::pollEvents, line 202: receive event #### i=3, nb=1
I/force_gc(  561): Binder
D/dalvikvm(  561): GC_EXPLICIT freed 491K, 69% free 2580K/8195K, paused 2ms+6ms, total 32ms
I/force_gc(  382): Binder
D/dalvikvm(  382): GC_EXPLICIT freed 111K, 35% free 6419K/9863K, paused 3ms+6ms, total 55ms
I/force_gc(  382): Binder
D/dalvikvm(  382): GC_EXPLICIT freed 111K, 35% free 6418K/9863K, paused 3ms+5ms, total 55ms
I/force_gc(  561): Binder
D/dalvikvm(  561): GC_EXPLICIT freed 491K, 69% free 2580K/8195K, paused 2ms+6ms, total 28ms
I/force_gc(  382): Binder
D/dalvikvm(  382): GC_EXPLICIT freed 109K, 35% free 6419K/9863K, paused 2ms+5ms, total 54ms
E/Sensors (  382): sensors_poll_context_t::pollEvents, line 202: receive event #### i=3, nb=1
