10-17 11:44:53.540 I/content_query_sample(  891): [content://com.android.email.provider/account,_id,,,537,,100]
10-17 11:44:53.570 D/su      (  965): Executing exec /system/bin/am broadcast -a com.noshufou.android.su.RESULT --es socket '' --ei caller_uid 2000 --ei allow 1 --ei version_code 18
10-17 11:44:53.630 I/content_query_sample(  891): [content://com.android.email.provider/account,_id,,,559,,100]
10-17 11:44:53.650 I/am_create_service(  399): [1112214328,com.android.mms/.transaction.SmsReceiverService,act=android.intent.action.BOOT_COMPLETED,929]
10-17 11:44:53.700 I/CalendarProvider2(  864): Sending notification intent: Intent { act=android.intent.action.PROVIDER_CHANGED dat=content://com.android.calendar }
10-17 11:44:53.700 W/ContentResolver(  864): Failed to get type for: content://com.android.calendar (Unknown URL content://com.android.calendar)
10-17 11:44:53.700 D/CMStats (  723): Next sync attempt in : 1 days
10-17 11:44:53.720 I/am_destroy_service(  399): [1109801096,com.android.providers.calendar/.EmptyService,864]
10-17 11:44:53.730 D/AndroidRuntime(  965): 
10-17 11:44:53.730 D/AndroidRuntime(  965): >>>>>> AndroidRuntime START com.android.internal.os.RuntimeInit <<<<<<
10-17 11:44:53.730 D/AndroidRuntime(  965): CheckJNI is OFF
10-17 11:44:53.730 I/content_query_sample(  929): [content://mms,thread_id/date/_id/sub/sub_cs/sub_id,(msg_box=1 AND seen=0 AND (m_type=130 OR m_type=132)),date desc,84,,17]
10-17 11:44:53.750 D/dalvikvm(  965): Trying to load lib libjavacore.so 0x0
10-17 11:44:53.750 I/BootReceiver(  723): Restore disabled by user preference.
10-17 11:44:53.750 D/dalvikvm(  965): Added shared lib libjavacore.so 0x0
10-17 11:44:53.750 I/BootReceiver(  723): Restore disabled by user preference.
10-17 11:44:53.760 D/dalvikvm(  965): Trying to load lib libnativehelper.so 0x0
10-17 11:44:53.760 D/dalvikvm(  965): Added shared lib libnativehelper.so 0x0
10-17 11:44:53.770 I/content_query_sample(  891): [content://com.android.email.provider/account,_id,,,700,,100]
10-17 11:44:53.800 I/am_create_service(  399): [1112128464,com.android.stk/.StkAppService,,605]
10-17 11:44:53.810 D/CAT     (  605): StkAppService:  Unable to get Service handle
10-17 11:44:53.840 I/ActivityManager(  399): Start proc com.android.voicedialer for broadcast com.android.voicedialer/.VoiceDialerReceiver: pid=974 uid=10045 gids={3002, 1028}
10-17 11:44:53.840 I/am_proc_start(  399): [974,10045,com.android.voicedialer,broadcast,com.android.voicedialer/.VoiceDialerReceiver]
10-17 11:44:53.850 D/ExchangeService(  909): !!! EAS ExchangeService, onStartCommand, startingUp = false, running = false
10-17 11:44:53.850 I/am_create_service(  399): [1111921856,com.android.exchange/.ExchangeService,act=com.android.email.EXCHANGE_INTENT,909]
10-17 11:44:53.850 I/am_destroy_service(  399): [1110081304,com.android.email/.service.EmailBroadcastProcessorService,891]
10-17 11:44:53.870 I/am_proc_bound(  399): [974,com.android.voicedialer]
10-17 11:44:53.900 I/am_create_service(  399): [1111913248,com.android.email/.service.AccountService,act=com.android.email.ACCOUNT_INTENT,891]
10-17 11:44:54.000 D/ExchangeService(  909): Reconciling accounts...
10-17 11:44:54.000 I/binder_sample(  891): [android.app.IActivityManager,38,35,com.android.email,7]
10-17 11:44:54.040 I/ActivityManager(  399): Start proc com.android.calendar for broadcast com.android.calendar/.alerts.AlertReceiver: pid=997 uid=10010 gids={3003, 1028}
10-17 11:44:54.040 I/am_proc_start(  399): [997,10010,com.android.calendar,broadcast,com.android.calendar/.alerts.AlertReceiver]
10-17 11:44:54.050 D/AndroidRuntime(  965): Calling main entry com.android.commands.am.Am
10-17 11:44:54.080 I/am_proc_bound(  399): [997,com.android.calendar]
10-17 11:44:54.080 I/content_query_sample(  929): [content://mms-sms/conversations?simple=true,_id/date/message_count/recipient_ids/snippet/snippet_cs/read/error/has_attachment,,,535,,100]
10-17 11:44:54.090 I/am_destroy_service(  399): [1111913248,com.android.email/.service.AccountService,891]
10-17 11:44:54.100 D/MmsSmsDatabaseHelper(  605): [MmsSmsDb] tableName: threads hasAutoIncrement: CREATE TABLE threads (_id INTEGER PRIMARY KEY AUTOINCREMENT,date INTEGER DEFAULT 0,message_count INTEGER DEFAULT 0,recipient_ids TEXT,snippet TEXT,snippet_cs INTEGER DEFAULT 0,read INTEGER DEFAULT 1,type INTEGER DEFAULT 0,error INTEGER DEFAULT 0,has_attachment INTEGER DEFAULT 0) result: true
10-17 11:44:54.110 I/content_query_sample(  929): [content://mms-sms/draft,thread_id,,,562,,100]
10-17 11:44:54.120 D/MmsSmsDatabaseHelper(  605): [MmsSmsDb] tableName: canonical_addresses hasAutoIncrement: CREATE TABLE canonical_addresses (_id INTEGER PRIMARY KEY AUTOINCREMENT,address TEXT) result: true
10-17 11:44:54.120 D/MmsSmsDatabaseHelper(  605): [getWritableDatabase] hasAutoIncrementThreads: true hasAutoIncrementAddresses: true
10-17 11:44:54.130 I/notification_cancel(  399): [com.android.mms,123,NULL,0,64]
10-17 11:44:54.140 I/am_destroy_service(  399): [1111921856,com.android.exchange/.ExchangeService,909]
10-17 11:44:54.150 I/ActivityThread(  997): Pub com.android.calendar.CalendarRecentSuggestionsProvider: com.android.calendar.CalendarRecentSuggestionsProvider
10-17 11:44:54.170 D/AlertReceiver(  997): onReceive: a=android.intent.action.PROVIDER_CHANGED Intent { act=android.intent.action.PROVIDER_CHANGED dat=content://com.android.calendar flg=0x10 cmp=com.android.calendar/.alerts.AlertReceiver }
10-17 11:44:54.170 I/am_create_service(  399): [1111837160,com.android.calendar/.alerts.AlertService,,997]
10-17 11:44:54.180 D/AlertService(  997): 0 Action = android.intent.action.PROVIDER_CHANGED
10-17 11:44:54.190 D/AlertService(  997): Beginning updateAlertNotification
10-17 11:44:54.230 I/ActivityManager(  399): Start proc com.noshufou.android.su for broadcast com.noshufou.android.su/.SuResultReceiver: pid=1020 uid=10038 gids={3003, 1015, 1028}
10-17 11:44:54.230 I/am_proc_start(  399): [1020,10038,com.noshufou.android.su,broadcast,com.noshufou.android.su/.SuResultReceiver]
10-17 11:44:54.250 I/dalvikvm( 1020): Turning on JNI app bug workarounds for target SDK version 11...
10-17 11:44:54.250 D/dalvikvm(  137): GC_EXPLICIT freed 38K, 74% free 2164K/8195K, paused 2ms+3ms, total 25ms
10-17 11:44:54.260 I/am_proc_bound(  399): [1020,com.noshufou.android.su]
10-17 11:44:54.280 D/dalvikvm(  137): GC_EXPLICIT freed <1K, 74% free 2164K/8195K, paused 2ms+1ms, total 23ms
10-17 11:44:54.300 D/dalvikvm(  137): GC_EXPLICIT freed <1K, 74% free 2164K/8195K, paused 2ms+2ms, total 21ms
10-17 11:44:54.320 I/content_query_sample(  997): [content://com.android.calendar/calendar_alerts,_id/event_id/state/title/eventLocation/selfAttendeeStatus/allDay/alarmTime/minutes/begin/end/description,(state=? OR state=?) AND alarmTime<=1382010294196,begin DESC, end DESC,106,,22]
10-17 11:44:54.330 I/ActivityThread( 1020): Pub com.noshufou.android.su.provider: com.noshufou.android.su.provider.PermissionsProvider
10-17 11:44:54.330 D/AlertService(  997): No fired or scheduled alerts
10-17 11:44:54.330 I/notification_cancel_all(  399): [com.android.calendar,0,64]
10-17 11:44:54.340 I/am_destroy_service(  399): [1111837160,com.android.calendar/.alerts.AlertService,997]
10-17 11:44:54.350 I/notification_cancel(  399): [com.android.mms,123,NULL,0,64]
10-17 11:44:54.360 D/AndroidRuntime(  965): Shutting down VM
10-17 11:44:54.360 I/am_create_service(  399): [1111778520,com.noshufou.android.su/.service.ResultService,,1020]
10-17 11:44:54.370 D/dalvikvm(  965): GC_CONCURRENT freed 99K, 81% free 499K/2560K, paused 1ms+0ms, total 5ms
10-17 11:44:54.400 I/ActivityManager(  399): No longer want com.android.contacts (pid 756): hidden #11
10-17 11:44:54.400 I/am_destroy_service(  399): [1112214328,com.android.mms/.transaction.SmsReceiverService,929]
10-17 11:44:54.400 I/am_kill (  399): [756,com.android.contacts,14,too many background]
10-17 11:44:54.430 I/am_proc_died(  399): [756,com.android.contacts]
10-17 11:44:54.530 I/am_destroy_service(  399): [1111778520,com.noshufou.android.su/.service.ResultService,1020]
10-17 11:44:54.590 D/su      (  964): 2000 /system/bin/mksh executing 0 /system/bin/sh using shell /system/bin/sh : sh
10-17 11:44:54.710 E/Sensors (  399): sensors_poll_context_t::pollEvents, line 202: receive event #### i=3, nb=1
10-17 11:44:54.720 I/force_gc(  399): Binder
10-17 11:44:54.840 D/dalvikvm(  399): GC_EXPLICIT freed 288K, 32% free 5636K/8195K, paused 4ms+11ms, total 122ms
10-17 11:44:55.610 I/force_gc(  399): Binder
10-17 11:44:55.670 D/dalvikvm(  399): GC_EXPLICIT freed 127K, 32% free 5625K/8195K, paused 4ms+5ms, total 59ms
10-17 11:44:55.750 I/force_gc(  573): Binder
10-17 11:44:55.790 D/dalvikvm(  573): GC_EXPLICIT freed 393K, 70% free 2504K/8195K, paused 3ms+5ms, total 31ms
10-17 11:44:55.960 I/am_destroy_service(  399): [1109099048,com.android.providers.media/.MediaScannerService,573]
10-17 11:44:56.150 E/Sensors (  399): sensors_poll_context_t::pollEvents, line 202: receive event #### i=3, nb=1
10-17 11:44:56.510 I/ActivityManager(  399): No longer want android.process.acore (pid 676): hidden #11
10-17 11:44:56.510 I/am_kill (  399): [676,android.process.acore,14,too many background]
10-17 11:44:56.550 I/am_proc_died(  399): [676,android.process.acore]
10-17 11:44:57.020 E/MP-Decision( 1041): MPDecision server starting
10-17 11:44:57.030 E/MP-Decision( 1041): OPTION ENABLED: Control sleep modes
10-17 11:44:57.030 E/MP-Decision( 1041): OPTION ENABLED: Adjusting average
10-17 11:44:57.030 E/MP-Decision( 1041): 
10-17 11:44:57.030 E/MP-Decision( 1041):  MP Decision Options:
10-17 11:44:57.030 E/MP-Decision( 1041): --poll_ms --decision_ms --no_sleep --avg_comp --debug
10-17 11:44:57.030 E/MP-Decision( 1041): --Nw=[1..3]:[value] --Tw=[1..3]:[value] --Ns=[1..3]:[value] --Ts=[1..3]:[value]
10-17 11:44:57.660 E/Sensors (  399): sensors_poll_context_t::pollEvents, line 202: receive event #### i=3, nb=1
10-17 11:44:57.670 I/am_create_service(  399): [1111262744,com.android.providers.calendar/.CalendarProviderIntentService,act=com.android.providers.calendar.intent.CalendarProvider2,864]
10-17 11:44:57.700 I/am_destroy_service(  399): [1111262744,com.android.providers.calendar/.CalendarProviderIntentService,864]
10-17 11:44:59.060 I//system/bin/fsck_msdos(  130): ** Phase 4 - Checking for Lost Files
10-17 11:44:59.090 E/Sensors (  399): sensors_poll_context_t::pollEvents, line 202: receive event #### i=3, nb=1
10-17 11:44:59.120 I//system/bin/fsck_msdos(  130): 26584 files, 1158464 free (144808 clusters)
10-17 11:44:59.170 I/Vold    (  130): Filesystem check completed OK
10-17 11:44:59.190 I/Vold    (  130): Device /dev/block/vold/179:33, target /storage/sdcard1 mounted @ /mnt/secure/staging
10-17 11:44:59.190 D/Vold    (  130): Volume sdcard state changing 3 (Checking) -> 4 (Mounted)
10-17 11:44:59.190 I/PackageManager(  399): Updating external media status from unmounted to mounted
10-17 11:44:59.190 D/MountService(  399): volume state changed for /storage/sdcard1 (checking -> mounted)
10-17 11:44:59.200 I//system/bin/fsck_msdos(  130): ** /dev/block/vold/179:19
10-17 11:44:59.200 E/VoldConnector(  399): NDC Command {3 volume mount /storage/sdcard1} took too long (7749ms)
10-17 11:44:59.200 I/StorageNotification(  526): Media {/storage/sdcard1} state changed from {checking} -> {mounted} (primary = true)
10-17 11:44:59.200 D/VoldCmdListener(  130): volume mount /storage/sdcard0
10-17 11:44:59.200 I/Vold    (  130): /dev/block/vold/179:19 being considered for volume emmc
10-17 11:44:59.200 D/Vold    (  130): Volume emmc state changing 1 (Idle-Unmounted) -> 3 (Checking)
10-17 11:44:59.200 D/MountService(  399): sendStorageIntent Intent { act=android.intent.action.MEDIA_MOUNTED dat=file:///storage/sdcard1 (has extras) }
10-17 11:44:59.200 I/notification_cancel(  399): [com.android.systemui,17301675,NULL,0,64]
10-17 11:44:59.210 D/MtpService(  573): onStorageStateChanged /storage/sdcard1 checking -> mounted
10-17 11:44:59.210 I//system/bin/fsck_msdos(  130): ** Phase 1 - Read and Compare FATs
10-17 11:44:59.210 D/MtpService(  573): addStorageLocked 65537 /storage/sdcard1
10-17 11:44:59.210 I//system/bin/fsck_msdos(  130): Attempting to allocate 1123 KB for FAT
10-17 11:44:59.210 D/MtpService(  573): onStorageStateChanged /storage/sdcard0 unmounted -> checking
10-17 11:44:59.210 D/MountService(  399): volume state changed for /storage/sdcard0 (unmounted -> checking)
10-17 11:44:59.210 D/MountService(  399): sendStorageIntent Intent { act=android.intent.action.MEDIA_CHECKING dat=file:///storage/sdcard0 (has extras) }
10-17 11:44:59.220 I/StorageNotification(  526): Media {/storage/sdcard0} state changed from {unmounted} -> {checking} (primary = false)
10-17 11:44:59.220 D/PhoneStatusBar(  526): addNotification score=0
10-17 11:44:59.220 I/notification_cancel(  399): [com.android.systemui,17301675,NULL,0,64]
10-17 11:44:59.220 I/am_create_service(  399): [1110702528,com.android.providers.downloads/.DownloadService,,573]
10-17 11:44:59.220 I/notification_enqueue(  399): [com.android.systemui,17301675,NULL,Notification(pri=0 contentView=com.android.systemui/0x1090071 vibrate=null sound=null defaults=0x0 flags=0x2 kind=[null])]
10-17 11:44:59.250 I/notification_cancel_all(  399): [com.android.providers.downloads,0,64]
10-17 11:44:59.270 D/MediaScannerReceiver(  573): action: android.intent.action.MEDIA_MOUNTED path: /storage/sdcard1
10-17 11:44:59.270 I/am_create_service(  399): [1110067256,com.android.providers.media/.MediaScannerService,,573]
10-17 11:44:59.280 D/SizeAdaptiveLayout(  526): com.android.internal.widget.SizeAdaptiveLayout@421ea520child view android.widget.FrameLayout@42297638 measured out of bounds at 95px clamped to 96px
10-17 11:44:59.290 I/am_destroy_service(  399): [1110702528,com.android.providers.downloads/.DownloadService,573]
10-17 11:44:59.340 I//system/bin/fsck_msdos(  130): Attempting to allocate 1123 KB for FAT
10-17 11:44:59.440 W/MediaProvider(  573): no database for scanned volume external
10-17 11:44:59.570 I//system/bin/fsck_msdos(  130): ** Phase 2 - Check Cluster Chains
10-17 11:44:59.610 I//system/bin/fsck_msdos(  130): ** Phase 3 - Checking Directories
10-17 11:44:59.750 I//system/bin/fsck_msdos(  130): ** Phase 4 - Checking for Lost Files
10-17 11:44:59.770 I//system/bin/fsck_msdos(  130): 505 files, 1085060 free (271265 clusters)
10-17 11:44:59.790 I/Vold    (  130): Filesystem check completed OK
10-17 11:44:59.800 I/Vold    (  130): Device /dev/block/vold/179:19, target /storage/sdcard0 mounted @ /mnt/secure/staging
10-17 11:44:59.800 D/Vold    (  130): Volume emmc state changing 3 (Checking) -> 4 (Mounted)
10-17 11:44:59.800 D/VoldCmdListener(  130): asec list
10-17 11:44:59.800 D/MountService(  399): volume state changed for /storage/sdcard0 (checking -> mounted)
10-17 11:44:59.800 E/VoldConnector(  399): NDC Command {4 volume mount /storage/sdcard0} took too long (608ms)
10-17 11:44:59.800 D/MountService(  399): sendStorageIntent Intent { act=android.intent.action.MEDIA_MOUNTED dat=file:///storage/sdcard0 (has extras) }
10-17 11:44:59.820 D/MtpService(  573): onStorageStateChanged /storage/sdcard0 checking -> mounted
10-17 11:44:59.820 D/MtpService(  573): addStorageLocked 131073 /storage/sdcard0
10-17 11:44:59.840 I/StorageNotification(  526): Media {/storage/sdcard0} state changed from {checking} -> {mounted} (primary = false)
10-17 11:44:59.840 I/notification_cancel(  399): [com.android.systemui,17301675,NULL,0,64]
10-17 11:44:59.870 I/content_update_sample(  573): [content://media/,insert,,416,,84]
10-17 11:45:00.130 I/PackageManager(  399): No secure containers on sdcard
10-17 11:45:00.130 E/VoldConnector(  399): NDC Command {5 asec list} took too long (913ms)
10-17 11:45:00.140 W/PackageManager(  399): Unknown permission com.google.android.googleapps.permission.GOOGLE_AUTH.mail in package com.android.contacts
10-17 11:45:00.140 W/PackageManager(  399): Unknown permission android.permission.ADD_SYSTEM_SERVICE in package com.android.phone
10-17 11:45:00.150 W/PackageManager(  399): Unknown permission com.google.android.googleapps.permission.GOOGLE_AUTH in package com.android.providers.calendar
10-17 11:45:00.150 W/PackageManager(  399): Unknown permission com.google.android.googleapps.permission.GOOGLE_AUTH.cl in package com.android.providers.calendar
10-17 11:45:00.160 W/PackageManager(  399): Unknown permission com.google.android.googleapps.permission.GOOGLE_AUTH.mail in package com.android.calendar
10-17 11:45:00.160 W/PackageManager(  399): Not granting permission android.permission.SEND_DOWNLOAD_COMPLETED_INTENTS to package com.android.browser (protectionLevel=2 flags=0x9be45)
10-17 11:45:00.170 W/PackageManager(  399): Unknown permission com.cyanogenmod.filemanager.permissions.READ_THEME in package com.cyanogenmod.filemanager
10-17 11:45:00.170 W/PackageManager(  399): Unknown permission com.google.android.googleapps.permission.GOOGLE_AUTH in package com.android.settings
10-17 11:45:00.170 W/PackageManager(  399): Unknown permission com.google.android.googleapps.permission.GOOGLE_AUTH in package com.android.providers.contacts
10-17 11:45:00.170 W/PackageManager(  399): Unknown permission com.google.android.googleapps.permission.GOOGLE_AUTH.cp in package com.android.providers.contacts
10-17 11:45:00.170 W/PackageManager(  399): Unknown permission android.permission.ACCESS_SUPERUSER in package jackpal.androidterm
10-17 11:45:00.180 W/PackageManager(  399): Unknown permission android.permission.ACCESS_4G_RADIO_DISABLE in package com.android.systemui
10-17 11:45:00.180 W/PackageManager(  399): Unknown permission android.permission.ACCESS_4G_STATE in package com.android.systemui
10-17 11:45:00.180 W/PackageManager(  399): Unknown permission android.permission.CHANGE_4G_STATE in package com.android.systemui
10-17 11:45:00.190 W/PackageManager(  399): Unknown permission com.google.android.googleapps.permission.ACCESS_GOOGLE_PASSWORD in package com.android.development
10-17 11:45:00.190 W/PackageManager(  399): Unknown permission com.google.android.googleapps.permission.GOOGLE_AUTH in package com.android.development
10-17 11:45:00.190 W/PackageManager(  399): Unknown permission com.google.android.googleapps.permission.GOOGLE_AUTH.ALL_SERVICES in package com.android.development
10-17 11:45:00.190 W/PackageManager(  399): Unknown permission com.google.android.googleapps.permission.GOOGLE_AUTH.YouTubeUser in package com.android.development
10-17 11:45:00.190 W/PackageManager(  399): Not granting permission android.permission.DEVICE_POWER to package com.android.deskclock (protectionLevel=2 flags=0x8be45)
10-17 11:45:00.290 I/backup_data_changed(  399): android
10-17 11:45:00.290 I/backup_data_changed(  399): android
10-17 11:45:00.300 I/am_create_service(  399): [1110015880,com.android.providers.downloads/.DownloadService,,573]
10-17 11:45:00.300 I/binder_sample(  573): [android.app.IActivityManager,34,165,android.process.media,33]
10-17 11:45:00.300 I/notification_cancel_all(  399): [com.android.providers.downloads,0,64]
10-17 11:45:00.310 D/MediaScannerReceiver(  573): action: android.intent.action.MEDIA_MOUNTED path: /storage/sdcard0
10-17 11:45:00.320 I/am_destroy_service(  399): [1110015880,com.android.providers.downloads/.DownloadService,573]
10-17 11:45:00.520 E/Sensors (  399): sensors_poll_context_t::pollEvents, line 202: receive event #### i=3, nb=1
10-17 11:45:01.690 I/battery_level(  399): [82,4000,250]
10-17 11:45:01.950 E/Sensors (  399): sensors_poll_context_t::pollEvents, line 202: receive event #### i=3, nb=1
10-17 11:45:02.040 E/MP-Decision( 1053): MPDecision server starting
10-17 11:45:02.050 E/MP-Decision( 1053): OPTION ENABLED: Control sleep modes
10-17 11:45:02.050 E/MP-Decision( 1053): OPTION ENABLED: Adjusting average
10-17 11:45:02.050 E/MP-Decision( 1053): 
10-17 11:45:02.050 E/MP-Decision( 1053):  MP Decision Options:
10-17 11:45:02.050 E/MP-Decision( 1053): --poll_ms --decision_ms --no_sleep --avg_comp --debug
10-17 11:45:02.050 E/MP-Decision( 1053): --Nw=[1..3]:[value] --Tw=[1..3]:[value] --Ns=[1..3]:[value] --Ts=[1..3]:[value]
10-17 11:45:03.510 E/Sensors (  399): sensors_poll_context_t::pollEvents, line 202: receive event #### i=3, nb=1
10-17 11:45:04.930 E/Sensors (  399): sensors_poll_context_t::pollEvents, line 202: receive event #### i=3, nb=1
10-17 11:45:06.350 E/Sensors (  399): sensors_poll_context_t::pollEvents, line 202: receive event #### i=3, nb=1
10-17 11:45:07.060 E/MP-Decision( 1056): MPDecision server starting
10-17 11:45:07.060 E/MP-Decision( 1056): OPTION ENABLED: Control sleep modes
10-17 11:45:07.060 E/MP-Decision( 1056): OPTION ENABLED: Adjusting average
10-17 11:45:07.060 E/MP-Decision( 1056): 
10-17 11:45:07.060 E/MP-Decision( 1056):  MP Decision Options:
10-17 11:45:07.060 E/MP-Decision( 1056): --poll_ms --decision_ms --no_sleep --avg_comp --debug
10-17 11:45:07.060 E/MP-Decision( 1056): --Nw=[1..3]:[value] --Tw=[1..3]:[value] --Ns=[1..3]:[value] --Ts=[1..3]:[value]
10-17 11:45:07.770 E/Sensors (  399): sensors_poll_context_t::pollEvents, line 202: receive event #### i=3, nb=1
10-17 11:45:09.190 E/Sensors (  399): sensors_poll_context_t::pollEvents, line 202: receive event #### i=3, nb=1
10-17 11:45:10.610 E/Sensors (  399): sensors_poll_context_t::pollEvents, line 202: receive event #### i=3, nb=1
10-17 11:45:12.030 E/Sensors (  399): sensors_poll_context_t::pollEvents, line 202: receive event #### i=3, nb=1
10-17 11:45:12.070 E/MP-Decision( 1060): MPDecision server starting
10-17 11:45:12.070 E/MP-Decision( 1060): OPTION ENABLED: Control sleep modes
10-17 11:45:12.070 E/MP-Decision( 1060): OPTION ENABLED: Adjusting average
10-17 11:45:12.070 E/MP-Decision( 1060): 
10-17 11:45:12.070 E/MP-Decision( 1060):  MP Decision Options:
10-17 11:45:12.070 E/MP-Decision( 1060): --poll_ms --decision_ms --no_sleep --avg_comp --debug
10-17 11:45:12.070 E/MP-Decision( 1060): --Nw=[1..3]:[value] --Tw=[1..3]:[value] --Ns=[1..3]:[value] --Ts=[1..3]:[value]
10-17 11:45:13.410 D/su      ( 1069): Executing exec /system/bin/am broadcast -a com.noshufou.android.su.RESULT --es socket '' --ei caller_uid 2000 --ei allow 1 --ei version_code 18
10-17 11:45:13.450 E/Sensors (  399): sensors_poll_context_t::pollEvents, line 202: receive event #### i=3, nb=1
10-17 11:45:13.540 D/AndroidRuntime( 1069): 
10-17 11:45:13.540 D/AndroidRuntime( 1069): >>>>>> AndroidRuntime START com.android.internal.os.RuntimeInit <<<<<<
10-17 11:45:13.540 D/AndroidRuntime( 1069): CheckJNI is OFF
10-17 11:45:13.550 D/dalvikvm( 1069): Trying to load lib libjavacore.so 0x0
10-17 11:45:13.560 D/dalvikvm( 1069): Added shared lib libjavacore.so 0x0
10-17 11:45:13.560 D/dalvikvm( 1069): Trying to load lib libnativehelper.so 0x0
10-17 11:45:13.560 D/dalvikvm( 1069): Added shared lib libnativehelper.so 0x0
10-17 11:45:13.770 D/AndroidRuntime( 1069): Calling main entry com.android.commands.am.Am
10-17 11:45:13.780 I/am_create_service(  399): [1109732304,com.noshufou.android.su/.service.ResultService,,1020]
10-17 11:45:13.790 D/AndroidRuntime( 1069): Shutting down VM
10-17 11:45:13.790 D/dalvikvm( 1069): GC_CONCURRENT freed 99K, 81% free 499K/2560K, paused 1ms+0ms, total 5ms
10-17 11:45:13.800 W/ActivityManager(  399): Timeout executing service: ServiceRecord{4249bbd0 com.android.stk/.StkAppService}
10-17 11:45:13.820 I/am_anr  (  399): [605,com.android.phone,573005,Executing service com.android.stk/.StkAppService]
10-17 11:45:13.830 I/Process (  399): Sending signal. PID: 605 SIG: 3
10-17 11:45:13.830 I/dalvikvm(  605): threadid=3: reacting to signal 3
10-17 11:45:13.870 I/am_destroy_service(  399): [1109732304,com.noshufou.android.su/.service.ResultService,1020]
10-17 11:45:13.910 I/dalvikvm(  605): Wrote stack traces to '/data/anr/traces.txt'
10-17 11:45:13.910 I/Process (  399): Sending signal. PID: 399 SIG: 3
10-17 11:45:13.910 I/dalvikvm(  399): threadid=3: reacting to signal 3
10-17 11:45:14.010 D/su      ( 1068): 2000 /system/bin/mksh executing 0 /system/bin/sh using shell /system/bin/sh : sh
10-17 11:45:14.080 I/dalvikvm(  399): Wrote stack traces to '/data/anr/traces.txt'
10-17 11:45:14.080 I/Process (  399): Sending signal. PID: 526 SIG: 3
10-17 11:45:14.080 I/dalvikvm(  526): threadid=3: reacting to signal 3
10-17 11:45:14.100 I/dalvikvm(  526): Wrote stack traces to '/data/anr/traces.txt'
10-17 11:45:14.370 D/dalvikvm(  399): GC_EXPLICIT freed 1041K, 28% free 5945K/8195K, paused 3ms+6ms, total 68ms
10-17 11:45:14.869 E/Sensors (  399): sensors_poll_context_t::pollEvents, line 202: receive event #### i=3, nb=1
10-17 11:45:14.909 I/Process (  399): Sending signal. PID: 573 SIG: 3
10-17 11:45:14.909 I/dalvikvm(  573): threadid=3: reacting to signal 3
10-17 11:45:14.939 I/dalvikvm(  573): Wrote stack traces to '/data/anr/traces.txt'
10-17 11:45:14.949 E/ActivityManager(  399): ANR in com.android.phone
10-17 11:45:14.949 E/ActivityManager(  399): Reason: Executing service com.android.stk/.StkAppService
10-17 11:45:14.949 E/ActivityManager(  399): Load: 7.44 / 1.95 / 0.66
10-17 11:45:14.949 E/ActivityManager(  399): CPU usage from 11147ms to 0ms ago:
10-17 11:45:14.949 E/ActivityManager(  399):   97% 573/android.process.media: 1.7% user + 95% kernel / faults: 300 minor
10-17 11:45:14.949 E/ActivityManager(  399):   0.9% 399/system_server: 0.3% user + 0.6% kernel / faults: 93 minor
10-17 11:45:14.949 E/ActivityManager(  399):   0.6% 526/com.android.systemui: 0.5% user + 0% kernel / faults: 30 minor
10-17 11:45:14.949 E/ActivityManager(  399):   0.5% 26/kworker/u:2: 0% user + 0.5% kernel
10-17 11:45:14.949 E/ActivityManager(  399):   0.2% 136/surfaceflinger: 0% user + 0.2% kernel
10-17 11:45:14.949 E/ActivityManager(  399):   0.1% 25/kworker/0:1: 0.1% user + 0% kernel
10-17 11:45:14.949 E/ActivityManager(  399):   0% 85/kworker/u:3: 0% user + 0% kernel
10-17 11:45:14.949 E/ActivityManager(  399):   0% 94/mmcqd/0: 0% user + 0% kernel
10-17 11:45:14.949 E/ActivityManager(  399):   0% 97/mmcqd/1: 0% user + 0% kernel
10-17 11:45:14.949 E/ActivityManager(  399):   0% 155/thermald: 0% user + 0% kernel
10-17 11:45:14.949 E/ActivityManager(  399):   0% 532/logcat: 0% user + 0% kernel
10-17 11:45:14.949 E/ActivityManager(  399):   0% 605/com.android.phone: 0% user + 0% kernel / faults: 5 minor
10-17 11:45:14.949 E/ActivityManager(  399):   0% 1020/com.noshufou.android.su: 0% user + 0% kernel / faults: 23 minor
10-17 11:45:14.949 E/ActivityManager(  399):  +0% 1059/flush-179:32: 0% user + 0% kernel
10-17 11:45:14.949 E/ActivityManager(  399):  +0% 1063/sh: 0% user + 0% kernel
10-17 11:45:14.949 E/ActivityManager(  399):  +0% 1068/su: 0% user + 0% kernel
10-17 11:45:14.949 E/ActivityManager(  399):  +0% 1069/app_process: 0% user + 0% kernel
10-17 11:45:14.949 E/ActivityManager(  399): 52% TOTAL: 2.7% user + 49% kernel + 0.2% iowait
10-17 11:45:14.949 E/ActivityManager(  399): CPU usage from 576ms to 1096ms later:
10-17 11:45:14.949 E/ActivityManager(  399):   98% 573/android.process.media: 1.9% user + 96% kernel / faults: 3 minor
10-17 11:45:14.949 E/ActivityManager(  399):     100% 1048/MediaScannerSer: 1.9% user + 98% kernel
10-17 11:45:14.949 E/ActivityManager(  399):   3.8% 399/system_server: 0% user + 3.8% kernel / faults: 2 minor
10-17 11:45:14.949 E/ActivityManager(  399):     3.8% 414/ActivityManager: 1.9% user + 1.9% kernel
10-17 11:45:14.949 E/ActivityManager(  399):   1.2% 26/kworker/u:2: 0% user + 1.2% kernel
10-17 11:45:14.949 E/ActivityManager(  399): 51% TOTAL: 0.9% user + 50% kernel
10-17 11:45:14.949 W/ActivityManager(  399): Killing ProcessRecord{42220438 605:com.android.phone/1001}: background ANR
10-17 11:45:14.949 I/am_kill (  399): [605,com.android.phone,-12,background ANR]
10-17 11:45:14.969 I/ServiceManager(  129): service 'isms_msim' died
10-17 11:45:14.969 I/ServiceManager(  129): service 'simphonebook_msim' died
10-17 11:45:14.969 I/ServiceManager(  129): service 'iphonesubinfo_msim' died
10-17 11:45:14.969 I/ServiceManager(  129): service 'isms' died
10-17 11:45:14.969 I/ServiceManager(  129): service 'simphonebook' died
10-17 11:45:14.969 I/ServiceManager(  129): service 'iphonesubinfo' died
10-17 11:45:14.969 I/ServiceManager(  129): service 'phone' died
10-17 11:45:14.969 I/ServiceManager(  129): service 'phone_msim' died
10-17 11:45:14.969 I/ServiceManager(  129): service 'sip' died
10-17 11:45:14.969 W/RILC    (  178): EOS.  Closing command socket.
10-17 11:45:14.969 W/RILC    (  182): EOS.  Closing command socket.
10-17 11:45:15.009 D/dalvikvm(  399): GC_FOR_ALLOC freed 498K, 30% free 5938K/8391K, paused 43ms, total 44ms
10-17 11:45:15.009 I/dalvikvm-heap(  399): Grow heap (frag case) to 14.218MB for 333656-byte allocation
10-17 11:45:15.009 I/ActivityManager(  399): Process com.android.phone (pid 605) has died.
10-17 11:45:15.009 W/ActivityManager(  399): Scheduling restart of crashed service com.android.phone/.TelephonyDebugService in 1250ms
10-17 11:45:15.009 W/ActivityManager(  399): Scheduling restart of crashed service com.android.phone/.BluetoothHeadsetService in 11249ms
10-17 11:45:15.009 W/ActivityManager(  399): Scheduling restart of crashed service com.android.stk/.StkAppService in 42424ms
10-17 11:45:15.009 I/am_proc_died(  399): [605,com.android.phone]
10-17 11:45:15.009 I/am_destroy_service(  399): [1112365816,com.android.smspush/.WapPushManager,684]
10-17 11:45:15.009 I/am_schedule_service_restart(  399): [com.android.phone/.TelephonyDebugService,1250]
10-17 11:45:15.009 I/am_schedule_service_restart(  399): [com.android.phone/.BluetoothHeadsetService,11249]
10-17 11:45:15.009 I/am_schedule_service_restart(  399): [com.android.stk/.StkAppService,42424]
10-17 11:45:15.059 I/ActivityManager(  399): Start proc com.android.phone for restart com.android.phone: pid=1084 uid=1001 gids={3002, 3001, 3003, 1015, 1028}
10-17 11:45:15.059 I/am_proc_start(  399): [1084,1001,com.android.phone,restart,com.android.phone]
10-17 11:45:15.089 I/am_proc_bound(  399): [1084,com.android.phone]
10-17 11:45:15.119 I/ActivityThread( 1084): Pub mms: com.android.providers.telephony.MmsProvider
10-17 11:45:15.129 I/ActivityThread( 1084): Pub iccmsim: com.android.phone.MSimIccProvider
10-17 11:45:15.129 I/ActivityThread( 1084): Pub sms: com.android.providers.telephony.SmsProvider
10-17 11:45:15.129 I/ActivityThread( 1084): Pub telephony: com.android.providers.telephony.TelephonyProvider
10-17 11:45:15.129 W/TelephonyProvider( 1084): onCreate: confFile=/system/etc/apns-conf.xml oldCheckSum=-1
10-17 11:45:15.139 D/RILB    ( 1084): /proc/cmdline=androidboot.hardware=huawei loglevel=1 androidboot.mode=boot alarm_time=0xdffe37c9 RTC_time=0x29e59 hw_status_loc=0x1 androidboot.localproppath=unicom/cn usb.pid.index=25 usb.serial=2469A5526E2F androidboot.serialno=2469A5526E2F androidboot.network=umts_gsm androidboot.swtype=normal androidboot.platform=msm7627a androidboot.emmc=true androidboot.baseband=msm
10-17 11:45:15.139 I/ActivityThread( 1084): Pub icc: com.android.phone.IccProvider
10-17 11:45:15.139 I/ActivityThread( 1084): Pub mms-sms: com.android.providers.telephony.MmsSmsProvider
10-17 11:45:15.139 D/RILB    ( 1084): getLteOnCdmaMode=-1 curVal=-1 product_type='' lteOnCdmaProductType=''
10-17 11:45:15.149 V/PhoneApp( 1084): PhoneApp onCreate() DSDS Enabled!!!!
10-17 11:45:15.149 D/MSimPhoneApp( 1084): MSPhoneApp creation
10-17 11:45:15.149 D/MSimPhoneApp( 1084): MSPhoneApp creationcom.android.phone.MSimPhoneApp@4219a010
10-17 11:45:15.149 D/MSimPhoneApp( 1084): MSimPhoneApp:com.android.phone.MSimPhoneApp@4219a010
10-17 11:45:15.149 D/MSimPhoneApp( 1084):  DSDS PhoneApp:
10-17 11:45:15.149 E/PHONE   ( 1084): ------MSimPhoneFactory.java----------->hasException = false 
10-17 11:45:15.149 D/RILB    ( 1084): getLteOnCdmaMode=-1 curVal=-1 product_type='' lteOnCdmaProductType=''
10-17 11:45:15.169 D/RILJ    ( 1084): RIL(context, preferredNetworkType=0 cdmaSubscription=1)
10-17 11:45:15.169 D/RILJ    ( 1084): Starting RILReceiver [SUB0]
10-17 11:45:15.169 I/RILJ    ( 1084): Connected to 'rild' socket
10-17 11:45:15.169 D/RILJ    ( 1084): RIL(context, preferredNetworkType=0 cdmaSubscription=1)
10-17 11:45:15.169 D/RILJ    ( 1084): Starting RILReceiver [SUB1]
10-17 11:45:15.169 I/RILJ    ( 1084): Connected to 'rild1' socket
10-17 11:45:15.179 E/RIL_UiccController( 1084): new UiccController() ....registerForIccStatusChanged()....mCi[i] = com.android.internal.telephony.RIL@4219e9f8
10-17 11:45:15.179 D/CardSubscriptionManager( 1084): getInstance
10-17 11:45:15.179 D/CardSubscriptionManager( 1084): Constructor - Enter
10-17 11:45:15.179 D/CardSubscriptionManager( 1084): Constructor - Exit
10-17 11:45:15.179 D/SubscriptionManager( 1084): getUserPreferredSubs: strUserSub = ,,,4,-1,-1
10-17 11:45:15.179 D/SubscriptionManager( 1084): getUserPreferredSubs: mUserPrefSubs.subscription[0] = Subscription = { slotId = -1, 3gppIndex = -1, 3gpp2Index = -1, subId = 0, subStatus = SUB_INVALID, appId = null, appLabel = null, appType = null, iccId = null }
10-17 11:45:15.179 D/SubscriptionManager( 1084): getUserPreferredSubs: strUserSub = ,,,4,-1,-1
10-17 11:45:15.179 D/SubscriptionManager( 1084): getUserPreferredSubs: mUserPrefSubs.subscription[1] = Subscription = { slotId = -1, 3gppIndex = -1, 3gpp2Index = -1, subId = 1, subStatus = SUB_INVALID, appId = null, appLabel = null, appType = null, iccId = null }
10-17 11:45:15.179 D/CardSubscriptionManager( 1084): getInstance
10-17 11:45:15.179 E/RIL_UiccController( 1084): new UiccController() ....registerForIccStatusChanged()....mCi[i] = com.android.internal.telephony.RIL@421a2c88
10-17 11:45:15.179 E/PHONE   ( 1084): Settings Exception Reading Dual Sim Data Call Values
10-17 11:45:15.189 D/PHONE   ( 1084): mDoesRilSendMultipleCallRing=true
10-17 11:45:15.189 D/PHONE   ( 1084): mCallRingDelay=3000
10-17 11:45:15.189 D/PHONE   ( 1084): mOosIsDisconnect=true
10-17 11:45:15.189 D/RILJ    ( 1084): setPhoneType=1 old value=0 [SUB0]
10-17 11:45:15.199 I/GSM     ( 1084): Is EONS enabled: true
10-17 11:45:15.199 D/GSM     ( 1084): MSimGSMPhone: constructor: sub = 0
10-17 11:45:15.209 D/        ( 1084): [ApnContext:default] set reason as dataEnabled,current state IDLE
10-17 11:45:15.209 D/        ( 1084): [ApnContext:mms] set reason as dataEnabled,current state IDLE
10-17 11:45:15.209 D/        ( 1084): [ApnContext:supl] set reason as dataEnabled,current state IDLE
10-17 11:45:15.209 D/        ( 1084): [ApnContext:dun] set reason as dataEnabled,current state IDLE
10-17 11:45:15.209 D/        ( 1084): [ApnContext:hipri] set reason as dataEnabled,current state IDLE
10-17 11:45:15.209 D/        ( 1084): [ApnContext:fota] set reason as dataEnabled,current state IDLE
10-17 11:45:15.209 D/        ( 1084): [ApnContext:ims] set reason as dataEnabled,current state IDLE
10-17 11:45:15.209 D/GSM     ( 1084): [ApnContext:default] set mDependencyMet as false current state is true
10-17 11:45:15.209 D/GSM     ( 1084): [ApnContext:default] set enabled as true, current state is false
10-17 11:45:15.209 D/GSM     ( 1084): [ApnContext:default] set reason as dependencyMet,current state IDLE
10-17 11:45:15.209 D/GSM     ( 1084): [ApnContext:default] set enabled as true, current state is true
10-17 11:45:15.209 D/GSM     ( 1084): [ApnContext:default] set mDependencyMet as true current state is false
10-17 11:45:15.209 D/GSM     ( 1084): [ApnContext:mms] set mDependencyMet as false current state is true
10-17 11:45:15.209 D/GSM     ( 1084): [ApnContext:mms] set enabled as false, current state is false
10-17 11:45:15.209 D/GSM     ( 1084): [ApnContext:mms] set mDependencyMet as true current state is false
10-17 11:45:15.209 D/GSM     ( 1084): [ApnContext:supl] set mDependencyMet as false current state is true
10-17 11:45:15.209 D/GSM     ( 1084): [ApnContext:supl] set enabled as false, current state is false
10-17 11:45:15.209 D/GSM     ( 1084): [ApnContext:supl] set mDependencyMet as true current state is false
10-17 11:45:15.209 D/GSM     ( 1084): [ApnContext:dun] set mDependencyMet as false current state is true
10-17 11:45:15.209 D/GSM     ( 1084): [ApnContext:dun] set enabled as false, current state is false
10-17 11:45:15.209 D/GSM     ( 1084): [ApnContext:dun] set mDependencyMet as true current state is false
10-17 11:45:15.209 D/GSM     ( 1084): [ApnContext:hipri] set mDependencyMet as false current state is true
10-17 11:45:15.209 D/GSM     ( 1084): [ApnContext:hipri] set enabled as false, current state is false
10-17 11:45:15.209 D/GSM     ( 1084): [ApnContext:hipri] set mDependencyMet as true current state is false
10-17 11:45:15.209 D/GSM     ( 1084): [ApnContext:fota] set mDependencyMet as false current state is true
10-17 11:45:15.209 D/GSM     ( 1084): [ApnContext:fota] set enabled as false, current state is false
10-17 11:45:15.209 D/GSM     ( 1084): [ApnContext:fota] set mDependencyMet as true current state is false
10-17 11:45:15.219 D/        ( 1084): [ApnContext:cbs] set reason as dataEnabled,current state IDLE
10-17 11:45:15.219 D/GSM     ( 1084): [ApnContext:ims] set mDependencyMet as false current state is true
10-17 11:45:15.219 D/GSM     ( 1084): [ApnContext:ims] set enabled as false, current state is false
10-17 11:45:15.219 D/GSM     ( 1084): [ApnContext:ims] set mDependencyMet as true current state is false
10-17 11:45:15.219 D/GSM     ( 1084): [ApnContext:cbs] set mDependencyMet as false current state is true
10-17 11:45:15.219 D/GSM     ( 1084): [ApnContext:cbs] set enabled as false, current state is false
10-17 11:45:15.219 D/GSM     ( 1084): [ApnContext:cbs] set mDependencyMet as true current state is false
10-17 11:45:15.219 E/PHONE   ( 1084): Settings Exception Reading Dual Sim Data Call Values
10-17 11:45:15.219 E/GSM     ( 1084): [MSimGsmDCT:0] =================broadcastMessenger () ============> this = Handler (com.android.internal.telephony.msim.MSimGsmDataConnectionTracker) {421b5530}
10-17 11:45:15.219 D/GSM     ( 1084): [MSimGsmDCT:0] SUPPORT_MPDN = true
10-17 11:45:15.219 D/GSM     ( 1084): [MSimGsmDCT:0] mCdmaHomeOperatorNumeric = 
10-17 11:45:15.219 D/GSM     ( 1084): [MSimGsmDCT:0] mUseNvOperatorForEhrpd = false
10-17 11:45:15.219 E/PHONE   ( 1084): Settings Exception Reading Dual Sim Data Call Values
10-17 11:45:15.219 D/GSM     ( 1084): [MSimGsmDCT:0] mInternalDataEnabled (is data sub?) = true
10-17 11:45:15.219 D/RILB    ( 1084): =====================> registerForRilConnected h=Handler (com.android.internal.telephony.msim.MSimPhoneProxy) {421ac4a8} w=4
10-17 11:45:15.219 D/RIL_IccSms( 1084): MSimIccSmsInterfaceManager: initDispatchers()
10-17 11:45:15.229 E/RIL_ImsSms( 1084): getFormat should never be called from here!
10-17 11:45:15.229 D/SMS     ( 1084): SMSDispatcher: ctor mSmsCapable=true format=unknown mSmsReceiveDisabled=false mSmsSendDisabled=false
10-17 11:45:15.229 D/RIL_IMS ( 1084): MSimImsSMSDispatcher: initDispatchers()
10-17 11:45:15.229 D/SMS     ( 1084): SMSDispatcher: ctor mSmsCapable=true format=3gpp2 mSmsReceiveDisabled=false mSmsSendDisabled=false
10-17 11:45:15.229 D/CDMA    ( 1084): CdmaSMSDispatcher created
10-17 11:45:15.229 D/CDMA    ( 1084): MSimCdmaSMSDispatcher created
10-17 11:45:15.229 D/SMS     ( 1084): SMSDispatcher: ctor mSmsCapable=true format=3gpp mSmsReceiveDisabled=false mSmsSendDisabled=false
10-17 11:45:15.229 D/GSM     ( 1084): GsmSMSDispatcher created
10-17 11:45:15.229 D/GSM     ( 1084): MSimGsmSMSDispatcher created
10-17 11:45:15.229 D/RIL_IMS ( 1084): MSimImsSMSDispatcher created
10-17 11:45:15.229 D/RIL_IccSms( 1084): MSimIccSmsInterfaceManager created
10-17 11:45:15.229 I/am_create_service(  399): [1112075760,com.android.smspush/.WapPushManager,act=com.android.internal.telephony.IWapPushManager,684]
10-17 11:45:15.239 W/SignalStrength(  526): getLTELevel - rsrp:2147483647 snr:2147483647 rsrpIconLevel:-1 snrIconLevel:-1
10-17 11:45:15.239 W/SignalStrength(  526): getLTELevel - rssi:99 rssiIconLevel:0
10-17 11:45:15.239 W/SignalStrength(  526): getGsmLevel=0
10-17 11:45:15.239 W/SignalStrength(  526): getLevel=0
10-17 11:45:15.239 D/StatusBar.MSimNetworkController(  526): updateSimState for subscription :0
10-17 11:45:15.239 D/StatusBar.MSimNetworkController(  526): updateSimState simState =UNKNOWN
10-17 11:45:15.239 D/StatusBar.MSimNetworkController(  526): In updateSimIcon card =0, simState= UNKNOWN
10-17 11:45:15.239 D/StatusBar.MSimNetworkController(  526): refreshViews subscription =0mMSimDataConnected =false
10-17 11:45:15.239 D/StatusBar.MSimNetworkController(  526): refreshViews mMSimDataActivity =0
10-17 11:45:15.239 D/StatusBar.MSimNetworkController(  526): refreshViews connected={ } level=0 mMSimcombinedSignalIconId=0x7f0200f8/com.android.systemui:drawable/stat_sys_signal_null mMSimcombinedActivityIconId=0x0 mAirplaneMode=false mMSimDataActivity=0 mMSimPhoneSignalIconId=0x7f0200f8 mMSimDataDirectionIconId=0x0 mMSimDataSignalIconId=0x7f0200f8 mMSimDataTypeIconId=0x0 mNoMSimIconId=0x0 mWifiIconId=0x0 mBluetoothTetherIconId=0x1080580
10-17 11:45:15.239 D/StatusBar.MSimNetworkController(  526): updateDataIcon subscription =0
10-17 11:45:15.239 D/StatusBar.MSimNetworkController(  526): updateDataIcon dataSub =0
10-17 11:45:15.239 D/StatusBar.MSimNetworkController(  526): updateDataIcon  when SimState =UNKNOWN
10-17 11:45:15.239 D/RIL_MSimIccCardProxy( 1084): Creating
10-17 11:45:15.239 D/RIL_MSimIccCardProxy( 1084): Broadcasting intent ACTION_SIM_STATE_CHANGED NOT_READY reason null for subscription : 0
10-17 11:45:15.249 W/SignalStrength(  526): getLTELevel - rsrp:2147483647 snr:2147483647 rsrpIconLevel:-1 snrIconLevel:-1
10-17 11:45:15.249 W/SignalStrength(  526): getLTELevel - rssi:99 rssiIconLevel:0
10-17 11:45:15.249 W/SignalStrength(  526): getGsmLevel=0
10-17 11:45:15.249 W/SignalStrength(  526): getLevel=0
10-17 11:45:15.249 D/StatusBar.MSimNetworkController(  526): updateDataIcon when mMSimDataConnected =false
10-17 11:45:15.249 D/StatusBar.MSimNetworkController(  526): updateDataIcon subscription =0
10-17 11:45:15.249 D/StatusBar.MSimNetworkController(  526): updateDataIcon dataSub =0
10-17 11:45:15.249 D/StatusBar.MSimNetworkController(  526): updateDataIcon  when SimState =UNKNOWN
10-17 11:45:15.249 D/StatusBar.MSimNetworkController(  526): updateDataIcon when mMSimDataConnected =false
10-17 11:45:15.249 D/StatusBar.MSimNetworkController(  526): refreshViews subscription =0mMSimDataConnected =false
10-17 11:45:15.249 D/StatusBar.MSimNetworkController(  526): refreshViews mMSimDataActivity =0
10-17 11:45:15.249 D/StatusBar.MSimNetworkController(  526): refreshViews connected={ } level=0 mMSimcombinedSignalIconId=0x7f0200f8/com.android.systemui:drawable/stat_sys_signal_null mMSimcombinedActivityIconId=0x0 mAirplaneMode=false mMSimDataActivity=0 mMSimPhoneSignalIconId=0x7f0200f8 mMSimDataDirectionIconId=0x0 mMSimDataSignalIconId=0x7f0200f8 mMSimDataTypeIconId=0x0 mNoMSimIconId=0x0 mWifiIconId=0x0 mBluetoothTetherIconId=0x1080580
10-17 11:45:15.249 D/PhoneStatusBarPolicy(  526): updateSimState for subscription :0
10-17 11:45:15.249 D/RIL_MSimIccCardProxy( 1084): Setting radio tech UMTS
10-17 11:45:15.249 D/RIL_MSimIccCardProxy( 1084): Updating quiet mode
10-17 11:45:15.249 D/RIL_MSimIccCardProxy( 1084): 3GPP subscription -> QuietMode: false
10-17 11:45:15.249 D/RIL_MSimIccCardProxy( 1084): QuietMode is false (app_type: 1 nv: false multimode: false)
10-17 11:45:15.249 D/PHONE   ( 1084): mDoesRilSendMultipleCallRing=true
10-17 11:45:15.249 D/PHONE   ( 1084): mCallRingDelay=3000
10-17 11:45:15.249 D/PHONE   ( 1084): mOosIsDisconnect=true
10-17 11:45:15.249 D/RILJ    ( 1084): setPhoneType=1 old value=0 [SUB1]
10-17 11:45:15.249 I/GSM     ( 1084): Is EONS enabled: true
10-17 11:45:15.249 D/GSM     ( 1084): MSimGSMPhone: constructor: sub = 1
10-17 11:45:15.259 D/        ( 1084): [ApnContext:default] set reason as dataEnabled,current state IDLE
10-17 11:45:15.259 D/        ( 1084): [ApnContext:mms] set reason as dataEnabled,current state IDLE
10-17 11:45:15.259 D/        ( 1084): [ApnContext:supl] set reason as dataEnabled,current state IDLE
10-17 11:45:15.259 D/        ( 1084): [ApnContext:dun] set reason as dataEnabled,current state IDLE
10-17 11:45:15.259 D/        ( 1084): [ApnContext:hipri] set reason as dataEnabled,current state IDLE
10-17 11:45:15.259 D/        ( 1084): [ApnContext:fota] set reason as dataEnabled,current state IDLE
10-17 11:45:15.259 D/        ( 1084): [ApnContext:ims] set reason as dataEnabled,current state IDLE
10-17 11:45:15.259 D/        ( 1084): [ApnContext:cbs] set reason as dataEnabled,current state IDLE
10-17 11:45:15.259 D/GSM     ( 1084): [ApnContext:default] set mDependencyMet as false current state is true
10-17 11:45:15.259 D/GSM     ( 1084): [ApnContext:default] set enabled as true, current state is false
10-17 11:45:15.259 D/GSM     ( 1084): [ApnContext:default] set reason as dependencyMet,current state IDLE
10-17 11:45:15.259 D/GSM     ( 1084): [ApnContext:default] set enabled as true, current state is true
10-17 11:45:15.259 D/GSM     ( 1084): [ApnContext:default] set mDependencyMet as true current state is false
10-17 11:45:15.259 D/GSM     ( 1084): [ApnContext:mms] set mDependencyMet as false current state is true
10-17 11:45:15.259 D/GSM     ( 1084): [ApnContext:mms] set enabled as false, current state is false
10-17 11:45:15.259 D/GSM     ( 1084): [ApnContext:mms] set mDependencyMet as true current state is false
10-17 11:45:15.259 D/GSM     ( 1084): [ApnContext:supl] set mDependencyMet as false current state is true
10-17 11:45:15.259 D/GSM     ( 1084): [ApnContext:supl] set enabled as false, current state is false
10-17 11:45:15.259 D/GSM     ( 1084): [ApnContext:supl] set mDependencyMet as true current state is false
10-17 11:45:15.259 D/GSM     ( 1084): [ApnContext:dun] set mDependencyMet as false current state is true
10-17 11:45:15.259 D/GSM     ( 1084): [ApnContext:dun] set enabled as false, current state is false
10-17 11:45:15.259 D/GSM     ( 1084): [ApnContext:dun] set mDependencyMet as true current state is false
10-17 11:45:15.259 D/GSM     ( 1084): [ApnContext:hipri] set mDependencyMet as false current state is true
10-17 11:45:15.259 D/GSM     ( 1084): [ApnContext:hipri] set enabled as false, current state is false
10-17 11:45:15.259 D/GSM     ( 1084): [ApnContext:hipri] set mDependencyMet as true current state is false
10-17 11:45:15.259 D/GSM     ( 1084): [ApnContext:fota] set mDependencyMet as false current state is true
10-17 11:45:15.259 D/GSM     ( 1084): [ApnContext:fota] set enabled as false, current state is false
10-17 11:45:15.259 D/GSM     ( 1084): [ApnContext:fota] set mDependencyMet as true current state is false
10-17 11:45:15.259 D/GSM     ( 1084): [ApnContext:ims] set mDependencyMet as false current state is true
10-17 11:45:15.259 D/GSM     ( 1084): [ApnContext:ims] set enabled as false, current state is false
10-17 11:45:15.259 D/GSM     ( 1084): [ApnContext:ims] set mDependencyMet as true current state is false
10-17 11:45:15.259 D/GSM     ( 1084): [ApnContext:cbs] set mDependencyMet as false current state is true
10-17 11:45:15.259 D/GSM     ( 1084): [ApnContext:cbs] set enabled as false, current state is false
10-17 11:45:15.259 D/GSM     ( 1084): [ApnContext:cbs] set mDependencyMet as true current state is false
10-17 11:45:15.259 E/PHONE   ( 1084): Settings Exception Reading Dual Sim Data Call Values
10-17 11:45:15.259 E/GSM     ( 1084): [MSimGsmDCT:0] =================broadcastMessenger () ============> this = Handler (com.android.internal.telephony.msim.MSimGsmDataConnectionTracker) {421cf3a8}
10-17 11:45:15.269 D/GSM     ( 1084): [MSimGsmDCT:0] SUPPORT_MPDN = true
10-17 11:45:15.269 D/GSM     ( 1084): [MSimGsmDCT:0] mCdmaHomeOperatorNumeric = 
10-17 11:45:15.269 D/GSM     ( 1084): [MSimGsmDCT:0] mUseNvOperatorForEhrpd = false
10-17 11:45:15.269 E/PHONE   ( 1084): Settings Exception Reading Dual Sim Data Call Values
10-17 11:45:15.269 D/GSM     ( 1084): [MSimGsmDCT:1] mInternalDataEnabled (is data sub?) = false
10-17 11:45:15.269 D/RILB    ( 1084): =====================> registerForRilConnected h=Handler (com.android.internal.telephony.msim.MSimPhoneProxy) {421cce98} w=4
10-17 11:45:15.269 D/RIL_IccSms( 1084): MSimIccSmsInterfaceManager: initDispatchers()
10-17 11:45:15.269 E/RIL_ImsSms( 1084): getFormat should never be called from here!
10-17 11:45:15.269 D/SMS     ( 1084): SMSDispatcher: ctor mSmsCapable=true format=unknown mSmsReceiveDisabled=false mSmsSendDisabled=false
10-17 11:45:15.269 D/RIL_IMS ( 1084): MSimImsSMSDispatcher: initDispatchers()
10-17 11:45:15.269 D/SMS     ( 1084): SMSDispatcher: ctor mSmsCapable=true format=3gpp2 mSmsReceiveDisabled=false mSmsSendDisabled=false
10-17 11:45:15.269 D/CDMA    ( 1084): CdmaSMSDispatcher created
10-17 11:45:15.269 D/CDMA    ( 1084): MSimCdmaSMSDispatcher created
10-17 11:45:15.269 D/SMS     ( 1084): SMSDispatcher: ctor mSmsCapable=true format=3gpp mSmsReceiveDisabled=false mSmsSendDisabled=false
10-17 11:45:15.269 D/GSM     ( 1084): GsmSMSDispatcher created
10-17 11:45:15.269 D/GSM     ( 1084): MSimGsmSMSDispatcher created
10-17 11:45:15.269 D/RIL_IMS ( 1084): MSimImsSMSDispatcher created
10-17 11:45:15.269 D/RIL_IccSms( 1084): MSimIccSmsInterfaceManager created
10-17 11:45:15.269 D/RIL_MSimIccCardProxy( 1084): Creating
10-17 11:45:15.269 D/RIL_MSimIccCardProxy( 1084): Broadcasting intent ACTION_SIM_STATE_CHANGED NOT_READY reason null for subscription : 0
10-17 11:45:15.279 W/SignalStrength(  526): getLTELevel - rsrp:2147483647 snr:2147483647 rsrpIconLevel:-1 snrIconLevel:-1
10-17 11:45:15.279 W/SignalStrength(  526): getLTELevel - rssi:99 rssiIconLevel:0
10-17 11:45:15.279 W/SignalStrength(  526): getGsmLevel=0
10-17 11:45:15.279 W/SignalStrength(  526): getLevel=0
10-17 11:45:15.279 D/PROXY   ( 1084): Constructor - Enter
10-17 11:45:15.279 W/SignalStrength(  526): getLTELevel - rsrp:2147483647 snr:2147483647 rsrpIconLevel:-1 snrIconLevel:-1
10-17 11:45:15.279 W/SignalStrength(  526): getLTELevel - rssi:99 rssiIconLevel:0
10-17 11:45:15.279 W/SignalStrength(  526): getGsmLevel=0
10-17 11:45:15.279 W/SignalStrength(  526): getLevel=0
