--------- beginning of /dev/log/main
10-17 11:44:38.730 I/cm      (  122): Welcome to Android 4.1.2 / CyanogenMod-10-20131017-UNOFFICIAL-DUAL-SIM-U8833D 
10-17 11:44:38.730 I/cm      (  123):                                                 _  
10-17 11:44:38.740 I/cm      (  124):  __ __ _ ___  _ _  __  ___  __ _ _  _  _  __  __)) 
10-17 11:44:38.750 I/cm      (  125): ((_ \(/'((_( ((\( ((_)((_( (('((\( ((`1( ((_)((_(  
10-17 11:44:38.750 I/cm      (  126):      ))                 _)) 
10-17 11:44:38.760 I/cm      (  127):   
10-17 11:44:38.790 I/rmt_storage(  131): rmt_storage user app start.. ignoring cmd line parameters
10-17 11:44:38.790 I/rmt_storage(  131): rmt_storage open success
10-17 11:44:38.900 I/rmt_storage(  131): 3 supported partitions found
10-17 11:44:38.950 I/DEBUG   (  134): debuggerd: Oct 15 2013 23:19:34
--------- beginning of /dev/log/radio
10-17 11:44:39.050 E/RILD    (  178): **RIL Daemon Started**
10-17 11:44:39.050 E/RILD    (  178): **RILd param count=1**
10-17 11:44:39.050 E/RILD    (  182): **RIL Daemon Started**
10-17 11:44:39.050 E/RILD    (  182): **RILd param count=3**
--------- beginning of /dev/log/system
10-17 11:44:39.130 I/Vold    (  130): Vold 2.1 (the revenge) firing up
10-17 11:44:39.160 I/gpu_dcvs(  153): <main:471>: gpu_dcvs starting
10-17 11:44:39.160 W/gpu_dcvs(  153): <init_config:257>: failed to open config file, using defaults
10-17 11:44:39.180 D/Vold    (  130): Volume sdcard state changing -1 (Initializing) -> 0 (No-Media)
10-17 11:44:39.180 D/Vold    (  130): Volume emmc state changing -1 (Initializing) -> 0 (No-Media)
10-17 11:44:39.190 D/Vold    (  130): Volume emmc state changing 0 (No-Media) -> 2 (Pending)
10-17 11:44:39.200 D/DirectVolume(  130): DirectVolume::handlePartitionAdded -> MAJOR 179, MINOR 1, PARTN 1
10-17 11:44:39.200 D/DirectVolume(  130): DirectVolume::handlePartitionAdded -> MAJOR 179, MINOR 2, PARTN 2
10-17 11:44:39.200 D/DirectVolume(  130): DirectVolume::handlePartitionAdded -> MAJOR 179, MINOR 3, PARTN 3
10-17 11:44:39.200 D/DirectVolume(  130): DirectVolume::handlePartitionAdded -> MAJOR 179, MINOR 4, PARTN 4
10-17 11:44:39.200 D/DirectVolume(  130): DirectVolume::handlePartitionAdded -> MAJOR 179, MINOR 5, PARTN 5
10-17 11:44:39.210 D/DirectVolume(  130): DirectVolume::handlePartitionAdded -> MAJOR 179, MINOR 6, PARTN 6
10-17 11:44:39.210 D/DirectVolume(  130): DirectVolume::handlePartitionAdded -> MAJOR 179, MINOR 7, PARTN 7
10-17 11:44:39.210 D/Vold    (  130): Volume emmc state changing 2 (Pending) -> 1 (Idle-Unmounted)
10-17 11:44:39.210 D/DirectVolume(  130): DirectVolume::handlePartitionAdded -> MAJOR 179, MINOR 8, PARTN 8
10-17 11:44:39.210 W/Vold    (  130): Duplicate state (1)
10-17 11:44:39.220 D/DirectVolume(  130): DirectVolume::handlePartitionAdded -> MAJOR 179, MINOR 9, PARTN 9
10-17 11:44:39.220 W/Vold    (  130): Duplicate state (1)
10-17 11:44:39.220 D/DirectVolume(  130): DirectVolume::handlePartitionAdded -> MAJOR 179, MINOR 10, PARTN 10
10-17 11:44:39.220 W/Vold    (  130): Duplicate state (1)
10-17 11:44:39.220 D/DirectVolume(  130): DirectVolume::handlePartitionAdded -> MAJOR 179, MINOR 11, PARTN 11
10-17 11:44:39.220 W/Vold    (  130): Duplicate state (1)
10-17 11:44:39.220 D/DirectVolume(  130): DirectVolume::handlePartitionAdded -> MAJOR 179, MINOR 12, PARTN 12
10-17 11:44:39.220 W/Vold    (  130): Duplicate state (1)
10-17 11:44:39.220 D/DirectVolume(  130): DirectVolume::handlePartitionAdded -> MAJOR 179, MINOR 13, PARTN 13
10-17 11:44:39.220 W/Vold    (  130): Duplicate state (1)
10-17 11:44:39.230 E/mm-camera(  152): qcamsvr_start: old_mode = 3f
10-17 11:44:39.230 D/DirectVolume(  130): DirectVolume::handlePartitionAdded -> MAJOR 179, MINOR 14, PARTN 14
10-17 11:44:39.230 W/Vold    (  130): Duplicate state (1)
10-17 11:44:39.230 D/DirectVolume(  130): DirectVolume::handlePartitionAdded -> MAJOR 179, MINOR 15, PARTN 15
10-17 11:44:39.230 W/Vold    (  130): Duplicate state (1)
10-17 11:44:39.230 D/DirectVolume(  130): DirectVolume::handlePartitionAdded -> MAJOR 179, MINOR 16, PARTN 16
10-17 11:44:39.230 W/Vold    (  130): Duplicate state (1)
10-17 11:44:39.230 D/DirectVolume(  130): DirectVolume::handlePartitionAdded -> MAJOR 179, MINOR 17, PARTN 17
10-17 11:44:39.230 W/Vold    (  130): Duplicate state (1)
10-17 11:44:39.230 D/DirectVolume(  130): DirectVolume::handlePartitionAdded -> MAJOR 179, MINOR 18, PARTN 18
10-17 11:44:39.230 W/Vold    (  130): Duplicate state (1)
10-17 11:44:39.230 D/DirectVolume(  130): DirectVolume::handlePartitionAdded -> MAJOR 179, MINOR 19, PARTN 19
10-17 11:44:39.230 W/Vold    (  130): Duplicate state (1)
10-17 11:44:39.230 D/Vold    (  130): Volume sdcard state changing 0 (No-Media) -> 2 (Pending)
10-17 11:44:39.230 D/DirectVolume(  130): DirectVolume::handlePartitionAdded -> MAJOR 179, MINOR 33, PARTN 1
10-17 11:44:39.230 D/Vold    (  130): Volume sdcard state changing 2 (Pending) -> 1 (Idle-Unmounted)
10-17 11:44:39.240 E/gps_check(  150): agps_disable buf is: 0 
10-17 11:44:39.240 E/ThermalDaemon(  155): Thermal daemon started
10-17 11:44:39.240 E/wlan_detect(  145): detect_chip_type : buf = MSM8X25_U8833D
10-17 11:44:39.250 E/wlan_detect(  145): wifi_load_prepare : board_id = MSM8X25_U8833D ,bcm_chip_type = 2
10-17 11:44:39.290 E/ThermalDaemon(  155): Threshold 0 Action[0] : cpu
10-17 11:44:39.290 E/ThermalDaemon(  155): Threshold 1 Action[0] : cpu
10-17 11:44:39.290 E/ThermalDaemon(  155): Threshold 2 Action[0] : cpu
10-17 11:44:39.290 E/ThermalDaemon(  155): Threshold 3 Action[0] : cpu
10-17 11:44:39.290 E/ThermalDaemon(  155): Threshold 4 Action[0] : cpu
10-17 11:44:39.290 E/ThermalDaemon(  155): Threshold 0 Action Info[0] : 1008000.000000
10-17 11:44:39.290 E/ThermalDaemon(  155): Threshold 1 Action Info[0] : 1008000.000000
10-17 11:44:39.290 E/ThermalDaemon(  155): Threshold 2 Action Info[0] : 1008000.000000
10-17 11:44:39.290 E/ThermalDaemon(  155): Threshold 3 Action Info[0] : 1008000.000000
10-17 11:44:39.290 E/ThermalDaemon(  155): Threshold 4 Action Info[0] : 700800.000000
10-17 11:44:39.290 E/ThermalDaemon(  155): Threshold 0 Action[0] : battery
10-17 11:44:39.290 E/ThermalDaemon(  155): Threshold 1 Action[0] : battery
10-17 11:44:39.290 E/ThermalDaemon(  155): Threshold 2 Action[0] : battery
10-17 11:44:39.290 E/ThermalDaemon(  155): Threshold 3 Action[0] : battery
10-17 11:44:39.290 E/ThermalDaemon(  155): Threshold 4 Action[0] : battery
10-17 11:44:39.290 E/ThermalDaemon(  155): Threshold 0 Action Info[0] : 1250.000000
10-17 11:44:39.290 E/ThermalDaemon(  155): Threshold 1 Action Info[0] : 750.000000
10-17 11:44:39.290 E/ThermalDaemon(  155): Threshold 2 Action Info[0] : 750.000000
10-17 11:44:39.290 E/ThermalDaemon(  155): Threshold 3 Action Info[0] : 750.000000
10-17 11:44:39.290 E/ThermalDaemon(  155): Threshold 4 Action Info[0] : 750.000000
10-17 11:44:39.290 E/ThermalDaemon(  155): Threshold 0 Action[0] : cpu
10-17 11:44:39.290 E/ThermalDaemon(  155): Threshold 1 Action[0] : cpu
10-17 11:44:39.290 E/ThermalDaemon(  155): Threshold 2 Action[0] : cpu
10-17 11:44:39.290 E/ThermalDaemon(  155): Threshold 3 Action[0] : cpu
10-17 11:44:39.290 E/ThermalDaemon(  155): Threshold 4 Action[0] : cpu
10-17 11:44:39.290 E/ThermalDaemon(  155): Threshold 0 Action Info[0] : 1209600.000000
10-17 11:44:39.290 E/ThermalDaemon(  155): Threshold 1 Action Info[0] : 1209600.000000
10-17 11:44:39.290 E/ThermalDaemon(  155): Threshold 2 Action Info[0] : 1008000.000000
10-17 11:44:39.290 E/ThermalDaemon(  155): Threshold 3 Action Info[0] : 1008000.000000
10-17 11:44:39.290 E/ThermalDaemon(  155): Threshold 4 Action Info[0] : 700800.000000
10-17 11:44:39.290 E/ThermalDaemon(  155): Number of cpus :2
10-17 11:44:39.290 E/ThermalDaemon(  155): Number of gpus :1
10-17 11:44:39.290 W/wlan_detect(  145): dest_file "/data/misc/wifi/load/ar6000.ko" exist,no copy
10-17 11:44:39.290 W/wlan_detect(  145): find file path = /system/wifi/ath6k/caldata_MSM8X25_U8833D.bin
10-17 11:44:39.300 E/ThermalDaemon(  155): Sensor 'MSM_THERM' - alarm raised 1 at 43.0 degC
10-17 11:44:39.310 I/Netd    (  133): Netd 1.0 starting
10-17 11:44:39.320 I/gpu_dcvs(  153): <query_pwr_levels:140>: GPU is Adreno 203
10-17 11:44:39.320 I/gpu_dcvs(  153): <query_pwr_levels:179>: dcvs->num_levels:2
10-17 11:44:39.320 I/gpu_dcvs(  153): <query_pwr_levels:180>: dcvs->min_samples:50
10-17 11:44:39.320 I/gpu_dcvs(  153): <query_pwr_levels:181>: dcvs->perf_down:10000
10-17 11:44:39.320 I/gpu_dcvs(  153): <query_pwr_levels:182>: dcvs->perf_up:6000
10-17 11:44:39.320 I/gpu_dcvs(  153): <query_pwr_levels:183>: dcvs->busy_timer:40000
10-17 11:44:39.320 I/gpu_dcvs(  153): <query_pwr_levels:184>: dcvs->levels[index]:300000000
10-17 11:44:39.320 I/gpu_dcvs(  153): <query_pwr_levels:185>: dcvs->levels[index]:192000000
10-17 11:44:39.380 E/wlan_detect(  145): use file_path = /system/wifi/ath6k/caldata_MSM8X25_U8833D.bin
10-17 11:44:39.380 W/wlan_detect(  145): dest_file "/data/misc/wifi/load/caldata.bin" exist,no copy
10-17 11:44:39.410 E/        (  145): coming in huawei_oem_rapi_streaming_function! event=219. 
10-17 11:44:39.640 E/RILD    (  178): RIL_Init argc = 5 client = 0
10-17 11:44:39.640 E/RILD    (  182): RIL_Init argc = 5 client = 1
10-17 11:44:39.720 E/mm-camera(  152): qcamsvr_load_gesture_lib Error opening gesture library
10-17 11:44:39.720 E/mm-camera(  152): Cannot init Gesture library
10-17 11:44:39.830 E/RILD    (  178): isMultiSimEnabled: prop_val = dsds enabled = 1
10-17 11:44:39.830 E/RILC    (  178): RIL_register: RIL version 7
10-17 11:44:39.830 E/RILC    (  178): s_registerCalled = 1, s_started = 1, RIL_getMaxNumClients = 1
10-17 11:44:39.860 E/RILD    (  182): isMultiSimEnabled: prop_val = dsds enabled = 1
10-17 11:44:39.860 E/RILC    (  182): RIL_register: RIL version 7
10-17 11:44:39.860 E/RILC    (  182): s_registerCalled = 1, s_started = 1, RIL_getMaxNumClients = 1
10-17 11:44:40.070 D/AndroidRuntime(  137): 
10-17 11:44:40.070 D/AndroidRuntime(  137): >>>>>> AndroidRuntime START com.android.internal.os.ZygoteInit <<<<<<
10-17 11:44:40.070 D/AndroidRuntime(  137): CheckJNI is OFF
10-17 11:44:40.070 I/SurfaceFlinger(  136): SurfaceFlinger is starting
10-17 11:44:40.070 I/SurfaceFlinger(  136): use dithering
--------- beginning of /dev/log/events
10-17 11:44:40.070 I/boot_progress_start(  137): 6564
10-17 11:44:40.080 I/SurfaceFlinger(  136): SurfaceFlinger's main thread ready to run. Initializing graphics H/W...
10-17 11:44:40.110 W/gralloc (  136): MSMFB_METADATA_SET failed to configure alpha mode
10-17 11:44:40.150 I/mediaserver(  139): ServiceManager: 0x402fce28
10-17 11:44:40.150 I/AudioFlinger(  139): Using default 3000 mSec as standby time.
10-17 11:44:40.150 I/CameraService(  139): CameraService started (pid=139)
10-17 11:44:40.170 E/        (  139): Qint android::get_number_of_cameras(): E
10-17 11:44:40.180 I/AudioPolicyManagerBase(  139): loadAudioPolicyConfig() loaded /system/etc/audio_policy.conf
10-17 11:44:40.190 E/        (  139): libaudcal: acph_init() - Allocated memory for acph_main_buffer!!
10-17 11:44:40.190 E/Diag_Lib(  139): actp_diag_init: call diag init function with 4004833D
10-17 11:44:40.190 E/Diag_Lib(  139): actp_diag_init: diag init failed
10-17 11:44:40.190 I/AudioFlinger(  139): loadHwModule() Loaded primary audio interface from QCOM Audio HW HAL (audio) handle 1
10-17 11:44:40.190 D/AudioHardwareMSM76XXA(  139): openOutputStream: devices = 2 format = 1 channels = 3 sampleRate = 44100 flags 2
10-17 11:44:40.190 I/AudioFlinger(  139): HAL output buffer size 1200 frames, normal mix buffer size 1200 frames
10-17 11:44:40.190 E/libdiag (  139):  Diag_LSM_Init: Failed to open handle to diag driver, error = 13
10-17 11:44:40.220 I/AudioMixer(  139): found effect "Multichannel Downmix To Stereo" from The Android Open Source Project
10-17 11:44:40.220 I/AudioFlinger(  139): AudioFlinger's thread 0x40080008 ready to run
10-17 11:44:40.220 I/AudioFlinger(  139): Using module 1 has the primary audio interface
10-17 11:44:40.220 D/AudioHardwareInterface(  139): setMode(NORMAL)
10-17 11:44:40.220 I/AudioHardwareMSM76XXA(  139): Set master volume to 7.
10-17 11:44:40.220 D/AudioHardwareMSM76XXA(  139): rpc_snd_set_volume(1, 2, 0, 7)
10-17 11:44:40.220 W/AudioFlinger(  139): Thread AudioOut_2 cannot connect to the power manager service
10-17 11:44:40.220 D/AudioHardwareMSM76XXA(  139): rpc_snd_set_volume(7, 6, 0, 7)
10-17 11:44:40.230 D/AudioHardwareMSM76XXA(  139): rpc_snd_set_volume(10, 9, 0, 7)
10-17 11:44:40.230 D/AudioHardwareMSM76XXA(  139): rpc_snd_set_volume(5, 3, 0, 7)
10-17 11:44:40.230 D/AudioHardwareMSM76XXA(  139): rpc_snd_set_volume(1, 15, 0, 7)
10-17 11:44:40.230 D/AudioHardwareMSM76XXA(  139): rpc_snd_set_volume(7, 17, 0, 7)
10-17 11:44:40.230 D/AudioHardwareMSM76XXA(  139): rpc_snd_set_volume(13, 12, 0, 1)
10-17 11:44:40.230 D/AudioHardwareMSM76XXA(  139): rpc_snd_set_volume(13, 2, 0, 1)
10-17 11:44:40.230 W/AudioFlinger(  139): Thread AudioOut_2 cannot connect to the power manager service
10-17 11:44:40.230 I/AudioHardwareMSM76XXA(  139): Routing audio to Speakerphone
10-17 11:44:40.230 W/AudioHardwareMSM76XXA(  139): rpc_snd_set_device(6, 1, 1)
10-17 11:44:40.230 W/AudioHardwareMSM76XXA(  139): rpc_snd_set_device(7, 6, 1, 1)
10-17 11:44:40.230 D/AudioHardwareMSM76XXA(  139): setVoiceVolume(0.400000)
10-17 11:44:40.230 I/AudioHardwareMSM76XXA(  139): Setting in-call volume to 2 (available range is 2 to 7)
10-17 11:44:40.230 D/AudioHardwareMSM76XXA(  139): rpc_snd_set_volume(7, 6, 0, 2)
10-17 11:44:40.240 I/AudioFlinger(  139): loadHwModule() Loaded a2dp audio interface from A2DP Audio HW HAL (audio) handle 3
10-17 11:44:40.240 I/AudioPolicyService(  139): Loaded audio policy from QCOM Audio Policy HAL (audio_policy)
10-17 11:44:40.340 D/MDnsDS  (  133): MDnsSdListener::Hander starting up
10-17 11:44:40.340 D/MDnsDS  (  133): MDnsSdListener starting to monitor
10-17 11:44:40.340 D/MDnsDS  (  133): Going to poll with pollCount 1
10-17 11:44:40.430 D/dalvikvm(  137): Trying to load lib libjavacore.so 0x0
10-17 11:44:40.460 I/gralloc (  136): using (fd=14)
10-17 11:44:40.460 I/gralloc (  136): id           = msmfb303_80000
10-17 11:44:40.460 I/gralloc (  136): xres         = 480 px
10-17 11:44:40.460 I/gralloc (  136): yres         = 800 px
10-17 11:44:40.460 I/gralloc (  136): xres_virtual = 480 px
10-17 11:44:40.460 I/gralloc (  136): yres_virtual = 2400 px
10-17 11:44:40.460 I/gralloc (  136): bpp          = 32
10-17 11:44:40.460 I/gralloc (  136): r            = 24:8
10-17 11:44:40.460 I/gralloc (  136): g            = 16:8
10-17 11:44:40.460 I/gralloc (  136): b            =  8:8
10-17 11:44:40.460 I/gralloc (  136): width        = 76 mm (160.421051 dpi)
10-17 11:44:40.460 I/gralloc (  136): height       = 127 mm (160.000000 dpi)
10-17 11:44:40.460 I/gralloc (  136): refresh rate = 60.00 Hz
10-17 11:44:40.460 D/CALCFPS (  136): DEBUG_CALC_FPS: 0
10-17 11:44:40.460 D/CALCFPS (  136): period: 10
10-17 11:44:40.460 D/CALCFPS (  136): ignorethresh_us: 500000
10-17 11:44:40.460 D/CALCFPS (  136): DEBUG_CALC_FPS: 0
10-17 11:44:40.460 D/CALCFPS (  136): period: 10
10-17 11:44:40.460 D/CALCFPS (  136): ignorethresh_us: 500000
10-17 11:44:40.460 D/dalvikvm(  137): Added shared lib libjavacore.so 0x0
10-17 11:44:40.500 D/libEGL  (  136): loaded /system/lib/egl/libEGL_adreno200.so
10-17 11:44:40.530 D/libEGL  (  136): loaded /system/lib/egl/libGLESv1_CM_adreno200.so
10-17 11:44:40.540 D/libEGL  (  136): loaded /system/lib/egl/libGLESv2_adreno200.so
10-17 11:44:40.550 D/dalvikvm(  137): Trying to load lib libnativehelper.so 0x0
10-17 11:44:40.550 D/dalvikvm(  137): Added shared lib libnativehelper.so 0x0
10-17 11:44:40.600 I/Adreno200-EGL(  136): <qeglDrvAPI_eglInitialize:299>: EGL 1.4 QUALCOMM build: AU_LINUX_ANDROID_JB_REL_2.0.3.04.01.01.21.010_msm8625_JB_REL_2.0.3_Merge_release_AU (Merge)
10-17 11:44:40.600 I/Adreno200-EGL(  136): Build Date: 10/26/12 Fri
10-17 11:44:40.600 I/Adreno200-EGL(  136): Local Branch: 
10-17 11:44:40.600 I/Adreno200-EGL(  136): Remote Branch: quic/jb_rel_2.0.3
10-17 11:44:40.600 I/Adreno200-EGL(  136): Local Patches: NONE
10-17 11:44:40.600 I/Adreno200-EGL(  136): Reconstruct Branch: AU_LINUX_ANDROID_JB_REL_2.0.3.04.01.01.21.010 +  NOTHING
10-17 11:44:40.710 I/SurfaceFlinger(  136): EGL informations:
10-17 11:44:40.710 I/SurfaceFlinger(  136): # of configs : 36
10-17 11:44:40.710 I/SurfaceFlinger(  136): vendor    : Android
10-17 11:44:40.710 I/SurfaceFlinger(  136): version   : 1.4 Android META-EGL
10-17 11:44:40.710 I/SurfaceFlinger(  136): extensions: EGL_KHR_image EGL_KHR_image_base EGL_KHR_gl_texture_2D_image EGL_KHR_gl_texture_cubemap_image EGL_KHR_gl_renderbuffer_image EGL_KHR_fence_sync EGL_ANDROID_image_native_buffer 
10-17 11:44:40.710 I/SurfaceFlinger(  136): Client API: OpenGL_ES
10-17 11:44:40.710 I/SurfaceFlinger(  136): EGLSurface: 8-8-8-0, config=0x7
10-17 11:44:40.710 I/SurfaceFlinger(  136): OpenGL informations:
10-17 11:44:40.710 I/SurfaceFlinger(  136): vendor    : Qualcomm
10-17 11:44:40.710 I/SurfaceFlinger(  136): renderer  : Adreno (TM) 203
10-17 11:44:40.710 I/SurfaceFlinger(  136): version   : OpenGL ES-CM 1.1 V@6.0 AU@04.01.01.21.010 (CL@)
10-17 11:44:40.710 I/SurfaceFlinger(  136): extensions: GL_EXT_debug_marker GL_AMD_compressed_ATC_texture GL_AMD_performance_monitor GL_APPLE_texture_2D_limited_npot GL_ARB_vertex_buffer_object GL_EXT_texture_filter_anisotropic GL_EXT_texture_format_BGRA8888 GL_EXT_texture_type_2_10_10_10_REV GL_OES_blend_equation_separate GL_OES_blend_func_separate GL_OES_blend_subtract GL_OES_compressed_ETC1_RGB8_texture GL_OES_compressed_paletted_texture GL_OES_depth_texture GL_OES_depth24 GL_OES_draw_texture GL_OES_EGL_image GL_OES_EGL_image_external GL_OES_framebuffer_object GL_OES_matrix_palette GL_OES_packed_depth_stencil GL_OES_point_size_array GL_OES_point_sprite GL_OES_read_format GL_OES_rgb8_rgba8 GL_OES_stencil_wrap GL_OES_texture_cube_map GL_OES_texture_env_crossbar GL_OES_texture_float GL_OES_texture_half_float GL_OES_texture_half_float_linear GL_OES_texture_npot GL_OES_texture_mirrored_repeat GL_QCOM_binning_control GL_QCOM_extended_get GL_QCOM_tiled_rendering GL_AMD_compressed_3DC_texture 
10-17 11:44:40.710 I/SurfaceFlinger(  136): GL_MAX_TEXTURE_SIZE = 4096
10-17 11:44:40.710 I/SurfaceFlinger(  136): GL_MAX_VIEWPORT_DIMS = 4096 x 4096
10-17 11:44:40.710 I/SurfaceFlinger(  136): flags = 00000000
10-17 11:44:40.780 D/overlay (  136): initoverlay:: opening the device:: /dev/graphics/fb0
10-17 11:44:40.780 E/overlay (  136): ERROR: MSMFB_MIXER_INFO ioctl failed
10-17 11:44:40.780 D/overlay (  136): initoverlay:: opening the device:: /dev/graphics/fb1
10-17 11:44:40.790 I/hwcomposer(  136): Initializing Qualcomm Hardware Composer
10-17 11:44:40.790 I/hwcomposer(  136): MDP version: 303
10-17 11:44:40.790 I/hwcomposer(  136): DYN composition threshold : 1.910000
10-17 11:44:40.790 I/hwcomposer(  136): hwc_device_open: Hardware VSYNC supported
10-17 11:44:40.790 I/hwcomposer(  136): Initializing UEvent Listener Thread
10-17 11:44:40.790 I/hwcomposer(  136): Initializing VSYNC Thread
10-17 11:44:40.800 I/SurfaceFlinger(  136): EventThread ready to run.
10-17 11:44:40.890 D/libEGL  (  366): loaded /system/lib/egl/libEGL_adreno200.so
10-17 11:44:40.890 D/libEGL  (  366): loaded /system/lib/egl/libGLESv1_CM_adreno200.so
10-17 11:44:40.890 D/libEGL  (  366): loaded /system/lib/egl/libGLESv2_adreno200.so
10-17 11:44:40.900 I/Adreno200-EGL(  366): <qeglDrvAPI_eglInitialize:299>: EGL 1.4 QUALCOMM build: AU_LINUX_ANDROID_JB_REL_2.0.3.04.01.01.21.010_msm8625_JB_REL_2.0.3_Merge_release_AU (Merge)
10-17 11:44:40.900 I/Adreno200-EGL(  366): Build Date: 10/26/12 Fri
10-17 11:44:40.900 I/Adreno200-EGL(  366): Local Branch: 
10-17 11:44:40.900 I/Adreno200-EGL(  366): Remote Branch: quic/jb_rel_2.0.3
10-17 11:44:40.900 I/Adreno200-EGL(  366): Local Patches: NONE
10-17 11:44:40.900 I/Adreno200-EGL(  366): Reconstruct Branch: AU_LINUX_ANDROID_JB_REL_2.0.3.04.01.01.21.010 +  NOTHING
10-17 11:44:41.300 I/SamplingProfilerIntegration(  137): Profiling disabled.
10-17 11:44:41.300 I/boot_progress_preload_start(  137): 7791
10-17 11:44:41.310 I/Zygote  (  137): Preloading classes...
10-17 11:44:41.320 D/dalvikvm(  137): GC_EXPLICIT freed 37K, 84% free 420K/2560K, paused 1ms+1ms, total 6ms
10-17 11:44:41.340 W/Zygote  (  137): Class not found for preloading: android.animation.ValueAnimator$2
10-17 11:44:41.340 W/Zygote  (  137): Class not found for preloading: android.animation.ValueAnimator$3
10-17 11:44:41.340 W/Zygote  (  137): Class not found for preloading: android.animation.ValueAnimator$4
10-17 11:44:41.340 W/Zygote  (  137): Class not found for preloading: android.animation.ValueAnimator$5
10-17 11:44:41.390 W/Zygote  (  137): Class not found for preloading: android.content.res.Resources$1
10-17 11:44:41.490 W/Zygote  (  137): Class not found for preloading: android.database.sqlite.SQLiteCompiledSql
10-17 11:44:41.490 W/Zygote  (  137): Class not found for preloading: android.database.sqlite.SQLiteDatabase$DatabaseReentrantLock
10-17 11:44:41.730 D/TextLayoutCache(  137): Using debug level = 0 - Debug Enabled = 0
10-17 11:44:41.840 I/dalvikvm(  137): threadid=1: recursive native library load attempt (/system/lib/libmedia_jni.so)
10-17 11:44:41.840 D/MtpDeviceJNI(  137): register_android_mtp_MtpDevice
10-17 11:44:41.840 I/dalvikvm(  137): threadid=1: recursive native library load attempt (/system/lib/libmedia_jni.so)
10-17 11:44:41.840 I/dalvikvm(  137): threadid=1: recursive native library load attempt (/system/lib/libmedia_jni.so)
10-17 11:44:41.850 W/Zygote  (  137): Class not found for preloading: android.media.IRemoteControlClientDispatcher
10-17 11:44:41.850 W/Zygote  (  137): Class not found for preloading: android.media.IRemoteControlClientDispatcher$Stub
10-17 11:44:42.080 W/Zygote  (  137): Class not found for preloading: android.os.Power
10-17 11:44:42.390 W/Zygote  (  137): Class not found for preloading: android.text.TextDirectionHeuristics$CharCount
10-17 11:44:42.390 W/Zygote  (  137): Class not found for preloading: android.text.method.WordIterator$1
10-17 11:44:42.420 W/Zygote  (  137): Class not found for preloading: android.view.InputHandler
10-17 11:44:42.420 W/Zygote  (  137): Class not found for preloading: android.view.InputQueue$FinishedCallback
10-17 11:44:42.440 W/Zygote  (  137): Class not found for preloading: android.view.ViewRootImpl$3
10-17 11:44:42.650 I/dalvikvm(  137): threadid=1: recursive native library load attempt (/system/lib/libwebcore.so)
10-17 11:44:42.650 D/dalvikvm(  137): No JNI_OnLoad found in /system/lib/libchromium_net.so 0x0, skipping init
10-17 11:44:42.680 D/dalvikvm(  137): GC_FOR_ALLOC freed 619K, 36% free 1643K/2560K, paused 20ms, total 20ms
10-17 11:44:42.720 W/Zygote  (  137): Class not found for preloading: android.widget.EdgeGlow
10-17 11:44:42.800 W/Zygote  (  137): Class not found for preloading: android.widget.TextView$Blink
10-17 11:44:42.800 W/Zygote  (  137): Class not found for preloading: android.widget.TextView$EasyEditSpanController
10-17 11:44:42.800 W/Zygote  (  137): Class not found for preloading: android.widget.TextView$InputContentType
10-17 11:44:42.800 W/Zygote  (  137): Class not found for preloading: android.widget.TextView$InputMethodState
10-17 11:44:42.800 W/Zygote  (  137): Class not found for preloading: android.widget.TextView$TextAlign
10-17 11:44:42.860 E/PhonePolicy(  137): Could not preload class for phone policy: com.android.internal.policy.impl.PhoneWindow$ContextMenuCallback
10-17 11:44:42.940 W/Zygote  (  137): Class not found for preloading: java.text.DecimalFormat$1
10-17 11:44:42.990 D/su      (  387): Executing exec /system/bin/am broadcast -a com.noshufou.android.su.RESULT --es socket '' --ei caller_uid 2000 --ei allow 1 --ei version_code 18
10-17 11:44:43.170 D/AndroidRuntime(  387): 
10-17 11:44:43.170 D/AndroidRuntime(  387): >>>>>> AndroidRuntime START com.android.internal.os.RuntimeInit <<<<<<
10-17 11:44:43.170 D/AndroidRuntime(  387): CheckJNI is OFF
10-17 11:44:43.190 D/dalvikvm(  387): Trying to load lib libjavacore.so 0x0
10-17 11:44:43.200 D/dalvikvm(  387): Added shared lib libjavacore.so 0x0
10-17 11:44:43.210 D/dalvikvm(  387): Trying to load lib libnativehelper.so 0x0
10-17 11:44:43.210 D/dalvikvm(  387): Added shared lib libnativehelper.so 0x0
10-17 11:44:43.460 I/System  (  137): Loaded time zone names for  in 408ms (403ms in ICU)
10-17 11:44:43.500 D/AndroidRuntime(  387): Calling main entry com.android.commands.am.Am
10-17 11:44:43.520 I/AndroidRuntime(  387): VM exiting with result code 1.
10-17 11:44:43.520 D/su      (  386): 2000 /system/bin/mksh executing 0 /system/bin/sh using shell /system/bin/sh : sh
10-17 11:44:43.670 I/System  (  137): Loaded time zone names for en_US in 205ms (200ms in ICU)
10-17 11:44:43.760 I/Zygote  (  137): ...preloaded 2281 classes in 2444ms.
10-17 11:44:43.790 D/dalvikvm(  137): GC_EXPLICIT freed 911K, 30% free 2161K/3075K, paused 2ms+2ms, total 29ms
10-17 11:44:43.790 I/Zygote  (  137): Preload resources disabled, skipped.
10-17 11:44:43.790 I/boot_progress_preload_end(  137): 10283
10-17 11:44:43.810 D/dalvikvm(  137): GC_EXPLICIT freed 8K, 31% free 2152K/3075K, paused 2ms+1ms, total 23ms
10-17 11:44:43.830 D/dalvikvm(  137): GC_EXPLICIT freed <1K, 31% free 2152K/3075K, paused 2ms+2ms, total 23ms
10-17 11:44:43.860 D/dalvikvm(  137): GC_EXPLICIT freed <1K, 31% free 2152K/3075K, paused 2ms+1ms, total 22ms
10-17 11:44:43.870 I/dalvikvm(  137): System server process 399 has been created
10-17 11:44:43.880 I/Zygote  (  137): Accepting command socket connections
10-17 11:44:43.980 I/sysproc (  399): Entered system_init()
10-17 11:44:43.980 I/sysproc (  399): ServiceManager: 0x51741020
10-17 11:44:43.980 D/SensorService(  399): nuSensorService starting...
10-17 11:44:43.990 E/Sensors (  399): init_nusensors
10-17 11:44:43.990 E/Sensors (  399): openinput ok als_input input device, fd=31
10-17 11:44:43.990 E/Sensors (  399): openinput ok ps_input input device, fd=32
10-17 11:44:44.000 E/Sensors (  399): sensor getInputPath error (null)
10-17 11:44:44.000 E/Sensors (  399):  
10-17 11:44:44.000 E/Sensors (  399): sensor akm_input getInputPath error, ret=-1
10-17 11:44:44.000 E/Sensors (  399): Couldn't open /dev/compass_aot (No such file or directory)
10-17 11:44:44.000 E/Sensors (  399): AkmSensor::init: line +345 ~~~dev_fd==-1~      mEnabled=0    ~!n
10-17 11:44:44.000 E/Sensors (  399): openinput ok acc_input input device, fd=33
10-17 11:44:44.010 E/Sensors (  399): GsSensor: line +57 ~~~~~flags==0~~!n
10-17 11:44:44.010 E/Sensors (  399): sensor getInputPath error (null)
10-17 11:44:44.010 E/Sensors (  399):  
10-17 11:44:44.010 E/Sensors (  399): sensor gyro_input getInputPath error, ret=-1
10-17 11:44:44.010 E/Sensors (  399): Couldn't open /dev/gyro (No such file or directory)
10-17 11:44:44.010 E/Sensors (  399): init_nusensors  status=0
10-17 11:44:44.010 E/Sensors (  399): GsSensor: line +83 ~~~handle===0~~en==0~~!n
10-17 11:44:44.010 I/SensorService(  399): LIS3DH 3-axis Accelerometer
10-17 11:44:44.010 I/SensorService(  399): CM3602 Proximity sensor
10-17 11:44:44.010 I/SensorService(  399): CM3602 Light sensor
10-17 11:44:44.010 I/sysproc (  399): System server: starting Android runtime.
10-17 11:44:44.010 I/sysproc (  399): System server: starting Android services.
10-17 11:44:44.010 I/sysproc (  399): System server: entering thread pool.
10-17 11:44:44.010 I/SystemServer(  399): Entered the Android system server!
10-17 11:44:44.010 I/boot_progress_system_run(  399): 10509
10-17 11:44:44.020 D/SensorService(  399): nuSensorService thread starting...
10-17 11:44:44.020 I/SystemServer(  399): Entropy Mixer
10-17 11:44:44.040 I/SystemServer(  399): Power Manager
10-17 11:44:44.040 I/SystemServer(  399): Activity Manager
10-17 11:44:44.060 I/ActivityManager(  399): Memory class: 48
10-17 11:44:44.200 I/SystemServer(  399): Telephony Registry
10-17 11:44:44.200 I/SystemServer(  399): MSimTelephony Registry
10-17 11:44:44.210 I/SystemServer(  399): Scheduling Policy
10-17 11:44:44.210 I/SystemServer(  399): Package Manager
10-17 11:44:44.210 I/boot_progress_pms_start(  399): 10707
10-17 11:44:44.420 W/PackageManager(  399): Library not found: /system/framework/qcrilhook.jar
10-17 11:44:44.420 W/PackageManager(  399): Library not found: /system/framework/org.simalliance.openmobileapi.jar
10-17 11:44:44.420 I/boot_progress_pms_system_scan_start(  399): 10913
10-17 11:44:44.430 W/PackageManager(  399): Library not found: /system/framework/qcnvitems.jar
10-17 11:44:44.600 W/PackageParser(  399): No actions in intent filter at /system/app/Bluetooth.apk Binary XML file line #167
10-17 11:44:44.600 W/PackageParser(  399): No actions in intent filter at /system/app/Bluetooth.apk Binary XML file line #191
10-17 11:44:44.680 W/PackageParser(  399): No actions in intent filter at /system/app/CMFileManager.apk Binary XML file line #127
10-17 11:44:44.930 W/PackageParser(  399): No actions in intent filter at /system/app/Contacts.apk Binary XML file line #546
10-17 11:44:45.050 W/PackageParser(  399): No actions in intent filter at /system/app/DeskClock.apk Binary XML file line #150
10-17 11:44:45.050 W/PackageParser(  399): No actions in intent filter at /system/app/DeskClock.apk Binary XML file line #159
10-17 11:44:45.280 W/PackageManager(  399): Package com.android.gallery3d desires unavailable shared library com.google.android.media.effects; ignoring!
10-17 11:44:46.330 D/PackageManager(  399): No files in app dir /vendor/app
10-17 11:44:46.330 I/installd(  141): new connection
10-17 11:44:46.330 I/Installer(  399): connecting...
10-17 11:44:46.330 I/PackageManager(  399): Time to scan packages: 1.912 seconds
10-17 11:44:46.330 W/PackageManager(  399): Unknown permission com.google.android.googleapps.permission.GOOGLE_AUTH.mail in package com.android.contacts
10-17 11:44:46.330 W/PackageManager(  399): Unknown permission android.permission.ADD_SYSTEM_SERVICE in package com.android.phone
10-17 11:44:46.330 W/PackageManager(  399): Unknown permission com.google.android.googleapps.permission.GOOGLE_AUTH in package com.android.providers.calendar
10-17 11:44:46.330 W/PackageManager(  399): Unknown permission com.google.android.googleapps.permission.GOOGLE_AUTH.cl in package com.android.providers.calendar
10-17 11:44:46.330 W/PackageManager(  399): Unknown permission com.google.android.googleapps.permission.GOOGLE_AUTH.mail in package com.android.calendar
10-17 11:44:46.330 W/PackageManager(  399): Not granting permission android.permission.SEND_DOWNLOAD_COMPLETED_INTENTS to package com.android.browser (protectionLevel=2 flags=0x9be45)
10-17 11:44:46.330 I/boot_progress_pms_data_scan_start(  399): 12824
10-17 11:44:46.330 I/boot_progress_pms_scan_end(  399): 12825
10-17 11:44:46.340 W/PackageManager(  399): Unknown permission com.cyanogenmod.filemanager.permissions.READ_THEME in package com.cyanogenmod.filemanager
10-17 11:44:46.340 W/PackageManager(  399): Unknown permission com.google.android.googleapps.permission.GOOGLE_AUTH in package com.android.settings
10-17 11:44:46.340 W/PackageManager(  399): Unknown permission com.google.android.googleapps.permission.GOOGLE_AUTH in package com.android.providers.contacts
10-17 11:44:46.340 W/PackageManager(  399): Unknown permission com.google.android.googleapps.permission.GOOGLE_AUTH.cp in package com.android.providers.contacts
10-17 11:44:46.340 W/PackageManager(  399): Unknown permission android.permission.ACCESS_SUPERUSER in package jackpal.androidterm
10-17 11:44:46.340 W/PackageManager(  399): Unknown permission android.permission.ACCESS_4G_RADIO_DISABLE in package com.android.systemui
10-17 11:44:46.340 W/PackageManager(  399): Unknown permission android.permission.ACCESS_4G_STATE in package com.android.systemui
10-17 11:44:46.340 W/PackageManager(  399): Unknown permission android.permission.CHANGE_4G_STATE in package com.android.systemui
10-17 11:44:46.340 W/PackageManager(  399): Unknown permission com.google.android.googleapps.permission.ACCESS_GOOGLE_PASSWORD in package com.android.development
10-17 11:44:46.340 W/PackageManager(  399): Unknown permission com.google.android.googleapps.permission.GOOGLE_AUTH in package com.android.development
10-17 11:44:46.340 W/PackageManager(  399): Unknown permission com.google.android.googleapps.permission.GOOGLE_AUTH.ALL_SERVICES in package com.android.development
10-17 11:44:46.340 W/PackageManager(  399): Unknown permission com.google.android.googleapps.permission.GOOGLE_AUTH.YouTubeUser in package com.android.development
10-17 11:44:46.340 W/PackageManager(  399): Not granting permission android.permission.DEVICE_POWER to package com.android.deskclock (protectionLevel=2 flags=0x8be45)
10-17 11:44:46.410 I/boot_progress_pms_ready(  399): 12901
10-17 11:44:46.480 D/dalvikvm(  399): GC_EXPLICIT freed 1883K, 54% free 3842K/8195K, paused 4ms+9ms, total 75ms
10-17 11:44:46.490 I/SystemServer(  399): Account Manager
10-17 11:44:46.500 D/PackageManager(  399): generateServicesMap(android.accounts.AccountAuthenticator): 2 services unchanged
10-17 11:44:46.500 I/ActivityThread(  399): Pub settings: com.android.providers.settings.SettingsProvider
10-17 11:44:46.500 I/SystemServer(  399): Content Manager
10-17 11:44:46.500 I/SystemServer(  399): System Content Providers
10-17 11:44:46.570 D/SettingsProvider(  399): cache for settings table 'secure' rows=42; fullycached=true
10-17 11:44:46.570 D/SettingsProvider(  399): cache for settings table 'system' rows=55; fullycached=true
10-17 11:44:46.590 I/SystemServer(  399): Lights Service
10-17 11:44:46.590 I/SystemServer(  399): Battery Service
10-17 11:44:46.600 I/SystemServer(  399): Vibrator Service
10-17 11:44:46.600 I/battery_status(  399): [2,2,1,2,Li-ion]
10-17 11:44:46.600 I/battery_level(  399): [81,3982,250]
10-17 11:44:46.610 I/libsuspend(  399): Selected early suspend
10-17 11:44:46.610 I/power_screen_state(  399): [1,3,0,0]
10-17 11:44:46.630 I/SystemServer(  399): Alarm Manager
10-17 11:44:46.630 I/SystemServer(  399): Init Watchdog
10-17 11:44:46.630 I/SystemServer(  399): Window Manager
10-17 11:44:46.640 I/InputManager(  399): Initializing input manager
10-17 11:44:46.660 W/StatusBarManager(  399): warning: no STATUS_BAR_SERVICE
10-17 11:44:46.700 E/Sensors (  399): GsSensor: line +83 ~~~handle===0~~en==1~~!n
10-17 11:44:46.700 I/screen_toggled(  399): 1
10-17 11:44:46.710 E/Sensors (  399): GsSensor::setDelay: line +114 ~~~handle===0~~ns==200000000~~
10-17 11:44:46.710 E/Sensors (  399): GsSensor::setDelay: line +114 ~~~handle===0~~ns==66667000~~
10-17 11:44:46.710 D/EventHub(  399): No input device configuration file found for device 'ts_test_input'.
10-17 11:44:46.710 D/PermissionCache(  136): checking android.permission.ACCESS_SURFACE_FLINGER for uid=1000 => granted (461 us)
10-17 11:44:46.710 I/InputManager(  399): Starting input manager
10-17 11:44:46.710 I/SystemServer(  399): Bluetooth Service
10-17 11:44:46.730 W/WVMExtractor(  139): Failed to open libwvm.so
10-17 11:44:46.730 I/BluetoothProfileState(  399): Message:Entering Stable State
10-17 11:44:46.730 W/QComExtractorFactory(  139): Didn't match the sniff <=== status = 5 
10-17 11:44:46.730 W/QComExtractorFactory(  139): Didn't match the sniff <=== status = 1 
10-17 11:44:46.730 W/QComExtractorFactory(  139): Didn't match the sniff <=== status = 1 
10-17 11:44:46.730 W/QComExtractorFactory(  139): Didn't match the sniff <=== status = 1 
10-17 11:44:46.730 E/MM_OSAL (  139): ValidateAACFile failed
10-17 11:44:46.730 W/QComExtractorFactory(  139): Didn't match the sniff <=== status = 1 
10-17 11:44:46.730 W/QComExtractorFactory(  139): Didn't match the sniff <=== status = 1 
10-17 11:44:46.740 I/BluetoothProfileState(  399): Message:Entering Stable State
10-17 11:44:46.740 I/BluetoothProfileState(  399): Message:Entering Stable State
10-17 11:44:46.740 D/BluetoothA2dpService(  399): has_special_extra_keys: com.amazon.mp3.metachanged
10-17 11:44:46.740 D/BluetoothA2dpService(  399): key_name: com.amazon.mp3.metachanged_track
10-17 11:44:46.750 I/EventHub(  399): New device: id=1, fd=103, path='/dev/input/event5', name='ts_test_input', classes=0x15, configuration='', keyLayout='/system/usr/keylayout/Generic.kl', keyCharacterMap='/system/usr/keychars/Generic.kcm', builtinKeyboard=false, usingSuspendBlockIoctl=true, usingClockIoctl=true
10-17 11:44:46.750 D/EventHub(  399): No input device configuration file found for device '7k_handset'.
10-17 11:44:46.760 D/BluetoothAdapterStateMachine(  399): PowerOff process message: 5
10-17 11:44:46.760 I/EventHub(  399): New device: id=2, fd=117, path='/dev/input/event4', name='7k_handset', classes=0x81, configuration='', keyLayout='/system/usr/keylayout/7k_handset.kl', keyCharacterMap='/system/usr/keychars/Generic.kcm', builtinKeyboard=false, usingSuspendBlockIoctl=true, usingClockIoctl=true
10-17 11:44:46.760 D/EventHub(  399): No input device configuration file found for device 'sensors_aps'.
10-17 11:44:46.760 D/BluetoothA2dpService(  399): com.amazon.mp3.metachanged_track: com.amazon.mp3.track
10-17 11:44:46.760 D/BluetoothA2dpService(  399): key_name: com.amazon.mp3.metachanged_artist
10-17 11:44:46.760 D/BluetoothA2dpService(  399): com.amazon.mp3.metachanged_artist: com.amazon.mp3.artist
10-17 11:44:46.760 D/BluetoothA2dpService(  399): key_name: com.amazon.mp3.metachanged_album
10-17 11:44:46.760 D/BluetoothA2dpService(  399): com.amazon.mp3.metachanged_album: com.amazon.mp3.album
10-17 11:44:46.760 D/BluetoothA2dpService(  399): key_name: com.amazon.mp3.metachanged_id
10-17 11:44:46.770 D/BluetoothA2dpService(  399): com.amazon.mp3.metachanged_id: com.amazon.mp3.id
10-17 11:44:46.770 D/BluetoothA2dpService(  399): has_special_extra_keys: com.amazon.mp3.playstatechanged
10-17 11:44:46.770 D/BluetoothA2dpService(  399): key_name: com.amazon.mp3.playstatechanged_track
10-17 11:44:46.770 D/BluetoothA2dpService(  399): com.amazon.mp3.playstatechanged_track: com.amazon.mp3.track
10-17 11:44:46.770 D/BluetoothA2dpService(  399): key_name: com.amazon.mp3.playstatechanged_artist
10-17 11:44:46.770 D/BluetoothA2dpService(  399): com.amazon.mp3.playstatechanged_artist: com.amazon.mp3.artist
10-17 11:44:46.770 D/BluetoothA2dpService(  399): key_name: com.amazon.mp3.playstatechanged_album
10-17 11:44:46.780 D/BluetoothA2dpService(  399): com.amazon.mp3.playstatechanged_album: com.amazon.mp3.album
10-17 11:44:46.780 D/BluetoothA2dpService(  399): key_name: com.amazon.mp3.playstatechanged_id
10-17 11:44:46.780 D/BluetoothA2dpService(  399): com.amazon.mp3.playstatechanged_id: com.amazon.mp3.id
10-17 11:44:46.780 I/SystemServer(  399): Input Method Service
10-17 11:44:46.780 W/InputMethodManagerService(  399): Couldn't create dir.: /data/system/inputmethod
10-17 11:44:46.800 D/EventHub(  399): No input device configuration file found for device 'default_keypad'.
10-17 11:44:46.800 I/EventHub(  399): New device: id=4, fd=123, path='/dev/input/event2', name='default_keypad', classes=0x1, configuration='', keyLayout='/system/usr/keylayout/Generic.kl', keyCharacterMap='/system/usr/keychars/Generic.kcm', builtinKeyboard=false, usingSuspendBlockIoctl=true, usingClockIoctl=true
10-17 11:44:46.800 D/EventHub(  399): No input device configuration file found for device 'sensors'.
10-17 11:44:46.800 I/SystemServer(  399): Accessibility Manager
10-17 11:44:46.810 W/WVMExtractor(  139): Failed to open libwvm.so
10-17 11:44:46.810 W/QComExtractorFactory(  139): Didn't match the sniff <=== status = 5 
10-17 11:44:46.810 W/QComExtractorFactory(  139): Didn't match the sniff <=== status = 1 
10-17 11:44:46.810 W/QComExtractorFactory(  139): Didn't match the sniff <=== status = 1 
10-17 11:44:46.810 W/QComExtractorFactory(  139): Didn't match the sniff <=== status = 1 
10-17 11:44:46.810 E/MM_OSAL (  139): ValidateAACFile failed
10-17 11:44:46.810 W/QComExtractorFactory(  139): Didn't match the sniff <=== status = 1 
10-17 11:44:46.810 W/QComExtractorFactory(  139): Didn't match the sniff <=== status = 1 
10-17 11:44:46.810 I/ActivityManager(  399): Config changed: {1.0 0mcc0mnc en_US sw320dp w320dp h508dp nrml long port ?uimode ?night -touch -keyb/v/h -nav/h s.2 themeResource=null}
10-17 11:44:46.810 I/SystemServer(  399): Mount Service
10-17 11:44:46.810 D/MountService(  399): got storage path: /storage/sdcard1 description: SD card primary: true removable: true emulated: false mtpReserve: 0 allowMassStorage: true maxFileSize: 0
10-17 11:44:46.810 D/MountService(  399): got storage path: /storage/sdcard0 description: Internal storage primary: false removable: false emulated: false mtpReserve: 0 allowMassStorage: true maxFileSize: 0
10-17 11:44:46.810 I/configuration_changed(  399): 1528
10-17 11:44:46.820 I/SystemServer(  399): LockSettingsService
10-17 11:44:46.820 I/SystemServer(  399): Device Policy
10-17 11:44:46.820 I/SystemServer(  399): Status Bar
10-17 11:44:46.820 I/SystemServer(  399): Clipboard Service
10-17 11:44:46.820 I/SystemServer(  399): NetworkManagement Service
10-17 11:44:46.830 I/SystemServer(  399): Text Service Manager Service
10-17 11:44:46.830 I/SystemServer(  399): NetworkStats Service
10-17 11:44:46.830 D/VoldCmdListener(  130): volume list
10-17 11:44:46.840 D/EventHub(  399): No input device configuration file found for device 'synaptics'.
10-17 11:44:46.840 E/filemap (  399): mmap(0,4096) failed: No such device
10-17 11:44:46.840 I/PackageManager(  399): Updating external media status from unmounted to unmounted
10-17 11:44:46.840 I/SystemServer(  399): NetworkPolicy Service
10-17 11:44:46.840 D/MountService(  399): volume state changed for /storage/sdcard1 (null -> unmounted)
10-17 11:44:46.840 D/MountService(  399): volume state changed for /storage/sdcard0 (null -> unmounted)
10-17 11:44:46.840 W/MountService(  399): getSecureContainerList() called when storage not mounted
10-17 11:44:46.840 D/VoldCmdListener(  130): asec list
10-17 11:44:46.850 I/EventHub(  399): New device: id=6, fd=136, path='/dev/input/event0', name='synaptics', classes=0x15, configuration='', keyLayout='/system/usr/keylayout/Generic.kl', keyCharacterMap='/system/usr/keychars/Generic.kcm', builtinKeyboard=false, usingSuspendBlockIoctl=true, usingClockIoctl=true
10-17 11:44:46.850 I/PackageManager(  399): No secure containers on sdcard
10-17 11:44:46.850 W/PackageManager(  399): Unknown permission com.google.android.googleapps.permission.GOOGLE_AUTH.mail in package com.android.contacts
10-17 11:44:46.850 W/PackageManager(  399): Unknown permission android.permission.ADD_SYSTEM_SERVICE in package com.android.phone
10-17 11:44:46.850 W/PackageManager(  399): Unknown permission com.google.android.googleapps.permission.GOOGLE_AUTH in package com.android.providers.calendar
10-17 11:44:46.850 W/PackageManager(  399): Unknown permission com.google.android.googleapps.permission.GOOGLE_AUTH.cl in package com.android.providers.calendar
10-17 11:44:46.850 W/PackageManager(  399): Unknown permission com.google.android.googleapps.permission.GOOGLE_AUTH.mail in package com.android.calendar
10-17 11:44:46.850 W/PackageManager(  399): Not granting permission android.permission.SEND_DOWNLOAD_COMPLETED_INTENTS to package com.android.browser (protectionLevel=2 flags=0x9be45)
10-17 11:44:46.850 W/PackageManager(  399): Unknown permission com.cyanogenmod.filemanager.permissions.READ_THEME in package com.cyanogenmod.filemanager
10-17 11:44:46.850 W/PackageManager(  399): Unknown permission com.google.android.googleapps.permission.GOOGLE_AUTH in package com.android.settings
10-17 11:44:46.850 W/PackageManager(  399): Unknown permission com.google.android.googleapps.permission.GOOGLE_AUTH in package com.android.providers.contacts
10-17 11:44:46.850 W/PackageManager(  399): Unknown permission com.google.android.googleapps.permission.GOOGLE_AUTH.cp in package com.android.providers.contacts
10-17 11:44:46.850 W/PackageManager(  399): Unknown permission android.permission.ACCESS_SUPERUSER in package jackpal.androidterm
10-17 11:44:46.860 I/InputReader(  399): Device added: id=-1, name='Virtual', sources=0x00000301
10-17 11:44:46.860 I/InputReader(  399):   Touch device 'synaptics' could not query the properties of its associated display 0.  The device will be inoperable until the display size becomes available.
10-17 11:44:46.860 I/InputReader(  399): Device added: id=6, name='synaptics', sources=0x00001103
10-17 11:44:46.860 I/InputReader(  399): Device added: id=4, name='default_keypad', sources=0x00000101
10-17 11:44:46.860 I/InputReader(  399): Device added: id=2, name='7k_handset', sources=0x80000101
10-17 11:44:46.860 W/InputReader(  399):   Touch device 'ts_test_input' did not report support for X or Y axis!  The device will be inoperable.
10-17 11:44:46.860 I/InputReader(  399): Device added: id=1, name='ts_test_input', sources=0x00002103
10-17 11:44:46.860 I/InputReader(  399): Reconfiguring input devices.  changes=0x00000004
10-17 11:44:46.860 W/InputReader(  399):   Touch device 'ts_test_input' did not report support for X or Y axis!  The device will be inoperable.
10-17 11:44:46.860 I/InputReader(  399): Device reconfigured: id=6, name='synaptics', surface size is now 480x800, mode is 1
10-17 11:44:46.860 W/PackageManager(  399): Unknown permission android.permission.ACCESS_4G_RADIO_DISABLE in package com.android.systemui
10-17 11:44:46.860 W/PackageManager(  399): Unknown permission android.permission.ACCESS_4G_STATE in package com.android.systemui
10-17 11:44:46.860 W/PackageManager(  399): Unknown permission android.permission.CHANGE_4G_STATE in package com.android.systemui
10-17 11:44:46.860 I/ActivityManager(  399): Config changed: {1.0 0mcc0mnc en_US sw320dp w320dp h508dp nrml long port ?uimode ?night finger -keyb/v/h -nav/h s.3 themeResource=null}
10-17 11:44:46.860 W/PackageManager(  399): Unknown permission com.google.android.googleapps.permission.ACCESS_GOOGLE_PASSWORD in package com.android.development
10-17 11:44:46.860 W/PackageManager(  399): Unknown permission com.google.android.googleapps.permission.GOOGLE_AUTH in package com.android.development
10-17 11:44:46.860 W/PackageManager(  399): Unknown permission com.google.android.googleapps.permission.GOOGLE_AUTH.ALL_SERVICES in package com.android.development
10-17 11:44:46.860 W/PackageManager(  399): Unknown permission com.google.android.googleapps.permission.GOOGLE_AUTH.YouTubeUser in package com.android.development
10-17 11:44:46.860 W/PackageManager(  399): Not granting permission android.permission.DEVICE_POWER to package com.android.deskclock (protectionLevel=2 flags=0x8be45)
10-17 11:44:46.860 I/configuration_changed(  399): 8
10-17 11:44:46.870 I/SystemServer(  399): Wi-Fi P2pService
10-17 11:44:46.940 I/bluedroid(  399): Starting hciattach daemon
10-17 11:44:46.970 I/qcom-bluetooth(  495): /system/etc/init.qcom.bt.sh: init.qcom.bt.sh config =  
10-17 11:44:47.010 I/qcom-bluetooth(  500): /system/etc/init.qcom.bt.sh: Transport :  
10-17 11:44:47.010 I/SystemServer(  399): Wi-Fi Service
10-17 11:44:47.020 I/qcom-bluetooth(  503): /system/etc/init.qcom.bt.sh: Power Class: Ignored. Default(1) used (1-CLASS1/2-CLASS2/3-CUSTOM) 
10-17 11:44:47.030 I/qcom-bluetooth(  504): /system/etc/init.qcom.bt.sh: Power Class: To override, Before turning BT ON; setprop qcom.bt.dev_power_class <1 or 2 or 3> 
10-17 11:44:47.030 E/CommandListener(  133): Failed to open /proc/sys/net/ipv6/conf/eth0/disable_ipv6: No such file or directory
10-17 11:44:47.030 I/SystemServer(  399): Connectivity Service
10-17 11:44:47.030 D/ConnectivityService(  399): ConnectivityService starting up
10-17 11:44:47.030 I/wifi_state_changed(  399): InitialState
10-17 11:44:47.040 I/qcom-bluetooth(  507): /system/etc/init.qcom.bt.sh: LE Power Class: Ignored. Default(2) used (1-CLASS1/2-CLASS2/3-CUSTOM) 
10-17 11:44:47.040 E/WifiStateMachine(  399): Failed to disable IPv6: java.lang.IllegalStateException: command '1 interface ipv6 eth0 disable' failed with '400 1 Failed to change IPv6 state (No such file or directory)'
10-17 11:44:47.040 I/wifi_state_changed(  399): DriverUnloadedState
10-17 11:44:47.050 I/qcom-bluetooth(  508): /system/etc/init.qcom.bt.sh: LE Power Class: To override, Before turning BT ON; setprop qcom.bt.le_dev_pwr_class <1 or 2 or 3> 
10-17 11:44:47.050 E/MobileDataStateTracker(  399): default: Ignoring feature request because could not acquire MSim Phone Service
10-17 11:44:47.050 E/MobileDataStateTracker(  399): default: Could not enable APN type "default"
10-17 11:44:47.070 D/WifiWatchdogStateMachine(  399): Disabling poor network avoidance for wi-fi only device
10-17 11:44:47.070 E/libdiag (  510):  Diag_LSM_Init: Failed to open handle to diag driver, error = 13
10-17 11:44:47.070 I/WifiService(  399): WifiService starting up with Wi-Fi disabled
10-17 11:44:47.080 I/SystemServer(  399): Network Service Discovery Service
10-17 11:44:47.080 D/NsdService(  399): Network service discovery enabled true
10-17 11:44:47.080 I/SystemServer(  399): Throttle Service
10-17 11:44:47.080 I/SystemServer(  399): FM receiver Service
10-17 11:44:47.090 I/        (  399): registerAndroidFmRadioReceiver
10-17 11:44:47.090 I/        (  399): registerAndroidFmRadioTransmitter
10-17 11:44:47.090 I/FmReceiverService(  399): FmReceiverService created
10-17 11:44:47.090 I/FmTransmitterService(  399): FmTransmitterService created
10-17 11:44:47.090 D/ProfileService(  399): Found active: 29fda82f-a8eb-4cc7-9e44-0a1e7cf7ea5e
10-17 11:44:47.090 I/SystemServer(  399): FM transmitter Service
10-17 11:44:47.090 I/SystemServer(  399): UpdateLock Service
10-17 11:44:47.090 I/SystemServer(  399): Profile Manager
10-17 11:44:47.150 D/ProfileService(  399): Set active profile to: 29fda82f-a8eb-4cc7-9e44-0a1e7cf7ea5e - Default
10-17 11:44:47.150 D/ProfileService(  399): Saving profile data...
10-17 11:44:47.160 D/ProfileService(  399): Save completed.
10-17 11:44:47.160 D/PackageManager(  399): generateServicesMap(android.accounts.AccountAuthenticator): 2 services unchanged
