10-17 11:44:50.240 D/GSM     (  605): [ApnContext:default] setDataConnectionAc: old dcac=null new dcac=null
10-17 11:44:50.240 D/GSM     (  605): [ApnContext:mms] set reason as radioTurnedOff,current state IDLE
10-17 11:44:50.240 D/GSM     (  605): [ApnContext:mms] setState: IDLE, previous state:IDLE
10-17 11:44:50.240 D/GSM     (  605): [GSMPhone] getDataConnectionState: Data is Out of Service. ret = DISCONNECTED
10-17 11:44:50.240 E/PHONE   (  605): Settings Exception Reading Dual Sim Data Call Values
10-17 11:44:50.240 D/GSM     (  605): [MSimDefaultPhoneNotifier] subscription = 0, DDS = 0
10-17 11:44:50.240 D/GSM     (  605): [ApnContext:mms] setDataConnection: old dc=null new dc=null this={mApnType=mms mState=IDLE mWaitingApns=null mWaitingApnsPermanentFailureCountDown=0 mDataProfile =null mDataConnectionAc=null mReason=radioTurnedOff mDataEnabled=false mDependencyMet=true}
10-17 11:44:50.240 D/GSM     (  605): [ApnContext:mms] setDataConnectionAc: old dcac=null new dcac=null
10-17 11:44:50.240 D/GSM     (  605): [ApnContext:cbs] set reason as radioTurnedOff,current state IDLE
10-17 11:44:50.240 D/GSM     (  605): [ApnContext:cbs] setState: IDLE, previous state:IDLE
10-17 11:44:50.240 D/GSM     (  605): [GSMPhone] getDataConnectionState: Data is Out of Service. ret = DISCONNECTED
10-17 11:44:50.240 E/PHONE   (  605): Settings Exception Reading Dual Sim Data Call Values
10-17 11:44:50.240 D/GSM     (  605): [MSimDefaultPhoneNotifier] subscription = 0, DDS = 0
10-17 11:44:50.250 D/GSM     (  605): [ApnContext:cbs] setDataConnection: old dc=null new dc=null this={mApnType=cbs mState=IDLE mWaitingApns=null mWaitingApnsPermanentFailureCountDown=0 mDataProfile =null mDataConnectionAc=null mReason=radioTurnedOff mDataEnabled=false mDependencyMet=true}
10-17 11:44:50.250 D/GSM     (  605): [ApnContext:cbs] setDataConnectionAc: old dcac=null new dcac=null
10-17 11:44:50.250 D/GSM     (  605): [MSimGsmDCT:0] cleanUpConnection: mDisconnectPendingCount = 0
10-17 11:44:50.250 E/PHONE   (  605): Settings Exception Reading Dual Sim Data Call Values
10-17 11:44:50.250 D/GSM     (  605): [MSimDefaultPhoneNotifier] subscription = 0, DDS = 0
10-17 11:44:50.260 E/PHONE   (  605): Settings Exception Reading Dual Sim Data Call Values
10-17 11:44:50.260 D/GSM     (  605): [MSimDefaultPhoneNotifier] subscription = 0, DDS = 0
10-17 11:44:50.260 E/PHONE   (  605): Settings Exception Reading Dual Sim Data Call Values
10-17 11:44:50.260 D/GSM     (  605): [MSimDefaultPhoneNotifier] subscription = 0, DDS = 0
10-17 11:44:50.270 E/PHONE   (  605): Settings Exception Reading Dual Sim Data Call Values
10-17 11:44:50.270 D/GSM     (  605): [MSimDefaultPhoneNotifier] subscription = 0, DDS = 0
10-17 11:44:50.270 E/PHONE   (  605): Settings Exception Reading Dual Sim Data Call Values
10-17 11:44:50.270 D/GSM     (  605): [MSimDefaultPhoneNotifier] subscription = 0, DDS = 0
10-17 11:44:50.280 E/PHONE   (  605): Settings Exception Reading Dual Sim Data Call Values
10-17 11:44:50.280 D/GSM     (  605): [MSimDefaultPhoneNotifier] subscription = 0, DDS = 0
10-17 11:44:50.290 E/PHONE   (  605): Settings Exception Reading Dual Sim Data Call Values
10-17 11:44:50.290 D/GSM     (  605): [MSimDefaultPhoneNotifier] subscription = 0, DDS = 0
10-17 11:44:50.300 E/PHONE   (  605): Settings Exception Reading Dual Sim Data Call Values
10-17 11:44:50.300 D/GSM     (  605): [GSMPhone] getDataConnectionState: Data is Out of Service. ret = DISCONNECTED
10-17 11:44:50.300 E/PHONE   (  605): Settings Exception Reading Dual Sim Data Call Values
10-17 11:44:50.300 D/GSM     (  605): [MSimDefaultPhoneNotifier] subscription = 0, DDS = 0
10-17 11:44:50.300 E/PHONE   (  605): Settings Exception Reading Dual Sim Data Call Values
10-17 11:44:50.310 D/GSM     (  605): [MSimDefaultPhoneNotifier] subscription = 0, DDS = 0
10-17 11:44:50.320 E/PHONE   (  605): Settings Exception Reading Dual Sim Data Call Values
10-17 11:44:50.320 D/GSM     (  605): [MSimDefaultPhoneNotifier] subscription = 0, DDS = 0
10-17 11:44:50.320 I/binder_sample(  605): [com.android.internal.telephony.ITelephonyRegistryMSim,8,15,com.android.phone,3]
10-17 11:44:50.330 I/SearchManagerService(  399): Building list of searchable activities
10-17 11:44:50.340 E/PHONE   (  605): Settings Exception Reading Dual Sim Data Call Values
10-17 11:44:50.340 D/GSM     (  605): [MSimDefaultPhoneNotifier] subscription = 0, DDS = 0
10-17 11:44:50.350 E/PHONE   (  605): Settings Exception Reading Dual Sim Data Call Values
10-17 11:44:50.350 D/GSM     (  605): [MSimDefaultPhoneNotifier] subscription = 0, DDS = 0
10-17 11:44:50.360 E/PHONE   (  605): Settings Exception Reading Dual Sim Data Call Values
10-17 11:44:50.360 D/GSM     (  605): [MSimDefaultPhoneNotifier] subscription = 0, DDS = 0
10-17 11:44:50.360 E/PHONE   (  605): Settings Exception Reading Dual Sim Data Call Values
10-17 11:44:50.370 D/GSM     (  605): [MSimDefaultPhoneNotifier] subscription = 0, DDS = 0
10-17 11:44:50.380 E/PHONE   (  605): Settings Exception Reading Dual Sim Data Call Values
10-17 11:44:50.380 D/GSM     (  605): [MSimDefaultPhoneNotifier] subscription = 0, DDS = 0
10-17 11:44:50.380 I/content_query_sample(  605): [content://call_log/calls,_id/number/date/duration/type,type=3 AND new=1,date DESC,331,,67]
10-17 11:44:50.400 E/PHONE   (  605): Settings Exception Reading Dual Sim Data Call Values
10-17 11:44:50.400 E/PHONE   (  605): Settings Exception Reading Dual Sim Data Call Values
10-17 11:44:50.400 D/GSM     (  605): [MSimDefaultPhoneNotifier] subscription = 0, DDS = 0
10-17 11:44:50.400 E/PHONE   (  605): Settings Exception Reading Dual Sim Data Call Values
10-17 11:44:50.400 D/GSM     (  605): [MSimDefaultPhoneNotifier] subscription = 0, DDS = 0
10-17 11:44:50.410 E/PHONE   (  605): Settings Exception Reading Dual Sim Data Call Values
10-17 11:44:50.410 D/GSM     (  605): [MSimDefaultPhoneNotifier] subscription = 0, DDS = 0
10-17 11:44:50.420 E/PHONE   (  605): Settings Exception Reading Dual Sim Data Call Values
10-17 11:44:50.420 D/GSM     (  605): [MSimDefaultPhoneNotifier] subscription = 0, DDS = 0
10-17 11:44:50.420 E/PHONE   (  605): Settings Exception Reading Dual Sim Data Call Values
10-17 11:44:50.420 D/GSM     (  605): [MSimDefaultPhoneNotifier] subscription = 0, DDS = 0
10-17 11:44:50.420 E/PHONE   (  605): Settings Exception Reading Dual Sim Data Call Values
10-17 11:44:50.420 D/GSM     (  605): [MSimDefaultPhoneNotifier] subscription = 0, DDS = 0
10-17 11:44:50.430 E/Sensors (  399): sensors_poll_context_t::pollEvents, line 202: receive event #### i=3, nb=1
10-17 11:44:50.430 E/PHONE   (  605): Settings Exception Reading Dual Sim Data Call Values
10-17 11:44:50.430 D/GSM     (  605): [MSimDefaultPhoneNotifier] subscription = 0, DDS = 0
10-17 11:44:50.440 D/GSM     (  605): [MSimGsmDCT:0] setupDataOnReadyApns: roamingOff
10-17 11:44:50.440 D/GSM     (  605): [ApnContext:default] set reason as roamingOff,current state IDLE
10-17 11:44:50.440 E/PHONE   (  605): Settings Exception Reading Dual Sim Data Call Values
10-17 11:44:50.440 D/GSM     (  605): [MSimDefaultPhoneNotifier] subscription = 0, DDS = 0
10-17 11:44:50.440 E/PHONE   (  605): Settings Exception Reading Dual Sim Data Call Values
10-17 11:44:50.440 D/StatusBar.MSimNetworkController(  526): updateSimState for subscription :0
10-17 11:44:50.440 D/StatusBar.MSimNetworkController(  526): updateSimState simState =UNKNOWN
10-17 11:44:50.440 D/StatusBar.MSimNetworkController(  526): In updateSimIcon card =0, simState= UNKNOWN
10-17 11:44:50.440 D/StatusBar.MSimNetworkController(  526): refreshViews subscription =0mMSimDataConnected =false
10-17 11:44:50.440 W/SignalStrength(  526): getLTELevel - rsrp:2147483647 snr:2147483647 rsrpIconLevel:-1 snrIconLevel:-1
10-17 11:44:50.440 W/SignalStrength(  526): getLTELevel - rssi:99 rssiIconLevel:0
10-17 11:44:50.440 W/SignalStrength(  526): getGsmLevel=0
10-17 11:44:50.440 W/SignalStrength(  526): getLevel=0
10-17 11:44:50.440 D/StatusBar.MSimNetworkController(  526): refreshViews mMSimDataActivity =0
10-17 11:44:50.440 D/GSM     (  605): [MSimDefaultPhoneNotifier] subscription = 0, DDS = 0
10-17 11:44:50.450 E/PHONE   (  605): Settings Exception Reading Dual Sim Data Call Values
10-17 11:44:50.450 D/StatusBar.MSimNetworkController(  526): refreshViews connected={ } level=0 mMSimcombinedSignalIconId=0x0/(null) mMSimcombinedActivityIconId=0x0 mAirplaneMode=false mMSimDataActivity=0 mMSimPhoneSignalIconId=0x7f0200f8 mMSimDataDirectionIconId=0x0 mMSimDataSignalIconId=0x0 mMSimDataTypeIconId=0x0 mNoMSimIconId=0x0 mWifiIconId=0x0 mBluetoothTetherIconId=0x1080580
10-17 11:44:50.450 D/GSM     (  605): [MSimDefaultPhoneNotifier] subscription = 0, DDS = 0
10-17 11:44:50.460 E/PHONE   (  605): Settings Exception Reading Dual Sim Data Call Values
10-17 11:44:50.460 D/GSM     (  605): [MSimDefaultPhoneNotifier] subscription = 0, DDS = 0
10-17 11:44:50.460 E/PHONE   (  605): Settings Exception Reading Dual Sim Data Call Values
10-17 11:44:50.460 D/GSM     (  605): [MSimDefaultPhoneNotifier] subscription = 0, DDS = 0
10-17 11:44:50.480 D/StatusBar.MSimNetworkController(  526): changing data overlay icon id to 0
10-17 11:44:50.480 D/StatusBar.MSimNetworkController(  526): updateDataIcon subscription =0
10-17 11:44:50.480 D/StatusBar.MSimNetworkController(  526): updateDataIcon dataSub =0
10-17 11:44:50.480 D/StatusBar.MSimNetworkController(  526): updateDataIcon  when SimState =UNKNOWN
10-17 11:44:50.480 I/dvm_lock_sample(  399): [system_server,1,Binder_1,13,ActivityManagerService.java,13204,BroadcastQueue.java,448,2]
10-17 11:44:50.490 E/PHONE   (  605): Settings Exception Reading Dual Sim Data Call Values
10-17 11:44:50.490 D/GSM     (  605): [MSimDefaultPhoneNotifier] subscription = 0, DDS = 0
10-17 11:44:50.490 E/PHONE   (  605): Settings Exception Reading Dual Sim Data Call Values
10-17 11:44:50.490 D/GSM     (  605): [MSimDefaultPhoneNotifier] subscription = 0, DDS = 0
10-17 11:44:50.490 D/GSM     (  605): MSimGsmSMSDispatcher: subId = 0 slotId = -1
10-17 11:44:50.490 D/RIL_MSimIccCardProxy(  605): No card available
10-17 11:44:50.490 I/binder_sample(  605): [com.android.internal.telephony.ITelephonyRegistryMSim,8,25,com.android.phone,5]
10-17 11:44:50.500 W/SignalStrength(  526): getLTELevel - rsrp:2147483647 snr:2147483647 rsrpIconLevel:-1 snrIconLevel:-1
10-17 11:44:50.500 W/SignalStrength(  526): getLTELevel - rssi:99 rssiIconLevel:0
10-17 11:44:50.500 W/SignalStrength(  526): getGsmLevel=0
10-17 11:44:50.500 W/SignalStrength(  526): getLevel=0
10-17 11:44:50.500 D/StatusBar.MSimNetworkController(  526): updateDataIcon when mMSimDataConnected =false
10-17 11:44:50.500 D/StatusBar.MSimNetworkController(  526): updateDataIcon subscription =0
10-17 11:44:50.500 D/StatusBar.MSimNetworkController(  526): updateDataIcon dataSub =0
10-17 11:44:50.500 D/StatusBar.MSimNetworkController(  526): updateDataIcon  when SimState =UNKNOWN
10-17 11:44:50.500 D/StatusBar.MSimNetworkController(  526): updateDataIcon when mMSimDataConnected =false
10-17 11:44:50.500 D/StatusBar.MSimNetworkController(  526): refreshViews subscription =0mMSimDataConnected =false
10-17 11:44:50.500 D/StatusBar.MSimNetworkController(  526): refreshViews mMSimDataActivity =0
10-17 11:44:50.500 D/RIL_MSimIccCardProxy(  605): No card available
10-17 11:44:50.500 D/RILJ    (  605): [0006]> GET_CURRENT_CALLS [SUB1]
10-17 11:44:50.510 I/Choreographer(  526): Skipped 58 frames!  The application may be doing too much work on its main thread.
10-17 11:44:50.510 D/StatusBar.MSimNetworkController(  526): refreshViews connected={ } level=0 mMSimcombinedSignalIconId=0x0/(null) mMSimcombinedActivityIconId=0x0 mAirplaneMode=false mMSimDataActivity=0 mMSimPhoneSignalIconId=0x7f0200f8 mMSimDataDirectionIconId=0x0 mMSimDataSignalIconId=0x0 mMSimDataTypeIconId=0x0 mNoMSimIconId=0x0 mWifiIconId=0x0 mBluetoothTetherIconId=0x1080580
10-17 11:44:50.510 D/PhoneStatusBarPolicy(  526): updateSimState for subscription :0
10-17 11:44:50.510 D/RILJ    (  605): [0007]> RADIO_POWER on [SUB1]
10-17 11:44:50.510 I/GSM     (  605): Network State Changed, get EONS and update operator name display
10-17 11:44:50.510 I/gsm_service_state_change(  605): [1,1,3,1]
10-17 11:44:50.520 I/MSimTelephonyRegistry(  399): notifyServiceState: 3 home null null null  Unknown CSS not supported -1 -1 mDataState=3 RoamInd=-1 DefRoamInd=-1 EmergOnly=false
10-17 11:44:50.520 I/LocationManagerService(  399): request passive (pid 399) 0 0
10-17 11:44:50.530 D/DebugService(  605): DebugService DebugService:
10-17 11:44:50.530 D/TelephonyDebugService(  605): TelephonyDebugService()
10-17 11:44:50.530 E/PHONE   (  605): Settings Exception Reading Dual Sim Data Call Values
10-17 11:44:50.530 E/GSM     (  605): [MSimGsmDCT:1] Ignore GSM msgs since GSM phone is not the current DDS
10-17 11:44:50.530 E/PHONE   (  605): Settings Exception Reading Dual Sim Data Call Values
10-17 11:44:50.530 E/GSM     (  605): [MSimGsmDCT:1] Ignore GSM msgs since GSM phone is not the current DDS
10-17 11:44:50.530 E/PHONE   (  605): Settings Exception Reading Dual Sim Data Call Values
10-17 11:44:50.530 E/GSM     (  605): [MSimGsmDCT:1] Ignore GSM msgs since GSM phone is not the current DDS
10-17 11:44:50.530 E/PHONE   (  605): Settings Exception Reading Dual Sim Data Call Values
10-17 11:44:50.530 E/GSM     (  605): [MSimGsmDCT:1] Ignore GSM msgs since GSM phone is not the current DDS
10-17 11:44:50.530 D/GSM     (  605): MSimGsmSMSDispatcher: subId = 1 slotId = -1
10-17 11:44:50.530 D/RIL_MSimIccCardProxy(  605): No card available
10-17 11:44:50.530 D/RIL_MSimIccCardProxy(  605): No card available
10-17 11:44:50.530 D/RILJ    (  605): [0008]> RADIO_POWER on [SUB1]
10-17 11:44:50.530 I/binder_sample(  620): [android.app.ISearchManager,4,201,com.cyanogenmod.trebuchet,40]
10-17 11:44:50.540 I/GSM     (  605): Network State Changed, get EONS and update operator name display
10-17 11:44:50.540 D/RILJ    (  605): [0009]> RADIO_POWER on [SUB1]
10-17 11:44:50.540 D/RILJ    (  605): [0010]> BASEBAND_VERSION [SUB1]
10-17 11:44:50.550 D/RILJ    (  605): [0011]> GET_IMEI [SUB1]
10-17 11:44:50.550 D/RILJ    (  605): [0012]> GET_IMEISV [SUB1]
10-17 11:44:50.550 E/PHONE   (  605): Settings Exception Reading Dual Sim Data Call Values
10-17 11:44:50.550 E/GSM     (  605): [MSimGsmDCT:1] Ignore GSM msgs since GSM phone is not the current DDS
10-17 11:44:50.550 D/RILJ    (  605): [0013]> RADIO_POWER on [SUB0]
10-17 11:44:50.550 I/GSM     (  605): Network State Changed, get EONS and update operator name display
10-17 11:44:50.560 D/RILJ    (  605): [0014]> RADIO_POWER on [SUB0]
10-17 11:44:50.560 D/RILJ    (  605): [0015]> BASEBAND_VERSION [SUB0]
10-17 11:44:50.560 D/RILJ    (  605): [0016]> GET_IMEI [SUB0]
10-17 11:44:50.570 D/RILJ    (  605): [0017]> GET_IMEISV [SUB0]
10-17 11:44:50.570 E/PHONE   (  605): Settings Exception Reading Dual Sim Data Call Values
10-17 11:44:50.580 I/backup_data_changed(  399): android
10-17 11:44:50.610 D/Bluetooth HSHFP(  605): Starting BluetoothHeadsetService
10-17 11:44:50.610 I/am_on_resume_called(  620): com.cyanogenmod.trebuchet.Launcher
10-17 11:44:50.620 I/notification_cancel(  399): [com.android.phone,5,NULL,0,64]
10-17 11:44:50.620 I/notification_cancel(  399): [com.android.phone,6,NULL,0,64]
10-17 11:44:50.620 I/notification_cancel(  399): [com.android.phone,5,NULL,0,64]
10-17 11:44:50.620 V/MSimPhoneApp(  605): Action intent recieved:android.intent.action.SIM_STATE_CHANGED
10-17 11:44:50.620 V/MSimPhoneApp(  605): Action intent recieved:android.media.RINGER_MODE_CHANGED
10-17 11:44:50.620 D/SubscriptionManager(  605): EVENT_CARD_INFO_NOT_AVAILABLE
10-17 11:44:50.620 D/SubscriptionManager(  605): processCardInfoNotAvailable on cardIndex = 0 reason = REASON_RADIO_UNAVAILABLE
10-17 11:44:50.620 D/SubscriptionManager(  605): processCardInfoNotAvailable mSetSubsModeRequired = true
10-17 11:44:50.620 D/SubscriptionManager(  605): EVENT_CARD_INFO_NOT_AVAILABLE
10-17 11:44:50.620 D/SubscriptionManager(  605): processCardInfoNotAvailable on cardIndex = 1 reason = REASON_RADIO_UNAVAILABLE
10-17 11:44:50.620 D/SubscriptionManager(  605): processCardInfoNotAvailable mSetSubsModeRequired = true
10-17 11:44:50.620 V/MSimPhoneApp(  605): Action intent recieved:android.intent.action.SERVICE_STATE
10-17 11:44:50.620 V/MSimPhoneApp(  605): Action intent recieved:android.intent.action.ANY_DATA_STATE
10-17 11:44:50.620 I/notification_cancel(  399): [com.android.phone,21,NULL,0,64]
10-17 11:44:50.630 V/MSimPhoneApp(  605): Action intent recieved:android.intent.action.ANY_DATA_STATE
10-17 11:44:50.630 V/MSimPhoneApp(  605): Action intent recieved:android.intent.action.ANY_DATA_STATE
10-17 11:44:50.630 V/MSimPhoneApp(  605): Action intent recieved:android.intent.action.ANY_DATA_STATE
10-17 11:44:50.630 V/MSimPhoneApp(  605): Action intent recieved:android.intent.action.ANY_DATA_STATE
10-17 11:44:50.630 V/MSimPhoneApp(  605): Action intent recieved:android.intent.action.ANY_DATA_STATE
10-17 11:44:50.640 V/MSimPhoneApp(  605): Action intent recieved:android.intent.action.ANY_DATA_STATE
10-17 11:44:50.640 V/MSimPhoneApp(  605): Action intent recieved:android.intent.action.ANY_DATA_STATE
10-17 11:44:50.640 V/MSimPhoneApp(  605): Action intent recieved:android.intent.action.ANY_DATA_STATE
10-17 11:44:50.650 V/MSimPhoneApp(  605): Action intent recieved:android.intent.action.ANY_DATA_STATE
10-17 11:44:50.650 V/MSimPhoneApp(  605): Action intent recieved:android.intent.action.ANY_DATA_STATE
10-17 11:44:50.650 V/MSimPhoneApp(  605): Action intent recieved:android.intent.action.ANY_DATA_STATE
10-17 11:44:50.650 V/MSimPhoneApp(  605): Action intent recieved:android.intent.action.ANY_DATA_STATE
10-17 11:44:50.650 V/MSimPhoneApp(  605): Action intent recieved:android.intent.action.ANY_DATA_STATE
10-17 11:44:50.660 V/MSimPhoneApp(  605): Action intent recieved:android.intent.action.ANY_DATA_STATE
10-17 11:44:50.660 V/MSimPhoneApp(  605): Action intent recieved:android.intent.action.ANY_DATA_STATE
10-17 11:44:50.660 V/MSimPhoneApp(  605): Action intent recieved:android.intent.action.ANY_DATA_STATE
10-17 11:44:50.660 V/MSimPhoneApp(  605): Action intent recieved:android.intent.action.ANY_DATA_STATE
10-17 11:44:50.660 V/MSimPhoneApp(  605): Action intent recieved:android.intent.action.ANY_DATA_STATE
10-17 11:44:50.670 V/MSimPhoneApp(  605): Action intent recieved:android.intent.action.ANY_DATA_STATE
10-17 11:44:50.670 V/MSimPhoneApp(  605): Action intent recieved:android.intent.action.ANY_DATA_STATE
10-17 11:44:50.670 V/MSimPhoneApp(  605): Action intent recieved:android.intent.action.ANY_DATA_STATE
10-17 11:44:50.680 V/MSimPhoneApp(  605): Action intent recieved:android.intent.action.ANY_DATA_STATE
10-17 11:44:50.680 V/MSimPhoneApp(  605): Action intent recieved:android.intent.action.ANY_DATA_STATE
10-17 11:44:50.680 V/MSimPhoneApp(  605): Action intent recieved:android.intent.action.ANY_DATA_STATE
10-17 11:44:50.680 V/MSimPhoneApp(  605): Action intent recieved:android.intent.action.ANY_DATA_STATE
10-17 11:44:50.680 V/MSimPhoneApp(  605): Action intent recieved:android.intent.action.ANY_DATA_STATE
10-17 11:44:50.680 V/MSimPhoneApp(  605): Action intent recieved:android.intent.action.ANY_DATA_STATE
10-17 11:44:50.680 V/MSimPhoneApp(  605): Action intent recieved:android.intent.action.ANY_DATA_STATE
10-17 11:44:50.690 V/MSimPhoneApp(  605): Action intent recieved:android.intent.action.ANY_DATA_STATE
10-17 11:44:50.690 V/MSimPhoneApp(  605): Action intent recieved:android.intent.action.ANY_DATA_STATE
10-17 11:44:50.690 V/MSimPhoneApp(  605): Action intent recieved:android.intent.action.ANY_DATA_STATE
10-17 11:44:50.690 V/MSimPhoneApp(  605): Action intent recieved:android.intent.action.ANY_DATA_STATE
10-17 11:44:50.690 V/MSimPhoneApp(  605): Action intent recieved:android.intent.action.ANY_DATA_STATE
10-17 11:44:50.690 V/MSimPhoneApp(  605): Action intent recieved:android.intent.action.ANY_DATA_STATE
10-17 11:44:50.700 V/MSimPhoneApp(  605): Action intent recieved:android.intent.action.ANY_DATA_STATE
10-17 11:44:50.700 V/MSimPhoneApp(  605): Action intent recieved:android.intent.action.ANY_DATA_STATE
10-17 11:44:50.710 V/MSimPhoneApp(  605): Action intent recieved:android.intent.action.SERVICE_STATE
10-17 11:44:50.740 I/notification_cancel(  399): [com.android.phone,7,NULL,0,64]
10-17 11:44:50.740 I/notification_cancel(  399): [com.android.phone,7,NULL,0,64]
10-17 11:44:50.740 I/notification_cancel(  399): [com.android.phone,7,NULL,0,64]
10-17 11:44:50.740 I/notification_cancel(  399): [com.android.phone,7,NULL,0,64]
10-17 11:44:50.740 I/notification_cancel(  399): [com.android.phone,7,NULL,0,64]
10-17 11:44:50.740 I/notification_cancel(  399): [com.android.phone,7,NULL,0,64]
10-17 11:44:50.740 I/notification_cancel(  399): [com.android.phone,7,NULL,0,64]
10-17 11:44:50.740 I/notification_cancel(  399): [com.android.phone,7,NULL,0,64]
10-17 11:44:50.740 I/notification_cancel(  399): [com.android.phone,7,NULL,0,64]
10-17 11:44:50.740 I/notification_cancel(  399): [com.android.phone,7,NULL,0,64]
10-17 11:44:50.750 I/notification_cancel(  399): [com.android.phone,7,NULL,0,64]
10-17 11:44:50.750 I/ActivityManager(  399): Start proc com.android.settings for broadcast com.android.settings/.widget.SettingsAppWidgetProvider: pid=723 uid=1000 gids={1015, 3002, 3001, 3003, 1028}
10-17 11:44:50.750 I/am_proc_start(  399): [723,1000,com.android.settings,broadcast,com.android.settings/.widget.SettingsAppWidgetProvider]
10-17 11:44:50.760 D/libEGL  (  620): loaded /system/lib/egl/libEGL_adreno200.so
10-17 11:44:50.760 I/notification_cancel(  399): [com.android.phone,7,NULL,0,64]
10-17 11:44:50.760 I/notification_cancel(  399): [com.android.phone,7,NULL,0,64]
10-17 11:44:50.760 I/notification_cancel(  399): [com.android.phone,7,NULL,0,64]
10-17 11:44:50.770 D/libEGL  (  620): loaded /system/lib/egl/libGLESv1_CM_adreno200.so
10-17 11:44:50.770 I/notification_cancel(  399): [com.android.phone,7,NULL,0,64]
10-17 11:44:50.770 I/notification_cancel(  399): [com.android.phone,7,NULL,0,64]
10-17 11:44:50.770 I/notification_cancel(  399): [com.android.phone,7,NULL,0,64]
10-17 11:44:50.770 I/notification_cancel(  399): [com.android.phone,7,NULL,0,64]
10-17 11:44:50.770 I/notification_cancel(  399): [com.android.phone,7,NULL,0,64]
10-17 11:44:50.770 I/notification_cancel(  399): [com.android.phone,7,NULL,0,64]
10-17 11:44:50.770 I/notification_cancel(  399): [com.android.phone,7,NULL,0,64]
10-17 11:44:50.780 I/notification_cancel(  399): [com.android.phone,7,NULL,0,64]
10-17 11:44:50.780 I/notification_cancel(  399): [com.android.phone,7,NULL,0,64]
10-17 11:44:50.790 D/libEGL  (  620): loaded /system/lib/egl/libGLESv2_adreno200.so
10-17 11:44:50.790 I/notification_cancel(  399): [com.android.phone,7,NULL,0,64]
10-17 11:44:50.790 I/notification_cancel(  399): [com.android.phone,7,NULL,0,64]
10-17 11:44:50.790 I/notification_cancel(  399): [com.android.phone,7,NULL,0,64]
10-17 11:44:50.800 D/StatusBar.MSimNetworkController(  526): updateSimState for subscription :0
10-17 11:44:50.800 D/StatusBar.MSimNetworkController(  526): updateSimState simState =UNKNOWN
10-17 11:44:50.800 D/StatusBar.MSimNetworkController(  526): In updateSimIcon card =0, simState= UNKNOWN
10-17 11:44:50.800 D/StatusBar.MSimNetworkController(  526): refreshViews subscription =0mMSimDataConnected =false
10-17 11:44:50.800 W/SignalStrength(  526): getLTELevel - rsrp:2147483647 snr:2147483647 rsrpIconLevel:-1 snrIconLevel:-1
10-17 11:44:50.800 W/SignalStrength(  526): getLTELevel - rssi:99 rssiIconLevel:0
10-17 11:44:50.800 W/SignalStrength(  526): getGsmLevel=0
10-17 11:44:50.800 W/SignalStrength(  526): getLevel=0
10-17 11:44:50.800 D/StatusBar.MSimNetworkController(  526): refreshViews mMSimDataActivity =0
10-17 11:44:50.810 I/Adreno200-EGL(  620): <qeglDrvAPI_eglInitialize:299>: EGL 1.4 QUALCOMM build: AU_LINUX_ANDROID_JB_REL_2.0.3.04.01.01.21.010_msm8625_JB_REL_2.0.3_Merge_release_AU (Merge)
10-17 11:44:50.810 I/Adreno200-EGL(  620): Build Date: 10/26/12 Fri
10-17 11:44:50.810 I/Adreno200-EGL(  620): Local Branch: 
10-17 11:44:50.810 I/Adreno200-EGL(  620): Remote Branch: quic/jb_rel_2.0.3
10-17 11:44:50.810 I/Adreno200-EGL(  620): Local Patches: NONE
10-17 11:44:50.810 I/Adreno200-EGL(  620): Reconstruct Branch: AU_LINUX_ANDROID_JB_REL_2.0.3.04.01.01.21.010 +  NOTHING
10-17 11:44:50.810 D/StatusBar.MSimNetworkController(  526): refreshViews connected={ } level=0 mMSimcombinedSignalIconId=0x0/(null) mMSimcombinedActivityIconId=0x0 mAirplaneMode=false mMSimDataActivity=0 mMSimPhoneSignalIconId=0x7f0200f8 mMSimDataDirectionIconId=0x0 mMSimDataSignalIconId=0x0 mMSimDataTypeIconId=0x0 mNoMSimIconId=0x0 mWifiIconId=0x0 mBluetoothTetherIconId=0x1080580
10-17 11:44:50.810 D/StatusBar.MSimNetworkController(  526): updateDataIcon subscription =0
10-17 11:44:50.810 D/StatusBar.MSimNetworkController(  526): updateDataIcon dataSub =0
10-17 11:44:50.810 D/StatusBar.MSimNetworkController(  526): updateDataIcon  when SimState =UNKNOWN
10-17 11:44:50.810 I/notification_cancel(  399): [com.android.phone,7,NULL,0,64]
10-17 11:44:50.810 I/notification_cancel(  399): [com.android.phone,7,NULL,0,64]
10-17 11:44:50.810 I/notification_cancel(  399): [com.android.phone,7,NULL,0,64]
10-17 11:44:50.820 I/notification_cancel(  399): [com.android.phone,7,NULL,0,64]
10-17 11:44:50.820 I/notification_cancel(  399): [com.android.phone,7,NULL,0,64]
10-17 11:44:50.820 I/notification_cancel(  399): [com.android.phone,7,NULL,0,64]
10-17 11:44:50.820 I/notification_cancel(  399): [com.android.phone,7,NULL,0,64]
10-17 11:44:50.820 I/notification_cancel(  399): [com.android.phone,7,NULL,0,64]
10-17 11:44:50.830 D/StatusBar.MSimNetworkController(  526): updateDataIcon when mMSimDataConnected =false
10-17 11:44:50.830 D/StatusBar.MSimNetworkController(  526): updateDataIcon subscription =0
10-17 11:44:50.830 D/StatusBar.MSimNetworkController(  526): updateDataIcon dataSub =0
10-17 11:44:50.830 D/StatusBar.MSimNetworkController(  526): updateDataIcon  when SimState =UNKNOWN
10-17 11:44:50.830 I/notification_cancel(  399): [com.android.phone,7,NULL,0,64]
10-17 11:44:50.830 I/notification_cancel(  399): [com.android.phone,7,NULL,0,64]
10-17 11:44:50.830 I/notification_cancel(  399): [com.android.phone,7,NULL,0,64]
10-17 11:44:50.840 W/SignalStrength(  526): getLTELevel - rsrp:2147483647 snr:2147483647 rsrpIconLevel:-1 snrIconLevel:-1
10-17 11:44:50.840 W/SignalStrength(  526): getLTELevel - rssi:99 rssiIconLevel:0
10-17 11:44:50.840 W/SignalStrength(  526): getGsmLevel=0
10-17 11:44:50.840 W/SignalStrength(  526): getLevel=0
10-17 11:44:50.840 D/StatusBar.MSimNetworkController(  526): updateDataIcon when mMSimDataConnected =false
10-17 11:44:50.840 D/StatusBar.MSimNetworkController(  526): refreshViews subscription =0mMSimDataConnected =false
10-17 11:44:50.840 D/StatusBar.MSimNetworkController(  526): refreshViews mMSimDataActivity =0
10-17 11:44:50.840 D/StatusBar.MSimNetworkController(  526): refreshViews connected={ } level=0 mMSimcombinedSignalIconId=0x0/(null) mMSimcombinedActivityIconId=0x0 mAirplaneMode=false mMSimDataActivity=0 mMSimPhoneSignalIconId=0x7f0200f8 mMSimDataDirectionIconId=0x0 mMSimDataSignalIconId=0x0 mMSimDataTypeIconId=0x0 mNoMSimIconId=0x0 mWifiIconId=0x0 mBluetoothTetherIconId=0x1080580
10-17 11:44:50.840 D/PhoneStatusBarPolicy(  526): updateSimState for subscription :0
10-17 11:44:50.850 W/SignalStrength(  526): getLTELevel - rsrp:2147483647 snr:2147483647 rsrpIconLevel:-1 snrIconLevel:-1
10-17 11:44:50.850 W/SignalStrength(  526): getLTELevel - rssi:99 rssiIconLevel:0
10-17 11:44:50.850 W/SignalStrength(  526): getGsmLevel=0
10-17 11:44:50.850 W/SignalStrength(  526): getLevel=0
10-17 11:44:50.850 D/StatusBar.MSimNetworkController(  526): onServiceStateChanged received on subscription :0state=3
10-17 11:44:50.850 D/StatusBar.MSimNetworkController(  526): updateTelephonySignalStrength: subscription =0
10-17 11:44:50.850 D/StatusBar.MSimNetworkController(  526):  No service
10-17 11:44:50.850 D/StatusBar.MSimNetworkController(  526): updateDataNetType sub = 0 mDataNetType = 0
10-17 11:44:50.850 E/StatusBar.MSimNetworkController(  526): updateDataNetType NETWORK_TYPE_UNKNOWN
10-17 11:44:50.850 D/StatusBar.MSimNetworkController(  526): updateDataIcon subscription =0
10-17 11:44:50.850 D/StatusBar.MSimNetworkController(  526): updateDataIcon dataSub =0
10-17 11:44:50.850 D/StatusBar.MSimNetworkController(  526): updateDataIcon  when SimState =UNKNOWN
10-17 11:44:50.850 D/StatusBar.MSimNetworkController(  526): updateDataIcon when mMSimDataConnected =false
10-17 11:44:50.850 D/StatusBar.MSimNetworkController(  526): refreshViews subscription =0mMSimDataConnected =false
10-17 11:44:50.850 D/StatusBar.MSimNetworkController(  526): refreshViews mMSimDataActivity =0
10-17 11:44:50.860 D/StatusBar.MSimNetworkController(  526): refreshViews connected={ } level=0 mMSimcombinedSignalIconId=0x7f0200f8/com.android.systemui:drawable/stat_sys_signal_null mMSimcombinedActivityIconId=0x0 mAirplaneMode=false mMSimDataActivity=0 mMSimPhoneSignalIconId=0x7f0200f8 mMSimDataDirectionIconId=0x0 mMSimDataSignalIconId=0x7f0200f8 mMSimDataTypeIconId=0x0 mNoMSimIconId=0x0 mWifiIconId=0x0 mBluetoothTetherIconId=0x1080580
10-17 11:44:50.870 D/StatusBar.MSimNetworkController(  526): onServiceStateChanged received on subscription :1state=3
10-17 11:44:50.870 D/StatusBar.MSimNetworkController(  526): updateTelephonySignalStrength: subscription =1
10-17 11:44:50.870 D/StatusBar.MSimNetworkController(  526):  No service
10-17 11:44:50.870 D/StatusBar.MSimNetworkController(  526): updateDataNetType sub = 1 mDataNetType = 0
10-17 11:44:50.870 E/StatusBar.MSimNetworkController(  526): updateDataNetType NETWORK_TYPE_UNKNOWN
10-17 11:44:50.870 D/StatusBar.MSimNetworkController(  526): updateDataIcon subscription =1
10-17 11:44:50.870 D/StatusBar.MSimNetworkController(  526): updateDataIcon dataSub =0
10-17 11:44:50.870 D/StatusBar.MSimNetworkController(  526): updateDataIcon return
10-17 11:44:50.870 D/StatusBar.MSimNetworkController(  526): refreshViews subscription =1mMSimDataConnected =false
10-17 11:44:50.870 W/SignalStrength(  526): getLTELevel - rsrp:2147483647 snr:2147483647 rsrpIconLevel:-1 snrIconLevel:-1
10-17 11:44:50.870 W/SignalStrength(  526): getLTELevel - rssi:99 rssiIconLevel:0
10-17 11:44:50.870 W/SignalStrength(  526): getGsmLevel=0
10-17 11:44:50.870 W/SignalStrength(  526): getLevel=0
10-17 11:44:50.870 D/StatusBar.MSimNetworkController(  526): refreshViews mMSimDataActivity =0
10-17 11:44:50.870 D/StatusBar.MSimNetworkController(  526): refreshViews connected={ } level=0 mMSimcombinedSignalIconId=0x7f0200f8/com.android.systemui:drawable/stat_sys_signal_null mMSimcombinedActivityIconId=0x0 mAirplaneMode=false mMSimDataActivity=0 mMSimPhoneSignalIconId=0x7f0200f8 mMSimDataDirectionIconId=0x0 mMSimDataSignalIconId=0x7f0200f8 mMSimDataTypeIconId=0x0 mNoMSimIconId=0x0 mWifiIconId=0x0 mBluetoothTetherIconId=0x1080580
10-17 11:44:50.880 D/OpenGLRenderer(  620): Enabling debug mode 0
10-17 11:44:50.880 I/am_proc_bound(  399): [723,com.android.settings]
10-17 11:44:50.900 I/StorageNotification(  526): UMS connection changed to false (media state unmounted)
10-17 11:44:51.070 D/dalvikvm(  526): GC_CONCURRENT freed 379K, 39% free 6937K/11207K, paused 5ms+5ms, total 65ms
10-17 11:44:51.130 D/LocalBluetoothProfileManager(  723): LocalBluetoothProfileManager construction complete
10-17 11:44:51.170 V/SipBroadcastReceiver(  605): start auto registration
10-17 11:44:51.200 D/SizeAdaptiveLayout(  526): com.android.internal.widget.SizeAdaptiveLayout@4232a970child view android.widget.FrameLayout@42330e20 measured out of bounds at 95px clamped to 96px
10-17 11:44:51.220 I/ActivityManager(  399): Start proc com.android.deskclock for broadcast com.android.deskclock/com.android.alarmclock.AnalogAppWidgetProvider: pid=739 uid=10015 gids={1028}
10-17 11:44:51.220 I/am_proc_start(  399): [739,10015,com.android.deskclock,broadcast,com.android.deskclock/com.android.alarmclock.AnalogAppWidgetProvider]
10-17 11:44:51.220 I/activity_launch_time(  399): [1109398656,com.cyanogenmod.trebuchet/.Launcher,2829,2829]
10-17 11:44:51.230 I/ActivityManager(  399): Displayed com.cyanogenmod.trebuchet/.Launcher: +2s829ms
10-17 11:44:51.240 D/dalvikvm(  137): GC_EXPLICIT freed 34K, 74% free 2164K/8195K, paused 2ms+2ms, total 33ms
10-17 11:44:51.270 D/dalvikvm(  137): GC_EXPLICIT freed <1K, 74% free 2164K/8195K, paused 2ms+2ms, total 33ms
10-17 11:44:51.300 D/dalvikvm(  137): GC_EXPLICIT freed <1K, 74% free 2164K/8195K, paused 2ms+2ms, total 30ms
10-17 11:44:51.320 I/am_proc_bound(  399): [739,com.android.deskclock]
10-17 11:44:51.360 I/ActivityThread(  739): Pub com.android.deskclock: com.android.deskclock.AlarmProvider
10-17 11:44:51.380 I/ActivityThread(  739): Pub com.android.deskclock.timers: com.android.deskclock.TimersProvider
10-17 11:44:51.380 W/ActivityManager(  399): Permission denied: checkComponentPermission() owningUid=1000
10-17 11:44:51.380 W/BroadcastQueue(  399): Permission Denial: broadcasting Intent { act=android.appwidget.action.APPWIDGET_UPDATE_OPTIONS flg=0x10 cmp=com.android.settings/.widget.SettingsAppWidgetProvider (has extras) } from android (pid=620, uid=10042) is not exported from uid 1000 due to receiver com.android.settings/com.android.settings.widget.SettingsAppWidgetProvider
10-17 11:44:51.410 D/PowerManagerService(  399): bootCompleted
10-17 11:44:51.430 V/DevicePolicyManagerService(  399): Sending password expiration notifications for action android.intent.action.BOOT_COMPLETED
10-17 11:44:51.440 I/ActivityManager(  399): Start proc com.android.contacts for broadcast com.android.contacts/.calllog.CallLogReceiver: pid=756 uid=10001 gids={3003, 1015, 1028}
10-17 11:44:51.440 I/am_proc_start(  399): [756,10001,com.android.contacts,broadcast,com.android.contacts/.calllog.CallLogReceiver]
10-17 11:44:51.440 I/boot_progress_enable_screen(  399): 17936
10-17 11:44:51.450 D/VoldCmdListener(  130): volume mount /storage/sdcard1
10-17 11:44:51.450 I/Vold    (  130): /dev/block/vold/179:33 being considered for volume sdcard
10-17 11:44:51.450 D/Vold    (  130): Volume sdcard state changing 1 (Idle-Unmounted) -> 3 (Checking)
10-17 11:44:51.460 D/MountService(  399): volume state changed for /storage/sdcard1 (unmounted -> checking)
10-17 11:44:51.480 I/StorageNotification(  526): Media {/storage/sdcard1} state changed from {unmounted} -> {checking} (primary = true)
10-17 11:44:51.480 D/PhoneStatusBar(  526): addNotification score=0
10-17 11:44:51.480 I/notification_enqueue(  399): [com.android.systemui,17301675,NULL,Notification(pri=0 contentView=com.android.systemui/0x1090071 vibrate=null sound=null defaults=0x0 flags=0x2 kind=[null])]
10-17 11:44:51.490 I/SurfaceFlinger(  136): Boot is finished (11417 ms)
10-17 11:44:51.490 D/MountService(  399): sendStorageIntent Intent { act=android.intent.action.MEDIA_CHECKING dat=file:///storage/sdcard1 (has extras) }
10-17 11:44:51.510 D/MtpService(  573): onStorageStateChanged /storage/sdcard1 unmounted -> checking
10-17 11:44:51.530 W/WVMExtractor(  139): Failed to open libwvm.so
10-17 11:44:51.530 W/QComExtractorFactory(  139): Didn't match the sniff <=== status = 5 
10-17 11:44:51.530 W/QComExtractorFactory(  139): Didn't match the sniff <=== status = 1 
10-17 11:44:51.530 W/QComExtractorFactory(  139): Didn't match the sniff <=== status = 1 
10-17 11:44:51.530 I/am_proc_bound(  399): [756,com.android.contacts]
10-17 11:44:51.550 W/QComExtractorFactory(  139): Didn't match the sniff <=== status = 1 
10-17 11:44:51.550 E/MM_OSAL (  139): ValidateAACFile failed
10-17 11:44:51.550 W/QComExtractorFactory(  139): Didn't match the sniff <=== status = 1 
10-17 11:44:51.550 W/QComExtractorFactory(  139): Didn't match the sniff <=== status = 1 
10-17 11:44:51.560 V/WiredAccessoryObserver(  399): init()
10-17 11:44:51.630 E/MP-Decision(  796): MPDecision server starting
10-17 11:44:51.630 E/MP-Decision(  796): OPTION ENABLED: Control sleep modes
10-17 11:44:51.630 E/MP-Decision(  796): OPTION ENABLED: Adjusting average
10-17 11:44:51.630 E/MP-Decision(  796): 
10-17 11:44:51.630 E/MP-Decision(  796):  MP Decision Options:
10-17 11:44:51.630 E/MP-Decision(  796): --poll_ms --decision_ms --no_sleep --avg_comp --debug
10-17 11:44:51.630 E/MP-Decision(  796): --Nw=[1..3]:[value] --Tw=[1..3]:[value] --Ns=[1..3]:[value] --Ts=[1..3]:[value]
10-17 11:44:51.660 W/WVMExtractor(  139): Failed to open libwvm.so
10-17 11:44:51.660 W/QComExtractorFactory(  139): Didn't match the sniff <=== status = 5 
10-17 11:44:51.660 W/QComExtractorFactory(  139): Didn't match the sniff <=== status = 1 
10-17 11:44:51.660 W/QComExtractorFactory(  139): Didn't match the sniff <=== status = 1 
10-17 11:44:51.660 W/QComExtractorFactory(  139): Didn't match the sniff <=== status = 1 
10-17 11:44:51.660 E/MM_OSAL (  139): ValidateAACFile failed
10-17 11:44:51.660 W/QComExtractorFactory(  139): Didn't match the sniff <=== status = 1 
10-17 11:44:51.660 W/QComExtractorFactory(  139): Didn't match the sniff <=== status = 1 
10-17 11:44:51.680 I//system/bin/fsck_msdos(  130): ** /dev/block/vold/179:33
10-17 11:44:51.690 I//system/bin/fsck_msdos(  130): ** Phase 1 - Read FAT (compare skipped)
10-17 11:44:51.690 I//system/bin/fsck_msdos(  130): Attempting to allocate 7483 KB for FAT
10-17 11:44:51.810 D/SizeAdaptiveLayout(  526): com.android.internal.widget.SizeAdaptiveLayout@4234c0f8child view android.widget.FrameLayout@4234e128 measured out of bounds at 95px clamped to 96px
10-17 11:44:51.810 I/am_create_service(  399): [1110266912,com.android.contacts/.calllog.CallLogNotificationsService,act=com.android.contacts.calllog.UPDATE_NOTIFICATIONS,756]
10-17 11:44:51.820 W/WVMExtractor(  139): Failed to open libwvm.so
10-17 11:44:51.820 W/QComExtractorFactory(  139): Didn't match the sniff <=== status = 5 
10-17 11:44:51.820 W/QComExtractorFactory(  139): Didn't match the sniff <=== status = 1 
10-17 11:44:51.820 W/QComExtractorFactory(  139): Didn't match the sniff <=== status = 1 
10-17 11:44:51.820 W/QComExtractorFactory(  139): Didn't match the sniff <=== status = 1 
10-17 11:44:51.820 E/MM_OSAL (  139): ValidateAACFile failed
10-17 11:44:51.820 W/QComExtractorFactory(  139): Didn't match the sniff <=== status = 1 
10-17 11:44:51.820 W/QComExtractorFactory(  139): Didn't match the sniff <=== status = 1 
10-17 11:44:51.830 I/content_query_sample(  605): [content://com.android.contacts/data/callables,data1/data4/custom_ringtone/send_to_voicemail,((custom_ringtone IS NOT NULL OR send_to_voicemail=1) AND data1 IS NOT NULL),,1640,,100]
10-17 11:44:51.850 E/Sensors (  399): sensors_poll_context_t::pollEvents, line 202: receive event #### i=3, nb=1
10-17 11:44:51.870 I/ActivityManager(  399): Start proc com.bel.android.dspmanager for broadcast com.bel.android.dspmanager/.receiver.BootCompletedReceiver: pid=812 uid=10013 gids={3002, 1028}
10-17 11:44:51.870 I/am_proc_start(  399): [812,10013,com.bel.android.dspmanager,broadcast,com.bel.android.dspmanager/.receiver.BootCompletedReceiver]
10-17 11:44:51.940 I/am_proc_bound(  399): [812,com.bel.android.dspmanager]
10-17 11:44:51.960 W/WVMExtractor(  139): Failed to open libwvm.so
10-17 11:44:51.960 W/QComExtractorFactory(  139): Didn't match the sniff <=== status = 5 
10-17 11:44:51.960 W/QComExtractorFactory(  139): Didn't match the sniff <=== status = 1 
10-17 11:44:51.960 W/QComExtractorFactory(  139): Didn't match the sniff <=== status = 1 
10-17 11:44:51.960 W/QComExtractorFactory(  139): Didn't match the sniff <=== status = 1 
10-17 11:44:51.960 E/MM_OSAL (  139): ValidateAACFile failed
10-17 11:44:51.960 W/QComExtractorFactory(  139): Didn't match the sniff <=== status = 1 
10-17 11:44:51.960 W/QComExtractorFactory(  139): Didn't match the sniff <=== status = 1 
10-17 11:44:52.030 I/notification_cancel(  399): [com.android.contacts,1,DefaultVoicemailNotifier,0,64]
10-17 11:44:52.030 I/am_destroy_service(  399): [1110266912,com.android.contacts/.calllog.CallLogNotificationsService,756]
10-17 11:44:52.060 I/am_create_service(  399): [1108790584,com.bel.android.dspmanager/.service.HeadsetService,,812]
10-17 11:44:52.070 I/HeadsetService(  812): Starting service.
10-17 11:44:52.090 W/WVMExtractor(  139): Failed to open libwvm.so
10-17 11:44:52.090 W/QComExtractorFactory(  139): Didn't match the sniff <=== status = 5 
10-17 11:44:52.090 W/QComExtractorFactory(  139): Didn't match the sniff <=== status = 1 
10-17 11:44:52.090 W/QComExtractorFactory(  139): Didn't match the sniff <=== status = 1 
10-17 11:44:52.090 W/QComExtractorFactory(  139): Didn't match the sniff <=== status = 1 
10-17 11:44:52.090 E/MM_OSAL (  139): ValidateAACFile failed
10-17 11:44:52.090 W/QComExtractorFactory(  139): Didn't match the sniff <=== status = 1 
10-17 11:44:52.090 W/QComExtractorFactory(  139): Didn't match the sniff <=== status = 1 
10-17 11:44:52.120 I/RecoverySystem(  399): No recovery log file
10-17 11:44:52.140 I/ActivityManager(  399): Start proc com.cyanogenmod.updater for broadcast com.cyanogenmod.updater/.receiver.UpdateCheckReceiver: pid=838 uid=10007 gids={3003, 1015, 2001, 1028}
10-17 11:44:52.140 I/am_proc_start(  399): [838,10007,com.cyanogenmod.updater,broadcast,com.cyanogenmod.updater/.receiver.UpdateCheckReceiver]
10-17 11:44:52.210 I/am_proc_bound(  399): [838,com.cyanogenmod.updater]
10-17 11:44:52.300 I/AccountTypeManager(  756): Loaded meta-data for 1 account types, 0 accounts in 236ms(wall) 19ms(cpu)
10-17 11:44:52.380 I/UpdateCheckReceiver(  838): Scheduling future, repeating update checks.
10-17 11:44:52.420 I/ActivityManager(  399): Start proc com.cyanogenmod.updater.updater.service.UpdateCheckService for service com.cyanogenmod.updater/.service.UpdateCheckService: pid=856 uid=10007 gids={3003, 1015, 2001, 1028}
10-17 11:44:52.420 I/am_proc_start(  399): [856,10007,com.cyanogenmod.updater.updater.service.UpdateCheckService,service,com.cyanogenmod.updater/.service.UpdateCheckService]
10-17 11:44:52.420 I/dvm_lock_sample(  399): [system_server,0,main,27,ActivityManagerService.java,13295,PendingIntentRecord.java,194,5]
10-17 11:44:52.460 I/ActivityManager(  399): Start proc com.android.providers.calendar for broadcast com.android.providers.calendar/.CalendarReceiver: pid=864 uid=10011 gids={3003, 1015, 1028}
10-17 11:44:52.460 I/am_proc_start(  399): [864,10011,com.android.providers.calendar,broadcast,com.android.providers.calendar/.CalendarReceiver]
10-17 11:44:52.470 I/am_proc_bound(  399): [856,com.cyanogenmod.updater.updater.service.UpdateCheckService]
10-17 11:44:52.480 I/am_create_service(  399): [1109800024,com.cyanogenmod.updater/.service.UpdateCheckService,,856]
10-17 11:44:52.500 I/am_proc_bound(  399): [864,com.android.providers.calendar]
10-17 11:44:52.540 I/UpdateCheckService(  856): Checking for updates...
10-17 11:44:52.550 I/UpdateCheckService(  856): Could not check for updates. Not connected to the network.
10-17 11:44:52.550 I/ActivityThread(  864): Pub com.android.calendar: com.android.providers.calendar.CalendarProvider2
10-17 11:44:52.670 I/am_create_service(  399): [1109801096,com.android.providers.calendar/.EmptyService,,864]
10-17 11:44:52.730 V/AlarmClock(  739): AlarmInitReceiver finished
10-17 11:44:52.740 I/am_create_service(  399): [1109817584,com.android.providers.downloads/.DownloadService,,573]
10-17 11:44:52.760 I/notification_cancel_all(  399): [com.android.providers.downloads,0,64]
10-17 11:44:52.760 I/ActivityManager(  399): Start proc com.android.email for broadcast com.android.email/.service.EmailBroadcastReceiver: pid=891 uid=10018 gids={3003, 1015, 1028}
10-17 11:44:52.760 I/am_proc_start(  399): [891,10018,com.android.email,broadcast,com.android.email/.service.EmailBroadcastReceiver]
10-17 11:44:52.780 I/am_destroy_service(  399): [1109817584,com.android.providers.downloads/.DownloadService,573]
10-17 11:44:52.800 I/am_proc_bound(  399): [891,com.android.email]
10-17 11:44:52.910 I/ActivityThread(  891): Pub com.android.email.provider;com.android.email.notifier: com.android.email.provider.EmailProvider
10-17 11:44:52.930 I//system/bin/fsck_msdos(  130): ** Phase 2 - Check Cluster Chains
10-17 11:44:52.970 I/ActivityThread(  891): Pub com.android.email.attachmentprovider: com.android.email.provider.AttachmentProvider
10-17 11:44:52.970 D/ActivityThread(  891): Loading provider com.android.email.provider;com.android.email.notifier: com.android.email.provider.EmailProvider
10-17 11:44:53.050 I/ActivityManager(  399): Start proc com.android.exchange for service com.android.exchange/.ExchangeService: pid=909 uid=10019 gids={3003, 1015, 1028}
10-17 11:44:53.050 I/am_proc_start(  399): [909,10019,com.android.exchange,service,com.android.exchange/.ExchangeService]
10-17 11:44:53.060 I/am_create_service(  399): [1110081304,com.android.email/.service.EmailBroadcastProcessorService,act=broadcast_receiver,891]
10-17 11:44:53.090 I/am_proc_bound(  399): [909,com.android.exchange]
10-17 11:44:53.100 I/am_create_service(  399): [1110076000,com.android.exchange/.ExchangeService,act=com.android.email.EXCHANGE_INTENT,909]
10-17 11:44:53.180 I/ActivityThread(  909): Pub com.android.exchange.directory.provider: com.android.exchange.provider.ExchangeDirectoryProvider
10-17 11:44:53.210 D/ExchangeService(  909): !!! EAS ExchangeService, onCreate
10-17 11:44:53.220 I/am_create_service(  399): [1109093456,com.android.exchange/.service.ExchangeBroadcastProcessorService,act=broadcast_receiver,909]
10-17 11:44:53.230 D/ExchangeService(  909): !!! EAS ExchangeService, onStartCommand, startingUp = false, running = false
10-17 11:44:53.230 D/ExchangeService(  909): !!! EAS ExchangeService, onStartCommand, startingUp = true, running = false
10-17 11:44:53.230 I/am_destroy_service(  399): [1109093456,com.android.exchange/.service.ExchangeBroadcastProcessorService,909]
10-17 11:44:53.230 I/am_create_service(  399): [1109099048,com.android.providers.media/.MediaScannerService,,573]
10-17 11:44:53.240 D/Eas Debug(  909): Logging: 
10-17 11:44:53.250 D/EmailProvider(  891): fromDatabase accounts: 0
10-17 11:44:53.250 D/EmailProvider(  891): ending toDatabase transaction; copyCount = 0
10-17 11:44:53.260 I/ActivityManager(  399): Start proc com.android.mms for broadcast com.android.mms/.transaction.MmsSystemEventReceiver: pid=929 uid=10028 gids={3003, 1015, 1028}
10-17 11:44:53.260 I/am_proc_start(  399): [929,10028,com.android.mms,broadcast,com.android.mms/.transaction.MmsSystemEventReceiver]
10-17 11:44:53.270 I/am_create_service(  399): [1109105824,com.android.email/.service.AccountService,act=com.android.email.ACCOUNT_INTENT,891]
10-17 11:44:53.280 E/Sensors (  399): sensors_poll_context_t::pollEvents, line 202: receive event #### i=3, nb=1
10-17 11:44:53.300 I/am_proc_bound(  399): [929,com.android.mms]
10-17 11:44:53.310 I/am_destroy_service(  399): [1109105824,com.android.email/.service.AccountService,891]
10-17 11:44:53.320 D/ExchangeService(  909): !!! EAS ExchangeService, onStartCommand, startingUp = true, running = false
10-17 11:44:53.330 D/ExchangeService(  909): Received deviceId from Email app: android1382008413924
10-17 11:44:53.330 D/ExchangeService(  909): Reconciling accounts...
10-17 11:44:53.330 I/am_create_service(  399): [1109460696,com.android.email/.service.AccountService,act=com.android.email.ACCOUNT_INTENT,891]
10-17 11:44:53.340 D/Eas Debug(  909): Logging: 
10-17 11:44:53.340 D/EmailProvider(  891): ending fromDatabase transaction; copyCount = 0
10-17 11:44:53.350 I//system/bin/fsck_msdos(  130): ** Phase 3 - Checking Directories
10-17 11:44:53.370 I/force_gc(  399): Binder
10-17 11:44:53.410 I/ActivityThread(  929): Pub mms_temp_file: com.android.mms.TempFileProvider
10-17 11:44:53.410 I/ActivityThread(  929): Pub com.android.mms.SuggestionsProvider: com.android.mms.SuggestionsProvider
10-17 11:44:53.410 I/ActivityThread(  929): Pub com.android.cm.mms: com.android.mms.templates.TemplatesProvider
10-17 11:44:53.440 D/dalvikvm(  399): GC_EXPLICIT freed 632K, 31% free 5664K/8195K, paused 3ms+6ms, total 67ms
10-17 11:44:53.460 I/content_query_sample(  891): [content://com.android.email.provider/account,_id,,,465,,94]
10-17 11:44:53.470 D/CountryDetector(  399): The first listener is added
10-17 11:44:53.480 I/am_destroy_service(  399): [1109460696,com.android.email/.service.AccountService,891]
10-17 11:44:53.520 V/MmsConfig(  929): mnc/mcc: ,
10-17 11:44:53.520 V/MmsConfig(  929): tag: bool value: enabledMMS - true
10-17 11:44:53.520 V/MmsConfig(  929): tag: int value: maxMessageSize - 307200
10-17 11:44:53.520 V/MmsConfig(  929): tag: int value: maxImageHeight - 480
10-17 11:44:53.520 V/MmsConfig(  929): tag: int value: maxImageWidth - 640
10-17 11:44:53.520 V/MmsConfig(  929): tag: int value: defaultSMSMessagesPerThread - 500
10-17 11:44:53.520 V/MmsConfig(  929): tag: int value: defaultMMSMessagesPerThread - 50
10-17 11:44:53.520 V/MmsConfig(  929): tag: int value: minMessageCountPerThread - 10
10-17 11:44:53.520 V/MmsConfig(  929): tag: int value: maxMessageCountPerThread - 5000
10-17 11:44:53.520 V/MmsConfig(  929): tag: string value: uaProfUrl - http://www.google.com/oha/rdf/ua-profile-kila.xml
10-17 11:44:53.520 V/MmsConfig(  929): tag: int value: recipientLimit - -1
10-17 11:44:53.520 V/MmsConfig(  929): tag: bool value: enableMultipartSMS - true
10-17 11:44:53.520 V/MmsConfig(  929): tag: bool value: enableSplitSMS - false
10-17 11:44:53.520 V/MmsConfig(  929): tag: int value: smsToMmsTextThreshold - -1
10-17 11:44:53.520 V/MmsConfig(  929): tag: bool value: enableSlideDuration - true
10-17 11:44:53.530 V/MmsConfig(  929): tag: int value: maxMessageTextSize - -1
10-17 11:44:53.530 V/MmsConfig(  929): tag: bool value: enableSprintVVM - false
10-17 11:44:53.530 I/am_destroy_service(  399): [1110076000,com.android.exchange/.ExchangeService,909]
10-17 11:44:53.540 I/content_query_sample(  891): [content://com.android.email.provider/account,_id,,,526,,100]
