10-17 11:46:19.089 W/SignalStrength(  526): getLTELevel - rsrp:2147483647 snr:2147483647 rsrpIconLevel:-1 snrIconLevel:-1
10-17 11:46:19.089 W/SignalStrength(  526): getLTELevel - rssi:99 rssiIconLevel:0
10-17 11:46:19.089 W/SignalStrength(  526): getGsmLevel=0
10-17 11:46:19.089 W/SignalStrength(  526): getLevel=0
10-17 11:46:19.089 D/DebugService( 1180): DebugService DebugService:
10-17 11:46:19.089 D/TelephonyDebugService( 1180): TelephonyDebugService()
10-17 11:46:19.089 D/StatusBar.MSimNetworkController(  526): updateDataIcon return
10-17 11:46:19.089 D/StatusBar.MSimNetworkController(  526): refreshViews subscription =1mMSimDataConnected =false
10-17 11:46:19.089 D/StatusBar.MSimNetworkController(  526): refreshViews mMSimDataActivity =0
10-17 11:46:19.089 D/StatusBar.MSimNetworkController(  526): refreshViews connected={ } level=0 mMSimcombinedSignalIconId=0x7f0200f8/com.android.systemui:drawable/stat_sys_signal_null mMSimcombinedActivityIconId=0x0 mAirplaneMode=false mMSimDataActivity=0 mMSimPhoneSignalIconId=0x7f0200f8 mMSimDataDirectionIconId=0x0 mMSimDataSignalIconId=0x7f0200f8 mMSimDataTypeIconId=0x0 mNoMSimIconId=0x0 mWifiIconId=0x0 mBluetoothTetherIconId=0x1080580
10-17 11:46:19.089 E/PHONE   ( 1180): Settings Exception Reading Dual Sim Data Call Values
10-17 11:46:19.089 E/GSM     ( 1180): [MSimGsmDCT:1] Ignore GSM msgs since GSM phone is not the current DDS
10-17 11:46:19.089 E/PHONE   ( 1180): Settings Exception Reading Dual Sim Data Call Values
10-17 11:46:19.089 E/GSM     ( 1180): [MSimGsmDCT:1] Ignore GSM msgs since GSM phone is not the current DDS
10-17 11:46:19.089 E/PHONE   ( 1180): Settings Exception Reading Dual Sim Data Call Values
10-17 11:46:19.089 E/GSM     ( 1180): [MSimGsmDCT:1] Ignore GSM msgs since GSM phone is not the current DDS
10-17 11:46:19.089 E/PHONE   ( 1180): Settings Exception Reading Dual Sim Data Call Values
10-17 11:46:19.089 E/GSM     ( 1180): [MSimGsmDCT:1] Ignore GSM msgs since GSM phone is not the current DDS
10-17 11:46:19.089 D/GSM     ( 1180): MSimGsmSMSDispatcher: subId = 1 slotId = -1
10-17 11:46:19.089 D/RIL_MSimIccCardProxy( 1180): No card available
10-17 11:46:19.089 D/RIL_MSimIccCardProxy( 1180): No card available
10-17 11:46:19.089 D/RILJ    ( 1180): [0008]> RADIO_POWER on [SUB0]
10-17 11:46:19.089 I/GSM     ( 1180): Network State Changed, get EONS and update operator name display
10-17 11:46:19.089 D/RILJ    ( 1180): [0009]> RADIO_POWER on [SUB0]
10-17 11:46:19.099 D/RILJ    ( 1180): [0010]> BASEBAND_VERSION [SUB0]
10-17 11:46:19.099 D/RILJ    ( 1180): [0011]> GET_IMEI [SUB0]
10-17 11:46:19.099 D/RILJ    ( 1180): [0012]> GET_IMEISV [SUB0]
10-17 11:46:19.099 E/PHONE   ( 1180): Settings Exception Reading Dual Sim Data Call Values
10-17 11:46:19.099 D/RILJ    ( 1180): [0013]> RADIO_POWER on [SUB1]
10-17 11:46:19.099 I/GSM     ( 1180): Network State Changed, get EONS and update operator name display
10-17 11:46:19.099 D/RILJ    ( 1180): [0014]> RADIO_POWER on [SUB1]
10-17 11:46:19.099 D/RILJ    ( 1180): [0015]> BASEBAND_VERSION [SUB1]
10-17 11:46:19.099 D/RILJ    ( 1180): [0016]> GET_IMEI [SUB1]
10-17 11:46:19.109 D/RILJ    ( 1180): [0017]> GET_IMEISV [SUB1]
10-17 11:46:19.109 E/PHONE   ( 1180): Settings Exception Reading Dual Sim Data Call Values
10-17 11:46:19.109 E/GSM     ( 1180): [MSimGsmDCT:1] Ignore GSM msgs since GSM phone is not the current DDS
10-17 11:46:19.119 D/Bluetooth HSHFP( 1180): Starting BluetoothHeadsetService
10-17 11:46:19.119 I/notification_cancel(  399): [com.android.phone,5,NULL,0,64]
10-17 11:46:19.119 I/notification_cancel(  399): [com.android.phone,6,NULL,0,64]
10-17 11:46:19.119 I/notification_cancel(  399): [com.android.phone,5,NULL,0,64]
10-17 11:46:19.119 I/notification_cancel(  399): [com.android.phone,21,NULL,0,64]
10-17 11:46:19.129 V/MSimPhoneApp( 1180): Action intent recieved:android.intent.action.ANY_DATA_STATE
10-17 11:46:19.129 V/MSimPhoneApp( 1180): Action intent recieved:android.intent.action.SIM_STATE_CHANGED
10-17 11:46:19.129 V/MSimPhoneApp( 1180): Action intent recieved:android.intent.action.SERVICE_STATE
10-17 11:46:19.129 V/MSimPhoneApp( 1180): Action intent recieved:android.media.RINGER_MODE_CHANGED
10-17 11:46:19.129 D/SubscriptionManager( 1180): EVENT_CARD_INFO_NOT_AVAILABLE
10-17 11:46:19.129 D/SubscriptionManager( 1180): processCardInfoNotAvailable on cardIndex = 0 reason = REASON_RADIO_UNAVAILABLE
10-17 11:46:19.129 D/SubscriptionManager( 1180): processCardInfoNotAvailable mSetSubsModeRequired = true
10-17 11:46:19.129 D/SubscriptionManager( 1180): EVENT_CARD_INFO_NOT_AVAILABLE
10-17 11:46:19.129 D/SubscriptionManager( 1180): processCardInfoNotAvailable on cardIndex = 1 reason = REASON_RADIO_UNAVAILABLE
10-17 11:46:19.129 D/SubscriptionManager( 1180): processCardInfoNotAvailable mSetSubsModeRequired = true
10-17 11:46:19.129 V/MSimPhoneApp( 1180): Action intent recieved:android.intent.action.SERVICE_STATE
10-17 11:46:19.129 V/MSimPhoneApp( 1180): Action intent recieved:android.intent.action.ANY_DATA_STATE
10-17 11:46:19.129 V/MSimPhoneApp( 1180): Action intent recieved:android.intent.action.ANY_DATA_STATE
10-17 11:46:19.139 V/MSimPhoneApp( 1180): Action intent recieved:android.intent.action.ANY_DATA_STATE
10-17 11:46:19.139 V/MSimPhoneApp( 1180): Action intent recieved:android.intent.action.ANY_DATA_STATE
10-17 11:46:19.139 V/MSimPhoneApp( 1180): Action intent recieved:android.intent.action.ANY_DATA_STATE
10-17 11:46:19.139 V/MSimPhoneApp( 1180): Action intent recieved:android.intent.action.ANY_DATA_STATE
10-17 11:46:19.139 V/MSimPhoneApp( 1180): Action intent recieved:android.intent.action.ANY_DATA_STATE
10-17 11:46:19.139 V/MSimPhoneApp( 1180): Action intent recieved:android.intent.action.ANY_DATA_STATE
10-17 11:46:19.139 V/MSimPhoneApp( 1180): Action intent recieved:android.intent.action.ANY_DATA_STATE
10-17 11:46:19.139 V/MSimPhoneApp( 1180): Action intent recieved:android.intent.action.ANY_DATA_STATE
10-17 11:46:19.139 V/MSimPhoneApp( 1180): Action intent recieved:android.intent.action.ANY_DATA_STATE
10-17 11:46:19.139 V/MSimPhoneApp( 1180): Action intent recieved:android.intent.action.ANY_DATA_STATE
10-17 11:46:19.139 V/MSimPhoneApp( 1180): Action intent recieved:android.intent.action.ANY_DATA_STATE
10-17 11:46:19.139 V/MSimPhoneApp( 1180): Action intent recieved:android.intent.action.ANY_DATA_STATE
10-17 11:46:19.139 V/MSimPhoneApp( 1180): Action intent recieved:android.intent.action.ANY_DATA_STATE
10-17 11:46:19.139 V/MSimPhoneApp( 1180): Action intent recieved:android.intent.action.ANY_DATA_STATE
10-17 11:46:19.139 V/MSimPhoneApp( 1180): Action intent recieved:android.intent.action.ANY_DATA_STATE
10-17 11:46:19.149 V/MSimPhoneApp( 1180): Action intent recieved:android.intent.action.ANY_DATA_STATE
10-17 11:46:19.149 V/MSimPhoneApp( 1180): Action intent recieved:android.intent.action.ANY_DATA_STATE
10-17 11:46:19.149 V/MSimPhoneApp( 1180): Action intent recieved:android.intent.action.ANY_DATA_STATE
10-17 11:46:19.149 V/MSimPhoneApp( 1180): Action intent recieved:android.intent.action.ANY_DATA_STATE
10-17 11:46:19.149 V/MSimPhoneApp( 1180): Action intent recieved:android.intent.action.ANY_DATA_STATE
10-17 11:46:19.149 V/MSimPhoneApp( 1180): Action intent recieved:android.intent.action.ANY_DATA_STATE
10-17 11:46:19.149 V/MSimPhoneApp( 1180): Action intent recieved:android.intent.action.ANY_DATA_STATE
10-17 11:46:19.149 V/MSimPhoneApp( 1180): Action intent recieved:android.intent.action.ANY_DATA_STATE
10-17 11:46:19.149 V/MSimPhoneApp( 1180): Action intent recieved:android.intent.action.ANY_DATA_STATE
10-17 11:46:19.149 V/MSimPhoneApp( 1180): Action intent recieved:android.intent.action.ANY_DATA_STATE
10-17 11:46:19.149 V/MSimPhoneApp( 1180): Action intent recieved:android.intent.action.ANY_DATA_STATE
10-17 11:46:19.149 V/MSimPhoneApp( 1180): Action intent recieved:android.intent.action.ANY_DATA_STATE
10-17 11:46:19.149 V/MSimPhoneApp( 1180): Action intent recieved:android.intent.action.ANY_DATA_STATE
10-17 11:46:19.149 V/MSimPhoneApp( 1180): Action intent recieved:android.intent.action.ANY_DATA_STATE
10-17 11:46:19.149 V/MSimPhoneApp( 1180): Action intent recieved:android.intent.action.ANY_DATA_STATE
10-17 11:46:19.149 V/MSimPhoneApp( 1180): Action intent recieved:android.intent.action.ANY_DATA_STATE
10-17 11:46:19.159 V/MSimPhoneApp( 1180): Action intent recieved:android.intent.action.ANY_DATA_STATE
10-17 11:46:19.159 V/MSimPhoneApp( 1180): Action intent recieved:android.intent.action.ANY_DATA_STATE
10-17 11:46:19.159 V/MSimPhoneApp( 1180): Action intent recieved:android.intent.action.ANY_DATA_STATE
10-17 11:46:19.159 V/MSimPhoneApp( 1180): Action intent recieved:android.intent.action.ANY_DATA_STATE
10-17 11:46:19.159 V/MSimPhoneApp( 1180): Action intent recieved:android.intent.action.SERVICE_STATE
10-17 11:46:19.169 I/notification_cancel(  399): [com.android.phone,7,NULL,0,64]
10-17 11:46:19.169 I/notification_cancel(  399): [com.android.phone,7,NULL,0,64]
10-17 11:46:19.169 I/notification_cancel(  399): [com.android.phone,7,NULL,0,64]
10-17 11:46:19.169 I/notification_cancel(  399): [com.android.phone,7,NULL,0,64]
10-17 11:46:19.169 I/notification_cancel(  399): [com.android.phone,7,NULL,0,64]
10-17 11:46:19.169 I/notification_cancel(  399): [com.android.phone,7,NULL,0,64]
10-17 11:46:19.179 I/notification_cancel(  399): [com.android.phone,7,NULL,0,64]
10-17 11:46:19.179 I/notification_cancel(  399): [com.android.phone,7,NULL,0,64]
10-17 11:46:19.179 I/notification_cancel(  399): [com.android.phone,7,NULL,0,64]
10-17 11:46:19.179 I/notification_cancel(  399): [com.android.phone,7,NULL,0,64]
10-17 11:46:19.179 I/notification_cancel(  399): [com.android.phone,7,NULL,0,64]
10-17 11:46:19.179 I/notification_cancel(  399): [com.android.phone,7,NULL,0,64]
10-17 11:46:19.179 I/notification_cancel(  399): [com.android.phone,7,NULL,0,64]
10-17 11:46:19.179 I/notification_cancel(  399): [com.android.phone,7,NULL,0,64]
10-17 11:46:19.179 I/notification_cancel(  399): [com.android.phone,7,NULL,0,64]
10-17 11:46:19.179 I/notification_cancel(  399): [com.android.phone,7,NULL,0,64]
10-17 11:46:19.179 I/notification_cancel(  399): [com.android.phone,7,NULL,0,64]
10-17 11:46:19.179 I/notification_cancel(  399): [com.android.phone,7,NULL,0,64]
10-17 11:46:19.179 I/notification_cancel(  399): [com.android.phone,7,NULL,0,64]
10-17 11:46:19.179 I/notification_cancel(  399): [com.android.phone,7,NULL,0,64]
10-17 11:46:19.179 I/notification_cancel(  399): [com.android.phone,7,NULL,0,64]
10-17 11:46:19.179 I/notification_cancel(  399): [com.android.phone,7,NULL,0,64]
10-17 11:46:19.179 I/notification_cancel(  399): [com.android.phone,7,NULL,0,64]
10-17 11:46:19.189 I/notification_cancel(  399): [com.android.phone,7,NULL,0,64]
10-17 11:46:19.189 I/notification_cancel(  399): [com.android.phone,7,NULL,0,64]
10-17 11:46:19.189 I/notification_cancel(  399): [com.android.phone,7,NULL,0,64]
10-17 11:46:19.189 I/notification_cancel(  399): [com.android.phone,7,NULL,0,64]
10-17 11:46:19.189 I/notification_cancel(  399): [com.android.phone,7,NULL,0,64]
10-17 11:46:19.189 I/notification_cancel(  399): [com.android.phone,7,NULL,0,64]
10-17 11:46:19.189 I/notification_cancel(  399): [com.android.phone,7,NULL,0,64]
10-17 11:46:19.189 I/notification_cancel(  399): [com.android.phone,7,NULL,0,64]
10-17 11:46:19.189 I/notification_cancel(  399): [com.android.phone,7,NULL,0,64]
10-17 11:46:19.189 I/notification_cancel(  399): [com.android.phone,7,NULL,0,64]
10-17 11:46:19.189 I/notification_cancel(  399): [com.android.phone,7,NULL,0,64]
10-17 11:46:19.189 I/notification_cancel(  399): [com.android.phone,7,NULL,0,64]
10-17 11:46:19.189 I/notification_cancel(  399): [com.android.phone,7,NULL,0,64]
10-17 11:46:19.189 I/notification_cancel(  399): [com.android.phone,7,NULL,0,64]
10-17 11:46:19.189 I/notification_cancel(  399): [com.android.phone,7,NULL,0,64]
10-17 11:46:19.199 V/SipBroadcastReceiver( 1180): start auto registration
10-17 11:46:19.419 E/Sensors (  399): sensors_poll_context_t::pollEvents, line 202: receive event #### i=3, nb=1
10-17 11:46:20.839 E/Sensors (  399): sensors_poll_context_t::pollEvents, line 202: receive event #### i=3, nb=1
10-17 11:46:21.449 I/dalvikvm(  399): Jit: resizing JitTable from 4096 to 8192
10-17 11:46:21.449 I/battery_level(  399): [83,4005,350]
10-17 11:46:22.089 E/MP-Decision( 1209): MPDecision server starting
10-17 11:46:22.089 E/MP-Decision( 1209): OPTION ENABLED: Control sleep modes
10-17 11:46:22.089 E/MP-Decision( 1209): OPTION ENABLED: Adjusting average
10-17 11:46:22.089 E/MP-Decision( 1209): 
10-17 11:46:22.089 E/MP-Decision( 1209):  MP Decision Options:
10-17 11:46:22.089 E/MP-Decision( 1209): --poll_ms --decision_ms --no_sleep --avg_comp --debug
10-17 11:46:22.089 E/MP-Decision( 1209): --Nw=[1..3]:[value] --Tw=[1..3]:[value] --Ns=[1..3]:[value] --Ts=[1..3]:[value]
10-17 11:46:22.259 E/Sensors (  399): sensors_poll_context_t::pollEvents, line 202: receive event #### i=3, nb=1
10-17 11:46:23.689 E/Sensors (  399): sensors_poll_context_t::pollEvents, line 202: receive event #### i=3, nb=1
10-17 11:46:24.689 D/dalvikvm(  573): GC_CONCURRENT freed 1776K, 72% free 2337K/8195K, paused 6ms+2ms, total 39ms
10-17 11:46:25.109 E/Sensors (  399): sensors_poll_context_t::pollEvents, line 202: receive event #### i=3, nb=1
10-17 11:46:26.549 E/Sensors (  399): sensors_poll_context_t::pollEvents, line 202: receive event #### i=3, nb=1
10-17 11:46:27.109 E/MP-Decision( 1212): MPDecision server starting
10-17 11:46:27.109 E/MP-Decision( 1212): OPTION ENABLED: Control sleep modes
10-17 11:46:27.109 E/MP-Decision( 1212): OPTION ENABLED: Adjusting average
10-17 11:46:27.109 E/MP-Decision( 1212): 
10-17 11:46:27.109 E/MP-Decision( 1212):  MP Decision Options:
10-17 11:46:27.109 E/MP-Decision( 1212): --poll_ms --decision_ms --no_sleep --avg_comp --debug
10-17 11:46:27.109 E/MP-Decision( 1212): --Nw=[1..3]:[value] --Tw=[1..3]:[value] --Ns=[1..3]:[value] --Ts=[1..3]:[value]
10-17 11:46:27.979 E/Sensors (  399): sensors_poll_context_t::pollEvents, line 202: receive event #### i=3, nb=1
10-17 11:46:29.399 E/Sensors (  399): sensors_poll_context_t::pollEvents, line 202: receive event #### i=3, nb=1
10-17 11:46:30.829 E/Sensors (  399): sensors_poll_context_t::pollEvents, line 202: receive event #### i=3, nb=1
10-17 11:46:32.129 E/MP-Decision( 1215): MPDecision server starting
10-17 11:46:32.129 E/MP-Decision( 1215): OPTION ENABLED: Control sleep modes
10-17 11:46:32.129 E/MP-Decision( 1215): OPTION ENABLED: Adjusting average
10-17 11:46:32.129 E/MP-Decision( 1215): 
10-17 11:46:32.129 E/MP-Decision( 1215):  MP Decision Options:
10-17 11:46:32.129 E/MP-Decision( 1215): --poll_ms --decision_ms --no_sleep --avg_comp --debug
10-17 11:46:32.129 E/MP-Decision( 1215): --Nw=[1..3]:[value] --Tw=[1..3]:[value] --Ns=[1..3]:[value] --Ts=[1..3]:[value]
10-17 11:46:32.319 E/Sensors (  399): sensors_poll_context_t::pollEvents, line 202: receive event #### i=3, nb=1
10-17 11:46:33.739 E/Sensors (  399): sensors_poll_context_t::pollEvents, line 202: receive event #### i=3, nb=1
10-17 11:46:35.159 E/Sensors (  399): sensors_poll_context_t::pollEvents, line 202: receive event #### i=3, nb=1
10-17 11:46:36.579 E/Sensors (  399): sensors_poll_context_t::pollEvents, line 202: receive event #### i=3, nb=1
10-17 11:46:37.139 E/MP-Decision( 1218): MPDecision server starting
10-17 11:46:37.149 E/MP-Decision( 1218): OPTION ENABLED: Control sleep modes
10-17 11:46:37.149 E/MP-Decision( 1218): OPTION ENABLED: Adjusting average
10-17 11:46:37.149 E/MP-Decision( 1218): 
10-17 11:46:37.149 E/MP-Decision( 1218):  MP Decision Options:
10-17 11:46:37.149 E/MP-Decision( 1218): --poll_ms --decision_ms --no_sleep --avg_comp --debug
10-17 11:46:37.149 E/MP-Decision( 1218): --Nw=[1..3]:[value] --Tw=[1..3]:[value] --Ns=[1..3]:[value] --Ts=[1..3]:[value]
10-17 11:46:37.999 E/Sensors (  399): sensors_poll_context_t::pollEvents, line 202: receive event #### i=3, nb=1
10-17 11:46:39.419 E/Sensors (  399): sensors_poll_context_t::pollEvents, line 202: receive event #### i=3, nb=1
10-17 11:46:40.839 E/Sensors (  399): sensors_poll_context_t::pollEvents, line 202: receive event #### i=3, nb=1
10-17 11:46:42.159 E/MP-Decision( 1221): MPDecision server starting
10-17 11:46:42.169 E/MP-Decision( 1221): OPTION ENABLED: Control sleep modes
10-17 11:46:42.169 E/MP-Decision( 1221): OPTION ENABLED: Adjusting average
10-17 11:46:42.169 E/MP-Decision( 1221): 
10-17 11:46:42.169 E/MP-Decision( 1221):  MP Decision Options:
10-17 11:46:42.169 E/MP-Decision( 1221): --poll_ms --decision_ms --no_sleep --avg_comp --debug
10-17 11:46:42.169 E/MP-Decision( 1221): --Nw=[1..3]:[value] --Tw=[1..3]:[value] --Ns=[1..3]:[value] --Ts=[1..3]:[value]
10-17 11:46:42.259 E/Sensors (  399): sensors_poll_context_t::pollEvents, line 202: receive event #### i=3, nb=1
10-17 11:46:42.349 D/dalvikvm(  573): GC_CONCURRENT freed 1735K, 72% free 2360K/8195K, paused 3ms+3ms, total 42ms
10-17 11:46:43.689 E/Sensors (  399): sensors_poll_context_t::pollEvents, line 202: receive event #### i=3, nb=1
10-17 11:46:43.969 I/force_gc(  399): Binder
10-17 11:46:44.029 D/dalvikvm(  399): GC_EXPLICIT freed 756K, 38% free 5705K/9159K, paused 4ms+5ms, total 55ms
10-17 11:46:44.369 I/force_gc(  399): Binder
10-17 11:46:44.419 D/dalvikvm(  399): GC_EXPLICIT freed 160K, 39% free 5656K/9159K, paused 3ms+5ms, total 52ms
10-17 11:46:44.439 I/force_gc(  573): Binder
10-17 11:46:44.469 D/dalvikvm(  573): GC_EXPLICIT freed 733K, 70% free 2488K/8195K, paused 2ms+4ms, total 33ms
10-17 11:46:44.799 I/force_gc(  399): Binder
10-17 11:46:44.849 D/dalvikvm(  399): GC_EXPLICIT freed 110K, 39% free 5656K/9159K, paused 3ms+5ms, total 55ms
10-17 11:46:44.979 W/MediaScanner(  573): Error opening directory '/storage/sdcard1/.android_secure/', skipping: Permission denied.
10-17 11:46:45.109 E/Sensors (  399): sensors_poll_context_t::pollEvents, line 202: receive event #### i=3, nb=1
10-17 11:46:45.239 I/force_gc(  399): Binder
10-17 11:46:45.299 D/dalvikvm(  399): GC_EXPLICIT freed 112K, 39% free 5656K/9159K, paused 3ms+5ms, total 56ms
10-17 11:46:45.309 I/force_gc(  573): Binder
10-17 11:46:45.339 D/dalvikvm(  573): GC_EXPLICIT freed 406K, 69% free 2576K/8195K, paused 2ms+5ms, total 29ms
10-17 11:46:45.689 I/force_gc(  399): Binder
10-17 11:46:45.699 D/dalvikvm(  399): WAIT_FOR_CONCURRENT_GC blocked 1ms
10-17 11:46:45.749 D/dalvikvm(  399): GC_EXPLICIT freed 110K, 39% free 5656K/9159K, paused 3ms+5ms, total 52ms
10-17 11:46:46.079 I/force_gc(  399): Binder
10-17 11:46:46.139 D/dalvikvm(  399): GC_EXPLICIT freed 111K, 39% free 5656K/9159K, paused 3ms+5ms, total 55ms
10-17 11:46:46.149 I/force_gc(  573): Binder
10-17 11:46:46.169 D/dalvikvm(  573): GC_EXPLICIT freed 477K, 69% free 2576K/8195K, paused 2ms+5ms, total 28ms
10-17 11:46:46.489 I/force_gc(  399): Binder
10-17 11:46:46.539 E/Sensors (  399): sensors_poll_context_t::pollEvents, line 202: receive event #### i=3, nb=1
10-17 11:46:46.539 D/dalvikvm(  399): GC_EXPLICIT freed 110K, 39% free 5656K/9159K, paused 3ms+6ms, total 53ms
10-17 11:46:46.869 I/force_gc(  399): Binder
10-17 11:46:46.929 D/dalvikvm(  399): GC_EXPLICIT freed 111K, 39% free 5656K/9159K, paused 3ms+5ms, total 56ms
10-17 11:46:46.939 I/force_gc(  573): Binder
10-17 11:46:46.969 D/dalvikvm(  573): GC_EXPLICIT freed 470K, 69% free 2577K/8195K, paused 2ms+6ms, total 29ms
10-17 11:46:47.179 E/MP-Decision( 1224): MPDecision server starting
10-17 11:46:47.189 E/MP-Decision( 1224): OPTION ENABLED: Control sleep modes
10-17 11:46:47.189 E/MP-Decision( 1224): OPTION ENABLED: Adjusting average
10-17 11:46:47.189 E/MP-Decision( 1224): 
10-17 11:46:47.189 E/MP-Decision( 1224):  MP Decision Options:
10-17 11:46:47.189 E/MP-Decision( 1224): --poll_ms --decision_ms --no_sleep --avg_comp --debug
10-17 11:46:47.189 E/MP-Decision( 1224): --Nw=[1..3]:[value] --Tw=[1..3]:[value] --Ns=[1..3]:[value] --Ts=[1..3]:[value]
10-17 11:46:47.299 I/force_gc(  399): Binder
10-17 11:46:47.359 D/dalvikvm(  399): GC_EXPLICIT freed 110K, 39% free 5656K/9159K, paused 3ms+5ms, total 57ms
10-17 11:46:47.699 I/force_gc(  399): Binder
10-17 11:46:47.749 D/dalvikvm(  399): GC_EXPLICIT freed 111K, 39% free 5656K/9159K, paused 3ms+5ms, total 52ms
10-17 11:46:47.759 I/force_gc(  573): Binder
10-17 11:46:47.789 D/dalvikvm(  573): GC_EXPLICIT freed 477K, 69% free 2577K/8195K, paused 2ms+6ms, total 29ms
10-17 11:46:47.959 E/Sensors (  399): sensors_poll_context_t::pollEvents, line 202: receive event #### i=3, nb=1
10-17 11:46:48.119 I/force_gc(  399): Binder
10-17 11:46:48.179 D/dalvikvm(  399): GC_EXPLICIT freed 110K, 39% free 5656K/9159K, paused 3ms+5ms, total 56ms
10-17 11:46:48.339 D/dalvikvm(  573): null clazz in OP_INSTANCE_OF, single-stepping
10-17 11:46:48.529 I/force_gc(  399): Binder
10-17 11:46:48.579 D/dalvikvm(  399): GC_EXPLICIT freed 118K, 39% free 5657K/9159K, paused 4ms+5ms, total 56ms
10-17 11:46:48.589 I/force_gc(  573): Binder
10-17 11:46:48.619 D/dalvikvm(  573): GC_EXPLICIT freed 469K, 69% free 2572K/8195K, paused 3ms+5ms, total 29ms
10-17 11:46:49.059 I/force_gc(  399): Binder
10-17 11:46:49.109 D/dalvikvm(  399): GC_EXPLICIT freed 111K, 39% free 5656K/9159K, paused 3ms+5ms, total 56ms
10-17 11:46:49.379 E/Sensors (  399): sensors_poll_context_t::pollEvents, line 202: receive event #### i=3, nb=1
10-17 11:46:49.439 I/force_gc(  399): Binder
10-17 11:46:49.499 D/dalvikvm(  399): GC_EXPLICIT freed 111K, 39% free 5655K/9159K, paused 4ms+4ms, total 56ms
10-17 11:46:49.509 I/force_gc(  573): Binder
10-17 11:46:49.539 D/dalvikvm(  573): GC_EXPLICIT freed 491K, 69% free 2575K/8195K, paused 2ms+6ms, total 29ms
10-17 11:46:49.859 I/force_gc(  399): Binder
10-17 11:46:49.919 D/dalvikvm(  399): GC_EXPLICIT freed 110K, 39% free 5656K/9159K, paused 3ms+5ms, total 56ms
10-17 11:46:50.259 I/force_gc(  399): Binder
10-17 11:46:50.309 D/dalvikvm(  399): GC_EXPLICIT freed 111K, 39% free 5655K/9159K, paused 3ms+6ms, total 54ms
10-17 11:46:50.329 I/force_gc(  573): Binder
10-17 11:46:50.359 D/dalvikvm(  573): GC_EXPLICIT freed 496K, 69% free 2577K/8195K, paused 2ms+5ms, total 34ms
10-17 11:46:50.689 I/force_gc(  399): Binder
10-17 11:46:50.739 D/dalvikvm(  399): GC_EXPLICIT freed 110K, 39% free 5656K/9159K, paused 3ms+5ms, total 56ms
10-17 11:46:50.809 E/Sensors (  399): sensors_poll_context_t::pollEvents, line 202: receive event #### i=3, nb=1
10-17 11:46:51.079 I/force_gc(  399): Binder
10-17 11:46:51.139 D/dalvikvm(  399): GC_EXPLICIT freed 111K, 39% free 5655K/9159K, paused 3ms+4ms, total 56ms
10-17 11:46:51.149 I/force_gc(  573): Binder
10-17 11:46:51.169 D/dalvikvm(  573): GC_EXPLICIT freed 498K, 69% free 2577K/8195K, paused 2ms+5ms, total 29ms
10-17 11:46:51.499 I/force_gc(  399): Binder
10-17 11:46:51.549 D/dalvikvm(  399): GC_EXPLICIT freed 110K, 39% free 5656K/9159K, paused 3ms+4ms, total 53ms
10-17 11:46:51.899 I/force_gc(  399): Binder
10-17 11:46:51.949 D/dalvikvm(  399): GC_EXPLICIT freed 111K, 39% free 5655K/9159K, paused 3ms+4ms, total 56ms
10-17 11:46:51.959 I/force_gc(  573): Binder
10-17 11:46:51.989 D/dalvikvm(  573): GC_EXPLICIT freed 497K, 69% free 2577K/8195K, paused 2ms+5ms, total 28ms
10-17 11:46:52.199 E/MP-Decision( 1228): MPDecision server starting
10-17 11:46:52.199 E/MP-Decision( 1228): OPTION ENABLED: Control sleep modes
10-17 11:46:52.209 E/MP-Decision( 1228): OPTION ENABLED: Adjusting average
10-17 11:46:52.209 E/MP-Decision( 1228): 
10-17 11:46:52.209 E/MP-Decision( 1228):  MP Decision Options:
10-17 11:46:52.209 E/MP-Decision( 1228): --poll_ms --decision_ms --no_sleep --avg_comp --debug
10-17 11:46:52.209 E/MP-Decision( 1228): --Nw=[1..3]:[value] --Tw=[1..3]:[value] --Ns=[1..3]:[value] --Ts=[1..3]:[value]
10-17 11:46:52.229 E/Sensors (  399): sensors_poll_context_t::pollEvents, line 202: receive event #### i=3, nb=1
10-17 11:46:52.319 I/force_gc(  399): Binder
10-17 11:46:52.379 D/dalvikvm(  399): GC_EXPLICIT freed 110K, 39% free 5656K/9159K, paused 3ms+5ms, total 56ms
10-17 11:46:52.719 I/force_gc(  399): Binder
10-17 11:46:52.769 D/dalvikvm(  399): GC_EXPLICIT freed 111K, 39% free 5655K/9159K, paused 3ms+5ms, total 55ms
10-17 11:46:52.779 I/force_gc(  573): Binder
10-17 11:46:52.809 D/dalvikvm(  573): GC_EXPLICIT freed 498K, 69% free 2577K/8195K, paused 2ms+5ms, total 29ms
10-17 11:46:53.129 I/force_gc(  399): Binder
10-17 11:46:53.189 D/dalvikvm(  399): GC_EXPLICIT freed 110K, 39% free 5656K/9159K, paused 3ms+5ms, total 53ms
10-17 11:46:53.539 I/force_gc(  399): Binder
10-17 11:46:53.599 D/dalvikvm(  399): GC_EXPLICIT freed 112K, 39% free 5656K/9159K, paused 3ms+4ms, total 56ms
10-17 11:46:53.609 I/force_gc(  573): Binder
10-17 11:46:53.639 D/dalvikvm(  573): GC_EXPLICIT freed 498K, 69% free 2577K/8195K, paused 2ms+5ms, total 28ms
10-17 11:46:53.719 E/Sensors (  399): sensors_poll_context_t::pollEvents, line 202: receive event #### i=3, nb=1
10-17 11:46:53.969 I/force_gc(  399): Binder
10-17 11:46:54.019 D/dalvikvm(  399): GC_EXPLICIT freed 110K, 39% free 5656K/9159K, paused 3ms+4ms, total 56ms
10-17 11:46:54.359 I/force_gc(  399): Binder
10-17 11:46:54.409 D/dalvikvm(  399): GC_EXPLICIT freed 111K, 39% free 5655K/9159K, paused 3ms+4ms, total 56ms
10-17 11:46:54.419 I/force_gc(  573): Binder
10-17 11:46:54.449 D/dalvikvm(  573): GC_EXPLICIT freed 497K, 69% free 2577K/8195K, paused 2ms+5ms, total 29ms
10-17 11:46:54.779 I/force_gc(  399): Binder
10-17 11:46:54.829 D/dalvikvm(  399): GC_EXPLICIT freed 110K, 39% free 5656K/9159K, paused 3ms+4ms, total 52ms
10-17 11:46:55.159 I/force_gc(  399): Binder
10-17 11:46:55.169 D/dalvikvm(  399): WAIT_FOR_CONCURRENT_GC blocked 1ms
10-17 11:46:55.219 D/dalvikvm(  399): GC_EXPLICIT freed 111K, 39% free 5655K/9159K, paused 3ms+5ms, total 52ms
10-17 11:46:55.219 E/Sensors (  399): sensors_poll_context_t::pollEvents, line 202: receive event #### i=3, nb=1
10-17 11:46:55.229 I/force_gc(  573): Binder
10-17 11:46:55.259 D/dalvikvm(  573): GC_EXPLICIT freed 498K, 69% free 2577K/8195K, paused 2ms+5ms, total 29ms
10-17 11:46:55.589 I/force_gc(  399): Binder
10-17 11:46:55.639 D/dalvikvm(  399): GC_EXPLICIT freed 110K, 39% free 5656K/9159K, paused 3ms+4ms, total 52ms
10-17 11:46:55.979 I/force_gc(  399): Binder
10-17 11:46:56.049 D/dalvikvm(  399): GC_EXPLICIT freed 111K, 39% free 5655K/9159K, paused 3ms+5ms, total 65ms
10-17 11:46:56.059 I/force_gc(  573): Binder
10-17 11:46:56.089 D/dalvikvm(  573): GC_EXPLICIT freed 498K, 69% free 2577K/8195K, paused 2ms+6ms, total 30ms
10-17 11:46:56.409 I/force_gc(  399): Binder
10-17 11:46:56.469 D/dalvikvm(  399): GC_EXPLICIT freed 110K, 39% free 5656K/9159K, paused 3ms+5ms, total 55ms
10-17 11:46:56.639 E/Sensors (  399): sensors_poll_context_t::pollEvents, line 202: receive event #### i=3, nb=1
10-17 11:46:56.799 I/force_gc(  399): Binder
10-17 11:46:56.849 D/dalvikvm(  399): GC_EXPLICIT freed 111K, 39% free 5655K/9159K, paused 3ms+4ms, total 53ms
10-17 11:46:56.869 I/force_gc(  573): Binder
10-17 11:46:56.899 D/dalvikvm(  573): GC_EXPLICIT freed 498K, 69% free 2577K/8195K, paused 2ms+5ms, total 29ms
10-17 11:46:57.219 E/MP-Decision( 1231): MPDecision server starting
10-17 11:46:57.219 E/MP-Decision( 1231): OPTION ENABLED: Control sleep modes
10-17 11:46:57.219 E/MP-Decision( 1231): OPTION ENABLED: Adjusting average
10-17 11:46:57.219 E/MP-Decision( 1231): 
10-17 11:46:57.219 E/MP-Decision( 1231):  MP Decision Options:
10-17 11:46:57.219 E/MP-Decision( 1231): --poll_ms --decision_ms --no_sleep --avg_comp --debug
10-17 11:46:57.219 E/MP-Decision( 1231): --Nw=[1..3]:[value] --Tw=[1..3]:[value] --Ns=[1..3]:[value] --Ts=[1..3]:[value]
10-17 11:46:57.229 I/force_gc(  399): Binder
10-17 11:46:57.279 D/dalvikvm(  399): GC_EXPLICIT freed 110K, 39% free 5656K/9159K, paused 3ms+5ms, total 52ms
10-17 11:46:57.619 I/force_gc(  399): Binder
10-17 11:46:57.679 D/dalvikvm(  399): GC_EXPLICIT freed 111K, 39% free 5656K/9159K, paused 3ms+4ms, total 53ms
10-17 11:46:57.689 I/force_gc(  573): Binder
10-17 11:46:57.719 D/dalvikvm(  573): GC_EXPLICIT freed 498K, 69% free 2577K/8195K, paused 2ms+6ms, total 29ms
10-17 11:46:58.039 I/force_gc(  399): Binder
10-17 11:46:58.069 E/Sensors (  399): sensors_poll_context_t::pollEvents, line 202: receive event #### i=3, nb=1
10-17 11:46:58.099 D/dalvikvm(  399): GC_EXPLICIT freed 110K, 39% free 5656K/9159K, paused 3ms+5ms, total 54ms
10-17 11:46:58.429 I/force_gc(  399): Binder
10-17 11:46:58.479 D/dalvikvm(  399): GC_EXPLICIT freed 111K, 39% free 5655K/9159K, paused 3ms+4ms, total 52ms
10-17 11:46:58.489 I/force_gc(  573): Binder
10-17 11:46:58.519 D/dalvikvm(  573): GC_EXPLICIT freed 498K, 69% free 2577K/8195K, paused 2ms+5ms, total 28ms
10-17 11:46:58.849 I/force_gc(  399): Binder
10-17 11:46:58.909 D/dalvikvm(  399): GC_EXPLICIT freed 110K, 39% free 5656K/9159K, paused 3ms+5ms, total 54ms
10-17 11:46:59.249 I/force_gc(  399): Binder
10-17 11:46:59.299 D/dalvikvm(  399): GC_EXPLICIT freed 111K, 39% free 5655K/9159K, paused 2ms+4ms, total 53ms
10-17 11:46:59.309 I/force_gc(  573): Binder
10-17 11:46:59.339 D/dalvikvm(  573): GC_EXPLICIT freed 498K, 69% free 2577K/8195K, paused 2ms+5ms, total 28ms
10-17 11:46:59.559 E/Sensors (  399): sensors_poll_context_t::pollEvents, line 202: receive event #### i=3, nb=1
10-17 11:46:59.669 I/force_gc(  399): Binder
10-17 11:46:59.719 D/dalvikvm(  399): GC_EXPLICIT freed 110K, 39% free 5656K/9159K, paused 3ms+4ms, total 52ms
10-17 11:47:00.109 I/force_gc(  399): Binder
10-17 11:47:00.159 D/dalvikvm(  399): GC_EXPLICIT freed 127K, 39% free 5657K/9159K, paused 3ms+5ms, total 53ms
10-17 11:47:00.169 I/force_gc(  573): Binder
10-17 11:47:00.199 D/dalvikvm(  573): GC_EXPLICIT freed 498K, 69% free 2577K/8195K, paused 2ms+6ms, total 29ms
10-17 11:47:00.529 I/force_gc(  399): Binder
10-17 11:47:00.579 D/dalvikvm(  399): GC_EXPLICIT freed 112K, 39% free 5656K/9159K, paused 3ms+5ms, total 53ms
10-17 11:47:00.919 I/force_gc(  399): Binder
10-17 11:47:00.969 D/dalvikvm(  399): GC_EXPLICIT freed 111K, 39% free 5655K/9159K, paused 3ms+4ms, total 53ms
10-17 11:47:00.979 E/Sensors (  399): sensors_poll_context_t::pollEvents, line 202: receive event #### i=3, nb=1
10-17 11:47:00.979 I/force_gc(  573): Binder
10-17 11:47:01.009 D/dalvikvm(  573): GC_EXPLICIT freed 498K, 69% free 2577K/8195K, paused 2ms+6ms, total 29ms
10-17 11:47:01.339 I/force_gc(  399): Binder
10-17 11:47:01.389 D/dalvikvm(  399): GC_EXPLICIT freed 110K, 39% free 5656K/9159K, paused 3ms+5ms, total 56ms
10-17 11:47:01.719 I/force_gc(  399): Binder
10-17 11:47:01.779 D/dalvikvm(  399): GC_EXPLICIT freed 111K, 39% free 5655K/9159K, paused 3ms+5ms, total 57ms
10-17 11:47:01.799 I/force_gc(  573): Binder
10-17 11:47:01.819 D/dalvikvm(  573): GC_EXPLICIT freed 498K, 69% free 2577K/8195K, paused 2ms+6ms, total 28ms
10-17 11:47:02.149 I/force_gc(  399): Binder
10-17 11:47:02.199 D/dalvikvm(  399): GC_EXPLICIT freed 110K, 39% free 5656K/9159K, paused 3ms+5ms, total 56ms
10-17 11:47:02.229 E/MP-Decision( 1235): MPDecision server starting
10-17 11:47:02.229 E/MP-Decision( 1235): OPTION ENABLED: Control sleep modes
10-17 11:47:02.229 E/MP-Decision( 1235): OPTION ENABLED: Adjusting average
10-17 11:47:02.229 E/MP-Decision( 1235): 
10-17 11:47:02.229 E/MP-Decision( 1235):  MP Decision Options:
10-17 11:47:02.229 E/MP-Decision( 1235): --poll_ms --decision_ms --no_sleep --avg_comp --debug
10-17 11:47:02.229 E/MP-Decision( 1235): --Nw=[1..3]:[value] --Tw=[1..3]:[value] --Ns=[1..3]:[value] --Ts=[1..3]:[value]
10-17 11:47:02.409 E/Sensors (  399): sensors_poll_context_t::pollEvents, line 202: receive event #### i=3, nb=1
10-17 11:47:02.549 I/force_gc(  399): Binder
10-17 11:47:02.599 D/dalvikvm(  399): GC_EXPLICIT freed 111K, 39% free 5655K/9159K, paused 3ms+4ms, total 56ms
10-17 11:47:02.609 I/force_gc(  573): Binder
10-17 11:47:02.639 D/dalvikvm(  573): GC_EXPLICIT freed 498K, 69% free 2577K/8195K, paused 2ms+5ms, total 29ms
10-17 11:47:02.969 I/force_gc(  399): Binder
10-17 11:47:03.019 D/dalvikvm(  399): GC_EXPLICIT freed 110K, 39% free 5656K/9159K, paused 4ms+4ms, total 53ms
10-17 11:47:03.359 I/force_gc(  399): Binder
10-17 11:47:03.419 D/dalvikvm(  399): GC_EXPLICIT freed 111K, 39% free 5655K/9159K, paused 3ms+5ms, total 53ms
10-17 11:47:03.429 I/force_gc(  573): Binder
10-17 11:47:03.459 D/dalvikvm(  573): GC_EXPLICIT freed 498K, 69% free 2577K/8195K, paused 2ms+6ms, total 29ms
10-17 11:47:03.779 I/force_gc(  399): Binder
10-17 11:47:03.829 E/Sensors (  399): sensors_poll_context_t::pollEvents, line 202: receive event #### i=3, nb=1
10-17 11:47:03.839 D/dalvikvm(  399): GC_EXPLICIT freed 110K, 39% free 5656K/9159K, paused 3ms+4ms, total 53ms
10-17 11:47:04.179 I/force_gc(  399): Binder
10-17 11:47:04.229 D/dalvikvm(  399): GC_EXPLICIT freed 111K, 39% free 5655K/9159K, paused 3ms+4ms, total 55ms
10-17 11:47:04.239 I/force_gc(  573): Binder
10-17 11:47:04.269 D/dalvikvm(  573): GC_EXPLICIT freed 498K, 69% free 2577K/8195K, paused 2ms+6ms, total 29ms
10-17 11:47:04.599 I/force_gc(  399): Binder
10-17 11:47:04.659 D/dalvikvm(  399): GC_EXPLICIT freed 110K, 39% free 5656K/9159K, paused 4ms+5ms, total 57ms
10-17 11:47:04.999 I/force_gc(  399): Binder
10-17 11:47:05.049 D/dalvikvm(  399): GC_EXPLICIT freed 113K, 39% free 5655K/9159K, paused 3ms+5ms, total 54ms
10-17 11:47:05.059 I/force_gc(  573): Binder
10-17 11:47:05.089 D/dalvikvm(  573): GC_EXPLICIT freed 498K, 69% free 2577K/8195K, paused 2ms+6ms, total 28ms
10-17 11:47:05.249 E/Sensors (  399): sensors_poll_context_t::pollEvents, line 202: receive event #### i=3, nb=1
10-17 11:47:05.419 I/force_gc(  399): Binder
10-17 11:47:05.469 D/dalvikvm(  399): GC_EXPLICIT freed 110K, 39% free 5656K/9159K, paused 3ms+5ms, total 56ms
10-17 11:47:05.809 I/force_gc(  399): Binder
10-17 11:47:05.859 D/dalvikvm(  399): GC_EXPLICIT freed 111K, 39% free 5655K/9159K, paused 3ms+4ms, total 56ms
10-17 11:47:05.869 I/force_gc(  573): Binder
10-17 11:47:05.899 D/dalvikvm(  573): GC_EXPLICIT freed 498K, 69% free 2577K/8195K, paused 2ms+5ms, total 29ms
10-17 11:47:06.229 I/force_gc(  399): Binder
10-17 11:47:06.289 D/dalvikvm(  399): GC_EXPLICIT freed 110K, 39% free 5656K/9159K, paused 3ms+5ms, total 57ms
10-17 11:47:06.629 I/force_gc(  399): Binder
10-17 11:47:06.669 E/Sensors (  399): sensors_poll_context_t::pollEvents, line 202: receive event #### i=3, nb=1
10-17 11:47:06.689 D/dalvikvm(  399): GC_EXPLICIT freed 111K, 39% free 5655K/9159K, paused 3ms+5ms, total 56ms
10-17 11:47:06.699 I/force_gc(  573): Binder
10-17 11:47:06.729 D/dalvikvm(  573): GC_EXPLICIT freed 498K, 69% free 2577K/8195K, paused 2ms+5ms, total 28ms
10-17 11:47:07.049 I/force_gc(  399): Binder
10-17 11:47:07.109 D/dalvikvm(  399): GC_EXPLICIT freed 110K, 39% free 5656K/9159K, paused 3ms+5ms, total 56ms
10-17 11:47:07.249 E/MP-Decision( 1239): MPDecision server starting
10-17 11:47:07.249 E/MP-Decision( 1239): OPTION ENABLED: Control sleep modes
10-17 11:47:07.249 E/MP-Decision( 1239): OPTION ENABLED: Adjusting average
10-17 11:47:07.249 E/MP-Decision( 1239): 
10-17 11:47:07.249 E/MP-Decision( 1239):  MP Decision Options:
10-17 11:47:07.249 E/MP-Decision( 1239): --poll_ms --decision_ms --no_sleep --avg_comp --debug
10-17 11:47:07.249 E/MP-Decision( 1239): --Nw=[1..3]:[value] --Tw=[1..3]:[value] --Ns=[1..3]:[value] --Ts=[1..3]:[value]
10-17 11:47:07.449 I/force_gc(  399): Binder
10-17 11:47:07.509 D/dalvikvm(  399): GC_EXPLICIT freed 111K, 39% free 5655K/9159K, paused 3ms+4ms, total 56ms
10-17 11:47:07.519 I/force_gc(  573): Binder
10-17 11:47:07.549 D/dalvikvm(  573): GC_EXPLICIT freed 498K, 69% free 2577K/8195K, paused 2ms+6ms, total 29ms
10-17 11:47:07.869 I/force_gc(  399): Binder
10-17 11:47:07.929 D/dalvikvm(  399): GC_EXPLICIT freed 110K, 39% free 5656K/9159K, paused 3ms+4ms, total 56ms
10-17 11:47:08.099 E/Sensors (  399): sensors_poll_context_t::pollEvents, line 202: receive event #### i=3, nb=1
10-17 11:47:08.259 I/force_gc(  399): Binder
10-17 11:47:08.319 D/dalvikvm(  399): GC_EXPLICIT freed 111K, 39% free 5655K/9159K, paused 3ms+5ms, total 55ms
10-17 11:47:08.329 I/force_gc(  573): Binder
10-17 11:47:08.359 D/dalvikvm(  573): GC_EXPLICIT freed 498K, 69% free 2577K/8195K, paused 2ms+6ms, total 28ms
10-17 11:47:08.679 I/force_gc(  399): Binder
10-17 11:47:08.739 D/dalvikvm(  399): GC_EXPLICIT freed 110K, 39% free 5656K/9159K, paused 3ms+4ms, total 54ms
10-17 11:47:09.069 I/force_gc(  399): Binder
10-17 11:47:09.119 D/dalvikvm(  399): GC_EXPLICIT freed 111K, 39% free 5655K/9159K, paused 3ms+5ms, total 56ms
10-17 11:47:09.129 I/force_gc(  573): Binder
10-17 11:47:09.159 D/dalvikvm(  573): GC_EXPLICIT freed 498K, 69% free 2577K/8195K, paused 2ms+5ms, total 28ms
10-17 11:47:09.489 I/force_gc(  399): Binder
10-17 11:47:09.519 E/Sensors (  399): sensors_poll_context_t::pollEvents, line 202: receive event #### i=3, nb=1
10-17 11:47:09.549 D/dalvikvm(  399): GC_EXPLICIT freed 110K, 39% free 5656K/9159K, paused 3ms+5ms, total 57ms
10-17 11:47:09.879 I/force_gc(  399): Binder
10-17 11:47:09.929 D/dalvikvm(  399): GC_EXPLICIT freed 111K, 39% free 5655K/9159K, paused 3ms+5ms, total 55ms
10-17 11:47:09.939 I/force_gc(  573): Binder
10-17 11:47:09.969 D/dalvikvm(  573): GC_EXPLICIT freed 498K, 69% free 2577K/8195K, paused 3ms+5ms, total 29ms
10-17 11:47:10.299 I/force_gc(  399): Binder
10-17 11:47:10.349 D/dalvikvm(  399): GC_EXPLICIT freed 110K, 39% free 5656K/9159K, paused 3ms+5ms, total 53ms
10-17 11:47:10.689 I/force_gc(  399): Binder
10-17 11:47:10.739 D/dalvikvm(  399): GC_EXPLICIT freed 111K, 39% free 5655K/9159K, paused 3ms+5ms, total 55ms
10-17 11:47:10.759 I/force_gc(  573): Binder
10-17 11:47:10.789 D/dalvikvm(  573): GC_EXPLICIT freed 498K, 69% free 2577K/8195K, paused 2ms+5ms, total 29ms
10-17 11:47:10.939 E/Sensors (  399): sensors_poll_context_t::pollEvents, line 202: receive event #### i=3, nb=1
10-17 11:47:11.109 I/force_gc(  399): Binder
10-17 11:47:11.169 D/dalvikvm(  399): GC_EXPLICIT freed 110K, 39% free 5656K/9159K, paused 3ms+5ms, total 53ms
10-17 11:47:11.499 I/force_gc(  399): Binder
10-17 11:47:11.559 D/dalvikvm(  399): GC_EXPLICIT freed 111K, 39% free 5655K/9159K, paused 3ms+5ms, total 57ms
10-17 11:47:11.569 I/force_gc(  573): Binder
10-17 11:47:11.599 D/dalvikvm(  573): GC_EXPLICIT freed 498K, 69% free 2577K/8195K, paused 2ms+6ms, total 29ms
10-17 11:47:11.929 I/force_gc(  399): Binder
10-17 11:47:11.979 D/dalvikvm(  399): GC_EXPLICIT freed 110K, 39% free 5656K/9159K, paused 3ms+5ms, total 56ms
10-17 11:47:12.259 E/MP-Decision( 1242): MPDecision server starting
10-17 11:47:12.259 E/MP-Decision( 1242): OPTION ENABLED: Control sleep modes
10-17 11:47:12.269 E/MP-Decision( 1242): OPTION ENABLED: Adjusting average
10-17 11:47:12.269 E/MP-Decision( 1242): 
10-17 11:47:12.269 E/MP-Decision( 1242):  MP Decision Options:
10-17 11:47:12.269 E/MP-Decision( 1242): --poll_ms --decision_ms --no_sleep --avg_comp --debug
10-17 11:47:12.269 E/MP-Decision( 1242): --Nw=[1..3]:[value] --Tw=[1..3]:[value] --Ns=[1..3]:[value] --Ts=[1..3]:[value]
10-17 11:47:12.319 I/force_gc(  399): Binder
10-17 11:47:12.369 E/Sensors (  399): sensors_poll_context_t::pollEvents, line 202: receive event #### i=3, nb=1
10-17 11:47:12.379 D/dalvikvm(  399): GC_EXPLICIT freed 111K, 39% free 5655K/9159K, paused 3ms+5ms, total 57ms
10-17 11:47:12.389 I/force_gc(  573): Binder
10-17 11:47:12.419 D/dalvikvm(  573): GC_EXPLICIT freed 498K, 69% free 2577K/8195K, paused 2ms+6ms, total 28ms
10-17 11:47:12.739 I/force_gc(  399): Binder
10-17 11:47:12.799 D/dalvikvm(  399): GC_EXPLICIT freed 110K, 39% free 5656K/9159K, paused 3ms+5ms, total 56ms
10-17 11:47:13.129 I/force_gc(  399): Binder
10-17 11:47:13.189 D/dalvikvm(  399): GC_EXPLICIT freed 111K, 39% free 5655K/9159K, paused 3ms+5ms, total 57ms
10-17 11:47:13.199 I/force_gc(  573): Binder
10-17 11:47:13.229 D/dalvikvm(  573): GC_EXPLICIT freed 498K, 69% free 2577K/8195K, paused 2ms+6ms, total 29ms
10-17 11:47:13.549 I/force_gc(  399): Binder
10-17 11:47:13.609 D/dalvikvm(  399): GC_EXPLICIT freed 110K, 39% free 5656K/9159K, paused 4ms+5ms, total 56ms
10-17 11:47:13.789 E/Sensors (  399): sensors_poll_context_t::pollEvents, line 202: receive event #### i=3, nb=1
10-17 11:47:13.939 I/force_gc(  399): Binder
10-17 11:47:13.999 D/dalvikvm(  399): GC_EXPLICIT freed 111K, 39% free 5655K/9159K, paused 3ms+4ms, total 55ms
10-17 11:47:14.009 I/force_gc(  573): Binder
10-17 11:47:14.039 D/dalvikvm(  573): GC_EXPLICIT freed 497K, 69% free 2577K/8195K, paused 2ms+5ms, total 29ms
10-17 11:47:14.359 I/force_gc(  399): Binder
10-17 11:47:14.409 D/dalvikvm(  399): GC_EXPLICIT freed 110K, 39% free 5656K/9159K, paused 3ms+4ms, total 56ms
10-17 11:47:14.749 I/force_gc(  399): Binder
10-17 11:47:14.809 D/dalvikvm(  399): GC_EXPLICIT freed 111K, 39% free 5655K/9159K, paused 3ms+5ms, total 56ms
10-17 11:47:14.819 I/force_gc(  573): Binder
10-17 11:47:14.849 D/dalvikvm(  573): GC_EXPLICIT freed 498K, 69% free 2577K/8195K, paused 2ms+5ms, total 29ms
10-17 11:47:15.179 I/force_gc(  399): Binder
10-17 11:47:15.209 E/Sensors (  399): sensors_poll_context_t::pollEvents, line 202: receive event #### i=3, nb=1
10-17 11:47:15.239 D/dalvikvm(  399): GC_EXPLICIT freed 110K, 39% free 5656K/9159K, paused 3ms+5ms, total 56ms
10-17 11:47:15.569 I/force_gc(  399): Binder
10-17 11:47:15.619 D/dalvikvm(  399): GC_EXPLICIT freed 111K, 39% free 5655K/9159K, paused 3ms+5ms, total 52ms
10-17 11:47:15.639 I/force_gc(  573): Binder
10-17 11:47:15.669 D/dalvikvm(  573): GC_EXPLICIT freed 498K, 69% free 2577K/8195K, paused 2ms+6ms, total 29ms
10-17 11:47:15.989 I/force_gc(  399): Binder
10-17 11:47:16.039 D/dalvikvm(  399): GC_EXPLICIT freed 110K, 39% free 5656K/9159K, paused 3ms+5ms, total 56ms
10-17 11:47:16.379 I/force_gc(  399): Binder
10-17 11:47:16.429 D/dalvikvm(  399): GC_EXPLICIT freed 111K, 39% free 5655K/9159K, paused 3ms+5ms, total 53ms
10-17 11:47:16.449 I/force_gc(  573): Binder
10-17 11:47:16.479 D/dalvikvm(  573): GC_EXPLICIT freed 498K, 69% free 2577K/8195K, paused 3ms+6ms, total 29ms
10-17 11:47:16.639 E/Sensors (  399): sensors_poll_context_t::pollEvents, line 202: receive event #### i=3, nb=1
10-17 11:47:16.799 I/force_gc(  399): Binder
10-17 11:47:16.859 D/dalvikvm(  399): GC_EXPLICIT freed 110K, 39% free 5656K/9159K, paused 3ms+4ms, total 56ms
10-17 11:47:17.189 I/force_gc(  399): Binder
10-17 11:47:17.249 D/dalvikvm(  399): GC_EXPLICIT freed 111K, 39% free 5655K/9159K, paused 3ms+5ms, total 56ms
10-17 11:47:17.249 I/force_gc(  573): Binder
10-17 11:47:17.279 E/MP-Decision( 1245): MPDecision server starting
10-17 11:47:17.279 E/MP-Decision( 1245): OPTION ENABLED: Control sleep modes
10-17 11:47:17.279 E/MP-Decision( 1245): OPTION ENABLED: Adjusting average
10-17 11:47:17.279 E/MP-Decision( 1245): 
10-17 11:47:17.279 E/MP-Decision( 1245):  MP Decision Options:
10-17 11:47:17.279 E/MP-Decision( 1245): --poll_ms --decision_ms --no_sleep --avg_comp --debug
10-17 11:47:17.279 E/MP-Decision( 1245): --Nw=[1..3]:[value] --Tw=[1..3]:[value] --Ns=[1..3]:[value] --Ts=[1..3]:[value]
10-17 11:47:17.289 D/dalvikvm(  573): GC_EXPLICIT freed 498K, 69% free 2577K/8195K, paused 2ms+6ms, total 37ms
10-17 11:47:17.609 I/force_gc(  399): Binder
10-17 11:47:17.659 D/dalvikvm(  399): GC_EXPLICIT freed 110K, 39% free 5656K/9159K, paused 3ms+4ms, total 53ms
10-17 11:47:17.999 I/force_gc(  399): Binder
10-17 11:47:18.059 D/dalvikvm(  399): GC_EXPLICIT freed 111K, 39% free 5655K/9159K, paused 3ms+5ms, total 55ms
10-17 11:47:18.059 E/Sensors (  399): sensors_poll_context_t::pollEvents, line 202: receive event #### i=3, nb=1
10-17 11:47:18.069 I/force_gc(  573): Binder
10-17 11:47:18.089 D/dalvikvm(  573): GC_EXPLICIT freed 498K, 69% free 2577K/8195K, paused 2ms+5ms, total 28ms
10-17 11:47:18.419 I/force_gc(  399): Binder
10-17 11:47:18.469 D/dalvikvm(  399): GC_EXPLICIT freed 110K, 39% free 5656K/9159K, paused 3ms+4ms, total 55ms
10-17 11:47:18.809 I/force_gc(  399): Binder
10-17 11:47:18.859 D/dalvikvm(  399): GC_EXPLICIT freed 111K, 39% free 5655K/9159K, paused 3ms+5ms, total 55ms
10-17 11:47:18.869 I/force_gc(  573): Binder
10-17 11:47:18.899 D/dalvikvm(  573): GC_EXPLICIT freed 498K, 69% free 2577K/8195K, paused 2ms+5ms, total 29ms
10-17 11:47:19.159 D/RILJ    ( 1180): NOTE: mReqWaiting is NOT 0 but9 at TIMEOUT, reset! There still msg waitng for response
10-17 11:47:19.159 D/RILJ    ( 1180): WAKE_LOCK_TIMEOUT  mRequestList=9
10-17 11:47:19.159 D/RILJ    ( 1180): 0: [0] SET_SUPP_SVC_NOTIFICATION
10-17 11:47:19.159 D/RILJ    ( 1180): 1: [1] SCREEN_STATE
10-17 11:47:19.159 D/RILJ    ( 1180): 2: [4] GET_CURRENT_CALLS
10-17 11:47:19.159 D/RILJ    ( 1180): 3: [5] RADIO_POWER
10-17 11:47:19.159 D/RILJ    ( 1180): 4: [8] RADIO_POWER
10-17 11:47:19.159 D/RILJ    ( 1180): 5: [9] RADIO_POWER
10-17 11:47:19.159 D/RILJ    ( 1180): 6: [10] BASEBAND_VERSION
10-17 11:47:19.159 D/RILJ    ( 1180): 7: [11] GET_IMEI
10-17 11:47:19.159 D/RILJ    ( 1180): 8: [12] GET_IMEISV
10-17 11:47:19.169 D/RILJ    ( 1180): NOTE: mReqWaiting is NOT 0 but9 at TIMEOUT, reset! There still msg waitng for response
10-17 11:47:19.169 D/RILJ    ( 1180): WAKE_LOCK_TIMEOUT  mRequestList=9
10-17 11:47:19.169 D/RILJ    ( 1180): 0: [2] SET_SUPP_SVC_NOTIFICATION
10-17 11:47:19.169 D/RILJ    ( 1180): 1: [3] SCREEN_STATE
10-17 11:47:19.169 D/RILJ    ( 1180): 2: [6] GET_CURRENT_CALLS
10-17 11:47:19.169 D/RILJ    ( 1180): 3: [7] RADIO_POWER
10-17 11:47:19.169 D/RILJ    ( 1180): 4: [13] RADIO_POWER
10-17 11:47:19.169 D/RILJ    ( 1180): 5: [14] RADIO_POWER
10-17 11:47:19.169 D/RILJ    ( 1180): 6: [15] BASEBAND_VERSION
10-17 11:47:19.169 D/RILJ    ( 1180): 7: [16] GET_IMEI
10-17 11:47:19.169 D/RILJ    ( 1180): 8: [17] GET_IMEISV
10-17 11:47:19.229 I/force_gc(  399): Binder
10-17 11:47:19.279 D/dalvikvm(  399): GC_EXPLICIT freed 110K, 39% free 5656K/9159K, paused 3ms+5ms, total 55ms
10-17 11:47:19.479 E/Sensors (  399): sensors_poll_context_t::pollEvents, line 202: receive event #### i=3, nb=1
10-17 11:47:19.619 I/force_gc(  399): Binder
10-17 11:47:19.669 D/dalvikvm(  399): GC_EXPLICIT freed 111K, 39% free 5655K/9159K, paused 3ms+4ms, total 56ms
10-17 11:47:19.679 I/force_gc(  573): Binder
10-17 11:47:19.709 D/dalvikvm(  573): GC_EXPLICIT freed 498K, 69% free 2577K/8195K, paused 2ms+5ms, total 29ms
10-17 11:47:20.039 I/force_gc(  399): Binder
10-17 11:47:20.099 D/dalvikvm(  399): GC_EXPLICIT freed 110K, 39% free 5655K/9159K, paused 3ms+5ms, total 55ms
10-17 11:47:20.429 I/force_gc(  399): Binder
10-17 11:47:20.479 D/dalvikvm(  399): GC_EXPLICIT freed 111K, 39% free 5655K/9159K, paused 3ms+5ms, total 55ms
10-17 11:47:20.489 I/force_gc(  573): Binder
10-17 11:47:20.519 D/dalvikvm(  573): GC_EXPLICIT freed 498K, 69% free 2577K/8195K, paused 2ms+6ms, total 29ms
10-17 11:47:20.839 I/force_gc(  399): Binder
10-17 11:47:20.899 D/dalvikvm(  399): GC_EXPLICIT freed 110K, 39% free 5655K/9159K, paused 3ms+5ms, total 55ms
10-17 11:47:20.909 E/Sensors (  399): sensors_poll_context_t::pollEvents, line 202: receive event #### i=3, nb=1
10-17 11:47:21.229 I/force_gc(  399): Binder
10-17 11:47:21.279 D/dalvikvm(  399): GC_EXPLICIT freed 111K, 39% free 5655K/9159K, paused 3ms+5ms, total 56ms
10-17 11:47:21.289 I/force_gc(  573): Binder
10-17 11:47:21.319 D/dalvikvm(  573): GC_EXPLICIT freed 498K, 69% free 2577K/8195K, paused 2ms+5ms, total 28ms
10-17 11:47:21.649 I/force_gc(  399): Binder
10-17 11:47:21.699 D/dalvikvm(  399): GC_EXPLICIT freed 110K, 39% free 5655K/9159K, paused 3ms+5ms, total 55ms
