10-17 11:47:25.179 E/Sensors (  399): sensors_poll_context_t::pollEvents, line 202: receive event #### i=3, nb=1
10-17 11:47:25.269 I/force_gc(  399): Binder
10-17 11:47:25.329 D/dalvikvm(  399): GC_EXPLICIT freed 111K, 39% free 5655K/9159K, paused 3ms+5ms, total 56ms
10-17 11:47:25.339 I/force_gc(  573): Binder
10-17 11:47:25.359 D/dalvikvm(  573): GC_EXPLICIT freed 498K, 69% free 2577K/8195K, paused 2ms+5ms, total 29ms
10-17 11:47:25.689 I/force_gc(  399): Binder
10-17 11:47:25.739 D/dalvikvm(  399): GC_EXPLICIT freed 110K, 39% free 5655K/9159K, paused 3ms+4ms, total 55ms
10-17 11:47:26.069 I/force_gc(  399): Binder
10-17 11:47:26.119 D/dalvikvm(  399): GC_EXPLICIT freed 111K, 39% free 5655K/9159K, paused 3ms+5ms, total 55ms
10-17 11:47:26.129 I/force_gc(  573): Binder
10-17 11:47:26.159 D/dalvikvm(  573): GC_EXPLICIT freed 498K, 69% free 2577K/8195K, paused 2ms+5ms, total 29ms
10-17 11:47:26.479 I/force_gc(  399): Binder
10-17 11:47:26.539 D/dalvikvm(  399): GC_EXPLICIT freed 110K, 39% free 5655K/9159K, paused 3ms+4ms, total 55ms
10-17 11:47:26.599 E/Sensors (  399): sensors_poll_context_t::pollEvents, line 202: receive event #### i=3, nb=1
10-17 11:47:26.869 I/force_gc(  399): Binder
10-17 11:47:26.919 D/dalvikvm(  399): GC_EXPLICIT freed 111K, 39% free 5655K/9159K, paused 3ms+5ms, total 55ms
10-17 11:47:26.929 I/force_gc(  573): Binder
10-17 11:47:26.959 D/dalvikvm(  573): GC_EXPLICIT freed 498K, 69% free 2577K/8195K, paused 2ms+7ms, total 29ms
10-17 11:47:27.289 I/force_gc(  399): Binder
10-17 11:47:27.299 E/MP-Decision( 1252): MPDecision server starting
10-17 11:47:27.299 E/MP-Decision( 1252): OPTION ENABLED: Control sleep modes
10-17 11:47:27.309 E/MP-Decision( 1252): OPTION ENABLED: Adjusting average
10-17 11:47:27.309 E/MP-Decision( 1252): 
10-17 11:47:27.309 E/MP-Decision( 1252):  MP Decision Options:
10-17 11:47:27.309 E/MP-Decision( 1252): --poll_ms --decision_ms --no_sleep --avg_comp --debug
10-17 11:47:27.309 E/MP-Decision( 1252): --Nw=[1..3]:[value] --Tw=[1..3]:[value] --Ns=[1..3]:[value] --Ts=[1..3]:[value]
10-17 11:47:27.349 D/dalvikvm(  399): GC_EXPLICIT freed 110K, 39% free 5655K/9159K, paused 3ms+4ms, total 58ms
10-17 11:47:27.679 I/force_gc(  399): Binder
10-17 11:47:27.739 D/dalvikvm(  399): GC_EXPLICIT freed 111K, 39% free 5655K/9159K, paused 3ms+5ms, total 55ms
10-17 11:47:27.749 I/force_gc(  573): Binder
10-17 11:47:27.779 D/dalvikvm(  573): GC_EXPLICIT freed 498K, 69% free 2577K/8195K, paused 2ms+6ms, total 28ms
10-17 11:47:28.019 E/Sensors (  399): sensors_poll_context_t::pollEvents, line 202: receive event #### i=3, nb=1
10-17 11:47:28.099 I/force_gc(  399): Binder
10-17 11:47:28.149 D/dalvikvm(  399): GC_EXPLICIT freed 110K, 39% free 5655K/9159K, paused 3ms+5ms, total 55ms
10-17 11:47:28.489 I/force_gc(  399): Binder
10-17 11:47:28.539 D/dalvikvm(  399): GC_EXPLICIT freed 111K, 39% free 5655K/9159K, paused 3ms+5ms, total 56ms
10-17 11:47:28.549 I/force_gc(  573): Binder
10-17 11:47:28.579 D/dalvikvm(  573): GC_EXPLICIT freed 498K, 69% free 2577K/8195K, paused 2ms+5ms, total 28ms
10-17 11:47:28.909 I/force_gc(  399): Binder
10-17 11:47:28.959 D/dalvikvm(  399): GC_EXPLICIT freed 110K, 39% free 5655K/9159K, paused 3ms+4ms, total 56ms
10-17 11:47:29.289 I/force_gc(  399): Binder
10-17 11:47:29.349 D/dalvikvm(  399): GC_EXPLICIT freed 111K, 39% free 5655K/9159K, paused 3ms+4ms, total 55ms
10-17 11:47:29.359 I/force_gc(  573): Binder
10-17 11:47:29.389 D/dalvikvm(  573): GC_EXPLICIT freed 498K, 69% free 2577K/8195K, paused 2ms+6ms, total 29ms
10-17 11:47:29.449 E/Sensors (  399): sensors_poll_context_t::pollEvents, line 202: receive event #### i=3, nb=1
10-17 11:47:29.739 I/force_gc(  399): Binder
10-17 11:47:29.799 D/dalvikvm(  399): GC_EXPLICIT freed 110K, 39% free 5655K/9159K, paused 3ms+5ms, total 55ms
10-17 11:47:30.249 I/force_gc(  399): Binder
10-17 11:47:30.299 D/dalvikvm(  399): GC_EXPLICIT freed 111K, 39% free 5655K/9159K, paused 3ms+4ms, total 53ms
10-17 11:47:30.309 I/force_gc(  573): Binder
10-17 11:47:30.339 D/dalvikvm(  573): GC_EXPLICIT freed 491K, 69% free 2576K/8195K, paused 2ms+5ms, total 28ms
10-17 11:47:30.669 I/force_gc(  399): Binder
10-17 11:47:30.719 D/dalvikvm(  399): GC_EXPLICIT freed 110K, 39% free 5655K/9159K, paused 3ms+5ms, total 55ms
10-17 11:47:30.869 E/Sensors (  399): sensors_poll_context_t::pollEvents, line 202: receive event #### i=3, nb=1
10-17 11:47:31.059 I/force_gc(  399): Binder
10-17 11:47:31.119 D/dalvikvm(  399): GC_EXPLICIT freed 111K, 39% free 5655K/9159K, paused 3ms+4ms, total 54ms
10-17 11:47:31.129 I/force_gc(  573): Binder
10-17 11:47:31.159 D/dalvikvm(  573): GC_EXPLICIT freed 530K, 69% free 2577K/8195K, paused 2ms+6ms, total 30ms
10-17 11:47:31.269 I/battery_level(  399): [83,4007,360]
10-17 11:47:31.579 I/force_gc(  399): Binder
10-17 11:47:31.639 D/dalvikvm(  399): GC_EXPLICIT freed 120K, 39% free 5657K/9159K, paused 3ms+4ms, total 52ms
10-17 11:47:31.969 I/force_gc(  399): Binder
10-17 11:47:32.019 D/dalvikvm(  399): GC_EXPLICIT freed 112K, 39% free 5655K/9159K, paused 2ms+5ms, total 52ms
10-17 11:47:32.029 I/force_gc(  573): Binder
10-17 11:47:32.059 D/dalvikvm(  573): GC_EXPLICIT freed 534K, 69% free 2576K/8195K, paused 2ms+5ms, total 28ms
10-17 11:47:32.289 E/Sensors (  399): sensors_poll_context_t::pollEvents, line 202: receive event #### i=3, nb=1
10-17 11:47:32.319 E/MP-Decision( 1255): MPDecision server starting
10-17 11:47:32.329 E/MP-Decision( 1255): OPTION ENABLED: Control sleep modes
10-17 11:47:32.329 E/MP-Decision( 1255): OPTION ENABLED: Adjusting average
10-17 11:47:32.329 E/MP-Decision( 1255): 
10-17 11:47:32.329 E/MP-Decision( 1255):  MP Decision Options:
10-17 11:47:32.329 E/MP-Decision( 1255): --poll_ms --decision_ms --no_sleep --avg_comp --debug
10-17 11:47:32.329 E/MP-Decision( 1255): --Nw=[1..3]:[value] --Tw=[1..3]:[value] --Ns=[1..3]:[value] --Ts=[1..3]:[value]
10-17 11:47:32.429 I/force_gc(  399): Binder
10-17 11:47:32.479 D/dalvikvm(  399): GC_EXPLICIT freed 110K, 39% free 5656K/9159K, paused 3ms+5ms, total 53ms
10-17 11:47:32.829 I/force_gc(  399): Binder
10-17 11:47:32.879 D/dalvikvm(  399): GC_EXPLICIT freed 111K, 39% free 5655K/9159K, paused 3ms+4ms, total 52ms
10-17 11:47:32.899 I/force_gc(  573): Binder
10-17 11:47:32.929 D/dalvikvm(  573): GC_EXPLICIT freed 538K, 69% free 2576K/8195K, paused 2ms+5ms, total 28ms
10-17 11:47:33.259 I/force_gc(  399): Binder
10-17 11:47:33.309 D/dalvikvm(  399): GC_EXPLICIT freed 110K, 39% free 5656K/9159K, paused 3ms+5ms, total 52ms
10-17 11:47:33.689 I/force_gc(  399): Binder
10-17 11:47:33.719 E/Sensors (  399): sensors_poll_context_t::pollEvents, line 202: receive event #### i=3, nb=1
10-17 11:47:33.749 D/dalvikvm(  399): GC_EXPLICIT freed 111K, 39% free 5655K/9159K, paused 3ms+4ms, total 56ms
10-17 11:47:33.759 I/force_gc(  573): Binder
10-17 11:47:33.789 D/dalvikvm(  573): GC_EXPLICIT freed 541K, 69% free 2578K/8195K, paused 2ms+5ms, total 29ms
10-17 11:47:34.119 I/force_gc(  399): Binder
10-17 11:47:34.169 D/dalvikvm(  399): GC_EXPLICIT freed 110K, 39% free 5656K/9159K, paused 2ms+4ms, total 55ms
10-17 11:47:34.509 I/force_gc(  399): Binder
10-17 11:47:34.559 D/dalvikvm(  399): GC_EXPLICIT freed 111K, 39% free 5655K/9159K, paused 3ms+4ms, total 56ms
10-17 11:47:34.569 I/force_gc(  573): Binder
10-17 11:47:34.599 D/dalvikvm(  573): GC_EXPLICIT freed 541K, 69% free 2578K/8195K, paused 2ms+5ms, total 30ms
10-17 11:47:34.929 I/force_gc(  399): Binder
10-17 11:47:34.989 D/dalvikvm(  399): GC_EXPLICIT freed 110K, 39% free 5656K/9159K, paused 3ms+4ms, total 56ms
10-17 11:47:35.139 E/Sensors (  399): sensors_poll_context_t::pollEvents, line 202: receive event #### i=3, nb=1
10-17 11:47:35.319 I/force_gc(  399): Binder
10-17 11:47:35.379 D/dalvikvm(  399): GC_EXPLICIT freed 111K, 39% free 5655K/9159K, paused 3ms+4ms, total 55ms
10-17 11:47:35.389 I/force_gc(  573): Binder
10-17 11:47:35.419 D/dalvikvm(  573): GC_EXPLICIT freed 539K, 69% free 2578K/8195K, paused 2ms+5ms, total 28ms
10-17 11:47:35.749 I/force_gc(  399): Binder
10-17 11:47:35.809 D/dalvikvm(  399): GC_EXPLICIT freed 110K, 39% free 5656K/9159K, paused 3ms+4ms, total 55ms
10-17 11:47:36.149 I/force_gc(  399): Binder
10-17 11:47:36.199 D/dalvikvm(  399): GC_EXPLICIT freed 111K, 39% free 5655K/9159K, paused 2ms+5ms, total 51ms
10-17 11:47:36.219 I/force_gc(  573): Binder
10-17 11:47:36.249 D/dalvikvm(  573): GC_EXPLICIT freed 542K, 69% free 2578K/8195K, paused 2ms+5ms, total 28ms
10-17 11:47:36.569 E/Sensors (  399): sensors_poll_context_t::pollEvents, line 202: receive event #### i=3, nb=1
10-17 11:47:36.579 I/force_gc(  399): Binder
10-17 11:47:36.629 D/dalvikvm(  399): GC_EXPLICIT freed 110K, 39% free 5656K/9159K, paused 3ms+5ms, total 55ms
10-17 11:47:36.979 I/force_gc(  399): Binder
10-17 11:47:37.029 D/dalvikvm(  399): GC_EXPLICIT freed 111K, 39% free 5655K/9159K, paused 3ms+4ms, total 55ms
10-17 11:47:37.039 I/force_gc(  573): Binder
10-17 11:47:37.069 D/dalvikvm(  573): GC_EXPLICIT freed 540K, 69% free 2578K/8195K, paused 2ms+5ms, total 30ms
10-17 11:47:37.339 E/MP-Decision( 1258): MPDecision server starting
10-17 11:47:37.339 E/MP-Decision( 1258): OPTION ENABLED: Control sleep modes
10-17 11:47:37.339 E/MP-Decision( 1258): OPTION ENABLED: Adjusting average
10-17 11:47:37.339 E/MP-Decision( 1258): 
10-17 11:47:37.339 E/MP-Decision( 1258):  MP Decision Options:
10-17 11:47:37.339 E/MP-Decision( 1258): --poll_ms --decision_ms --no_sleep --avg_comp --debug
10-17 11:47:37.339 E/MP-Decision( 1258): --Nw=[1..3]:[value] --Tw=[1..3]:[value] --Ns=[1..3]:[value] --Ts=[1..3]:[value]
10-17 11:47:37.419 I/force_gc(  399): Binder
10-17 11:47:37.469 D/dalvikvm(  399): GC_EXPLICIT freed 110K, 39% free 5656K/9159K, paused 3ms+5ms, total 55ms
10-17 11:47:37.809 I/force_gc(  399): Binder
10-17 11:47:37.869 D/dalvikvm(  399): GC_EXPLICIT freed 111K, 39% free 5655K/9159K, paused 3ms+4ms, total 55ms
10-17 11:47:37.879 I/force_gc(  573): Binder
10-17 11:47:37.909 D/dalvikvm(  573): GC_EXPLICIT freed 541K, 69% free 2578K/8195K, paused 2ms+5ms, total 29ms
10-17 11:47:37.989 E/Sensors (  399): sensors_poll_context_t::pollEvents, line 202: receive event #### i=3, nb=1
10-17 11:47:38.249 I/force_gc(  399): Binder
10-17 11:47:38.309 D/dalvikvm(  399): GC_EXPLICIT freed 110K, 39% free 5656K/9159K, paused 3ms+5ms, total 55ms
10-17 11:47:38.649 I/force_gc(  399): Binder
10-17 11:47:38.699 D/dalvikvm(  399): GC_EXPLICIT freed 111K, 39% free 5655K/9159K, paused 3ms+5ms, total 55ms
10-17 11:47:38.709 I/force_gc(  573): Binder
10-17 11:47:38.739 D/dalvikvm(  573): GC_EXPLICIT freed 541K, 69% free 2578K/8195K, paused 2ms+5ms, total 28ms
10-17 11:47:39.079 I/force_gc(  399): Binder
10-17 11:47:39.129 D/dalvikvm(  399): GC_EXPLICIT freed 110K, 39% free 5656K/9159K, paused 3ms+5ms, total 56ms
10-17 11:47:39.409 E/Sensors (  399): sensors_poll_context_t::pollEvents, line 202: receive event #### i=3, nb=1
10-17 11:47:39.469 I/force_gc(  399): Binder
10-17 11:47:39.529 D/dalvikvm(  399): GC_EXPLICIT freed 111K, 39% free 5655K/9159K, paused 3ms+5ms, total 54ms
10-17 11:47:39.539 I/force_gc(  573): Binder
10-17 11:47:39.569 D/dalvikvm(  573): GC_EXPLICIT freed 540K, 69% free 2578K/8195K, paused 2ms+6ms, total 29ms
10-17 11:47:39.909 I/force_gc(  399): Binder
10-17 11:47:39.969 D/dalvikvm(  399): GC_EXPLICIT freed 110K, 39% free 5656K/9159K, paused 3ms+5ms, total 55ms
10-17 11:47:40.309 I/force_gc(  399): Binder
10-17 11:47:40.359 D/dalvikvm(  399): GC_EXPLICIT freed 111K, 39% free 5655K/9159K, paused 3ms+5ms, total 56ms
10-17 11:47:40.369 I/force_gc(  573): Binder
10-17 11:47:40.399 D/dalvikvm(  573): GC_EXPLICIT freed 540K, 69% free 2578K/8195K, paused 2ms+5ms, total 28ms
10-17 11:47:40.729 I/force_gc(  399): Binder
10-17 11:47:40.789 D/dalvikvm(  399): GC_EXPLICIT freed 110K, 39% free 5656K/9159K, paused 3ms+5ms, total 53ms
10-17 11:47:40.829 E/Sensors (  399): sensors_poll_context_t::pollEvents, line 202: receive event #### i=3, nb=1
10-17 11:47:41.139 I/force_gc(  399): Binder
10-17 11:47:41.189 D/dalvikvm(  399): GC_EXPLICIT freed 111K, 39% free 5655K/9159K, paused 3ms+4ms, total 52ms
10-17 11:47:41.199 I/force_gc(  573): Binder
10-17 11:47:41.229 D/dalvikvm(  573): GC_EXPLICIT freed 540K, 69% free 2578K/8195K, paused 2ms+5ms, total 28ms
10-17 11:47:41.559 I/force_gc(  399): Binder
10-17 11:47:41.619 D/dalvikvm(  399): GC_EXPLICIT freed 110K, 39% free 5656K/9159K, paused 4ms+5ms, total 53ms
10-17 11:47:41.959 I/force_gc(  399): Binder
10-17 11:47:42.009 D/dalvikvm(  399): GC_EXPLICIT freed 111K, 39% free 5655K/9159K, paused 3ms+5ms, total 52ms
10-17 11:47:42.019 I/force_gc(  573): Binder
10-17 11:47:42.059 D/dalvikvm(  573): GC_EXPLICIT freed 541K, 69% free 2578K/8195K, paused 2ms+5ms, total 36ms
10-17 11:47:42.259 E/Sensors (  399): sensors_poll_context_t::pollEvents, line 202: receive event #### i=3, nb=1
10-17 11:47:42.349 E/MP-Decision( 1261): MPDecision server starting
10-17 11:47:42.349 E/MP-Decision( 1261): OPTION ENABLED: Control sleep modes
10-17 11:47:42.349 E/MP-Decision( 1261): OPTION ENABLED: Adjusting average
10-17 11:47:42.349 E/MP-Decision( 1261): 
10-17 11:47:42.349 E/MP-Decision( 1261):  MP Decision Options:
10-17 11:47:42.349 E/MP-Decision( 1261): --poll_ms --decision_ms --no_sleep --avg_comp --debug
10-17 11:47:42.349 E/MP-Decision( 1261): --Nw=[1..3]:[value] --Tw=[1..3]:[value] --Ns=[1..3]:[value] --Ts=[1..3]:[value]
10-17 11:47:42.409 I/force_gc(  399): Binder
10-17 11:47:42.459 D/dalvikvm(  399): GC_EXPLICIT freed 110K, 39% free 5656K/9159K, paused 3ms+4ms, total 53ms
10-17 11:47:42.799 I/force_gc(  399): Binder
10-17 11:47:42.849 D/dalvikvm(  399): GC_EXPLICIT freed 111K, 39% free 5655K/9159K, paused 3ms+5ms, total 53ms
10-17 11:47:42.859 I/force_gc(  573): Binder
10-17 11:47:42.889 D/dalvikvm(  573): GC_EXPLICIT freed 541K, 69% free 2578K/8195K, paused 3ms+6ms, total 29ms
10-17 11:47:43.229 I/force_gc(  399): Binder
10-17 11:47:43.279 D/dalvikvm(  399): GC_EXPLICIT freed 110K, 39% free 5656K/9159K, paused 3ms+4ms, total 52ms
10-17 11:47:43.619 I/force_gc(  399): Binder
10-17 11:47:43.679 D/dalvikvm(  399): GC_EXPLICIT freed 111K, 39% free 5655K/9159K, paused 3ms+4ms, total 52ms
10-17 11:47:43.679 E/Sensors (  399): sensors_poll_context_t::pollEvents, line 202: receive event #### i=3, nb=1
10-17 11:47:43.689 I/force_gc(  573): Binder
10-17 11:47:43.719 D/dalvikvm(  573): GC_EXPLICIT freed 541K, 69% free 2578K/8195K, paused 2ms+6ms, total 29ms
10-17 11:47:44.059 I/force_gc(  399): Binder
10-17 11:47:44.109 D/dalvikvm(  399): GC_EXPLICIT freed 110K, 39% free 5656K/9159K, paused 3ms+6ms, total 53ms
10-17 11:47:44.459 I/force_gc(  399): Binder
10-17 11:47:44.519 D/dalvikvm(  399): GC_EXPLICIT freed 111K, 39% free 5655K/9159K, paused 3ms+4ms, total 52ms
10-17 11:47:44.529 I/force_gc(  573): Binder
10-17 11:47:44.559 D/dalvikvm(  573): GC_EXPLICIT freed 547K, 69% free 2577K/8195K, paused 2ms+5ms, total 30ms
10-17 11:47:44.879 I/force_gc(  399): Binder
10-17 11:47:44.929 D/dalvikvm(  399): GC_EXPLICIT freed 110K, 39% free 5656K/9159K, paused 3ms+4ms, total 53ms
10-17 11:47:45.179 E/Sensors (  399): sensors_poll_context_t::pollEvents, line 202: receive event #### i=3, nb=1
10-17 11:47:45.259 I/force_gc(  399): Binder
10-17 11:47:45.319 D/dalvikvm(  399): GC_EXPLICIT freed 111K, 39% free 5655K/9159K, paused 3ms+4ms, total 52ms
10-17 11:47:45.329 I/force_gc(  573): Binder
10-17 11:47:45.359 D/dalvikvm(  573): GC_EXPLICIT freed 549K, 69% free 2572K/8195K, paused 3ms+6ms, total 29ms
10-17 11:47:45.679 I/force_gc(  399): Binder
10-17 11:47:45.729 D/dalvikvm(  399): GC_EXPLICIT freed 110K, 39% free 5656K/9159K, paused 3ms+5ms, total 52ms
10-17 11:47:46.069 I/force_gc(  399): Binder
10-17 11:47:46.129 D/dalvikvm(  399): GC_EXPLICIT freed 111K, 39% free 5655K/9159K, paused 3ms+4ms, total 52ms
10-17 11:47:46.139 I/force_gc(  573): Binder
10-17 11:47:46.169 D/dalvikvm(  573): GC_EXPLICIT freed 546K, 69% free 2573K/8195K, paused 2ms+5ms, total 28ms
10-17 11:47:46.489 I/force_gc(  399): Binder
10-17 11:47:46.539 D/dalvikvm(  399): GC_EXPLICIT freed 110K, 39% free 5656K/9159K, paused 3ms+5ms, total 53ms
10-17 11:47:46.599 E/Sensors (  399): sensors_poll_context_t::pollEvents, line 202: receive event #### i=3, nb=1
10-17 11:47:46.889 I/force_gc(  399): Binder
10-17 11:47:46.939 D/dalvikvm(  399): GC_EXPLICIT freed 111K, 39% free 5655K/9159K, paused 3ms+4ms, total 52ms
10-17 11:47:46.949 I/force_gc(  573): Binder
10-17 11:47:46.989 D/dalvikvm(  573): GC_EXPLICIT freed 531K, 69% free 2572K/8195K, paused 3ms+6ms, total 35ms
10-17 11:47:47.319 I/force_gc(  399): Binder
10-17 11:47:47.369 E/MP-Decision( 1264): MPDecision server starting
10-17 11:47:47.369 E/MP-Decision( 1264): OPTION ENABLED: Control sleep modes
10-17 11:47:47.369 E/MP-Decision( 1264): OPTION ENABLED: Adjusting average
10-17 11:47:47.369 E/MP-Decision( 1264): 
10-17 11:47:47.369 E/MP-Decision( 1264):  MP Decision Options:
10-17 11:47:47.369 E/MP-Decision( 1264): --poll_ms --decision_ms --no_sleep --avg_comp --debug
10-17 11:47:47.369 E/MP-Decision( 1264): --Nw=[1..3]:[value] --Tw=[1..3]:[value] --Ns=[1..3]:[value] --Ts=[1..3]:[value]
10-17 11:47:47.379 D/dalvikvm(  399): GC_EXPLICIT freed 110K, 39% free 5656K/9159K, paused 3ms+5ms, total 55ms
10-17 11:47:47.709 I/force_gc(  399): Binder
10-17 11:47:47.759 D/dalvikvm(  399): GC_EXPLICIT freed 111K, 39% free 5655K/9159K, paused 3ms+4ms, total 52ms
10-17 11:47:47.779 I/force_gc(  573): Binder
10-17 11:47:47.799 D/dalvikvm(  573): GC_EXPLICIT freed 487K, 69% free 2575K/8195K, paused 2ms+6ms, total 28ms
10-17 11:47:48.019 E/Sensors (  399): sensors_poll_context_t::pollEvents, line 202: receive event #### i=3, nb=1
10-17 11:47:48.129 I/force_gc(  399): Binder
10-17 11:47:48.189 D/dalvikvm(  399): GC_EXPLICIT freed 110K, 39% free 5656K/9159K, paused 3ms+4ms, total 52ms
10-17 11:47:48.379 W/SocketClient(  133): write error (Broken pipe)
10-17 11:47:48.529 I/force_gc(  399): Binder
10-17 11:47:48.589 D/dalvikvm(  399): GC_EXPLICIT freed 118K, 39% free 5656K/9159K, paused 3ms+5ms, total 52ms
10-17 11:47:48.599 I/force_gc(  573): Binder
10-17 11:47:48.629 D/dalvikvm(  573): GC_EXPLICIT freed 482K, 69% free 2577K/8195K, paused 2ms+6ms, total 28ms
10-17 11:47:48.959 I/force_gc(  399): Binder
10-17 11:47:49.009 D/dalvikvm(  399): GC_EXPLICIT freed 111K, 39% free 5655K/9159K, paused 3ms+5ms, total 52ms
10-17 11:47:49.349 I/force_gc(  399): Binder
10-17 11:47:49.399 D/dalvikvm(  399): GC_EXPLICIT freed 111K, 39% free 5655K/9159K, paused 3ms+5ms, total 52ms
10-17 11:47:49.409 I/force_gc(  573): Binder
10-17 11:47:49.439 D/dalvikvm(  573): GC_EXPLICIT freed 538K, 69% free 2576K/8195K, paused 2ms+5ms, total 28ms
10-17 11:47:49.519 E/Sensors (  399): sensors_poll_context_t::pollEvents, line 202: receive event #### i=3, nb=1
10-17 11:47:49.759 I/force_gc(  399): Binder
10-17 11:47:49.819 D/dalvikvm(  399): GC_EXPLICIT freed 110K, 39% free 5655K/9159K, paused 3ms+4ms, total 53ms
10-17 11:47:50.179 I/force_gc(  399): Binder
10-17 11:47:50.239 D/dalvikvm(  399): GC_EXPLICIT freed 111K, 39% free 5655K/9159K, paused 3ms+5ms, total 52ms
10-17 11:47:50.249 I/force_gc(  573): Binder
10-17 11:47:50.279 D/dalvikvm(  573): GC_EXPLICIT freed 528K, 69% free 2576K/8195K, paused 2ms+5ms, total 34ms
10-17 11:47:50.609 I/force_gc(  399): Binder
10-17 11:47:50.659 D/dalvikvm(  399): GC_EXPLICIT freed 110K, 39% free 5655K/9159K, paused 3ms+6ms, total 56ms
10-17 11:47:50.939 E/Sensors (  399): sensors_poll_context_t::pollEvents, line 202: receive event #### i=3, nb=1
10-17 11:47:50.999 I/force_gc(  399): Binder
10-17 11:47:51.049 D/dalvikvm(  399): GC_EXPLICIT freed 111K, 39% free 5655K/9159K, paused 3ms+4ms, total 52ms
10-17 11:47:51.059 I/force_gc(  573): Binder
10-17 11:47:51.089 D/dalvikvm(  573): GC_EXPLICIT freed 515K, 69% free 2577K/8195K, paused 2ms+6ms, total 29ms
10-17 11:47:51.419 I/force_gc(  399): Binder
10-17 11:47:51.469 D/dalvikvm(  399): GC_EXPLICIT freed 110K, 39% free 5655K/9159K, paused 3ms+5ms, total 56ms
10-17 11:47:51.809 I/force_gc(  399): Binder
10-17 11:47:51.859 D/dalvikvm(  399): GC_EXPLICIT freed 111K, 39% free 5655K/9159K, paused 3ms+4ms, total 51ms
10-17 11:47:51.879 I/force_gc(  573): Binder
10-17 11:47:51.899 D/dalvikvm(  573): GC_EXPLICIT freed 517K, 69% free 2577K/8195K, paused 2ms+5ms, total 28ms
10-17 11:47:52.229 I/force_gc(  399): Binder
10-17 11:47:52.279 D/dalvikvm(  399): GC_EXPLICIT freed 110K, 39% free 5655K/9159K, paused 3ms+4ms, total 52ms
10-17 11:47:52.379 E/MP-Decision( 1269): MPDecision server starting
10-17 11:47:52.389 E/MP-Decision( 1269): OPTION ENABLED: Control sleep modes
10-17 11:47:52.389 E/MP-Decision( 1269): OPTION ENABLED: Adjusting average
10-17 11:47:52.389 E/MP-Decision( 1269): 
10-17 11:47:52.389 E/MP-Decision( 1269):  MP Decision Options:
10-17 11:47:52.389 E/MP-Decision( 1269): --poll_ms --decision_ms --no_sleep --avg_comp --debug
10-17 11:47:52.389 E/MP-Decision( 1269): --Nw=[1..3]:[value] --Tw=[1..3]:[value] --Ns=[1..3]:[value] --Ts=[1..3]:[value]
10-17 11:47:52.439 E/Sensors (  399): sensors_poll_context_t::pollEvents, line 202: receive event #### i=3, nb=1
10-17 11:47:52.629 I/force_gc(  399): Binder
10-17 11:47:52.679 D/dalvikvm(  399): GC_EXPLICIT freed 111K, 39% free 5655K/9159K, paused 3ms+5ms, total 52ms
10-17 11:47:52.699 I/force_gc(  573): Binder
10-17 11:47:52.729 D/dalvikvm(  573): GC_EXPLICIT freed 517K, 69% free 2577K/8195K, paused 2ms+6ms, total 36ms
10-17 11:47:53.059 I/force_gc(  399): Binder
10-17 11:47:53.109 D/dalvikvm(  399): GC_EXPLICIT freed 110K, 39% free 5655K/9159K, paused 3ms+5ms, total 52ms
10-17 11:47:53.459 I/force_gc(  399): Binder
10-17 11:47:53.509 D/dalvikvm(  399): GC_EXPLICIT freed 112K, 39% free 5655K/9159K, paused 3ms+4ms, total 56ms
10-17 11:47:53.519 I/force_gc(  573): Binder
10-17 11:47:53.559 D/dalvikvm(  573): GC_EXPLICIT freed 500K, 69% free 2576K/8195K, paused 2ms+5ms, total 35ms
10-17 11:47:53.859 E/Sensors (  399): sensors_poll_context_t::pollEvents, line 202: receive event #### i=3, nb=1
10-17 11:47:53.869 I/force_gc(  399): Binder
10-17 11:47:53.919 D/dalvikvm(  399): GC_EXPLICIT freed 110K, 39% free 5655K/9159K, paused 3ms+5ms, total 56ms
10-17 11:47:54.259 I/force_gc(  399): Binder
10-17 11:47:54.319 D/dalvikvm(  399): GC_EXPLICIT freed 111K, 39% free 5655K/9159K, paused 3ms+4ms, total 56ms
10-17 11:47:54.329 I/force_gc(  573): Binder
10-17 11:47:54.359 D/dalvikvm(  573): GC_EXPLICIT freed 507K, 69% free 2569K/8195K, paused 2ms+5ms, total 36ms
10-17 11:47:54.679 I/force_gc(  399): Binder
10-17 11:47:54.739 D/dalvikvm(  399): GC_EXPLICIT freed 110K, 39% free 5655K/9159K, paused 3ms+5ms, total 56ms
10-17 11:47:55.079 I/force_gc(  399): Binder
10-17 11:47:55.129 D/dalvikvm(  399): GC_EXPLICIT freed 111K, 39% free 5655K/9159K, paused 3ms+5ms, total 55ms
10-17 11:47:55.139 I/force_gc(  573): Binder
10-17 11:47:55.179 D/dalvikvm(  573): GC_EXPLICIT freed 501K, 69% free 2571K/8195K, paused 2ms+5ms, total 34ms
10-17 11:47:55.279 E/Sensors (  399): sensors_poll_context_t::pollEvents, line 202: receive event #### i=3, nb=1
10-17 11:47:55.489 I/force_gc(  399): Binder
10-17 11:47:55.539 D/dalvikvm(  399): GC_EXPLICIT freed 110K, 39% free 5655K/9159K, paused 3ms+4ms, total 56ms
10-17 11:47:55.869 I/force_gc(  399): Binder
10-17 11:47:55.929 D/dalvikvm(  399): GC_EXPLICIT freed 111K, 39% free 5655K/9159K, paused 3ms+5ms, total 56ms
10-17 11:47:55.939 I/force_gc(  573): Binder
10-17 11:47:55.969 D/dalvikvm(  573): GC_EXPLICIT freed 521K, 69% free 2567K/8195K, paused 2ms+6ms, total 34ms
10-17 11:47:56.299 I/force_gc(  399): Binder
10-17 11:47:56.349 D/dalvikvm(  399): GC_EXPLICIT freed 110K, 39% free 5655K/9159K, paused 3ms+5ms, total 57ms
10-17 11:47:56.669 I/force_gc(  399): Binder
10-17 11:47:56.699 E/Sensors (  399): sensors_poll_context_t::pollEvents, line 202: receive event #### i=3, nb=1
10-17 11:47:56.719 D/dalvikvm(  399): GC_EXPLICIT freed 111K, 39% free 5655K/9159K, paused 3ms+4ms, total 56ms
10-17 11:47:56.729 I/force_gc(  573): Binder
10-17 11:47:56.759 D/dalvikvm(  573): GC_EXPLICIT freed 519K, 69% free 2569K/8195K, paused 2ms+6ms, total 29ms
10-17 11:47:57.089 I/force_gc(  399): Binder
10-17 11:47:57.139 D/dalvikvm(  399): GC_EXPLICIT freed 110K, 39% free 5655K/9159K, paused 3ms+4ms, total 56ms
10-17 11:47:57.399 E/MP-Decision( 1272): MPDecision server starting
10-17 11:47:57.399 E/MP-Decision( 1272): OPTION ENABLED: Control sleep modes
10-17 11:47:57.399 E/MP-Decision( 1272): OPTION ENABLED: Adjusting average
10-17 11:47:57.399 E/MP-Decision( 1272): 
10-17 11:47:57.399 E/MP-Decision( 1272):  MP Decision Options:
10-17 11:47:57.399 E/MP-Decision( 1272): --poll_ms --decision_ms --no_sleep --avg_comp --debug
10-17 11:47:57.399 E/MP-Decision( 1272): --Nw=[1..3]:[value] --Tw=[1..3]:[value] --Ns=[1..3]:[value] --Ts=[1..3]:[value]
10-17 11:47:57.479 I/force_gc(  399): Binder
10-17 11:47:57.539 D/dalvikvm(  399): GC_EXPLICIT freed 111K, 39% free 5655K/9159K, paused 3ms+4ms, total 55ms
10-17 11:47:57.549 I/force_gc(  573): Binder
10-17 11:47:57.579 D/dalvikvm(  573): GC_EXPLICIT freed 491K, 69% free 2575K/8195K, paused 2ms+6ms, total 29ms
10-17 11:47:58.049 I/force_gc(  399): Binder
10-17 11:47:58.109 D/dalvikvm(  399): GC_EXPLICIT freed 110K, 39% free 5656K/9159K, paused 3ms+5ms, total 55ms
10-17 11:47:58.129 E/Sensors (  399): sensors_poll_context_t::pollEvents, line 202: receive event #### i=3, nb=1
10-17 11:47:58.449 I/force_gc(  399): Binder
10-17 11:47:58.509 D/dalvikvm(  399): GC_EXPLICIT freed 111K, 39% free 5655K/9159K, paused 3ms+5ms, total 56ms
10-17 11:47:58.519 I/force_gc(  573): Binder
10-17 11:47:58.539 D/dalvikvm(  573): GC_EXPLICIT freed 499K, 69% free 2578K/8195K, paused 2ms+5ms, total 28ms
10-17 11:47:58.869 I/force_gc(  399): Binder
10-17 11:47:58.929 D/dalvikvm(  399): GC_EXPLICIT freed 110K, 39% free 5655K/9159K, paused 3ms+4ms, total 56ms
10-17 11:47:59.269 I/force_gc(  399): Binder
10-17 11:47:59.329 D/dalvikvm(  399): GC_EXPLICIT freed 111K, 39% free 5655K/9159K, paused 3ms+4ms, total 55ms
10-17 11:47:59.339 I/force_gc(  573): Binder
10-17 11:47:59.369 D/dalvikvm(  573): GC_EXPLICIT freed 505K, 69% free 2578K/8195K, paused 2ms+6ms, total 29ms
10-17 11:47:59.549 E/Sensors (  399): sensors_poll_context_t::pollEvents, line 202: receive event #### i=3, nb=1
10-17 11:47:59.699 I/force_gc(  399): Binder
10-17 11:47:59.749 D/dalvikvm(  399): GC_EXPLICIT freed 110K, 39% free 5655K/9159K, paused 3ms+4ms, total 55ms
10-17 11:48:00.139 I/force_gc(  399): Binder
10-17 11:48:00.199 D/dalvikvm(  399): GC_EXPLICIT freed 127K, 39% free 5656K/9159K, paused 3ms+5ms, total 53ms
10-17 11:48:00.209 I/force_gc(  573): Binder
10-17 11:48:00.249 D/dalvikvm(  573): GC_EXPLICIT freed 503K, 69% free 2578K/8195K, paused 2ms+5ms, total 34ms
10-17 11:48:00.579 I/force_gc(  399): Binder
10-17 11:48:00.629 D/dalvikvm(  399): GC_EXPLICIT freed 112K, 39% free 5655K/9159K, paused 3ms+5ms, total 53ms
10-17 11:48:00.979 I/force_gc(  399): Binder
10-17 11:48:01.029 D/dalvikvm(  399): GC_EXPLICIT freed 111K, 39% free 5655K/9159K, paused 3ms+5ms, total 55ms
10-17 11:48:01.039 I/force_gc(  573): Binder
10-17 11:48:01.049 E/Sensors (  399): sensors_poll_context_t::pollEvents, line 202: receive event #### i=3, nb=1
10-17 11:48:01.079 D/dalvikvm(  573): GC_EXPLICIT freed 505K, 69% free 2578K/8195K, paused 3ms+6ms, total 36ms
10-17 11:48:01.409 I/force_gc(  399): Binder
10-17 11:48:01.459 D/dalvikvm(  399): GC_EXPLICIT freed 110K, 39% free 5655K/9159K, paused 3ms+4ms, total 51ms
10-17 11:48:01.809 I/force_gc(  399): Binder
10-17 11:48:01.869 D/dalvikvm(  399): GC_EXPLICIT freed 111K, 39% free 5655K/9159K, paused 3ms+4ms, total 56ms
10-17 11:48:01.879 I/force_gc(  573): Binder
10-17 11:48:01.909 D/dalvikvm(  573): GC_EXPLICIT freed 502K, 69% free 2578K/8195K, paused 2ms+6ms, total 31ms
10-17 11:48:02.239 I/force_gc(  399): Binder
10-17 11:48:02.299 D/dalvikvm(  399): GC_EXPLICIT freed 110K, 39% free 5655K/9159K, paused 3ms+4ms, total 56ms
10-17 11:48:02.409 E/MP-Decision( 1275): MPDecision server starting
10-17 11:48:02.419 E/MP-Decision( 1275): OPTION ENABLED: Control sleep modes
10-17 11:48:02.419 E/MP-Decision( 1275): OPTION ENABLED: Adjusting average
10-17 11:48:02.419 E/MP-Decision( 1275): 
10-17 11:48:02.419 E/MP-Decision( 1275):  MP Decision Options:
10-17 11:48:02.419 E/MP-Decision( 1275): --poll_ms --decision_ms --no_sleep --avg_comp --debug
10-17 11:48:02.419 E/MP-Decision( 1275): --Nw=[1..3]:[value] --Tw=[1..3]:[value] --Ns=[1..3]:[value] --Ts=[1..3]:[value]
10-17 11:48:02.539 E/Sensors (  399): sensors_poll_context_t::pollEvents, line 202: receive event #### i=3, nb=1
10-17 11:48:02.649 I/force_gc(  399): Binder
10-17 11:48:02.699 D/dalvikvm(  399): GC_EXPLICIT freed 111K, 39% free 5655K/9159K, paused 3ms+5ms, total 55ms
10-17 11:48:02.709 I/force_gc(  573): Binder
10-17 11:48:02.739 D/dalvikvm(  573): GC_EXPLICIT freed 502K, 69% free 2578K/8195K, paused 2ms+6ms, total 28ms
10-17 11:48:03.079 I/force_gc(  399): Binder
10-17 11:48:03.129 D/dalvikvm(  399): GC_EXPLICIT freed 110K, 39% free 5655K/9159K, paused 3ms+4ms, total 55ms
10-17 11:48:03.469 I/force_gc(  399): Binder
10-17 11:48:03.529 D/dalvikvm(  399): GC_EXPLICIT freed 111K, 39% free 5655K/9159K, paused 3ms+5ms, total 56ms
10-17 11:48:03.539 I/force_gc(  573): Binder
10-17 11:48:03.579 D/dalvikvm(  573): GC_EXPLICIT freed 504K, 69% free 2578K/8195K, paused 3ms+5ms, total 35ms
10-17 11:48:03.909 I/force_gc(  399): Binder
10-17 11:48:03.959 E/Sensors (  399): sensors_poll_context_t::pollEvents, line 202: receive event #### i=3, nb=1
10-17 11:48:03.959 D/dalvikvm(  399): GC_EXPLICIT freed 110K, 39% free 5655K/9159K, paused 3ms+5ms, total 55ms
10-17 11:48:04.299 I/force_gc(  399): Binder
10-17 11:48:04.359 D/dalvikvm(  399): GC_EXPLICIT freed 111K, 39% free 5655K/9159K, paused 3ms+4ms, total 55ms
10-17 11:48:04.369 I/force_gc(  573): Binder
10-17 11:48:04.409 D/dalvikvm(  573): GC_EXPLICIT freed 503K, 69% free 2578K/8195K, paused 2ms+7ms, total 35ms
10-17 11:48:04.739 I/force_gc(  399): Binder
10-17 11:48:04.789 D/dalvikvm(  399): GC_EXPLICIT freed 110K, 39% free 5655K/9159K, paused 3ms+4ms, total 55ms
10-17 11:48:05.139 I/force_gc(  399): Binder
10-17 11:48:05.199 D/dalvikvm(  399): GC_EXPLICIT freed 113K, 39% free 5655K/9159K, paused 4ms+5ms, total 56ms
10-17 11:48:05.209 I/force_gc(  573): Binder
10-17 11:48:05.239 D/dalvikvm(  573): GC_EXPLICIT freed 503K, 69% free 2578K/8195K, paused 2ms+5ms, total 28ms
10-17 11:48:05.389 E/Sensors (  399): sensors_poll_context_t::pollEvents, line 202: receive event #### i=3, nb=1
10-17 11:48:05.569 I/force_gc(  399): Binder
10-17 11:48:05.629 D/dalvikvm(  399): GC_EXPLICIT freed 111K, 39% free 5655K/9159K, paused 3ms+4ms, total 56ms
10-17 11:48:05.969 I/force_gc(  399): Binder
10-17 11:48:06.019 D/dalvikvm(  399): GC_EXPLICIT freed 111K, 39% free 5654K/9159K, paused 3ms+4ms, total 56ms
10-17 11:48:06.029 I/force_gc(  573): Binder
10-17 11:48:06.059 D/dalvikvm(  573): GC_EXPLICIT freed 503K, 69% free 2578K/8195K, paused 3ms+6ms, total 29ms
10-17 11:48:06.399 I/force_gc(  399): Binder
10-17 11:48:06.449 D/dalvikvm(  399): GC_EXPLICIT freed 110K, 39% free 5655K/9159K, paused 3ms+5ms, total 56ms
10-17 11:48:06.789 I/force_gc(  399): Binder
10-17 11:48:06.809 E/Sensors (  399): sensors_poll_context_t::pollEvents, line 202: receive event #### i=3, nb=1
10-17 11:48:06.849 D/dalvikvm(  399): GC_EXPLICIT freed 111K, 39% free 5655K/9159K, paused 3ms+5ms, total 56ms
10-17 11:48:06.859 I/force_gc(  573): Binder
10-17 11:48:06.899 D/dalvikvm(  573): GC_EXPLICIT freed 502K, 69% free 2578K/8195K, paused 3ms+7ms, total 36ms
10-17 11:48:07.229 I/force_gc(  399): Binder
10-17 11:48:07.279 D/dalvikvm(  399): GC_EXPLICIT freed 110K, 39% free 5655K/9159K, paused 3ms+4ms, total 55ms
10-17 11:48:07.429 E/MP-Decision( 1278): MPDecision server starting
10-17 11:48:07.429 E/MP-Decision( 1278): OPTION ENABLED: Control sleep modes
10-17 11:48:07.429 E/MP-Decision( 1278): OPTION ENABLED: Adjusting average
10-17 11:48:07.429 E/MP-Decision( 1278): 
10-17 11:48:07.429 E/MP-Decision( 1278):  MP Decision Options:
10-17 11:48:07.429 E/MP-Decision( 1278): --poll_ms --decision_ms --no_sleep --avg_comp --debug
10-17 11:48:07.429 E/MP-Decision( 1278): --Nw=[1..3]:[value] --Tw=[1..3]:[value] --Ns=[1..3]:[value] --Ts=[1..3]:[value]
10-17 11:48:07.629 I/force_gc(  399): Binder
10-17 11:48:07.689 D/dalvikvm(  399): GC_EXPLICIT freed 111K, 39% free 5655K/9159K, paused 3ms+4ms, total 56ms
10-17 11:48:07.699 I/force_gc(  573): Binder
10-17 11:48:07.729 D/dalvikvm(  573): GC_EXPLICIT freed 502K, 69% free 2578K/8195K, paused 2ms+5ms, total 34ms
10-17 11:48:08.059 I/force_gc(  399): Binder
10-17 11:48:08.119 D/dalvikvm(  399): GC_EXPLICIT freed 110K, 39% free 5655K/9159K, paused 3ms+5ms, total 55ms
10-17 11:48:08.229 E/Sensors (  399): sensors_poll_context_t::pollEvents, line 202: receive event #### i=3, nb=1
10-17 11:48:08.459 I/force_gc(  399): Binder
10-17 11:48:08.509 D/dalvikvm(  399): GC_EXPLICIT freed 111K, 39% free 5655K/9159K, paused 3ms+4ms, total 52ms
10-17 11:48:08.529 I/force_gc(  573): Binder
10-17 11:48:08.559 D/dalvikvm(  573): GC_EXPLICIT freed 503K, 69% free 2578K/8195K, paused 2ms+5ms, total 29ms
10-17 11:48:08.889 I/force_gc(  399): Binder
10-17 11:48:08.939 D/dalvikvm(  399): GC_EXPLICIT freed 110K, 39% free 5655K/9159K, paused 3ms+5ms, total 52ms
10-17 11:48:09.289 I/force_gc(  399): Binder
10-17 11:48:09.339 D/dalvikvm(  399): GC_EXPLICIT freed 111K, 39% free 5655K/9159K, paused 3ms+4ms, total 52ms
10-17 11:48:09.349 I/force_gc(  573): Binder
10-17 11:48:09.379 D/dalvikvm(  573): GC_EXPLICIT freed 501K, 69% free 2578K/8195K, paused 2ms+5ms, total 28ms
10-17 11:48:09.659 E/Sensors (  399): sensors_poll_context_t::pollEvents, line 202: receive event #### i=3, nb=1
10-17 11:48:09.709 I/force_gc(  399): Binder
10-17 11:48:09.769 D/dalvikvm(  399): GC_EXPLICIT freed 110K, 39% free 5655K/9159K, paused 3ms+4ms, total 53ms
10-17 11:48:10.109 I/force_gc(  399): Binder
10-17 11:48:10.159 D/dalvikvm(  399): GC_EXPLICIT freed 111K, 39% free 5655K/9159K, paused 3ms+4ms, total 52ms
10-17 11:48:10.179 I/force_gc(  573): Binder
10-17 11:48:10.209 D/dalvikvm(  573): GC_EXPLICIT freed 500K, 69% free 2578K/8195K, paused 2ms+5ms, total 35ms
10-17 11:48:10.539 I/force_gc(  399): Binder
10-17 11:48:10.599 D/dalvikvm(  399): GC_EXPLICIT freed 110K, 39% free 5655K/9159K, paused 3ms+5ms, total 53ms
10-17 11:48:10.939 I/force_gc(  399): Binder
10-17 11:48:10.989 D/dalvikvm(  399): GC_EXPLICIT freed 111K, 39% free 5655K/9159K, paused 3ms+4ms, total 52ms
10-17 11:48:11.009 I/force_gc(  573): Binder
10-17 11:48:11.039 D/dalvikvm(  573): GC_EXPLICIT freed 498K, 69% free 2578K/8195K, paused 3ms+6ms, total 36ms
10-17 11:48:11.149 E/Sensors (  399): sensors_poll_context_t::pollEvents, line 202: receive event #### i=3, nb=1
10-17 11:48:11.379 I/force_gc(  399): Binder
10-17 11:48:11.429 D/dalvikvm(  399): GC_EXPLICIT freed 110K, 39% free 5655K/9159K, paused 3ms+5ms, total 52ms
10-17 11:48:11.779 I/force_gc(  399): Binder
10-17 11:48:11.829 D/dalvikvm(  399): GC_EXPLICIT freed 111K, 39% free 5655K/9159K, paused 3ms+4ms, total 52ms
10-17 11:48:11.849 I/force_gc(  573): Binder
10-17 11:48:11.879 D/dalvikvm(  573): GC_EXPLICIT freed 501K, 69% free 2578K/8195K, paused 2ms+6ms, total 35ms
10-17 11:48:12.239 I/force_gc(  399): Binder
10-17 11:48:12.289 D/dalvikvm(  399): GC_EXPLICIT freed 110K, 39% free 5655K/9159K, paused 3ms+5ms, total 56ms
10-17 11:48:12.449 E/MP-Decision( 1281): MPDecision server starting
10-17 11:48:12.449 E/MP-Decision( 1281): OPTION ENABLED: Control sleep modes
10-17 11:48:12.449 E/MP-Decision( 1281): OPTION ENABLED: Adjusting average
10-17 11:48:12.449 E/MP-Decision( 1281): 
10-17 11:48:12.449 E/MP-Decision( 1281):  MP Decision Options:
10-17 11:48:12.449 E/MP-Decision( 1281): --poll_ms --decision_ms --no_sleep --avg_comp --debug
10-17 11:48:12.449 E/MP-Decision( 1281): --Nw=[1..3]:[value] --Tw=[1..3]:[value] --Ns=[1..3]:[value] --Ts=[1..3]:[value]
10-17 11:48:12.579 E/Sensors (  399): sensors_poll_context_t::pollEvents, line 202: receive event #### i=3, nb=1
10-17 11:48:12.649 I/force_gc(  399): Binder
10-17 11:48:12.699 D/dalvikvm(  399): GC_EXPLICIT freed 111K, 39% free 5655K/9159K, paused 3ms+5ms, total 55ms
10-17 11:48:12.709 I/force_gc(  573): Binder
10-17 11:48:12.749 D/dalvikvm(  573): GC_EXPLICIT freed 500K, 69% free 2578K/8195K, paused 3ms+6ms, total 36ms
10-17 11:48:13.079 I/force_gc(  399): Binder
10-17 11:48:13.139 D/dalvikvm(  399): GC_EXPLICIT freed 110K, 39% free 5655K/9159K, paused 3ms+4ms, total 52ms
10-17 11:48:13.479 I/force_gc(  399): Binder
10-17 11:48:13.529 D/dalvikvm(  399): GC_EXPLICIT freed 111K, 39% free 5655K/9159K, paused 3ms+4ms, total 55ms
10-17 11:48:13.539 I/force_gc(  573): Binder
10-17 11:48:13.579 D/dalvikvm(  573): GC_EXPLICIT freed 499K, 69% free 2578K/8195K, paused 2ms+6ms, total 36ms
10-17 11:48:13.909 I/force_gc(  399): Binder
10-17 11:48:13.959 D/dalvikvm(  399): GC_EXPLICIT freed 110K, 39% free 5655K/9159K, paused 3ms+4ms, total 56ms
10-17 11:48:13.999 E/Sensors (  399): sensors_poll_context_t::pollEvents, line 202: receive event #### i=3, nb=1
10-17 11:48:14.299 I/force_gc(  399): Binder
10-17 11:48:14.359 D/dalvikvm(  399): GC_EXPLICIT freed 111K, 39% free 5655K/9159K, paused 3ms+4ms, total 56ms
10-17 11:48:14.369 I/force_gc(  573): Binder
10-17 11:48:14.399 D/dalvikvm(  573): GC_EXPLICIT freed 499K, 69% free 2578K/8195K, paused 2ms+5ms, total 35ms
10-17 11:48:14.739 I/force_gc(  399): Binder
10-17 11:48:14.789 D/dalvikvm(  399): GC_EXPLICIT freed 110K, 39% free 5655K/9159K, paused 3ms+5ms, total 55ms
10-17 11:48:15.129 I/force_gc(  399): Binder
10-17 11:48:15.189 D/dalvikvm(  399): GC_EXPLICIT freed 111K, 39% free 5655K/9159K, paused 3ms+4ms, total 56ms
10-17 11:48:15.199 I/force_gc(  573): Binder
10-17 11:48:15.239 D/dalvikvm(  573): GC_EXPLICIT freed 500K, 69% free 2578K/8195K, paused 2ms+6ms, total 36ms
10-17 11:48:15.419 E/Sensors (  399): sensors_poll_context_t::pollEvents, line 202: receive event #### i=3, nb=1
10-17 11:48:15.579 I/force_gc(  399): Binder
10-17 11:48:15.629 D/dalvikvm(  399): GC_EXPLICIT freed 110K, 39% free 5655K/9159K, paused 3ms+5ms, total 55ms
10-17 11:48:15.969 I/force_gc(  399): Binder
10-17 11:48:16.029 D/dalvikvm(  399): GC_EXPLICIT freed 111K, 39% free 5655K/9159K, paused 3ms+4ms, total 56ms
10-17 11:48:16.039 I/force_gc(  573): Binder
10-17 11:48:16.069 D/dalvikvm(  573): GC_EXPLICIT freed 496K, 69% free 2578K/8195K, paused 2ms+6ms, total 35ms
10-17 11:48:16.409 I/force_gc(  399): Binder
10-17 11:48:16.459 D/dalvikvm(  399): GC_EXPLICIT freed 110K, 39% free 5655K/9159K, paused 3ms+4ms, total 56ms
10-17 11:48:16.809 I/force_gc(  399): Binder
10-17 11:48:16.849 E/Sensors (  399): sensors_poll_context_t::pollEvents, line 202: receive event #### i=3, nb=1
10-17 11:48:16.859 D/dalvikvm(  399): GC_EXPLICIT freed 111K, 39% free 5655K/9159K, paused 3ms+4ms, total 56ms
10-17 11:48:16.869 I/force_gc(  573): Binder
10-17 11:48:16.899 D/dalvikvm(  573): GC_EXPLICIT freed 499K, 69% free 2578K/8195K, paused 2ms+6ms, total 29ms
10-17 11:48:17.229 I/force_gc(  399): Binder
10-17 11:48:17.289 D/dalvikvm(  399): GC_EXPLICIT freed 110K, 39% free 5655K/9159K, paused 4ms+5ms, total 56ms
10-17 11:48:17.459 E/MP-Decision( 1284): MPDecision server starting
10-17 11:48:17.459 E/MP-Decision( 1284): OPTION ENABLED: Control sleep modes
10-17 11:48:17.459 E/MP-Decision( 1284): OPTION ENABLED: Adjusting average
10-17 11:48:17.459 E/MP-Decision( 1284): 
10-17 11:48:17.459 E/MP-Decision( 1284):  MP Decision Options:
10-17 11:48:17.459 E/MP-Decision( 1284): --poll_ms --decision_ms --no_sleep --avg_comp --debug
10-17 11:48:17.459 E/MP-Decision( 1284): --Nw=[1..3]:[value] --Tw=[1..3]:[value] --Ns=[1..3]:[value] --Ts=[1..3]:[value]
10-17 11:48:17.639 I/force_gc(  399): Binder
10-17 11:48:17.699 D/dalvikvm(  399): GC_EXPLICIT freed 111K, 39% free 5655K/9159K, paused 3ms+4ms, total 55ms
10-17 11:48:17.709 I/force_gc(  573): Binder
10-17 11:48:17.739 D/dalvikvm(  573): GC_EXPLICIT freed 499K, 69% free 2578K/8195K, paused 2ms+5ms, total 34ms
10-17 11:48:18.079 I/force_gc(  399): Binder
10-17 11:48:18.129 D/dalvikvm(  399): GC_EXPLICIT freed 110K, 39% free 5655K/9159K, paused 3ms+5ms, total 56ms
10-17 11:48:18.269 E/Sensors (  399): sensors_poll_context_t::pollEvents, line 202: receive event #### i=3, nb=1
10-17 11:48:18.479 I/force_gc(  399): Binder
10-17 11:48:18.529 D/dalvikvm(  399): GC_EXPLICIT freed 111K, 39% free 5655K/9159K, paused 3ms+4ms, total 56ms
10-17 11:48:18.539 I/force_gc(  573): Binder
10-17 11:48:18.579 D/dalvikvm(  573): GC_EXPLICIT freed 498K, 69% free 2578K/8195K, paused 2ms+6ms, total 36ms
10-17 11:48:18.909 I/force_gc(  399): Binder
10-17 11:48:18.969 D/dalvikvm(  399): GC_EXPLICIT freed 110K, 39% free 5655K/9159K, paused 3ms+5ms, total 55ms
10-17 11:48:19.309 I/force_gc(  399): Binder
10-17 11:48:19.359 D/dalvikvm(  399): GC_EXPLICIT freed 111K, 39% free 5655K/9159K, paused 3ms+4ms, total 56ms
10-17 11:48:19.379 I/force_gc(  573): Binder
10-17 11:48:19.409 D/dalvikvm(  573): GC_EXPLICIT freed 497K, 69% free 2578K/8195K, paused 2ms+5ms, total 35ms
10-17 11:48:19.689 E/Sensors (  399): sensors_poll_context_t::pollEvents, line 202: receive event #### i=3, nb=1
10-17 11:48:19.749 I/force_gc(  399): Binder
10-17 11:48:19.799 D/dalvikvm(  399): GC_EXPLICIT freed 110K, 39% free 5655K/9159K, paused 3ms+5ms, total 56ms
10-17 11:48:20.149 I/force_gc(  399): Binder
10-17 11:48:20.199 D/dalvikvm(  399): GC_EXPLICIT freed 111K, 39% free 5655K/9159K, paused 3ms+4ms, total 56ms
10-17 11:48:20.209 I/force_gc(  573): Binder
10-17 11:48:20.239 D/dalvikvm(  573): GC_EXPLICIT freed 497K, 69% free 2578K/8195K, paused 3ms+6ms, total 29ms
10-17 11:48:20.579 I/force_gc(  399): Binder
10-17 11:48:20.629 D/dalvikvm(  399): GC_EXPLICIT freed 110K, 39% free 5655K/9159K, paused 3ms+5ms, total 56ms
10-17 11:48:20.969 I/force_gc(  399): Binder
10-17 11:48:21.029 D/dalvikvm(  399): GC_EXPLICIT freed 111K, 39% free 5655K/9159K, paused 3ms+4ms, total 55ms
10-17 11:48:21.039 I/force_gc(  573): Binder
10-17 11:48:21.069 D/dalvikvm(  573): GC_EXPLICIT freed 496K, 69% free 2578K/8195K, paused 2ms+5ms, total 35ms
10-17 11:48:21.109 E/Sensors (  399): sensors_poll_context_t::pollEvents, line 202: receive event #### i=3, nb=1
10-17 11:48:21.409 I/force_gc(  399): Binder
10-17 11:48:21.469 D/dalvikvm(  399): GC_EXPLICIT freed 110K, 39% free 5655K/9159K, paused 3ms+5ms, total 56ms
10-17 11:48:21.809 I/force_gc(  399): Binder
10-17 11:48:21.869 D/dalvikvm(  399): GC_EXPLICIT freed 111K, 39% free 5655K/9159K, paused 3ms+4ms, total 56ms
10-17 11:48:21.879 I/force_gc(  573): Binder
10-17 11:48:21.909 D/dalvikvm(  573): GC_EXPLICIT freed 496K, 69% free 2578K/8195K, paused 2ms+6ms, total 35ms
10-17 11:48:22.249 I/force_gc(  399): Binder
10-17 11:48:22.299 D/dalvikvm(  399): GC_EXPLICIT freed 110K, 39% free 5655K/9159K, paused 3ms+5ms, total 55ms
10-17 11:48:22.479 E/MP-Decision( 1287): MPDecision server starting
10-17 11:48:22.479 E/MP-Decision( 1287): OPTION ENABLED: Control sleep modes
10-17 11:48:22.479 E/MP-Decision( 1287): OPTION ENABLED: Adjusting average
10-17 11:48:22.479 E/MP-Decision( 1287): 
10-17 11:48:22.479 E/MP-Decision( 1287):  MP Decision Options:
10-17 11:48:22.479 E/MP-Decision( 1287): --poll_ms --decision_ms --no_sleep --avg_comp --debug
10-17 11:48:22.479 E/MP-Decision( 1287): --Nw=[1..3]:[value] --Tw=[1..3]:[value] --Ns=[1..3]:[value] --Ts=[1..3]:[value]
10-17 11:48:22.539 E/Sensors (  399): sensors_poll_context_t::pollEvents, line 202: receive event #### i=3, nb=1
10-17 11:48:22.659 I/force_gc(  399): Binder
10-17 11:48:22.709 D/dalvikvm(  399): GC_EXPLICIT freed 111K, 39% free 5655K/9159K, paused 3ms+4ms, total 56ms
10-17 11:48:22.719 I/force_gc(  573): Binder
10-17 11:48:22.759 D/dalvikvm(  573): GC_EXPLICIT freed 496K, 69% free 2578K/8195K, paused 2ms+6ms, total 36ms
10-17 11:48:23.089 I/force_gc(  399): Binder
10-17 11:48:23.149 D/dalvikvm(  399): GC_EXPLICIT freed 110K, 39% free 5655K/9159K, paused 3ms+5ms, total 55ms
10-17 11:48:23.489 I/force_gc(  399): Binder
10-17 11:48:23.549 D/dalvikvm(  399): GC_EXPLICIT freed 111K, 39% free 5655K/9159K, paused 3ms+4ms, total 55ms
10-17 11:48:23.559 I/force_gc(  573): Binder
10-17 11:48:23.589 D/dalvikvm(  573): GC_EXPLICIT freed 492K, 69% free 2578K/8195K, paused 2ms+6ms, total 29ms
10-17 11:48:23.919 I/force_gc(  399): Binder
10-17 11:48:23.959 E/Sensors (  399): sensors_poll_context_t::pollEvents, line 202: receive event #### i=3, nb=1
10-17 11:48:23.979 D/dalvikvm(  399): GC_EXPLICIT freed 110K, 39% free 5655K/9159K, paused 3ms+4ms, total 56ms
10-17 11:48:24.319 I/force_gc(  399): Binder
10-17 11:48:24.379 D/dalvikvm(  399): GC_EXPLICIT freed 111K, 39% free 5655K/9159K, paused 3ms+4ms, total 55ms
10-17 11:48:24.389 I/force_gc(  573): Binder
10-17 11:48:24.419 D/dalvikvm(  573): GC_EXPLICIT freed 490K, 69% free 2578K/8195K, paused 3ms+6ms, total 29ms
10-17 11:48:24.739 I/force_gc(  399): Binder
10-17 11:48:24.799 D/dalvikvm(  399): GC_EXPLICIT freed 110K, 39% free 5655K/9159K, paused 3ms+4ms, total 56ms
10-17 11:48:25.139 I/force_gc(  399): Binder
10-17 11:48:25.199 D/dalvikvm(  399): GC_EXPLICIT freed 111K, 39% free 5655K/9159K, paused 3ms+4ms, total 56ms
10-17 11:48:25.209 I/force_gc(  573): Binder
10-17 11:48:25.239 D/dalvikvm(  573): GC_EXPLICIT freed 491K, 69% free 2578K/8195K, paused 2ms+6ms, total 29ms
10-17 11:48:25.379 E/Sensors (  399): sensors_poll_context_t::pollEvents, line 202: receive event #### i=3, nb=1
10-17 11:48:25.569 I/force_gc(  399): Binder
10-17 11:48:25.629 D/dalvikvm(  399): GC_EXPLICIT freed 110K, 39% free 5655K/9159K, paused 3ms+5ms, total 56ms
10-17 11:48:25.969 I/force_gc(  399): Binder
10-17 11:48:26.019 D/dalvikvm(  399): GC_EXPLICIT freed 111K, 39% free 5655K/9159K, paused 3ms+4ms, total 52ms
10-17 11:48:26.039 I/force_gc(  573): Binder
10-17 11:48:26.059 D/dalvikvm(  573): GC_EXPLICIT freed 490K, 69% free 2578K/8195K, paused 2ms+5ms, total 28ms
10-17 11:48:26.399 I/force_gc(  399): Binder
10-17 11:48:26.449 D/dalvikvm(  399): GC_EXPLICIT freed 110K, 39% free 5655K/9159K, paused 3ms+5ms, total 52ms
10-17 11:48:26.799 I/force_gc(  399): Binder
10-17 11:48:26.809 E/Sensors (  399): sensors_poll_context_t::pollEvents, line 202: receive event #### i=3, nb=1
10-17 11:48:26.859 D/dalvikvm(  399): GC_EXPLICIT freed 111K, 39% free 5655K/9159K, paused 3ms+4ms, total 57ms
10-17 11:48:26.869 I/force_gc(  573): Binder
10-17 11:48:26.899 D/dalvikvm(  573): GC_EXPLICIT freed 489K, 69% free 2578K/8195K, paused 2ms+5ms, total 35ms
10-17 11:48:27.239 I/force_gc(  399): Binder
10-17 11:48:27.289 D/dalvikvm(  399): GC_EXPLICIT freed 110K, 39% free 5655K/9159K, paused 3ms+5ms, total 55ms
10-17 11:48:27.499 E/MP-Decision( 1290): MPDecision server starting
10-17 11:48:27.499 E/MP-Decision( 1290): OPTION ENABLED: Control sleep modes
10-17 11:48:27.499 E/MP-Decision( 1290): OPTION ENABLED: Adjusting average
10-17 11:48:27.499 E/MP-Decision( 1290): 
10-17 11:48:27.499 E/MP-Decision( 1290):  MP Decision Options:
10-17 11:48:27.499 E/MP-Decision( 1290): --poll_ms --decision_ms --no_sleep --avg_comp --debug
10-17 11:48:27.499 E/MP-Decision( 1290): --Nw=[1..3]:[value] --Tw=[1..3]:[value] --Ns=[1..3]:[value] --Ts=[1..3]:[value]
10-17 11:48:27.639 I/force_gc(  399): Binder
10-17 11:48:27.689 D/dalvikvm(  399): GC_EXPLICIT freed 111K, 39% free 5655K/9159K, paused 3ms+4ms, total 55ms
10-17 11:48:27.699 I/force_gc(  573): Binder
10-17 11:48:27.739 D/dalvikvm(  573): GC_EXPLICIT freed 490K, 69% free 2576K/8195K, paused 3ms+6ms, total 36ms
10-17 11:48:28.079 I/force_gc(  399): Binder
10-17 11:48:28.129 D/dalvikvm(  399): GC_EXPLICIT freed 110K, 39% free 5655K/9159K, paused 3ms+5ms, total 56ms
10-17 11:48:28.229 E/Sensors (  399): sensors_poll_context_t::pollEvents, line 202: receive event #### i=3, nb=1
10-17 11:48:28.469 I/force_gc(  399): Binder
10-17 11:48:28.519 D/dalvikvm(  399): GC_EXPLICIT freed 111K, 39% free 5655K/9159K, paused 3ms+5ms, total 53ms
10-17 11:48:28.529 I/force_gc(  573): Binder
10-17 11:48:28.569 D/dalvikvm(  573): GC_EXPLICIT freed 538K, 69% free 2577K/8195K, paused 2ms+5ms, total 35ms
10-17 11:48:28.889 I/force_gc(  399): Binder
10-17 11:48:28.939 D/dalvikvm(  399): GC_EXPLICIT freed 110K, 39% free 5655K/9159K, paused 3ms+5ms, total 52ms
10-17 11:48:29.279 I/force_gc(  399): Binder
10-17 11:48:29.329 D/dalvikvm(  399): GC_EXPLICIT freed 111K, 39% free 5655K/9159K, paused 3ms+4ms, total 52ms
10-17 11:48:29.349 I/force_gc(  573): Binder
10-17 11:48:29.379 D/dalvikvm(  573): GC_EXPLICIT freed 496K, 69% free 2574K/8195K, paused 2ms+6ms, total 35ms
10-17 11:48:29.649 E/Sensors (  399): sensors_poll_context_t::pollEvents, line 202: receive event #### i=3, nb=1
10-17 11:48:29.709 I/force_gc(  399): Binder
10-17 11:48:29.769 D/dalvikvm(  399): GC_EXPLICIT freed 110K, 39% free 5655K/9159K, paused 3ms+4ms, total 56ms
10-17 11:48:30.099 I/force_gc(  399): Binder
10-17 11:48:30.159 D/dalvikvm(  399): GC_EXPLICIT freed 111K, 39% free 5655K/9159K, paused 3ms+5ms, total 53ms
10-17 11:48:30.169 I/force_gc(  573): Binder
10-17 11:48:30.199 D/dalvikvm(  573): GC_EXPLICIT freed 493K, 69% free 2575K/8195K, paused 3ms+6ms, total 30ms
10-17 11:48:30.489 I/force_gc(  399): Binder
10-17 11:48:30.549 D/dalvikvm(  399): GC_EXPLICIT freed 110K, 39% free 5655K/9159K, paused 3ms+4ms, total 53ms
10-17 11:48:30.859 I/force_gc(  399): Binder
10-17 11:48:30.919 D/dalvikvm(  399): GC_EXPLICIT freed 111K, 39% free 5655K/9159K, paused 3ms+5ms, total 55ms
10-17 11:48:30.929 I/force_gc(  573): Binder
10-17 11:48:30.959 D/dalvikvm(  573): GC_EXPLICIT freed 501K, 69% free 2558K/8195K, paused 2ms+5ms, total 36ms
10-17 11:48:31.079 E/Sensors (  399): sensors_poll_context_t::pollEvents, line 202: receive event #### i=3, nb=1
10-17 11:48:31.259 I/force_gc(  399): Binder
10-17 11:48:31.309 D/dalvikvm(  399): GC_EXPLICIT freed 110K, 39% free 5655K/9159K, paused 3ms+4ms, total 53ms
10-17 11:48:31.619 I/force_gc(  399): Binder
