10-17 11:46:16.809 E/MP-Decision( 1173): OPTION ENABLED: Control sleep modes
10-17 11:46:16.809 E/MP-Decision( 1173): OPTION ENABLED: Adjusting average
10-17 11:46:16.809 E/MP-Decision( 1173): 
10-17 11:46:16.809 E/MP-Decision( 1173):  MP Decision Options:
10-17 11:46:16.809 E/MP-Decision( 1173): --poll_ms --decision_ms --no_sleep --avg_comp --debug
10-17 11:46:16.809 E/MP-Decision( 1173): --Nw=[1..3]:[value] --Tw=[1..3]:[value] --Ns=[1..3]:[value] --Ts=[1..3]:[value]
10-17 11:46:17.449 W/ActivityManager(  399): Timeout executing service: ServiceRecord{4249bbd0 com.android.stk/.StkAppService}
10-17 11:46:17.469 I/Process (  399): Sending signal. PID: 1084 SIG: 3
10-17 11:46:17.469 I/dalvikvm( 1084): threadid=3: reacting to signal 3
10-17 11:46:17.469 I/am_anr  (  399): [1084,com.android.phone,573005,Executing service com.android.stk/.StkAppService]
10-17 11:46:17.509 I/dalvikvm( 1084): Wrote stack traces to '/data/anr/traces.txt'
10-17 11:46:17.509 I/Process (  399): Sending signal. PID: 399 SIG: 3
10-17 11:46:17.509 I/dalvikvm(  399): threadid=3: reacting to signal 3
10-17 11:46:17.659 I/dalvikvm(  399): Wrote stack traces to '/data/anr/traces.txt'
10-17 11:46:17.659 I/Process (  399): Sending signal. PID: 526 SIG: 3
10-17 11:46:17.659 I/dalvikvm(  526): threadid=3: reacting to signal 3
10-17 11:46:17.689 I/dalvikvm(  526): Wrote stack traces to '/data/anr/traces.txt'
10-17 11:46:17.939 D/dalvikvm(  399): GC_EXPLICIT freed 916K, 35% free 5969K/9159K, paused 3ms+6ms, total 63ms
10-17 11:46:17.989 E/Sensors (  399): sensors_poll_context_t::pollEvents, line 202: receive event #### i=3, nb=1
10-17 11:46:18.309 W/ThrottleService(  399): unable to find stats for iface rmnet0
10-17 11:46:18.479 I/Process (  399): Sending signal. PID: 573 SIG: 3
10-17 11:46:18.479 I/dalvikvm(  573): threadid=3: reacting to signal 3
10-17 11:46:18.519 I/dalvikvm(  573): Wrote stack traces to '/data/anr/traces.txt'
10-17 11:46:18.519 E/ActivityManager(  399): ANR in com.android.phone
10-17 11:46:18.519 E/ActivityManager(  399): Reason: Executing service com.android.stk/.StkAppService
10-17 11:46:18.519 E/ActivityManager(  399): Load: 10.42 / 3.81 / 1.38
10-17 11:46:18.519 E/ActivityManager(  399): CPU usage from 12452ms to 0ms ago:
10-17 11:46:18.519 E/ActivityManager(  399):   98% 573/android.process.media: 0.5% user + 98% kernel
10-17 11:46:18.519 E/ActivityManager(  399):   0.7% 399/system_server: 0.3% user + 0.4% kernel / faults: 3 minor
10-17 11:46:18.519 E/ActivityManager(  399):   0.4% 26/kworker/u:2: 0% user + 0.4% kernel
10-17 11:46:18.519 E/ActivityManager(  399):   0.1% 1084/com.android.phone: 0% user + 0% kernel / faults: 11 minor
10-17 11:46:18.519 E/ActivityManager(  399):   0% 1//init: 0% user + 0% kernel / faults: 36 minor
10-17 11:46:18.519 E/ActivityManager(  399):   0% 146/bridgemgrd: 0% user + 0% kernel
10-17 11:46:18.519 E/ActivityManager(  399):   0% 156/adbd: 0% user + 0% kernel
10-17 11:46:18.519 E/ActivityManager(  399):   0% 532/logcat: 0% user + 0% kernel
10-17 11:46:18.519 E/ActivityManager(  399):   0% 1129/logcat: 0% user + 0% kernel
10-17 11:46:18.519 E/ActivityManager(  399): 50% TOTAL: 0.3% user + 50% kernel + 0% iowait
10-17 11:46:18.519 E/ActivityManager(  399): CPU usage from 498ms to 1018ms later with 99% awake:
10-17 11:46:18.519 E/ActivityManager(  399):   100% 573/android.process.media: 1.9% user + 98% kernel
10-17 11:46:18.519 E/ActivityManager(  399):     98% 1048/MediaScannerSer: 1.9% user + 96% kernel
10-17 11:46:18.519 E/ActivityManager(  399):   5.7% 399/system_server: 3.8% user + 1.9% kernel / faults: 10 minor
10-17 11:46:18.519 E/ActivityManager(  399):     1.9% 414/ActivityManager: 1.9% user + 0% kernel
10-17 11:46:18.519 E/ActivityManager(  399):     1.9% 600/ThrottleService: 1.9% user + 0% kernel
10-17 11:46:18.519 E/ActivityManager(  399): 53% TOTAL: 2.8% user + 50% kernel
10-17 11:46:18.519 W/ActivityManager(  399): Killing ProcessRecord{42220438 605:com.android.phone/1001}: background ANR
10-17 11:46:18.519 I/am_kill (  399): [1084,com.android.phone,-12,background ANR]
10-17 11:46:18.529 I/ServiceManager(  129): service 'iphonesubinfo' died
10-17 11:46:18.529 I/ServiceManager(  129): service 'simphonebook' died
10-17 11:46:18.529 I/ServiceManager(  129): service 'isms_msim' died
10-17 11:46:18.529 I/ServiceManager(  129): service 'isms' died
10-17 11:46:18.529 I/ServiceManager(  129): service 'phone' died
10-17 11:46:18.529 I/ServiceManager(  129): service 'simphonebook_msim' died
10-17 11:46:18.529 I/ServiceManager(  129): service 'iphonesubinfo_msim' died
10-17 11:46:18.529 I/ServiceManager(  129): service 'phone_msim' died
10-17 11:46:18.529 I/ServiceManager(  129): service 'sip' died
10-17 11:46:18.529 W/RILC    (  178): EOS.  Closing command socket.
10-17 11:46:18.529 W/RILC    (  182): EOS.  Closing command socket.
10-17 11:46:18.569 D/dalvikvm(  399): GC_FOR_ALLOC freed 1294K, 36% free 5896K/9159K, paused 43ms, total 43ms
10-17 11:46:18.579 I/ActivityManager(  399): Process com.android.phone (pid 1084) has died.
10-17 11:46:18.579 W/ActivityManager(  399): Scheduling restart of crashed service com.android.phone/.TelephonyDebugService in 1250ms
10-17 11:46:18.579 W/ActivityManager(  399): Scheduling restart of crashed service com.android.phone/.BluetoothHeadsetService in 11249ms
10-17 11:46:18.579 W/ActivityManager(  399): Scheduling restart of crashed service com.android.stk/.StkAppService in 169696ms
10-17 11:46:18.579 I/am_proc_died(  399): [1084,com.android.phone]
10-17 11:46:18.579 I/am_destroy_service(  399): [1112075760,com.android.smspush/.WapPushManager,684]
10-17 11:46:18.579 I/am_schedule_service_restart(  399): [com.android.phone/.TelephonyDebugService,1250]
10-17 11:46:18.579 I/am_schedule_service_restart(  399): [com.android.phone/.BluetoothHeadsetService,11249]
10-17 11:46:18.579 I/am_schedule_service_restart(  399): [com.android.stk/.StkAppService,169696]
10-17 11:46:18.629 I/ActivityManager(  399): Start proc com.android.phone for restart com.android.phone: pid=1180 uid=1001 gids={3002, 3001, 3003, 1015, 1028}
10-17 11:46:18.629 I/ActivityManager(  399): No longer want com.android.mms (pid 929): hidden #11
10-17 11:46:18.629 I/am_proc_start(  399): [1180,1001,com.android.phone,restart,com.android.phone]
10-17 11:46:18.629 I/dvm_lock_sample(  399): [system_server,0,Binder_7,48,ActivityManagerService.java,12368,-,853,9]
10-17 11:46:18.629 I/am_kill (  399): [929,com.android.mms,14,too many background]
10-17 11:46:18.639 D/CountryDetector(  399): No listener is left
10-17 11:46:18.639 I/am_proc_died(  399): [929,com.android.mms]
10-17 11:46:18.649 I/am_proc_bound(  399): [1180,com.android.phone]
10-17 11:46:18.679 I/ActivityThread( 1180): Pub mms: com.android.providers.telephony.MmsProvider
10-17 11:46:18.689 I/ActivityThread( 1180): Pub iccmsim: com.android.phone.MSimIccProvider
10-17 11:46:18.689 I/ActivityThread( 1180): Pub sms: com.android.providers.telephony.SmsProvider
10-17 11:46:18.689 I/ActivityThread( 1180): Pub telephony: com.android.providers.telephony.TelephonyProvider
10-17 11:46:18.699 W/TelephonyProvider( 1180): onCreate: confFile=/system/etc/apns-conf.xml oldCheckSum=-1
10-17 11:46:18.699 D/RILB    ( 1180): /proc/cmdline=androidboot.hardware=huawei loglevel=1 androidboot.mode=boot alarm_time=0xdffe37c9 RTC_time=0x29e59 hw_status_loc=0x1 androidboot.localproppath=unicom/cn usb.pid.index=25 usb.serial=2469A5526E2F androidboot.serialno=2469A5526E2F androidboot.network=umts_gsm androidboot.swtype=normal androidboot.platform=msm7627a androidboot.emmc=true androidboot.baseband=msm
10-17 11:46:18.699 I/ActivityThread( 1180): Pub icc: com.android.phone.IccProvider
10-17 11:46:18.699 I/ActivityThread( 1180): Pub mms-sms: com.android.providers.telephony.MmsSmsProvider
10-17 11:46:18.699 D/RILB    ( 1180): getLteOnCdmaMode=-1 curVal=-1 product_type='' lteOnCdmaProductType=''
10-17 11:46:18.709 V/PhoneApp( 1180): PhoneApp onCreate() DSDS Enabled!!!!
10-17 11:46:18.709 D/MSimPhoneApp( 1180): MSPhoneApp creation
10-17 11:46:18.709 D/MSimPhoneApp( 1180): MSPhoneApp creationcom.android.phone.MSimPhoneApp@4219bbb8
10-17 11:46:18.709 D/MSimPhoneApp( 1180): MSimPhoneApp:com.android.phone.MSimPhoneApp@4219bbb8
10-17 11:46:18.709 D/MSimPhoneApp( 1180):  DSDS PhoneApp:
10-17 11:46:18.709 E/PHONE   ( 1180): ------MSimPhoneFactory.java----------->hasException = false 
10-17 11:46:18.709 D/RILB    ( 1180): getLteOnCdmaMode=-1 curVal=-1 product_type='' lteOnCdmaProductType=''
10-17 11:46:18.729 D/RILJ    ( 1180): RIL(context, preferredNetworkType=0 cdmaSubscription=1)
10-17 11:46:18.729 D/RILJ    ( 1180): Starting RILReceiver [SUB0]
10-17 11:46:18.739 I/RILJ    ( 1180): Connected to 'rild' socket
10-17 11:46:18.739 D/RILJ    ( 1180): RIL(context, preferredNetworkType=0 cdmaSubscription=1)
10-17 11:46:18.739 D/RILJ    ( 1180): Starting RILReceiver [SUB1]
10-17 11:46:18.739 I/RILJ    ( 1180): Connected to 'rild1' socket
10-17 11:46:18.739 E/RIL_UiccController( 1180): new UiccController() ....registerForIccStatusChanged()....mCi[i] = com.android.internal.telephony.RIL@421a05a0
10-17 11:46:18.739 D/CardSubscriptionManager( 1180): getInstance
10-17 11:46:18.739 D/CardSubscriptionManager( 1180): Constructor - Enter
10-17 11:46:18.739 D/CardSubscriptionManager( 1180): Constructor - Exit
10-17 11:46:18.739 D/SubscriptionManager( 1180): getUserPreferredSubs: strUserSub = ,,,4,-1,-1
10-17 11:46:18.739 D/SubscriptionManager( 1180): getUserPreferredSubs: mUserPrefSubs.subscription[0] = Subscription = { slotId = -1, 3gppIndex = -1, 3gpp2Index = -1, subId = 0, subStatus = SUB_INVALID, appId = null, appLabel = null, appType = null, iccId = null }
10-17 11:46:18.739 D/SubscriptionManager( 1180): getUserPreferredSubs: strUserSub = ,,,4,-1,-1
10-17 11:46:18.739 E/RIL_UiccController( 1180): new UiccController() ....registerForIccStatusChanged()....mCi[i] = com.android.internal.telephony.RIL@421a4830
10-17 11:46:18.749 D/SubscriptionManager( 1180): getUserPreferredSubs: mUserPrefSubs.subscription[1] = Subscription = { slotId = -1, 3gppIndex = -1, 3gpp2Index = -1, subId = 1, subStatus = SUB_INVALID, appId = null, appLabel = null, appType = null, iccId = null }
10-17 11:46:18.749 D/CardSubscriptionManager( 1180): getInstance
10-17 11:46:18.749 E/PHONE   ( 1180): Settings Exception Reading Dual Sim Data Call Values
10-17 11:46:18.749 D/PHONE   ( 1180): mDoesRilSendMultipleCallRing=true
10-17 11:46:18.759 D/PHONE   ( 1180): mCallRingDelay=3000
10-17 11:46:18.759 D/PHONE   ( 1180): mOosIsDisconnect=true
10-17 11:46:18.759 D/RILJ    ( 1180): setPhoneType=1 old value=0 [SUB0]
10-17 11:46:18.759 I/GSM     ( 1180): Is EONS enabled: true
10-17 11:46:18.759 D/GSM     ( 1180): MSimGSMPhone: constructor: sub = 0
10-17 11:46:18.769 D/        ( 1180): [ApnContext:default] set reason as dataEnabled,current state IDLE
10-17 11:46:18.769 D/        ( 1180): [ApnContext:mms] set reason as dataEnabled,current state IDLE
10-17 11:46:18.769 D/GSM     ( 1180): [ApnContext:default] set mDependencyMet as false current state is true
10-17 11:46:18.769 D/GSM     ( 1180): [ApnContext:default] set enabled as true, current state is false
10-17 11:46:18.769 D/GSM     ( 1180): [ApnContext:default] set reason as dependencyMet,current state IDLE
10-17 11:46:18.769 D/GSM     ( 1180): [ApnContext:default] set enabled as true, current state is true
10-17 11:46:18.769 D/GSM     ( 1180): [ApnContext:default] set mDependencyMet as true current state is false
10-17 11:46:18.779 D/        ( 1180): [ApnContext:supl] set reason as dataEnabled,current state IDLE
10-17 11:46:18.779 D/        ( 1180): [ApnContext:dun] set reason as dataEnabled,current state IDLE
10-17 11:46:18.779 D/        ( 1180): [ApnContext:hipri] set reason as dataEnabled,current state IDLE
10-17 11:46:18.779 D/        ( 1180): [ApnContext:fota] set reason as dataEnabled,current state IDLE
10-17 11:46:18.779 D/        ( 1180): [ApnContext:ims] set reason as dataEnabled,current state IDLE
10-17 11:46:18.779 D/        ( 1180): [ApnContext:cbs] set reason as dataEnabled,current state IDLE
10-17 11:46:18.779 D/GSM     ( 1180): [ApnContext:mms] set mDependencyMet as false current state is true
10-17 11:46:18.779 D/GSM     ( 1180): [ApnContext:mms] set enabled as false, current state is false
10-17 11:46:18.779 D/GSM     ( 1180): [ApnContext:mms] set mDependencyMet as true current state is false
10-17 11:46:18.779 D/GSM     ( 1180): [ApnContext:supl] set mDependencyMet as false current state is true
10-17 11:46:18.779 D/GSM     ( 1180): [ApnContext:supl] set enabled as false, current state is false
10-17 11:46:18.779 D/GSM     ( 1180): [ApnContext:supl] set mDependencyMet as true current state is false
10-17 11:46:18.779 D/GSM     ( 1180): [ApnContext:dun] set mDependencyMet as false current state is true
10-17 11:46:18.779 D/GSM     ( 1180): [ApnContext:dun] set enabled as false, current state is false
10-17 11:46:18.779 D/GSM     ( 1180): [ApnContext:dun] set mDependencyMet as true current state is false
10-17 11:46:18.779 D/GSM     ( 1180): [ApnContext:hipri] set mDependencyMet as false current state is true
10-17 11:46:18.779 D/GSM     ( 1180): [ApnContext:hipri] set enabled as false, current state is false
10-17 11:46:18.779 D/GSM     ( 1180): [ApnContext:hipri] set mDependencyMet as true current state is false
10-17 11:46:18.779 D/GSM     ( 1180): [ApnContext:fota] set mDependencyMet as false current state is true
10-17 11:46:18.779 D/GSM     ( 1180): [ApnContext:fota] set enabled as false, current state is false
10-17 11:46:18.779 D/GSM     ( 1180): [ApnContext:fota] set mDependencyMet as true current state is false
10-17 11:46:18.779 D/GSM     ( 1180): [ApnContext:ims] set mDependencyMet as false current state is true
10-17 11:46:18.779 D/GSM     ( 1180): [ApnContext:ims] set enabled as false, current state is false
10-17 11:46:18.779 D/GSM     ( 1180): [ApnContext:ims] set mDependencyMet as true current state is false
10-17 11:46:18.779 D/GSM     ( 1180): [ApnContext:cbs] set mDependencyMet as false current state is true
10-17 11:46:18.779 D/GSM     ( 1180): [ApnContext:cbs] set enabled as false, current state is false
10-17 11:46:18.779 D/GSM     ( 1180): [ApnContext:cbs] set mDependencyMet as true current state is false
10-17 11:46:18.779 E/PHONE   ( 1180): Settings Exception Reading Dual Sim Data Call Values
10-17 11:46:18.779 E/GSM     ( 1180): [MSimGsmDCT:0] =================broadcastMessenger () ============> this = Handler (com.android.internal.telephony.msim.MSimGsmDataConnectionTracker) {421b70d8}
10-17 11:46:18.779 D/GSM     ( 1180): [MSimGsmDCT:0] SUPPORT_MPDN = true
10-17 11:46:18.779 D/GSM     ( 1180): [MSimGsmDCT:0] mCdmaHomeOperatorNumeric = 
10-17 11:46:18.779 D/GSM     ( 1180): [MSimGsmDCT:0] mUseNvOperatorForEhrpd = false
10-17 11:46:18.779 E/PHONE   ( 1180): Settings Exception Reading Dual Sim Data Call Values
10-17 11:46:18.779 D/GSM     ( 1180): [MSimGsmDCT:0] mInternalDataEnabled (is data sub?) = true
10-17 11:46:18.779 D/RILB    ( 1180): =====================> registerForRilConnected h=Handler (com.android.internal.telephony.msim.MSimPhoneProxy) {421ae050} w=4
10-17 11:46:18.789 D/RIL_IccSms( 1180): MSimIccSmsInterfaceManager: initDispatchers()
10-17 11:46:18.789 E/RIL_ImsSms( 1180): getFormat should never be called from here!
10-17 11:46:18.789 D/SMS     ( 1180): SMSDispatcher: ctor mSmsCapable=true format=unknown mSmsReceiveDisabled=false mSmsSendDisabled=false
10-17 11:46:18.789 D/RIL_IMS ( 1180): MSimImsSMSDispatcher: initDispatchers()
10-17 11:46:18.789 D/SMS     ( 1180): SMSDispatcher: ctor mSmsCapable=true format=3gpp2 mSmsReceiveDisabled=false mSmsSendDisabled=false
10-17 11:46:18.789 D/CDMA    ( 1180): CdmaSMSDispatcher created
10-17 11:46:18.789 D/CDMA    ( 1180): MSimCdmaSMSDispatcher created
10-17 11:46:18.789 D/SMS     ( 1180): SMSDispatcher: ctor mSmsCapable=true format=3gpp mSmsReceiveDisabled=false mSmsSendDisabled=false
10-17 11:46:18.789 D/GSM     ( 1180): GsmSMSDispatcher created
10-17 11:46:18.789 D/GSM     ( 1180): MSimGsmSMSDispatcher created
10-17 11:46:18.789 D/RIL_IMS ( 1180): MSimImsSMSDispatcher created
10-17 11:46:18.789 D/RIL_IccSms( 1180): MSimIccSmsInterfaceManager created
10-17 11:46:18.789 I/am_create_service(  399): [1111431792,com.android.smspush/.WapPushManager,act=com.android.internal.telephony.IWapPushManager,684]
10-17 11:46:18.799 W/SignalStrength(  526): getLTELevel - rsrp:2147483647 snr:2147483647 rsrpIconLevel:-1 snrIconLevel:-1
10-17 11:46:18.799 D/StatusBar.MSimNetworkController(  526): updateSimState for subscription :0
10-17 11:46:18.799 D/StatusBar.MSimNetworkController(  526): updateSimState simState =UNKNOWN
10-17 11:46:18.799 D/StatusBar.MSimNetworkController(  526): In updateSimIcon card =0, simState= UNKNOWN
10-17 11:46:18.799 D/StatusBar.MSimNetworkController(  526): refreshViews subscription =0mMSimDataConnected =false
10-17 11:46:18.799 D/StatusBar.MSimNetworkController(  526): refreshViews mMSimDataActivity =0
10-17 11:46:18.799 D/RIL_MSimIccCardProxy( 1180): Creating
10-17 11:46:18.799 D/RIL_MSimIccCardProxy( 1180): Broadcasting intent ACTION_SIM_STATE_CHANGED NOT_READY reason null for subscription : 0
10-17 11:46:18.799 D/RIL_MSimIccCardProxy( 1180): Setting radio tech UMTS
10-17 11:46:18.799 D/RIL_MSimIccCardProxy( 1180): Updating quiet mode
10-17 11:46:18.799 D/RIL_MSimIccCardProxy( 1180): 3GPP subscription -> QuietMode: false
10-17 11:46:18.799 D/RIL_MSimIccCardProxy( 1180): QuietMode is false (app_type: 1 nv: false multimode: false)
10-17 11:46:18.799 D/PHONE   ( 1180): mDoesRilSendMultipleCallRing=true
10-17 11:46:18.799 D/PHONE   ( 1180): mCallRingDelay=3000
10-17 11:46:18.799 D/PHONE   ( 1180): mOosIsDisconnect=true
10-17 11:46:18.799 D/RILJ    ( 1180): setPhoneType=1 old value=0 [SUB1]
10-17 11:46:18.809 W/SignalStrength(  526): getLTELevel - rssi:99 rssiIconLevel:0
10-17 11:46:18.809 W/SignalStrength(  526): getGsmLevel=0
10-17 11:46:18.809 W/SignalStrength(  526): getLevel=0
10-17 11:46:18.809 W/SignalStrength(  526): getLTELevel - rsrp:2147483647 snr:2147483647 rsrpIconLevel:-1 snrIconLevel:-1
10-17 11:46:18.809 W/SignalStrength(  526): getLTELevel - rssi:99 rssiIconLevel:0
10-17 11:46:18.809 W/SignalStrength(  526): getGsmLevel=0
10-17 11:46:18.809 W/SignalStrength(  526): getLevel=0
10-17 11:46:18.809 D/        ( 1180): [ApnContext:default] set reason as dataEnabled,current state IDLE
10-17 11:46:18.809 D/StatusBar.MSimNetworkController(  526): refreshViews connected={ } level=0 mMSimcombinedSignalIconId=0x7f0200f8/com.android.systemui:drawable/stat_sys_signal_null mMSimcombinedActivityIconId=0x0 mAirplaneMode=false mMSimDataActivity=0 mMSimPhoneSignalIconId=0x7f0200f8 mMSimDataDirectionIconId=0x0 mMSimDataSignalIconId=0x7f0200f8 mMSimDataTypeIconId=0x0 mNoMSimIconId=0x0 mWifiIconId=0x0 mBluetoothTetherIconId=0x1080580
10-17 11:46:18.809 D/StatusBar.MSimNetworkController(  526): updateDataIcon subscription =0
10-17 11:46:18.809 D/StatusBar.MSimNetworkController(  526): updateDataIcon dataSub =0
10-17 11:46:18.809 D/StatusBar.MSimNetworkController(  526): updateDataIcon  when SimState =UNKNOWN
10-17 11:46:18.809 D/StatusBar.MSimNetworkController(  526): updateDataIcon when mMSimDataConnected =false
10-17 11:46:18.809 D/StatusBar.MSimNetworkController(  526): updateDataIcon subscription =0
10-17 11:46:18.809 D/StatusBar.MSimNetworkController(  526): updateDataIcon dataSub =0
10-17 11:46:18.809 D/StatusBar.MSimNetworkController(  526): updateDataIcon  when SimState =UNKNOWN
10-17 11:46:18.809 D/StatusBar.MSimNetworkController(  526): updateDataIcon when mMSimDataConnected =false
10-17 11:46:18.809 D/StatusBar.MSimNetworkController(  526): refreshViews subscription =0mMSimDataConnected =false
10-17 11:46:18.809 D/StatusBar.MSimNetworkController(  526): refreshViews mMSimDataActivity =0
10-17 11:46:18.809 D/StatusBar.MSimNetworkController(  526): refreshViews connected={ } level=0 mMSimcombinedSignalIconId=0x7f0200f8/com.android.systemui:drawable/stat_sys_signal_null mMSimcombinedActivityIconId=0x0 mAirplaneMode=false mMSimDataActivity=0 mMSimPhoneSignalIconId=0x7f0200f8 mMSimDataDirectionIconId=0x0 mMSimDataSignalIconId=0x7f0200f8 mMSimDataTypeIconId=0x0 mNoMSimIconId=0x0 mWifiIconId=0x0 mBluetoothTetherIconId=0x1080580
10-17 11:46:18.809 D/PhoneStatusBarPolicy(  526): updateSimState for subscription :0
10-17 11:46:18.809 I/GSM     ( 1180): Is EONS enabled: true
10-17 11:46:18.809 D/GSM     ( 1180): MSimGSMPhone: constructor: sub = 1
10-17 11:46:18.809 D/GSM     ( 1180): [ApnContext:default] set mDependencyMet as false current state is true
10-17 11:46:18.809 D/GSM     ( 1180): [ApnContext:default] set enabled as true, current state is false
10-17 11:46:18.809 D/GSM     ( 1180): [ApnContext:default] set reason as dependencyMet,current state IDLE
10-17 11:46:18.809 D/GSM     ( 1180): [ApnContext:default] set enabled as true, current state is true
10-17 11:46:18.809 D/GSM     ( 1180): [ApnContext:default] set mDependencyMet as true current state is false
10-17 11:46:18.819 D/        ( 1180): [ApnContext:mms] set reason as dataEnabled,current state IDLE
10-17 11:46:18.819 D/        ( 1180): [ApnContext:supl] set reason as dataEnabled,current state IDLE
10-17 11:46:18.819 D/        ( 1180): [ApnContext:dun] set reason as dataEnabled,current state IDLE
10-17 11:46:18.819 D/        ( 1180): [ApnContext:hipri] set reason as dataEnabled,current state IDLE
10-17 11:46:18.819 D/        ( 1180): [ApnContext:fota] set reason as dataEnabled,current state IDLE
10-17 11:46:18.819 D/        ( 1180): [ApnContext:ims] set reason as dataEnabled,current state IDLE
10-17 11:46:18.819 D/        ( 1180): [ApnContext:cbs] set reason as dataEnabled,current state IDLE
10-17 11:46:18.819 D/GSM     ( 1180): [ApnContext:mms] set mDependencyMet as false current state is true
10-17 11:46:18.819 D/GSM     ( 1180): [ApnContext:mms] set enabled as false, current state is false
10-17 11:46:18.819 D/GSM     ( 1180): [ApnContext:mms] set mDependencyMet as true current state is false
10-17 11:46:18.819 D/GSM     ( 1180): [ApnContext:supl] set mDependencyMet as false current state is true
10-17 11:46:18.819 D/GSM     ( 1180): [ApnContext:supl] set enabled as false, current state is false
10-17 11:46:18.819 D/GSM     ( 1180): [ApnContext:supl] set mDependencyMet as true current state is false
10-17 11:46:18.819 D/GSM     ( 1180): [ApnContext:dun] set mDependencyMet as false current state is true
10-17 11:46:18.819 D/GSM     ( 1180): [ApnContext:dun] set enabled as false, current state is false
10-17 11:46:18.819 D/GSM     ( 1180): [ApnContext:dun] set mDependencyMet as true current state is false
10-17 11:46:18.819 D/GSM     ( 1180): [ApnContext:hipri] set mDependencyMet as false current state is true
10-17 11:46:18.819 D/GSM     ( 1180): [ApnContext:hipri] set enabled as false, current state is false
10-17 11:46:18.819 D/GSM     ( 1180): [ApnContext:hipri] set mDependencyMet as true current state is false
10-17 11:46:18.819 D/GSM     ( 1180): [ApnContext:fota] set mDependencyMet as false current state is true
10-17 11:46:18.819 D/GSM     ( 1180): [ApnContext:fota] set enabled as false, current state is false
10-17 11:46:18.819 D/GSM     ( 1180): [ApnContext:fota] set mDependencyMet as true current state is false
10-17 11:46:18.819 D/GSM     ( 1180): [ApnContext:ims] set mDependencyMet as false current state is true
10-17 11:46:18.819 D/GSM     ( 1180): [ApnContext:ims] set enabled as false, current state is false
10-17 11:46:18.819 D/GSM     ( 1180): [ApnContext:ims] set mDependencyMet as true current state is false
10-17 11:46:18.819 D/GSM     ( 1180): [ApnContext:cbs] set mDependencyMet as false current state is true
10-17 11:46:18.819 D/GSM     ( 1180): [ApnContext:cbs] set enabled as false, current state is false
10-17 11:46:18.819 D/GSM     ( 1180): [ApnContext:cbs] set mDependencyMet as true current state is false
10-17 11:46:18.819 E/PHONE   ( 1180): Settings Exception Reading Dual Sim Data Call Values
10-17 11:46:18.819 E/GSM     ( 1180): [MSimGsmDCT:0] =================broadcastMessenger () ============> this = Handler (com.android.internal.telephony.msim.MSimGsmDataConnectionTracker) {421d0f50}
10-17 11:46:18.819 D/GSM     ( 1180): [MSimGsmDCT:0] SUPPORT_MPDN = true
10-17 11:46:18.819 D/GSM     ( 1180): [MSimGsmDCT:0] mCdmaHomeOperatorNumeric = 
10-17 11:46:18.819 D/GSM     ( 1180): [MSimGsmDCT:0] mUseNvOperatorForEhrpd = false
10-17 11:46:18.819 E/PHONE   ( 1180): Settings Exception Reading Dual Sim Data Call Values
10-17 11:46:18.819 D/GSM     ( 1180): [MSimGsmDCT:1] mInternalDataEnabled (is data sub?) = false
10-17 11:46:18.819 D/RILB    ( 1180): =====================> registerForRilConnected h=Handler (com.android.internal.telephony.msim.MSimPhoneProxy) {421ce240} w=4
10-17 11:46:18.819 D/RIL_IccSms( 1180): MSimIccSmsInterfaceManager: initDispatchers()
10-17 11:46:18.829 W/SignalStrength(  526): getLTELevel - rsrp:2147483647 snr:2147483647 rsrpIconLevel:-1 snrIconLevel:-1
10-17 11:46:18.829 W/SignalStrength(  526): getLTELevel - rssi:99 rssiIconLevel:0
10-17 11:46:18.829 W/SignalStrength(  526): getGsmLevel=0
10-17 11:46:18.829 W/SignalStrength(  526): getLevel=0
10-17 11:46:18.829 D/StatusBar.MSimNetworkController(  526): updateSimState for subscription :0
10-17 11:46:18.829 D/StatusBar.MSimNetworkController(  526): updateSimState simState =UNKNOWN
10-17 11:46:18.829 D/StatusBar.MSimNetworkController(  526): In updateSimIcon card =0, simState= UNKNOWN
10-17 11:46:18.829 D/StatusBar.MSimNetworkController(  526): refreshViews subscription =0mMSimDataConnected =false
10-17 11:46:18.829 D/StatusBar.MSimNetworkController(  526): refreshViews mMSimDataActivity =0
10-17 11:46:18.829 D/StatusBar.MSimNetworkController(  526): refreshViews connected={ } level=0 mMSimcombinedSignalIconId=0x7f0200f8/com.android.systemui:drawable/stat_sys_signal_null mMSimcombinedActivityIconId=0x0 mAirplaneMode=false mMSimDataActivity=0 mMSimPhoneSignalIconId=0x7f0200f8 mMSimDataDirectionIconId=0x0 mMSimDataSignalIconId=0x7f0200f8 mMSimDataTypeIconId=0x0 mNoMSimIconId=0x0 mWifiIconId=0x0 mBluetoothTetherIconId=0x1080580
10-17 11:46:18.829 D/StatusBar.MSimNetworkController(  526): updateDataIcon subscription =0
10-17 11:46:18.829 D/StatusBar.MSimNetworkController(  526): updateDataIcon dataSub =0
10-17 11:46:18.829 D/StatusBar.MSimNetworkController(  526): updateDataIcon  when SimState =UNKNOWN
10-17 11:46:18.829 E/RIL_ImsSms( 1180): getFormat should never be called from here!
10-17 11:46:18.829 D/SMS     ( 1180): SMSDispatcher: ctor mSmsCapable=true format=unknown mSmsReceiveDisabled=false mSmsSendDisabled=false
10-17 11:46:18.829 D/RIL_IMS ( 1180): MSimImsSMSDispatcher: initDispatchers()
10-17 11:46:18.829 D/SMS     ( 1180): SMSDispatcher: ctor mSmsCapable=true format=3gpp2 mSmsReceiveDisabled=false mSmsSendDisabled=false
10-17 11:46:18.829 D/CDMA    ( 1180): CdmaSMSDispatcher created
10-17 11:46:18.829 D/CDMA    ( 1180): MSimCdmaSMSDispatcher created
10-17 11:46:18.829 D/SMS     ( 1180): SMSDispatcher: ctor mSmsCapable=true format=3gpp mSmsReceiveDisabled=false mSmsSendDisabled=false
10-17 11:46:18.829 D/GSM     ( 1180): GsmSMSDispatcher created
10-17 11:46:18.829 D/GSM     ( 1180): MSimGsmSMSDispatcher created
10-17 11:46:18.829 D/RIL_IMS ( 1180): MSimImsSMSDispatcher created
10-17 11:46:18.829 D/RIL_IccSms( 1180): MSimIccSmsInterfaceManager created
10-17 11:46:18.829 D/RIL_MSimIccCardProxy( 1180): Creating
10-17 11:46:18.829 D/RIL_MSimIccCardProxy( 1180): Broadcasting intent ACTION_SIM_STATE_CHANGED NOT_READY reason null for subscription : 0
10-17 11:46:18.839 D/PROXY   ( 1180): Constructor - Enter
10-17 11:46:18.839 W/SignalStrength(  526): getLTELevel - rsrp:2147483647 snr:2147483647 rsrpIconLevel:-1 snrIconLevel:-1
10-17 11:46:18.839 D/CardSubscriptionManager( 1180): getInstance
10-17 11:46:18.839 D/PROXY   ( 1180): Constructor - Exit
10-17 11:46:18.839 W/SignalStrength(  526): getLTELevel - rssi:99 rssiIconLevel:0
10-17 11:46:18.839 W/SignalStrength(  526): getGsmLevel=0
10-17 11:46:18.839 W/SignalStrength(  526): getLevel=0
10-17 11:46:18.839 D/CallManager( 1180): registerPhone(GSM Handler (com.android.internal.telephony.msim.MSimPhoneProxy) {421ae050})
10-17 11:46:18.839 D/StatusBar.MSimNetworkController(  526): updateDataIcon when mMSimDataConnected =false
10-17 11:46:18.839 D/StatusBar.MSimNetworkController(  526): updateDataIcon subscription =0
10-17 11:46:18.839 D/StatusBar.MSimNetworkController(  526): updateDataIcon dataSub =0
10-17 11:46:18.839 D/StatusBar.MSimNetworkController(  526): updateDataIcon  when SimState =UNKNOWN
10-17 11:46:18.839 D/StatusBar.MSimNetworkController(  526): updateDataIcon when mMSimDataConnected =false
10-17 11:46:18.839 D/StatusBar.MSimNetworkController(  526): refreshViews subscription =0mMSimDataConnected =false
10-17 11:46:18.839 D/StatusBar.MSimNetworkController(  526): refreshViews mMSimDataActivity =0
10-17 11:46:18.839 D/StatusBar.MSimNetworkController(  526): refreshViews connected={ } level=0 mMSimcombinedSignalIconId=0x7f0200f8/com.android.systemui:drawable/stat_sys_signal_null mMSimcombinedActivityIconId=0x0 mAirplaneMode=false mMSimDataActivity=0 mMSimPhoneSignalIconId=0x7f0200f8 mMSimDataDirectionIconId=0x0 mMSimDataSignalIconId=0x7f0200f8 mMSimDataTypeIconId=0x0 mNoMSimIconId=0x0 mWifiIconId=0x0 mBluetoothTetherIconId=0x1080580
10-17 11:46:18.839 D/PhoneStatusBarPolicy(  526): updateSimState for subscription :0
10-17 11:46:18.839 D/RIL_MSimIccCardProxy( 1180): Setting radio tech UMTS
10-17 11:46:18.839 D/RIL_MSimIccCardProxy( 1180): Updating quiet mode
10-17 11:46:18.839 D/RIL_MSimIccCardProxy( 1180): 3GPP subscription -> QuietMode: false
10-17 11:46:18.839 D/RIL_MSimIccCardProxy( 1180): QuietMode is false (app_type: 1 nv: false multimode: false)
10-17 11:46:18.839 I/am_create_service(  399): [1112016136,com.android.phone/.TelephonyDebugService,,1180]
10-17 11:46:18.849 D/CallManager( 1180): registerPhone(GSM Handler (com.android.internal.telephony.msim.MSimPhoneProxy) {421ce240})
10-17 11:46:18.849 D/RILJ    ( 1180): [0000]> SET_SUPP_SVC_NOTIFICATION [SUB0]
10-17 11:46:18.849 E/RILC    (  178): Should not come here !!! buffer red :: 
10-17 11:46:18.849 D/RILJ    ( 1180): [UNSL]< UNSOL_RIL_CONNECTED {7} [SUB0]
10-17 11:46:18.849 D/RILJ    ( 1180): [UNSL]< UNSOL_RESPONSE_RADIO_STATE_CHANGED RADIO_OFF [SUB0]
10-17 11:46:18.849 D/RILB    ( 1180): Notifying: radio available
10-17 11:46:18.849 D/RILJ    ( 1180): [0001]> SCREEN_STATE: true [SUB0]
10-17 11:46:18.849 D/RILJ    ( 1180): [0002]> SET_SUPP_SVC_NOTIFICATION [SUB1]
10-17 11:46:18.849 E/RILC    (  182): Should not come here !!! buffer red :: 
10-17 11:46:18.849 D/RILJ    ( 1180): [UNSL]< UNSOL_RIL_CONNECTED {7} [SUB1]
10-17 11:46:18.849 D/RILJ    ( 1180): [UNSL]< UNSOL_RESPONSE_RADIO_STATE_CHANGED RADIO_OFF [SUB1]
10-17 11:46:18.849 D/RILB    ( 1180): Notifying: radio available
10-17 11:46:18.849 D/RILJ    ( 1180): [0003]> SCREEN_STATE: true [SUB1]
10-17 11:46:18.859 V/MSimPhoneApp( 1180): updatePhoneAppCdmaVariables0
10-17 11:46:18.859 D/PhoneInterfaceManager( 1180):  Registering for UNSOL OEM HOOK Responses to deliver external apps
10-17 11:46:18.859 I/notification_cancel(  399): [com.android.phone,2,NULL,0,64]
10-17 11:46:18.869 D/MSimPhoneInterfaceManager( 1180):  Registering for UNSOL OEM HOOK Responses to deliver external apps
10-17 11:46:18.879 I/am_create_service(  399): [1111968416,com.android.phone/.BluetoothHeadsetService,,1180]
10-17 11:46:18.899 D/MSimCallNotifier( 1180): getPhoneStateListener: SUBSCRIPTION == 0
10-17 11:46:18.899 D/MSimCallNotifier( 1180): getPhoneStateListener: SUBSCRIPTION == 1
10-17 11:46:18.909 W/ActivityManager(  399): Unable to start service Intent { act=com.android.ussd.IExtendedNetworkService }: not found
10-17 11:46:18.919 D/CallManager( 1180): setAudioMode useInCallMode = false, Baseband = msm
10-17 11:46:18.919 D/CardSubscriptionManager( 1180): EVENT_RADIO_OFF_OR_NOT_AVAILABLE
10-17 11:46:18.919 D/CardSubscriptionManager( 1180): processRadioUnavailable on cardIndex = 0
10-17 11:46:18.919 D/CardSubscriptionManager( 1180): resetCardInfo(): cardIndex = 0
10-17 11:46:18.919 D/CardSubscriptionManager( 1180): EVENT_RADIO_OFF_OR_NOT_AVAILABLE
10-17 11:46:18.919 D/CardSubscriptionManager( 1180): processRadioUnavailable on cardIndex = 1
10-17 11:46:18.919 D/CardSubscriptionManager( 1180): resetCardInfo(): cardIndex = 1
10-17 11:46:18.919 D/CardSubscriptionManager( 1180): EVENT_ICC_CHANGED
10-17 11:46:18.919 D/CardSubscriptionManager( 1180): handleIccChanged: ENTER
10-17 11:46:18.919 D/CardSubscriptionManager( 1180): handleIccChanged: EXIT
10-17 11:46:18.919 D/SubscriptionManager( 1180): EVENT_RADIO_OFF_OR_NOT_AVAILABLE on SUB: 0
10-17 11:46:18.919 D/SubscriptionManager( 1180): EVENT_RADIO_OFF_OR_NOT_AVAILABLE on SUB: 1
10-17 11:46:18.919 E/RIL_UiccController( 1180): EVENT_RADIO_UNAVAILABLE 
10-17 11:46:18.919 E/RIL_UiccController( 1180): EVENT_RADIO_UNAVAILABLE 
10-17 11:46:18.919 D/RILJ    ( 1180): [0004]> GET_CURRENT_CALLS [SUB0]
10-17 11:46:18.919 D/RILJ    ( 1180): [0005]> RADIO_POWER on [SUB0]
10-17 11:46:18.929 I/MSimTelephonyRegistry(  399): notifyServiceState: 3 home null null null  Unknown CSS not supported -1 -1 mDataState=3 RoamInd=-1 DefRoamInd=-1 EmergOnly=false
10-17 11:46:18.929 D/StatusBar.MSimNetworkController(  526): onServiceStateChanged received on subscription :0state=3
10-17 11:46:18.929 D/StatusBar.MSimNetworkController(  526): updateTelephonySignalStrength: subscription =0
10-17 11:46:18.929 D/StatusBar.MSimNetworkController(  526):  No service
10-17 11:46:18.929 D/StatusBar.MSimNetworkController(  526): updateDataNetType sub = 0 mDataNetType = 0
10-17 11:46:18.929 E/StatusBar.MSimNetworkController(  526): updateDataNetType NETWORK_TYPE_UNKNOWN
10-17 11:46:18.929 D/StatusBar.MSimNetworkController(  526): updateDataIcon subscription =0
10-17 11:46:18.929 D/StatusBar.MSimNetworkController(  526): updateDataIcon dataSub =0
10-17 11:46:18.929 D/StatusBar.MSimNetworkController(  526): updateDataIcon  when SimState =UNKNOWN
10-17 11:46:18.929 D/StatusBar.MSimNetworkController(  526): updateDataIcon when mMSimDataConnected =false
10-17 11:46:18.929 I/GSM     ( 1180): Network State Changed, get EONS and update operator name display
10-17 11:46:18.929 E/PHONE   ( 1180): Settings Exception Reading Dual Sim Data Call Values
10-17 11:46:18.929 D/GSM     ( 1180): [MSimGsmDCT:0] ******************&&&&&&&&&&&&&&&&&&&&newIccRecords = null
10-17 11:46:18.929 E/PHONE   ( 1180): Settings Exception Reading Dual Sim Data Call Values
10-17 11:46:18.929 D/GSM     ( 1180): [ApnContext:fota] set reason as radioTurnedOff,current state IDLE
10-17 11:46:18.929 D/GSM     ( 1180): [ApnContext:fota] setState: IDLE, previous state:IDLE
10-17 11:46:18.929 D/GSM     ( 1180): [GSMPhone] getDataConnectionState: Data is Out of Service. ret = DISCONNECTED
10-17 11:46:18.929 E/PHONE   ( 1180): Settings Exception Reading Dual Sim Data Call Values
10-17 11:46:18.929 D/GSM     ( 1180): [MSimDefaultPhoneNotifier] subscription = 0, DDS = 0
10-17 11:46:18.929 I/gsm_service_state_change( 1180): [1,1,3,1]
10-17 11:46:18.939 W/SignalStrength(  526): getLTELevel - rsrp:2147483647 snr:2147483647 rsrpIconLevel:-1 snrIconLevel:-1
10-17 11:46:18.939 W/SignalStrength(  526): getLTELevel - rssi:99 rssiIconLevel:0
10-17 11:46:18.939 W/SignalStrength(  526): getGsmLevel=0
10-17 11:46:18.939 W/SignalStrength(  526): getLevel=0
10-17 11:46:18.939 D/StatusBar.MSimNetworkController(  526): refreshViews subscription =0mMSimDataConnected =false
10-17 11:46:18.939 D/StatusBar.MSimNetworkController(  526): refreshViews mMSimDataActivity =0
10-17 11:46:18.939 D/StatusBar.MSimNetworkController(  526): refreshViews connected={ } level=0 mMSimcombinedSignalIconId=0x7f0200f8/com.android.systemui:drawable/stat_sys_signal_null mMSimcombinedActivityIconId=0x0 mAirplaneMode=false mMSimDataActivity=0 mMSimPhoneSignalIconId=0x7f0200f8 mMSimDataDirectionIconId=0x0 mMSimDataSignalIconId=0x7f0200f8 mMSimDataTypeIconId=0x0 mNoMSimIconId=0x0 mWifiIconId=0x0 mBluetoothTetherIconId=0x1080580
10-17 11:46:18.939 D/GSM     ( 1180): [ApnContext:fota] setDataConnection: old dc=null new dc=null this={mApnType=fota mState=IDLE mWaitingApns=null mWaitingApnsPermanentFailureCountDown=0 mDataProfile =null mDataConnectionAc=null mReason=radioTurnedOff mDataEnabled=false mDependencyMet=true}
10-17 11:46:18.939 D/GSM     ( 1180): [ApnContext:fota] setDataConnectionAc: old dcac=null new dcac=null
10-17 11:46:18.939 D/GSM     ( 1180): [ApnContext:dun] set reason as radioTurnedOff,current state IDLE
10-17 11:46:18.939 D/GSM     ( 1180): [ApnContext:dun] setState: IDLE, previous state:IDLE
10-17 11:46:18.939 D/GSM     ( 1180): [GSMPhone] getDataConnectionState: Data is Out of Service. ret = DISCONNECTED
10-17 11:46:18.939 E/PHONE   ( 1180): Settings Exception Reading Dual Sim Data Call Values
10-17 11:46:18.939 D/GSM     ( 1180): [MSimDefaultPhoneNotifier] subscription = 0, DDS = 0
10-17 11:46:18.939 D/GSM     ( 1180): [ApnContext:dun] setDataConnection: old dc=null new dc=null this={mApnType=dun mState=IDLE mWaitingApns=null mWaitingApnsPermanentFailureCountDown=0 mDataProfile =null mDataConnectionAc=null mReason=radioTurnedOff mDataEnabled=false mDependencyMet=true}
10-17 11:46:18.939 D/GSM     ( 1180): [ApnContext:dun] setDataConnectionAc: old dcac=null new dcac=null
10-17 11:46:18.939 D/GSM     ( 1180): [ApnContext:supl] set reason as radioTurnedOff,current state IDLE
10-17 11:46:18.939 D/GSM     ( 1180): [ApnContext:supl] setState: IDLE, previous state:IDLE
10-17 11:46:18.939 D/GSM     ( 1180): [GSMPhone] getDataConnectionState: Data is Out of Service. ret = DISCONNECTED
10-17 11:46:18.939 E/PHONE   ( 1180): Settings Exception Reading Dual Sim Data Call Values
10-17 11:46:18.939 D/GSM     ( 1180): [MSimDefaultPhoneNotifier] subscription = 0, DDS = 0
10-17 11:46:18.949 D/GSM     ( 1180): [ApnContext:supl] setDataConnection: old dc=null new dc=null this={mApnType=supl mState=IDLE mWaitingApns=null mWaitingApnsPermanentFailureCountDown=0 mDataProfile =null mDataConnectionAc=null mReason=radioTurnedOff mDataEnabled=false mDependencyMet=true}
10-17 11:46:18.949 D/GSM     ( 1180): [ApnContext:supl] setDataConnectionAc: old dcac=null new dcac=null
10-17 11:46:18.949 D/GSM     ( 1180): [ApnContext:hipri] set reason as radioTurnedOff,current state IDLE
10-17 11:46:18.949 D/GSM     ( 1180): [ApnContext:hipri] setState: IDLE, previous state:IDLE
10-17 11:46:18.949 D/GSM     ( 1180): [GSMPhone] getDataConnectionState: Data is Out of Service. ret = DISCONNECTED
10-17 11:46:18.949 E/PHONE   ( 1180): Settings Exception Reading Dual Sim Data Call Values
10-17 11:46:18.949 D/GSM     ( 1180): [MSimDefaultPhoneNotifier] subscription = 0, DDS = 0
10-17 11:46:18.949 D/GSM     ( 1180): [ApnContext:hipri] setDataConnection: old dc=null new dc=null this={mApnType=hipri mState=IDLE mWaitingApns=null mWaitingApnsPermanentFailureCountDown=0 mDataProfile =null mDataConnectionAc=null mReason=radioTurnedOff mDataEnabled=false mDependencyMet=true}
10-17 11:46:18.949 D/GSM     ( 1180): [ApnContext:hipri] setDataConnectionAc: old dcac=null new dcac=null
10-17 11:46:18.949 D/GSM     ( 1180): [ApnContext:ims] set reason as radioTurnedOff,current state IDLE
10-17 11:46:18.949 D/GSM     ( 1180): [ApnContext:ims] setState: IDLE, previous state:IDLE
10-17 11:46:18.949 D/GSM     ( 1180): [GSMPhone] getDataConnectionState: Data is Out of Service. ret = DISCONNECTED
10-17 11:46:18.949 E/PHONE   ( 1180): Settings Exception Reading Dual Sim Data Call Values
10-17 11:46:18.949 D/GSM     ( 1180): [MSimDefaultPhoneNotifier] subscription = 0, DDS = 0
10-17 11:46:18.959 D/GSM     ( 1180): [ApnContext:ims] setDataConnection: old dc=null new dc=null this={mApnType=ims mState=IDLE mWaitingApns=null mWaitingApnsPermanentFailureCountDown=0 mDataProfile =null mDataConnectionAc=null mReason=radioTurnedOff mDataEnabled=false mDependencyMet=true}
10-17 11:46:18.959 D/GSM     ( 1180): [ApnContext:ims] setDataConnectionAc: old dcac=null new dcac=null
10-17 11:46:18.959 D/GSM     ( 1180): [ApnContext:default] set reason as radioTurnedOff,current state IDLE
10-17 11:46:18.959 D/GSM     ( 1180): [ApnContext:default] setState: IDLE, previous state:IDLE
10-17 11:46:18.959 D/GSM     ( 1180): [GSMPhone] getDataConnectionState: Data is Out of Service. ret = DISCONNECTED
10-17 11:46:18.959 E/PHONE   ( 1180): Settings Exception Reading Dual Sim Data Call Values
10-17 11:46:18.959 D/GSM     ( 1180): [MSimDefaultPhoneNotifier] subscription = 0, DDS = 0
10-17 11:46:18.959 D/GSM     ( 1180): [ApnContext:default] setDataConnection: old dc=null new dc=null this={mApnType=default mState=IDLE mWaitingApns=null mWaitingApnsPermanentFailureCountDown=0 mDataProfile =null mDataConnectionAc=null mReason=radioTurnedOff mDataEnabled=true mDependencyMet=true}
10-17 11:46:18.959 D/GSM     ( 1180): [ApnContext:default] setDataConnectionAc: old dcac=null new dcac=null
10-17 11:46:18.959 D/GSM     ( 1180): [ApnContext:mms] set reason as radioTurnedOff,current state IDLE
10-17 11:46:18.959 D/GSM     ( 1180): [ApnContext:mms] setState: IDLE, previous state:IDLE
10-17 11:46:18.959 D/GSM     ( 1180): [GSMPhone] getDataConnectionState: Data is Out of Service. ret = DISCONNECTED
10-17 11:46:18.959 E/PHONE   ( 1180): Settings Exception Reading Dual Sim Data Call Values
10-17 11:46:18.959 D/GSM     ( 1180): [MSimDefaultPhoneNotifier] subscription = 0, DDS = 0
10-17 11:46:18.969 D/GSM     ( 1180): [ApnContext:mms] setDataConnection: old dc=null new dc=null this={mApnType=mms mState=IDLE mWaitingApns=null mWaitingApnsPermanentFailureCountDown=0 mDataProfile =null mDataConnectionAc=null mReason=radioTurnedOff mDataEnabled=false mDependencyMet=true}
10-17 11:46:18.969 D/GSM     ( 1180): [ApnContext:mms] setDataConnectionAc: old dcac=null new dcac=null
10-17 11:46:18.969 D/GSM     ( 1180): [ApnContext:cbs] set reason as radioTurnedOff,current state IDLE
10-17 11:46:18.969 D/GSM     ( 1180): [ApnContext:cbs] setState: IDLE, previous state:IDLE
10-17 11:46:18.969 D/GSM     ( 1180): [GSMPhone] getDataConnectionState: Data is Out of Service. ret = DISCONNECTED
10-17 11:46:18.969 E/PHONE   ( 1180): Settings Exception Reading Dual Sim Data Call Values
10-17 11:46:18.969 D/GSM     ( 1180): [MSimDefaultPhoneNotifier] subscription = 0, DDS = 0
10-17 11:46:18.969 D/GSM     ( 1180): [ApnContext:cbs] setDataConnection: old dc=null new dc=null this={mApnType=cbs mState=IDLE mWaitingApns=null mWaitingApnsPermanentFailureCountDown=0 mDataProfile =null mDataConnectionAc=null mReason=radioTurnedOff mDataEnabled=false mDependencyMet=true}
10-17 11:46:18.969 D/GSM     ( 1180): [ApnContext:cbs] setDataConnectionAc: old dcac=null new dcac=null
10-17 11:46:18.969 D/GSM     ( 1180): [MSimGsmDCT:0] cleanUpConnection: mDisconnectPendingCount = 0
10-17 11:46:18.969 E/PHONE   ( 1180): Settings Exception Reading Dual Sim Data Call Values
10-17 11:46:18.969 D/GSM     ( 1180): [MSimDefaultPhoneNotifier] subscription = 0, DDS = 0
10-17 11:46:18.979 E/PHONE   ( 1180): Settings Exception Reading Dual Sim Data Call Values
10-17 11:46:18.979 D/GSM     ( 1180): [MSimDefaultPhoneNotifier] subscription = 0, DDS = 0
10-17 11:46:18.979 E/PHONE   ( 1180): Settings Exception Reading Dual Sim Data Call Values
10-17 11:46:18.979 D/GSM     ( 1180): [MSimDefaultPhoneNotifier] subscription = 0, DDS = 0
10-17 11:46:18.979 E/PHONE   ( 1180): Settings Exception Reading Dual Sim Data Call Values
10-17 11:46:18.979 D/GSM     ( 1180): [MSimDefaultPhoneNotifier] subscription = 0, DDS = 0
10-17 11:46:18.989 E/PHONE   ( 1180): Settings Exception Reading Dual Sim Data Call Values
10-17 11:46:18.989 D/GSM     ( 1180): [MSimDefaultPhoneNotifier] subscription = 0, DDS = 0
10-17 11:46:18.989 E/PHONE   ( 1180): Settings Exception Reading Dual Sim Data Call Values
10-17 11:46:18.989 D/GSM     ( 1180): [MSimDefaultPhoneNotifier] subscription = 0, DDS = 0
10-17 11:46:18.999 E/PHONE   ( 1180): Settings Exception Reading Dual Sim Data Call Values
10-17 11:46:18.999 D/GSM     ( 1180): [MSimDefaultPhoneNotifier] subscription = 0, DDS = 0
10-17 11:46:18.999 E/PHONE   ( 1180): Settings Exception Reading Dual Sim Data Call Values
10-17 11:46:18.999 D/GSM     ( 1180): [GSMPhone] getDataConnectionState: Data is Out of Service. ret = DISCONNECTED
10-17 11:46:18.999 E/PHONE   ( 1180): Settings Exception Reading Dual Sim Data Call Values
10-17 11:46:18.999 D/GSM     ( 1180): [MSimDefaultPhoneNotifier] subscription = 0, DDS = 0
10-17 11:46:18.999 E/PHONE   ( 1180): Settings Exception Reading Dual Sim Data Call Values
10-17 11:46:18.999 D/GSM     ( 1180): [MSimDefaultPhoneNotifier] subscription = 0, DDS = 0
10-17 11:46:18.999 E/PHONE   ( 1180): Settings Exception Reading Dual Sim Data Call Values
10-17 11:46:18.999 D/GSM     ( 1180): [MSimDefaultPhoneNotifier] subscription = 0, DDS = 0
10-17 11:46:19.009 E/PHONE   ( 1180): Settings Exception Reading Dual Sim Data Call Values
10-17 11:46:19.009 D/GSM     ( 1180): [MSimDefaultPhoneNotifier] subscription = 0, DDS = 0
10-17 11:46:19.009 E/PHONE   ( 1180): Settings Exception Reading Dual Sim Data Call Values
10-17 11:46:19.009 D/GSM     ( 1180): [MSimDefaultPhoneNotifier] subscription = 0, DDS = 0
10-17 11:46:19.009 E/PHONE   ( 1180): Settings Exception Reading Dual Sim Data Call Values
10-17 11:46:19.009 D/GSM     ( 1180): [MSimDefaultPhoneNotifier] subscription = 0, DDS = 0
10-17 11:46:19.019 E/PHONE   ( 1180): Settings Exception Reading Dual Sim Data Call Values
10-17 11:46:19.019 D/GSM     ( 1180): [MSimDefaultPhoneNotifier] subscription = 0, DDS = 0
10-17 11:46:19.019 E/PHONE   ( 1180): Settings Exception Reading Dual Sim Data Call Values
10-17 11:46:19.019 D/GSM     ( 1180): [MSimDefaultPhoneNotifier] subscription = 0, DDS = 0
10-17 11:46:19.019 E/PHONE   ( 1180): Settings Exception Reading Dual Sim Data Call Values
10-17 11:46:19.019 E/PHONE   ( 1180): Settings Exception Reading Dual Sim Data Call Values
10-17 11:46:19.019 D/GSM     ( 1180): [MSimDefaultPhoneNotifier] subscription = 0, DDS = 0
10-17 11:46:19.019 E/PHONE   ( 1180): Settings Exception Reading Dual Sim Data Call Values
10-17 11:46:19.029 D/GSM     ( 1180): [MSimDefaultPhoneNotifier] subscription = 0, DDS = 0
10-17 11:46:19.029 E/PHONE   ( 1180): Settings Exception Reading Dual Sim Data Call Values
10-17 11:46:19.029 D/GSM     ( 1180): [MSimDefaultPhoneNotifier] subscription = 0, DDS = 0
10-17 11:46:19.029 E/PHONE   ( 1180): Settings Exception Reading Dual Sim Data Call Values
10-17 11:46:19.029 D/GSM     ( 1180): [MSimDefaultPhoneNotifier] subscription = 0, DDS = 0
10-17 11:46:19.029 E/PHONE   ( 1180): Settings Exception Reading Dual Sim Data Call Values
10-17 11:46:19.039 D/GSM     ( 1180): [MSimDefaultPhoneNotifier] subscription = 0, DDS = 0
10-17 11:46:19.039 E/PHONE   ( 1180): Settings Exception Reading Dual Sim Data Call Values
10-17 11:46:19.039 D/GSM     ( 1180): [MSimDefaultPhoneNotifier] subscription = 0, DDS = 0
10-17 11:46:19.039 E/PHONE   ( 1180): Settings Exception Reading Dual Sim Data Call Values
10-17 11:46:19.039 D/GSM     ( 1180): [MSimDefaultPhoneNotifier] subscription = 0, DDS = 0
10-17 11:46:19.049 D/GSM     ( 1180): [MSimGsmDCT:0] setupDataOnReadyApns: roamingOff
10-17 11:46:19.049 D/GSM     ( 1180): [ApnContext:default] set reason as roamingOff,current state IDLE
10-17 11:46:19.049 E/PHONE   ( 1180): Settings Exception Reading Dual Sim Data Call Values
10-17 11:46:19.049 D/GSM     ( 1180): [MSimDefaultPhoneNotifier] subscription = 0, DDS = 0
10-17 11:46:19.059 E/PHONE   ( 1180): Settings Exception Reading Dual Sim Data Call Values
10-17 11:46:19.059 D/GSM     ( 1180): [MSimDefaultPhoneNotifier] subscription = 0, DDS = 0
10-17 11:46:19.059 E/PHONE   ( 1180): Settings Exception Reading Dual Sim Data Call Values
10-17 11:46:19.059 D/GSM     ( 1180): [MSimDefaultPhoneNotifier] subscription = 0, DDS = 0
10-17 11:46:19.059 E/PHONE   ( 1180): Settings Exception Reading Dual Sim Data Call Values
10-17 11:46:19.059 D/GSM     ( 1180): [MSimDefaultPhoneNotifier] subscription = 0, DDS = 0
10-17 11:46:19.069 E/PHONE   ( 1180): Settings Exception Reading Dual Sim Data Call Values
10-17 11:46:19.069 D/GSM     ( 1180): [MSimDefaultPhoneNotifier] subscription = 0, DDS = 0
10-17 11:46:19.069 E/PHONE   ( 1180): Settings Exception Reading Dual Sim Data Call Values
10-17 11:46:19.069 D/GSM     ( 1180): [MSimDefaultPhoneNotifier] subscription = 0, DDS = 0
10-17 11:46:19.069 E/PHONE   ( 1180): Settings Exception Reading Dual Sim Data Call Values
10-17 11:46:19.069 D/GSM     ( 1180): [MSimDefaultPhoneNotifier] subscription = 0, DDS = 0
10-17 11:46:19.069 D/GSM     ( 1180): MSimGsmSMSDispatcher: subId = 0 slotId = -1
10-17 11:46:19.069 D/RIL_MSimIccCardProxy( 1180): No card available
10-17 11:46:19.069 D/RIL_MSimIccCardProxy( 1180): No card available
10-17 11:46:19.069 D/RILJ    ( 1180): [0006]> GET_CURRENT_CALLS [SUB1]
10-17 11:46:19.079 D/RILJ    ( 1180): [0007]> RADIO_POWER on [SUB1]
10-17 11:46:19.079 I/MSimTelephonyRegistry(  399): notifyServiceState: 3 home null null null  Unknown CSS not supported -1 -1 mDataState=3 RoamInd=-1 DefRoamInd=-1 EmergOnly=false
10-17 11:46:19.079 D/StatusBar.MSimNetworkController(  526): onServiceStateChanged received on subscription :1state=3
10-17 11:46:19.079 D/StatusBar.MSimNetworkController(  526): updateTelephonySignalStrength: subscription =1
10-17 11:46:19.079 D/StatusBar.MSimNetworkController(  526):  No service
10-17 11:46:19.079 D/StatusBar.MSimNetworkController(  526): updateDataNetType sub = 1 mDataNetType = 0
10-17 11:46:19.079 E/StatusBar.MSimNetworkController(  526): updateDataNetType NETWORK_TYPE_UNKNOWN
10-17 11:46:19.079 D/StatusBar.MSimNetworkController(  526): updateDataIcon subscription =1
10-17 11:46:19.079 D/StatusBar.MSimNetworkController(  526): updateDataIcon dataSub =0
10-17 11:46:19.079 I/GSM     ( 1180): Network State Changed, get EONS and update operator name display
10-17 11:46:19.079 I/gsm_service_state_change( 1180): [1,1,3,1]
