D/dalvikvm(  399): GC_EXPLICIT freed 111K, 39% free 5655K/9159K, paused 3ms+5ms, total 56ms
D/dalvikvm(  573): GC_EXPLICIT freed 498K, 69% free 2577K/8195K, paused 2ms+5ms, total 28ms
E/Sensors (  399): sensors_poll_context_t::pollEvents, line 202: receive event #### i=3, nb=1
D/dalvikvm(  399): GC_EXPLICIT freed 110K, 39% free 5656K/9159K, paused 3ms+5ms, total 57ms
D/dalvikvm(  399): GC_EXPLICIT freed 111K, 39% free 5655K/9159K, paused 3ms+5ms, total 55ms
D/dalvikvm(  573): GC_EXPLICIT freed 498K, 69% free 2577K/8195K, paused 3ms+5ms, total 29ms
D/dalvikvm(  399): GC_EXPLICIT freed 110K, 39% free 5656K/9159K, paused 3ms+5ms, total 53ms
D/dalvikvm(  399): GC_EXPLICIT freed 111K, 39% free 5655K/9159K, paused 3ms+5ms, total 55ms
D/dalvikvm(  573): GC_EXPLICIT freed 498K, 69% free 2577K/8195K, paused 2ms+5ms, total 29ms
E/Sensors (  399): sensors_poll_context_t::pollEvents, line 202: receive event #### i=3, nb=1
D/dalvikvm(  399): GC_EXPLICIT freed 110K, 39% free 5656K/9159K, paused 3ms+5ms, total 53ms
D/dalvikvm(  399): GC_EXPLICIT freed 111K, 39% free 5655K/9159K, paused 3ms+5ms, total 57ms
D/dalvikvm(  573): GC_EXPLICIT freed 498K, 69% free 2577K/8195K, paused 2ms+6ms, total 29ms
D/dalvikvm(  399): GC_EXPLICIT freed 110K, 39% free 5656K/9159K, paused 3ms+5ms, total 56ms
E/MP-Decision( 1242): MPDecision server starting
E/MP-Decision( 1242): OPTION ENABLED: Control sleep modes
E/MP-Decision( 1242): OPTION ENABLED: Adjusting average
E/MP-Decision( 1242): 
E/MP-Decision( 1242):  MP Decision Options:
E/MP-Decision( 1242): --poll_ms --decision_ms --no_sleep --avg_comp --debug
E/MP-Decision( 1242): --Nw=[1..3]:[value] --Tw=[1..3]:[value] --Ns=[1..3]:[value] --Ts=[1..3]:[value]
E/Sensors (  399): sensors_poll_context_t::pollEvents, line 202: receive event #### i=3, nb=1
D/dalvikvm(  399): GC_EXPLICIT freed 111K, 39% free 5655K/9159K, paused 3ms+5ms, total 57ms
D/dalvikvm(  573): GC_EXPLICIT freed 498K, 69% free 2577K/8195K, paused 2ms+6ms, total 28ms
D/dalvikvm(  399): GC_EXPLICIT freed 110K, 39% free 5656K/9159K, paused 3ms+5ms, total 56ms
D/dalvikvm(  399): GC_EXPLICIT freed 111K, 39% free 5655K/9159K, paused 3ms+5ms, total 57ms
D/dalvikvm(  573): GC_EXPLICIT freed 498K, 69% free 2577K/8195K, paused 2ms+6ms, total 29ms
D/dalvikvm(  399): GC_EXPLICIT freed 110K, 39% free 5656K/9159K, paused 4ms+5ms, total 56ms
E/Sensors (  399): sensors_poll_context_t::pollEvents, line 202: receive event #### i=3, nb=1
D/dalvikvm(  399): GC_EXPLICIT freed 111K, 39% free 5655K/9159K, paused 3ms+4ms, total 55ms
D/dalvikvm(  573): GC_EXPLICIT freed 497K, 69% free 2577K/8195K, paused 2ms+5ms, total 29ms
D/dalvikvm(  399): GC_EXPLICIT freed 110K, 39% free 5656K/9159K, paused 3ms+4ms, total 56ms
D/dalvikvm(  399): GC_EXPLICIT freed 111K, 39% free 5655K/9159K, paused 3ms+5ms, total 56ms
D/dalvikvm(  573): GC_EXPLICIT freed 498K, 69% free 2577K/8195K, paused 2ms+5ms, total 29ms
E/Sensors (  399): sensors_poll_context_t::pollEvents, line 202: receive event #### i=3, nb=1
D/dalvikvm(  399): GC_EXPLICIT freed 110K, 39% free 5656K/9159K, paused 3ms+5ms, total 56ms
D/dalvikvm(  399): GC_EXPLICIT freed 111K, 39% free 5655K/9159K, paused 3ms+5ms, total 52ms
D/dalvikvm(  573): GC_EXPLICIT freed 498K, 69% free 2577K/8195K, paused 2ms+6ms, total 29ms
D/dalvikvm(  399): GC_EXPLICIT freed 110K, 39% free 5656K/9159K, paused 3ms+5ms, total 56ms
D/dalvikvm(  399): GC_EXPLICIT freed 111K, 39% free 5655K/9159K, paused 3ms+5ms, total 53ms
D/dalvikvm(  573): GC_EXPLICIT freed 498K, 69% free 2577K/8195K, paused 3ms+6ms, total 29ms
E/Sensors (  399): sensors_poll_context_t::pollEvents, line 202: receive event #### i=3, nb=1
D/dalvikvm(  399): GC_EXPLICIT freed 110K, 39% free 5656K/9159K, paused 3ms+4ms, total 56ms
D/dalvikvm(  399): GC_EXPLICIT freed 111K, 39% free 5655K/9159K, paused 3ms+5ms, total 56ms
E/MP-Decision( 1245): MPDecision server starting
E/MP-Decision( 1245): OPTION ENABLED: Control sleep modes
E/MP-Decision( 1245): OPTION ENABLED: Adjusting average
E/MP-Decision( 1245): 
E/MP-Decision( 1245):  MP Decision Options:
E/MP-Decision( 1245): --poll_ms --decision_ms --no_sleep --avg_comp --debug
E/MP-Decision( 1245): --Nw=[1..3]:[value] --Tw=[1..3]:[value] --Ns=[1..3]:[value] --Ts=[1..3]:[value]
D/dalvikvm(  573): GC_EXPLICIT freed 498K, 69% free 2577K/8195K, paused 2ms+6ms, total 37ms
D/dalvikvm(  399): GC_EXPLICIT freed 110K, 39% free 5656K/9159K, paused 3ms+4ms, total 53ms
D/dalvikvm(  399): GC_EXPLICIT freed 111K, 39% free 5655K/9159K, paused 3ms+5ms, total 55ms
E/Sensors (  399): sensors_poll_context_t::pollEvents, line 202: receive event #### i=3, nb=1
D/dalvikvm(  573): GC_EXPLICIT freed 498K, 69% free 2577K/8195K, paused 2ms+5ms, total 28ms
D/dalvikvm(  399): GC_EXPLICIT freed 110K, 39% free 5656K/9159K, paused 3ms+4ms, total 55ms
D/dalvikvm(  399): GC_EXPLICIT freed 111K, 39% free 5655K/9159K, paused 3ms+5ms, total 55ms
D/dalvikvm(  573): GC_EXPLICIT freed 498K, 69% free 2577K/8195K, paused 2ms+5ms, total 29ms
D/dalvikvm(  399): GC_EXPLICIT freed 110K, 39% free 5656K/9159K, paused 3ms+5ms, total 55ms
E/Sensors (  399): sensors_poll_context_t::pollEvents, line 202: receive event #### i=3, nb=1
D/dalvikvm(  399): GC_EXPLICIT freed 111K, 39% free 5655K/9159K, paused 3ms+4ms, total 56ms
D/dalvikvm(  573): GC_EXPLICIT freed 498K, 69% free 2577K/8195K, paused 2ms+5ms, total 29ms
D/dalvikvm(  399): GC_EXPLICIT freed 110K, 39% free 5655K/9159K, paused 3ms+5ms, total 55ms
D/dalvikvm(  399): GC_EXPLICIT freed 111K, 39% free 5655K/9159K, paused 3ms+5ms, total 55ms
D/dalvikvm(  573): GC_EXPLICIT freed 498K, 69% free 2577K/8195K, paused 2ms+6ms, total 29ms
D/dalvikvm(  399): GC_EXPLICIT freed 110K, 39% free 5655K/9159K, paused 3ms+5ms, total 55ms
E/Sensors (  399): sensors_poll_context_t::pollEvents, line 202: receive event #### i=3, nb=1
D/dalvikvm(  399): GC_EXPLICIT freed 111K, 39% free 5655K/9159K, paused 3ms+5ms, total 56ms
D/dalvikvm(  573): GC_EXPLICIT freed 498K, 69% free 2577K/8195K, paused 2ms+5ms, total 28ms
D/dalvikvm(  399): GC_EXPLICIT freed 110K, 39% free 5655K/9159K, paused 3ms+5ms, total 55ms
D/dalvikvm(  399): GC_EXPLICIT freed 111K, 39% free 5655K/9159K, paused 3ms+5ms, total 57ms
D/dalvikvm(  573): GC_EXPLICIT freed 498K, 69% free 2577K/8195K, paused 3ms+5ms, total 29ms
E/MP-Decision( 1249): MPDecision server starting
E/MP-Decision( 1249): OPTION ENABLED: Control sleep modes
E/MP-Decision( 1249): OPTION ENABLED: Adjusting average
E/MP-Decision( 1249): 
E/MP-Decision( 1249):  MP Decision Options:
E/MP-Decision( 1249): --poll_ms --decision_ms --no_sleep --avg_comp --debug
E/MP-Decision( 1249): --Nw=[1..3]:[value] --Tw=[1..3]:[value] --Ns=[1..3]:[value] --Ts=[1..3]:[value]
E/Sensors (  399): sensors_poll_context_t::pollEvents, line 202: receive event #### i=3, nb=1
D/dalvikvm(  399): GC_EXPLICIT freed 110K, 39% free 5655K/9159K, paused 3ms+4ms, total 55ms
D/dalvikvm(  399): GC_EXPLICIT freed 111K, 39% free 5655K/9159K, paused 3ms+5ms, total 55ms
D/dalvikvm(  573): GC_EXPLICIT freed 498K, 69% free 2577K/8195K, paused 2ms+5ms, total 28ms
D/dalvikvm(  399): GC_EXPLICIT freed 110K, 39% free 5655K/9159K, paused 3ms+6ms, total 52ms
D/dalvikvm(  399): GC_EXPLICIT freed 111K, 39% free 5655K/9159K, paused 3ms+4ms, total 56ms
E/Sensors (  399): sensors_poll_context_t::pollEvents, line 202: receive event #### i=3, nb=1
D/dalvikvm(  573): GC_EXPLICIT freed 498K, 69% free 2577K/8195K, paused 2ms+6ms, total 29ms
D/dalvikvm(  399): GC_EXPLICIT freed 110K, 39% free 5655K/9159K, paused 3ms+5ms, total 55ms
D/dalvikvm(  399): GC_EXPLICIT freed 112K, 39% free 5655K/9159K, paused 3ms+4ms, total 56ms
D/dalvikvm(  573): GC_EXPLICIT freed 498K, 69% free 2577K/8195K, paused 2ms+5ms, total 29ms
D/dalvikvm(  399): GC_EXPLICIT freed 110K, 39% free 5655K/9159K, paused 3ms+4ms, total 56ms
E/Sensors (  399): sensors_poll_context_t::pollEvents, line 202: receive event #### i=3, nb=1
D/dalvikvm(  399): GC_EXPLICIT freed 111K, 39% free 5655K/9159K, paused 3ms+5ms, total 56ms
D/dalvikvm(  573): GC_EXPLICIT freed 498K, 69% free 2577K/8195K, paused 2ms+5ms, total 29ms
D/dalvikvm(  399): GC_EXPLICIT freed 110K, 39% free 5655K/9159K, paused 3ms+4ms, total 55ms
D/dalvikvm(  399): GC_EXPLICIT freed 111K, 39% free 5655K/9159K, paused 3ms+5ms, total 55ms
D/dalvikvm(  573): GC_EXPLICIT freed 498K, 69% free 2577K/8195K, paused 2ms+5ms, total 29ms
D/dalvikvm(  399): GC_EXPLICIT freed 110K, 39% free 5655K/9159K, paused 3ms+4ms, total 55ms
E/Sensors (  399): sensors_poll_context_t::pollEvents, line 202: receive event #### i=3, nb=1
D/dalvikvm(  399): GC_EXPLICIT freed 111K, 39% free 5655K/9159K, paused 3ms+5ms, total 55ms
D/dalvikvm(  573): GC_EXPLICIT freed 498K, 69% free 2577K/8195K, paused 2ms+7ms, total 29ms
E/MP-Decision( 1252): MPDecision server starting
E/MP-Decision( 1252): OPTION ENABLED: Control sleep modes
E/MP-Decision( 1252): OPTION ENABLED: Adjusting average
E/MP-Decision( 1252): 
E/MP-Decision( 1252):  MP Decision Options:
E/MP-Decision( 1252): --poll_ms --decision_ms --no_sleep --avg_comp --debug
E/MP-Decision( 1252): --Nw=[1..3]:[value] --Tw=[1..3]:[value] --Ns=[1..3]:[value] --Ts=[1..3]:[value]
D/dalvikvm(  399): GC_EXPLICIT freed 110K, 39% free 5655K/9159K, paused 3ms+4ms, total 58ms
D/dalvikvm(  399): GC_EXPLICIT freed 111K, 39% free 5655K/9159K, paused 3ms+5ms, total 55ms
D/dalvikvm(  573): GC_EXPLICIT freed 498K, 69% free 2577K/8195K, paused 2ms+6ms, total 28ms
E/Sensors (  399): sensors_poll_context_t::pollEvents, line 202: receive event #### i=3, nb=1
D/dalvikvm(  399): GC_EXPLICIT freed 110K, 39% free 5655K/9159K, paused 3ms+5ms, total 55ms
D/dalvikvm(  399): GC_EXPLICIT freed 111K, 39% free 5655K/9159K, paused 3ms+5ms, total 56ms
D/dalvikvm(  573): GC_EXPLICIT freed 498K, 69% free 2577K/8195K, paused 2ms+5ms, total 28ms
D/dalvikvm(  399): GC_EXPLICIT freed 110K, 39% free 5655K/9159K, paused 3ms+4ms, total 56ms
D/dalvikvm(  399): GC_EXPLICIT freed 111K, 39% free 5655K/9159K, paused 3ms+4ms, total 55ms
D/dalvikvm(  573): GC_EXPLICIT freed 498K, 69% free 2577K/8195K, paused 2ms+6ms, total 29ms
E/Sensors (  399): sensors_poll_context_t::pollEvents, line 202: receive event #### i=3, nb=1
D/dalvikvm(  399): GC_EXPLICIT freed 110K, 39% free 5655K/9159K, paused 3ms+5ms, total 55ms
D/dalvikvm(  399): GC_EXPLICIT freed 111K, 39% free 5655K/9159K, paused 3ms+4ms, total 53ms
D/dalvikvm(  573): GC_EXPLICIT freed 491K, 69% free 2576K/8195K, paused 2ms+5ms, total 28ms
D/dalvikvm(  399): GC_EXPLICIT freed 110K, 39% free 5655K/9159K, paused 3ms+5ms, total 55ms
E/Sensors (  399): sensors_poll_context_t::pollEvents, line 202: receive event #### i=3, nb=1
D/dalvikvm(  399): GC_EXPLICIT freed 111K, 39% free 5655K/9159K, paused 3ms+4ms, total 54ms
D/dalvikvm(  573): GC_EXPLICIT freed 530K, 69% free 2577K/8195K, paused 2ms+6ms, total 30ms
D/dalvikvm(  399): GC_EXPLICIT freed 120K, 39% free 5657K/9159K, paused 3ms+4ms, total 52ms
D/dalvikvm(  399): GC_EXPLICIT freed 112K, 39% free 5655K/9159K, paused 2ms+5ms, total 52ms
D/dalvikvm(  573): GC_EXPLICIT freed 534K, 69% free 2576K/8195K, paused 2ms+5ms, total 28ms
E/Sensors (  399): sensors_poll_context_t::pollEvents, line 202: receive event #### i=3, nb=1
E/MP-Decision( 1255): MPDecision server starting
E/MP-Decision( 1255): OPTION ENABLED: Control sleep modes
E/MP-Decision( 1255): OPTION ENABLED: Adjusting average
E/MP-Decision( 1255): 
E/MP-Decision( 1255):  MP Decision Options:
E/MP-Decision( 1255): --poll_ms --decision_ms --no_sleep --avg_comp --debug
E/MP-Decision( 1255): --Nw=[1..3]:[value] --Tw=[1..3]:[value] --Ns=[1..3]:[value] --Ts=[1..3]:[value]
D/dalvikvm(  399): GC_EXPLICIT freed 110K, 39% free 5656K/9159K, paused 3ms+5ms, total 53ms
D/dalvikvm(  399): GC_EXPLICIT freed 111K, 39% free 5655K/9159K, paused 3ms+4ms, total 52ms
D/dalvikvm(  573): GC_EXPLICIT freed 538K, 69% free 2576K/8195K, paused 2ms+5ms, total 28ms
D/dalvikvm(  399): GC_EXPLICIT freed 110K, 39% free 5656K/9159K, paused 3ms+5ms, total 52ms
E/Sensors (  399): sensors_poll_context_t::pollEvents, line 202: receive event #### i=3, nb=1
D/dalvikvm(  399): GC_EXPLICIT freed 111K, 39% free 5655K/9159K, paused 3ms+4ms, total 56ms
D/dalvikvm(  573): GC_EXPLICIT freed 541K, 69% free 2578K/8195K, paused 2ms+5ms, total 29ms
D/dalvikvm(  399): GC_EXPLICIT freed 110K, 39% free 5656K/9159K, paused 2ms+4ms, total 55ms
D/dalvikvm(  399): GC_EXPLICIT freed 111K, 39% free 5655K/9159K, paused 3ms+4ms, total 56ms
D/dalvikvm(  573): GC_EXPLICIT freed 541K, 69% free 2578K/8195K, paused 2ms+5ms, total 30ms
D/dalvikvm(  399): GC_EXPLICIT freed 110K, 39% free 5656K/9159K, paused 3ms+4ms, total 56ms
E/Sensors (  399): sensors_poll_context_t::pollEvents, line 202: receive event #### i=3, nb=1
D/dalvikvm(  399): GC_EXPLICIT freed 111K, 39% free 5655K/9159K, paused 3ms+4ms, total 55ms
D/dalvikvm(  573): GC_EXPLICIT freed 539K, 69% free 2578K/8195K, paused 2ms+5ms, total 28ms
D/dalvikvm(  399): GC_EXPLICIT freed 110K, 39% free 5656K/9159K, paused 3ms+4ms, total 55ms
D/dalvikvm(  399): GC_EXPLICIT freed 111K, 39% free 5655K/9159K, paused 2ms+5ms, total 51ms
D/dalvikvm(  573): GC_EXPLICIT freed 542K, 69% free 2578K/8195K, paused 2ms+5ms, total 28ms
E/Sensors (  399): sensors_poll_context_t::pollEvents, line 202: receive event #### i=3, nb=1
D/dalvikvm(  399): GC_EXPLICIT freed 110K, 39% free 5656K/9159K, paused 3ms+5ms, total 55ms
D/dalvikvm(  399): GC_EXPLICIT freed 111K, 39% free 5655K/9159K, paused 3ms+4ms, total 55ms
D/dalvikvm(  573): GC_EXPLICIT freed 540K, 69% free 2578K/8195K, paused 2ms+5ms, total 30ms
E/MP-Decision( 1258): MPDecision server starting
E/MP-Decision( 1258): OPTION ENABLED: Control sleep modes
E/MP-Decision( 1258): OPTION ENABLED: Adjusting average
E/MP-Decision( 1258): 
E/MP-Decision( 1258):  MP Decision Options:
E/MP-Decision( 1258): --poll_ms --decision_ms --no_sleep --avg_comp --debug
E/MP-Decision( 1258): --Nw=[1..3]:[value] --Tw=[1..3]:[value] --Ns=[1..3]:[value] --Ts=[1..3]:[value]
D/dalvikvm(  399): GC_EXPLICIT freed 110K, 39% free 5656K/9159K, paused 3ms+5ms, total 55ms
D/dalvikvm(  399): GC_EXPLICIT freed 111K, 39% free 5655K/9159K, paused 3ms+4ms, total 55ms
D/dalvikvm(  573): GC_EXPLICIT freed 541K, 69% free 2578K/8195K, paused 2ms+5ms, total 29ms
E/Sensors (  399): sensors_poll_context_t::pollEvents, line 202: receive event #### i=3, nb=1
D/dalvikvm(  399): GC_EXPLICIT freed 110K, 39% free 5656K/9159K, paused 3ms+5ms, total 55ms
D/dalvikvm(  399): GC_EXPLICIT freed 111K, 39% free 5655K/9159K, paused 3ms+5ms, total 55ms
D/dalvikvm(  573): GC_EXPLICIT freed 541K, 69% free 2578K/8195K, paused 2ms+5ms, total 28ms
D/dalvikvm(  399): GC_EXPLICIT freed 110K, 39% free 5656K/9159K, paused 3ms+5ms, total 56ms
E/Sensors (  399): sensors_poll_context_t::pollEvents, line 202: receive event #### i=3, nb=1
D/dalvikvm(  399): GC_EXPLICIT freed 111K, 39% free 5655K/9159K, paused 3ms+5ms, total 54ms
D/dalvikvm(  573): GC_EXPLICIT freed 540K, 69% free 2578K/8195K, paused 2ms+6ms, total 29ms
D/dalvikvm(  399): GC_EXPLICIT freed 110K, 39% free 5656K/9159K, paused 3ms+5ms, total 55ms
D/dalvikvm(  399): GC_EXPLICIT freed 111K, 39% free 5655K/9159K, paused 3ms+5ms, total 56ms
D/dalvikvm(  573): GC_EXPLICIT freed 540K, 69% free 2578K/8195K, paused 2ms+5ms, total 28ms
D/dalvikvm(  399): GC_EXPLICIT freed 110K, 39% free 5656K/9159K, paused 3ms+5ms, total 53ms
E/Sensors (  399): sensors_poll_context_t::pollEvents, line 202: receive event #### i=3, nb=1
D/dalvikvm(  399): GC_EXPLICIT freed 111K, 39% free 5655K/9159K, paused 3ms+4ms, total 52ms
D/dalvikvm(  573): GC_EXPLICIT freed 540K, 69% free 2578K/8195K, paused 2ms+5ms, total 28ms
D/dalvikvm(  399): GC_EXPLICIT freed 110K, 39% free 5656K/9159K, paused 4ms+5ms, total 53ms
D/dalvikvm(  399): GC_EXPLICIT freed 111K, 39% free 5655K/9159K, paused 3ms+5ms, total 52ms
D/dalvikvm(  573): GC_EXPLICIT freed 541K, 69% free 2578K/8195K, paused 2ms+5ms, total 36ms
E/Sensors (  399): sensors_poll_context_t::pollEvents, line 202: receive event #### i=3, nb=1
E/MP-Decision( 1261): MPDecision server starting
E/MP-Decision( 1261): OPTION ENABLED: Control sleep modes
E/MP-Decision( 1261): OPTION ENABLED: Adjusting average
E/MP-Decision( 1261): 
E/MP-Decision( 1261):  MP Decision Options:
E/MP-Decision( 1261): --poll_ms --decision_ms --no_sleep --avg_comp --debug
E/MP-Decision( 1261): --Nw=[1..3]:[value] --Tw=[1..3]:[value] --Ns=[1..3]:[value] --Ts=[1..3]:[value]
D/dalvikvm(  399): GC_EXPLICIT freed 110K, 39% free 5656K/9159K, paused 3ms+4ms, total 53ms
D/dalvikvm(  399): GC_EXPLICIT freed 111K, 39% free 5655K/9159K, paused 3ms+5ms, total 53ms
D/dalvikvm(  573): GC_EXPLICIT freed 541K, 69% free 2578K/8195K, paused 3ms+6ms, total 29ms
D/dalvikvm(  399): GC_EXPLICIT freed 110K, 39% free 5656K/9159K, paused 3ms+4ms, total 52ms
D/dalvikvm(  399): GC_EXPLICIT freed 111K, 39% free 5655K/9159K, paused 3ms+4ms, total 52ms
E/Sensors (  399): sensors_poll_context_t::pollEvents, line 202: receive event #### i=3, nb=1
D/dalvikvm(  573): GC_EXPLICIT freed 541K, 69% free 2578K/8195K, paused 2ms+6ms, total 29ms
D/dalvikvm(  399): GC_EXPLICIT freed 110K, 39% free 5656K/9159K, paused 3ms+6ms, total 53ms
D/dalvikvm(  399): GC_EXPLICIT freed 111K, 39% free 5655K/9159K, paused 3ms+4ms, total 52ms
D/dalvikvm(  573): GC_EXPLICIT freed 547K, 69% free 2577K/8195K, paused 2ms+5ms, total 30ms
D/dalvikvm(  399): GC_EXPLICIT freed 110K, 39% free 5656K/9159K, paused 3ms+4ms, total 53ms
E/Sensors (  399): sensors_poll_context_t::pollEvents, line 202: receive event #### i=3, nb=1
D/dalvikvm(  399): GC_EXPLICIT freed 111K, 39% free 5655K/9159K, paused 3ms+4ms, total 52ms
D/dalvikvm(  573): GC_EXPLICIT freed 549K, 69% free 2572K/8195K, paused 3ms+6ms, total 29ms
D/dalvikvm(  399): GC_EXPLICIT freed 110K, 39% free 5656K/9159K, paused 3ms+5ms, total 52ms
D/dalvikvm(  399): GC_EXPLICIT freed 111K, 39% free 5655K/9159K, paused 3ms+4ms, total 52ms
D/dalvikvm(  573): GC_EXPLICIT freed 546K, 69% free 2573K/8195K, paused 2ms+5ms, total 28ms
D/dalvikvm(  399): GC_EXPLICIT freed 110K, 39% free 5656K/9159K, paused 3ms+5ms, total 53ms
E/Sensors (  399): sensors_poll_context_t::pollEvents, line 202: receive event #### i=3, nb=1
D/dalvikvm(  399): GC_EXPLICIT freed 111K, 39% free 5655K/9159K, paused 3ms+4ms, total 52ms
D/dalvikvm(  573): GC_EXPLICIT freed 531K, 69% free 2572K/8195K, paused 3ms+6ms, total 35ms
E/MP-Decision( 1264): MPDecision server starting
E/MP-Decision( 1264): OPTION ENABLED: Control sleep modes
E/MP-Decision( 1264): OPTION ENABLED: Adjusting average
E/MP-Decision( 1264): 
E/MP-Decision( 1264):  MP Decision Options:
E/MP-Decision( 1264): --poll_ms --decision_ms --no_sleep --avg_comp --debug
E/MP-Decision( 1264): --Nw=[1..3]:[value] --Tw=[1..3]:[value] --Ns=[1..3]:[value] --Ts=[1..3]:[value]
D/dalvikvm(  399): GC_EXPLICIT freed 110K, 39% free 5656K/9159K, paused 3ms+5ms, total 55ms
D/dalvikvm(  399): GC_EXPLICIT freed 111K, 39% free 5655K/9159K, paused 3ms+4ms, total 52ms
D/dalvikvm(  573): GC_EXPLICIT freed 487K, 69% free 2575K/8195K, paused 2ms+6ms, total 28ms
E/Sensors (  399): sensors_poll_context_t::pollEvents, line 202: receive event #### i=3, nb=1
D/dalvikvm(  399): GC_EXPLICIT freed 110K, 39% free 5656K/9159K, paused 3ms+4ms, total 52ms
W/SocketClient(  133): write error (Broken pipe)
D/dalvikvm(  399): GC_EXPLICIT freed 118K, 39% free 5656K/9159K, paused 3ms+5ms, total 52ms
D/dalvikvm(  573): GC_EXPLICIT freed 482K, 69% free 2577K/8195K, paused 2ms+6ms, total 28ms
D/dalvikvm(  399): GC_EXPLICIT freed 111K, 39% free 5655K/9159K, paused 3ms+5ms, total 52ms
D/dalvikvm(  399): GC_EXPLICIT freed 111K, 39% free 5655K/9159K, paused 3ms+5ms, total 52ms
D/dalvikvm(  573): GC_EXPLICIT freed 538K, 69% free 2576K/8195K, paused 2ms+5ms, total 28ms
E/Sensors (  399): sensors_poll_context_t::pollEvents, line 202: receive event #### i=3, nb=1
D/dalvikvm(  399): GC_EXPLICIT freed 110K, 39% free 5655K/9159K, paused 3ms+4ms, total 53ms
D/dalvikvm(  399): GC_EXPLICIT freed 111K, 39% free 5655K/9159K, paused 3ms+5ms, total 52ms
D/dalvikvm(  573): GC_EXPLICIT freed 528K, 69% free 2576K/8195K, paused 2ms+5ms, total 34ms
D/dalvikvm(  399): GC_EXPLICIT freed 110K, 39% free 5655K/9159K, paused 3ms+6ms, total 56ms
E/Sensors (  399): sensors_poll_context_t::pollEvents, line 202: receive event #### i=3, nb=1
D/dalvikvm(  399): GC_EXPLICIT freed 111K, 39% free 5655K/9159K, paused 3ms+4ms, total 52ms
D/dalvikvm(  573): GC_EXPLICIT freed 515K, 69% free 2577K/8195K, paused 2ms+6ms, total 29ms
D/dalvikvm(  399): GC_EXPLICIT freed 110K, 39% free 5655K/9159K, paused 3ms+5ms, total 56ms
D/dalvikvm(  399): GC_EXPLICIT freed 111K, 39% free 5655K/9159K, paused 3ms+4ms, total 51ms
D/dalvikvm(  573): GC_EXPLICIT freed 517K, 69% free 2577K/8195K, paused 2ms+5ms, total 28ms
D/dalvikvm(  399): GC_EXPLICIT freed 110K, 39% free 5655K/9159K, paused 3ms+4ms, total 52ms
E/MP-Decision( 1269): MPDecision server starting
E/MP-Decision( 1269): OPTION ENABLED: Control sleep modes
E/MP-Decision( 1269): OPTION ENABLED: Adjusting average
E/MP-Decision( 1269): 
E/MP-Decision( 1269):  MP Decision Options:
E/MP-Decision( 1269): --poll_ms --decision_ms --no_sleep --avg_comp --debug
E/MP-Decision( 1269): --Nw=[1..3]:[value] --Tw=[1..3]:[value] --Ns=[1..3]:[value] --Ts=[1..3]:[value]
E/Sensors (  399): sensors_poll_context_t::pollEvents, line 202: receive event #### i=3, nb=1
D/dalvikvm(  399): GC_EXPLICIT freed 111K, 39% free 5655K/9159K, paused 3ms+5ms, total 52ms
D/dalvikvm(  573): GC_EXPLICIT freed 517K, 69% free 2577K/8195K, paused 2ms+6ms, total 36ms
D/dalvikvm(  399): GC_EXPLICIT freed 110K, 39% free 5655K/9159K, paused 3ms+5ms, total 52ms
D/dalvikvm(  399): GC_EXPLICIT freed 112K, 39% free 5655K/9159K, paused 3ms+4ms, total 56ms
D/dalvikvm(  573): GC_EXPLICIT freed 500K, 69% free 2576K/8195K, paused 2ms+5ms, total 35ms
E/Sensors (  399): sensors_poll_context_t::pollEvents, line 202: receive event #### i=3, nb=1
D/dalvikvm(  399): GC_EXPLICIT freed 110K, 39% free 5655K/9159K, paused 3ms+5ms, total 56ms
D/dalvikvm(  399): GC_EXPLICIT freed 111K, 39% free 5655K/9159K, paused 3ms+4ms, total 56ms
D/dalvikvm(  573): GC_EXPLICIT freed 507K, 69% free 2569K/8195K, paused 2ms+5ms, total 36ms
D/dalvikvm(  399): GC_EXPLICIT freed 110K, 39% free 5655K/9159K, paused 3ms+5ms, total 56ms
D/dalvikvm(  399): GC_EXPLICIT freed 111K, 39% free 5655K/9159K, paused 3ms+5ms, total 55ms
D/dalvikvm(  573): GC_EXPLICIT freed 501K, 69% free 2571K/8195K, paused 2ms+5ms, total 34ms
E/Sensors (  399): sensors_poll_context_t::pollEvents, line 202: receive event #### i=3, nb=1
D/dalvikvm(  399): GC_EXPLICIT freed 110K, 39% free 5655K/9159K, paused 3ms+4ms, total 56ms
D/dalvikvm(  399): GC_EXPLICIT freed 111K, 39% free 5655K/9159K, paused 3ms+5ms, total 56ms
D/dalvikvm(  573): GC_EXPLICIT freed 521K, 69% free 2567K/8195K, paused 2ms+6ms, total 34ms
D/dalvikvm(  399): GC_EXPLICIT freed 110K, 39% free 5655K/9159K, paused 3ms+5ms, total 57ms
E/Sensors (  399): sensors_poll_context_t::pollEvents, line 202: receive event #### i=3, nb=1
D/dalvikvm(  399): GC_EXPLICIT freed 111K, 39% free 5655K/9159K, paused 3ms+4ms, total 56ms
D/dalvikvm(  573): GC_EXPLICIT freed 519K, 69% free 2569K/8195K, paused 2ms+6ms, total 29ms
D/dalvikvm(  399): GC_EXPLICIT freed 110K, 39% free 5655K/9159K, paused 3ms+4ms, total 56ms
E/MP-Decision( 1272): MPDecision server starting
E/MP-Decision( 1272): OPTION ENABLED: Control sleep modes
E/MP-Decision( 1272): OPTION ENABLED: Adjusting average
E/MP-Decision( 1272): 
E/MP-Decision( 1272):  MP Decision Options:
E/MP-Decision( 1272): --poll_ms --decision_ms --no_sleep --avg_comp --debug
E/MP-Decision( 1272): --Nw=[1..3]:[value] --Tw=[1..3]:[value] --Ns=[1..3]:[value] --Ts=[1..3]:[value]
D/dalvikvm(  399): GC_EXPLICIT freed 111K, 39% free 5655K/9159K, paused 3ms+4ms, total 55ms
D/dalvikvm(  573): GC_EXPLICIT freed 491K, 69% free 2575K/8195K, paused 2ms+6ms, total 29ms
D/dalvikvm(  399): GC_EXPLICIT freed 110K, 39% free 5656K/9159K, paused 3ms+5ms, total 55ms
E/Sensors (  399): sensors_poll_context_t::pollEvents, line 202: receive event #### i=3, nb=1
D/dalvikvm(  399): GC_EXPLICIT freed 111K, 39% free 5655K/9159K, paused 3ms+5ms, total 56ms
D/dalvikvm(  573): GC_EXPLICIT freed 499K, 69% free 2578K/8195K, paused 2ms+5ms, total 28ms
D/dalvikvm(  399): GC_EXPLICIT freed 110K, 39% free 5655K/9159K, paused 3ms+4ms, total 56ms
D/dalvikvm(  399): GC_EXPLICIT freed 111K, 39% free 5655K/9159K, paused 3ms+4ms, total 55ms
D/dalvikvm(  573): GC_EXPLICIT freed 505K, 69% free 2578K/8195K, paused 2ms+6ms, total 29ms
E/Sensors (  399): sensors_poll_context_t::pollEvents, line 202: receive event #### i=3, nb=1
D/dalvikvm(  399): GC_EXPLICIT freed 110K, 39% free 5655K/9159K, paused 3ms+4ms, total 55ms
D/dalvikvm(  399): GC_EXPLICIT freed 127K, 39% free 5656K/9159K, paused 3ms+5ms, total 53ms
D/dalvikvm(  573): GC_EXPLICIT freed 503K, 69% free 2578K/8195K, paused 2ms+5ms, total 34ms
D/dalvikvm(  399): GC_EXPLICIT freed 112K, 39% free 5655K/9159K, paused 3ms+5ms, total 53ms
D/dalvikvm(  399): GC_EXPLICIT freed 111K, 39% free 5655K/9159K, paused 3ms+5ms, total 55ms
E/Sensors (  399): sensors_poll_context_t::pollEvents, line 202: receive event #### i=3, nb=1
D/dalvikvm(  573): GC_EXPLICIT freed 505K, 69% free 2578K/8195K, paused 3ms+6ms, total 36ms
D/dalvikvm(  399): GC_EXPLICIT freed 110K, 39% free 5655K/9159K, paused 3ms+4ms, total 51ms
D/dalvikvm(  399): GC_EXPLICIT freed 111K, 39% free 5655K/9159K, paused 3ms+4ms, total 56ms
D/dalvikvm(  573): GC_EXPLICIT freed 502K, 69% free 2578K/8195K, paused 2ms+6ms, total 31ms
D/dalvikvm(  399): GC_EXPLICIT freed 110K, 39% free 5655K/9159K, paused 3ms+4ms, total 56ms
E/MP-Decision( 1275): MPDecision server starting
E/MP-Decision( 1275): OPTION ENABLED: Control sleep modes
E/MP-Decision( 1275): OPTION ENABLED: Adjusting average
E/MP-Decision( 1275): 
E/MP-Decision( 1275):  MP Decision Options:
E/MP-Decision( 1275): --poll_ms --decision_ms --no_sleep --avg_comp --debug
E/MP-Decision( 1275): --Nw=[1..3]:[value] --Tw=[1..3]:[value] --Ns=[1..3]:[value] --Ts=[1..3]:[value]
E/Sensors (  399): sensors_poll_context_t::pollEvents, line 202: receive event #### i=3, nb=1
D/dalvikvm(  399): GC_EXPLICIT freed 111K, 39% free 5655K/9159K, paused 3ms+5ms, total 55ms
D/dalvikvm(  573): GC_EXPLICIT freed 502K, 69% free 2578K/8195K, paused 2ms+6ms, total 28ms
D/dalvikvm(  399): GC_EXPLICIT freed 110K, 39% free 5655K/9159K, paused 3ms+4ms, total 55ms
D/dalvikvm(  399): GC_EXPLICIT freed 111K, 39% free 5655K/9159K, paused 3ms+5ms, total 56ms
D/dalvikvm(  573): GC_EXPLICIT freed 504K, 69% free 2578K/8195K, paused 3ms+5ms, total 35ms
E/Sensors (  399): sensors_poll_context_t::pollEvents, line 202: receive event #### i=3, nb=1
D/dalvikvm(  399): GC_EXPLICIT freed 110K, 39% free 5655K/9159K, paused 3ms+5ms, total 55ms
D/dalvikvm(  399): GC_EXPLICIT freed 111K, 39% free 5655K/9159K, paused 3ms+4ms, total 55ms
D/dalvikvm(  573): GC_EXPLICIT freed 503K, 69% free 2578K/8195K, paused 2ms+7ms, total 35ms
D/dalvikvm(  399): GC_EXPLICIT freed 110K, 39% free 5655K/9159K, paused 3ms+4ms, total 55ms
D/dalvikvm(  399): GC_EXPLICIT freed 113K, 39% free 5655K/9159K, paused 4ms+5ms, total 56ms
D/dalvikvm(  573): GC_EXPLICIT freed 503K, 69% free 2578K/8195K, paused 2ms+5ms, total 28ms
E/Sensors (  399): sensors_poll_context_t::pollEvents, line 202: receive event #### i=3, nb=1
D/dalvikvm(  399): GC_EXPLICIT freed 111K, 39% free 5655K/9159K, paused 3ms+4ms, total 56ms
D/dalvikvm(  399): GC_EXPLICIT freed 111K, 39% free 5654K/9159K, paused 3ms+4ms, total 56ms
D/dalvikvm(  573): GC_EXPLICIT freed 503K, 69% free 2578K/8195K, paused 3ms+6ms, total 29ms
D/dalvikvm(  399): GC_EXPLICIT freed 110K, 39% free 5655K/9159K, paused 3ms+5ms, total 56ms
E/Sensors (  399): sensors_poll_context_t::pollEvents, line 202: receive event #### i=3, nb=1
D/dalvikvm(  399): GC_EXPLICIT freed 111K, 39% free 5655K/9159K, paused 3ms+5ms, total 56ms
D/dalvikvm(  573): GC_EXPLICIT freed 502K, 69% free 2578K/8195K, paused 3ms+7ms, total 36ms
D/dalvikvm(  399): GC_EXPLICIT freed 110K, 39% free 5655K/9159K, paused 3ms+4ms, total 55ms
E/MP-Decision( 1278): MPDecision server starting
E/MP-Decision( 1278): OPTION ENABLED: Control sleep modes
E/MP-Decision( 1278): OPTION ENABLED: Adjusting average
E/MP-Decision( 1278): 
E/MP-Decision( 1278):  MP Decision Options:
E/MP-Decision( 1278): --poll_ms --decision_ms --no_sleep --avg_comp --debug
E/MP-Decision( 1278): --Nw=[1..3]:[value] --Tw=[1..3]:[value] --Ns=[1..3]:[value] --Ts=[1..3]:[value]
D/dalvikvm(  399): GC_EXPLICIT freed 111K, 39% free 5655K/9159K, paused 3ms+4ms, total 56ms
D/dalvikvm(  573): GC_EXPLICIT freed 502K, 69% free 2578K/8195K, paused 2ms+5ms, total 34ms
D/dalvikvm(  399): GC_EXPLICIT freed 110K, 39% free 5655K/9159K, paused 3ms+5ms, total 55ms
E/Sensors (  399): sensors_poll_context_t::pollEvents, line 202: receive event #### i=3, nb=1
D/dalvikvm(  399): GC_EXPLICIT freed 111K, 39% free 5655K/9159K, paused 3ms+4ms, total 52ms
D/dalvikvm(  573): GC_EXPLICIT freed 503K, 69% free 2578K/8195K, paused 2ms+5ms, total 29ms
D/dalvikvm(  399): GC_EXPLICIT freed 110K, 39% free 5655K/9159K, paused 3ms+5ms, total 52ms
D/dalvikvm(  399): GC_EXPLICIT freed 111K, 39% free 5655K/9159K, paused 3ms+4ms, total 52ms
D/dalvikvm(  573): GC_EXPLICIT freed 501K, 69% free 2578K/8195K, paused 2ms+5ms, total 28ms
E/Sensors (  399): sensors_poll_context_t::pollEvents, line 202: receive event #### i=3, nb=1
D/dalvikvm(  399): GC_EXPLICIT freed 110K, 39% free 5655K/9159K, paused 3ms+4ms, total 53ms
D/dalvikvm(  399): GC_EXPLICIT freed 111K, 39% free 5655K/9159K, paused 3ms+4ms, total 52ms
D/dalvikvm(  573): GC_EXPLICIT freed 500K, 69% free 2578K/8195K, paused 2ms+5ms, total 35ms
D/dalvikvm(  399): GC_EXPLICIT freed 110K, 39% free 5655K/9159K, paused 3ms+5ms, total 53ms
D/dalvikvm(  399): GC_EXPLICIT freed 111K, 39% free 5655K/9159K, paused 3ms+4ms, total 52ms
D/dalvikvm(  573): GC_EXPLICIT freed 498K, 69% free 2578K/8195K, paused 3ms+6ms, total 36ms
E/Sensors (  399): sensors_poll_context_t::pollEvents, line 202: receive event #### i=3, nb=1
D/dalvikvm(  399): GC_EXPLICIT freed 110K, 39% free 5655K/9159K, paused 3ms+5ms, total 52ms
D/dalvikvm(  399): GC_EXPLICIT freed 111K, 39% free 5655K/9159K, paused 3ms+4ms, total 52ms
D/dalvikvm(  573): GC_EXPLICIT freed 501K, 69% free 2578K/8195K, paused 2ms+6ms, total 35ms
D/dalvikvm(  399): GC_EXPLICIT freed 110K, 39% free 5655K/9159K, paused 3ms+5ms, total 56ms
E/MP-Decision( 1281): MPDecision server starting
E/MP-Decision( 1281): OPTION ENABLED: Control sleep modes
E/MP-Decision( 1281): OPTION ENABLED: Adjusting average
E/MP-Decision( 1281): 
E/MP-Decision( 1281):  MP Decision Options:
E/MP-Decision( 1281): --poll_ms --decision_ms --no_sleep --avg_comp --debug
E/MP-Decision( 1281): --Nw=[1..3]:[value] --Tw=[1..3]:[value] --Ns=[1..3]:[value] --Ts=[1..3]:[value]
E/Sensors (  399): sensors_poll_context_t::pollEvents, line 202: receive event #### i=3, nb=1
D/dalvikvm(  399): GC_EXPLICIT freed 111K, 39% free 5655K/9159K, paused 3ms+5ms, total 55ms
D/dalvikvm(  573): GC_EXPLICIT freed 500K, 69% free 2578K/8195K, paused 3ms+6ms, total 36ms
D/dalvikvm(  399): GC_EXPLICIT freed 110K, 39% free 5655K/9159K, paused 3ms+4ms, total 52ms
D/dalvikvm(  399): GC_EXPLICIT freed 111K, 39% free 5655K/9159K, paused 3ms+4ms, total 55ms
D/dalvikvm(  573): GC_EXPLICIT freed 499K, 69% free 2578K/8195K, paused 2ms+6ms, total 36ms
D/dalvikvm(  399): GC_EXPLICIT freed 110K, 39% free 5655K/9159K, paused 3ms+4ms, total 56ms
E/Sensors (  399): sensors_poll_context_t::pollEvents, line 202: receive event #### i=3, nb=1
D/dalvikvm(  399): GC_EXPLICIT freed 111K, 39% free 5655K/9159K, paused 3ms+4ms, total 56ms
D/dalvikvm(  573): GC_EXPLICIT freed 499K, 69% free 2578K/8195K, paused 2ms+5ms, total 35ms
D/dalvikvm(  399): GC_EXPLICIT freed 110K, 39% free 5655K/9159K, paused 3ms+5ms, total 55ms
D/dalvikvm(  399): GC_EXPLICIT freed 111K, 39% free 5655K/9159K, paused 3ms+4ms, total 56ms
D/dalvikvm(  573): GC_EXPLICIT freed 500K, 69% free 2578K/8195K, paused 2ms+6ms, total 36ms
E/Sensors (  399): sensors_poll_context_t::pollEvents, line 202: receive event #### i=3, nb=1
D/dalvikvm(  399): GC_EXPLICIT freed 110K, 39% free 5655K/9159K, paused 3ms+5ms, total 55ms
D/dalvikvm(  399): GC_EXPLICIT freed 111K, 39% free 5655K/9159K, paused 3ms+4ms, total 56ms
D/dalvikvm(  573): GC_EXPLICIT freed 496K, 69% free 2578K/8195K, paused 2ms+6ms, total 35ms
D/dalvikvm(  399): GC_EXPLICIT freed 110K, 39% free 5655K/9159K, paused 3ms+4ms, total 56ms
E/Sensors (  399): sensors_poll_context_t::pollEvents, line 202: receive event #### i=3, nb=1
D/dalvikvm(  399): GC_EXPLICIT freed 111K, 39% free 5655K/9159K, paused 3ms+4ms, total 56ms
D/dalvikvm(  573): GC_EXPLICIT freed 499K, 69% free 2578K/8195K, paused 2ms+6ms, total 29ms
D/dalvikvm(  399): GC_EXPLICIT freed 110K, 39% free 5655K/9159K, paused 4ms+5ms, total 56ms
E/MP-Decision( 1284): MPDecision server starting
E/MP-Decision( 1284): OPTION ENABLED: Control sleep modes
E/MP-Decision( 1284): OPTION ENABLED: Adjusting average
E/MP-Decision( 1284): 
E/MP-Decision( 1284):  MP Decision Options:
E/MP-Decision( 1284): --poll_ms --decision_ms --no_sleep --avg_comp --debug
E/MP-Decision( 1284): --Nw=[1..3]:[value] --Tw=[1..3]:[value] --Ns=[1..3]:[value] --Ts=[1..3]:[value]
D/dalvikvm(  399): GC_EXPLICIT freed 111K, 39% free 5655K/9159K, paused 3ms+4ms, total 55ms
D/dalvikvm(  573): GC_EXPLICIT freed 499K, 69% free 2578K/8195K, paused 2ms+5ms, total 34ms
D/dalvikvm(  399): GC_EXPLICIT freed 110K, 39% free 5655K/9159K, paused 3ms+5ms, total 56ms
E/Sensors (  399): sensors_poll_context_t::pollEvents, line 202: receive event #### i=3, nb=1
D/dalvikvm(  399): GC_EXPLICIT freed 111K, 39% free 5655K/9159K, paused 3ms+4ms, total 56ms
D/dalvikvm(  573): GC_EXPLICIT freed 498K, 69% free 2578K/8195K, paused 2ms+6ms, total 36ms
D/dalvikvm(  399): GC_EXPLICIT freed 110K, 39% free 5655K/9159K, paused 3ms+5ms, total 55ms
D/dalvikvm(  399): GC_EXPLICIT freed 111K, 39% free 5655K/9159K, paused 3ms+4ms, total 56ms
D/dalvikvm(  573): GC_EXPLICIT freed 497K, 69% free 2578K/8195K, paused 2ms+5ms, total 35ms
E/Sensors (  399): sensors_poll_context_t::pollEvents, line 202: receive event #### i=3, nb=1
D/dalvikvm(  399): GC_EXPLICIT freed 110K, 39% free 5655K/9159K, paused 3ms+5ms, total 56ms
D/dalvikvm(  399): GC_EXPLICIT freed 111K, 39% free 5655K/9159K, paused 3ms+4ms, total 56ms
D/dalvikvm(  573): GC_EXPLICIT freed 497K, 69% free 2578K/8195K, paused 3ms+6ms, total 29ms
D/dalvikvm(  399): GC_EXPLICIT freed 110K, 39% free 5655K/9159K, paused 3ms+5ms, total 56ms
D/dalvikvm(  399): GC_EXPLICIT freed 111K, 39% free 5655K/9159K, paused 3ms+4ms, total 55ms
D/dalvikvm(  573): GC_EXPLICIT freed 496K, 69% free 2578K/8195K, paused 2ms+5ms, total 35ms
E/Sensors (  399): sensors_poll_context_t::pollEvents, line 202: receive event #### i=3, nb=1
D/dalvikvm(  399): GC_EXPLICIT freed 110K, 39% free 5655K/9159K, paused 3ms+5ms, total 56ms
D/dalvikvm(  399): GC_EXPLICIT freed 111K, 39% free 5655K/9159K, paused 3ms+4ms, total 56ms
D/dalvikvm(  573): GC_EXPLICIT freed 496K, 69% free 2578K/8195K, paused 2ms+6ms, total 35ms
D/dalvikvm(  399): GC_EXPLICIT freed 110K, 39% free 5655K/9159K, paused 3ms+5ms, total 55ms
E/MP-Decision( 1287): MPDecision server starting
E/MP-Decision( 1287): OPTION ENABLED: Control sleep modes
E/MP-Decision( 1287): OPTION ENABLED: Adjusting average
E/MP-Decision( 1287): 
E/MP-Decision( 1287):  MP Decision Options:
E/MP-Decision( 1287): --poll_ms --decision_ms --no_sleep --avg_comp --debug
E/MP-Decision( 1287): --Nw=[1..3]:[value] --Tw=[1..3]:[value] --Ns=[1..3]:[value] --Ts=[1..3]:[value]
E/Sensors (  399): sensors_poll_context_t::pollEvents, line 202: receive event #### i=3, nb=1
D/dalvikvm(  399): GC_EXPLICIT freed 111K, 39% free 5655K/9159K, paused 3ms+4ms, total 56ms
D/dalvikvm(  573): GC_EXPLICIT freed 496K, 69% free 2578K/8195K, paused 2ms+6ms, total 36ms
D/dalvikvm(  399): GC_EXPLICIT freed 110K, 39% free 5655K/9159K, paused 3ms+5ms, total 55ms
D/dalvikvm(  399): GC_EXPLICIT freed 111K, 39% free 5655K/9159K, paused 3ms+4ms, total 55ms
D/dalvikvm(  573): GC_EXPLICIT freed 492K, 69% free 2578K/8195K, paused 2ms+6ms, total 29ms
E/Sensors (  399): sensors_poll_context_t::pollEvents, line 202: receive event #### i=3, nb=1
D/dalvikvm(  399): GC_EXPLICIT freed 110K, 39% free 5655K/9159K, paused 3ms+4ms, total 56ms
D/dalvikvm(  399): GC_EXPLICIT freed 111K, 39% free 5655K/9159K, paused 3ms+4ms, total 55ms
D/dalvikvm(  573): GC_EXPLICIT freed 490K, 69% free 2578K/8195K, paused 3ms+6ms, total 29ms
D/dalvikvm(  399): GC_EXPLICIT freed 110K, 39% free 5655K/9159K, paused 3ms+4ms, total 56ms
D/dalvikvm(  399): GC_EXPLICIT freed 111K, 39% free 5655K/9159K, paused 3ms+4ms, total 56ms
D/dalvikvm(  573): GC_EXPLICIT freed 491K, 69% free 2578K/8195K, paused 2ms+6ms, total 29ms
E/Sensors (  399): sensors_poll_context_t::pollEvents, line 202: receive event #### i=3, nb=1
D/dalvikvm(  399): GC_EXPLICIT freed 110K, 39% free 5655K/9159K, paused 3ms+5ms, total 56ms
D/dalvikvm(  399): GC_EXPLICIT freed 111K, 39% free 5655K/9159K, paused 3ms+4ms, total 52ms
D/dalvikvm(  573): GC_EXPLICIT freed 490K, 69% free 2578K/8195K, paused 2ms+5ms, total 28ms
D/dalvikvm(  399): GC_EXPLICIT freed 110K, 39% free 5655K/9159K, paused 3ms+5ms, total 52ms
E/Sensors (  399): sensors_poll_context_t::pollEvents, line 202: receive event #### i=3, nb=1
D/dalvikvm(  399): GC_EXPLICIT freed 111K, 39% free 5655K/9159K, paused 3ms+4ms, total 57ms
D/dalvikvm(  573): GC_EXPLICIT freed 489K, 69% free 2578K/8195K, paused 2ms+5ms, total 35ms
D/dalvikvm(  399): GC_EXPLICIT freed 110K, 39% free 5655K/9159K, paused 3ms+5ms, total 55ms
E/MP-Decision( 1290): MPDecision server starting
E/MP-Decision( 1290): OPTION ENABLED: Control sleep modes
E/MP-Decision( 1290): OPTION ENABLED: Adjusting average
E/MP-Decision( 1290): 
E/MP-Decision( 1290):  MP Decision Options:
E/MP-Decision( 1290): --poll_ms --decision_ms --no_sleep --avg_comp --debug
E/MP-Decision( 1290): --Nw=[1..3]:[value] --Tw=[1..3]:[value] --Ns=[1..3]:[value] --Ts=[1..3]:[value]
D/dalvikvm(  399): GC_EXPLICIT freed 111K, 39% free 5655K/9159K, paused 3ms+4ms, total 55ms
D/dalvikvm(  573): GC_EXPLICIT freed 490K, 69% free 2576K/8195K, paused 3ms+6ms, total 36ms
D/dalvikvm(  399): GC_EXPLICIT freed 110K, 39% free 5655K/9159K, paused 3ms+5ms, total 56ms
E/Sensors (  399): sensors_poll_context_t::pollEvents, line 202: receive event #### i=3, nb=1
D/dalvikvm(  399): GC_EXPLICIT freed 111K, 39% free 5655K/9159K, paused 3ms+5ms, total 53ms
D/dalvikvm(  573): GC_EXPLICIT freed 538K, 69% free 2577K/8195K, paused 2ms+5ms, total 35ms
D/dalvikvm(  399): GC_EXPLICIT freed 110K, 39% free 5655K/9159K, paused 3ms+5ms, total 52ms
D/dalvikvm(  399): GC_EXPLICIT freed 111K, 39% free 5655K/9159K, paused 3ms+4ms, total 52ms
D/dalvikvm(  573): GC_EXPLICIT freed 496K, 69% free 2574K/8195K, paused 2ms+6ms, total 35ms
E/Sensors (  399): sensors_poll_context_t::pollEvents, line 202: receive event #### i=3, nb=1
D/dalvikvm(  399): GC_EXPLICIT freed 110K, 39% free 5655K/9159K, paused 3ms+4ms, total 56ms
D/dalvikvm(  399): GC_EXPLICIT freed 111K, 39% free 5655K/9159K, paused 3ms+5ms, total 53ms
D/dalvikvm(  573): GC_EXPLICIT freed 493K, 69% free 2575K/8195K, paused 3ms+6ms, total 30ms
D/dalvikvm(  399): GC_EXPLICIT freed 110K, 39% free 5655K/9159K, paused 3ms+4ms, total 53ms
D/dalvikvm(  399): GC_EXPLICIT freed 111K, 39% free 5655K/9159K, paused 3ms+5ms, total 55ms
D/dalvikvm(  573): GC_EXPLICIT freed 501K, 69% free 2558K/8195K, paused 2ms+5ms, total 36ms
E/Sensors (  399): sensors_poll_context_t::pollEvents, line 202: receive event #### i=3, nb=1
D/dalvikvm(  399): GC_EXPLICIT freed 110K, 39% free 5655K/9159K, paused 3ms+4ms, total 53ms
D/dalvikvm(  399): GC_EXPLICIT freed 111K, 39% free 5655K/9159K, paused 3ms+5ms, total 52ms
D/dalvikvm(  573): GC_EXPLICIT freed 501K, 69% free 2557K/8195K, paused 2ms+5ms, total 28ms
D/dalvikvm(  399): GC_EXPLICIT freed 110K, 39% free 5655K/9159K, paused 3ms+5ms, total 52ms
D/dalvikvm(  399): GC_EXPLICIT freed 111K, 39% free 5655K/9159K, paused 3ms+4ms, total 56ms
D/dalvikvm(  573): GC_EXPLICIT freed 503K, 69% free 2558K/8195K, paused 3ms+5ms, total 30ms
E/MP-Decision( 1293): MPDecision server starting
E/MP-Decision( 1293): OPTION ENABLED: Control sleep modes
E/MP-Decision( 1293): OPTION ENABLED: Adjusting average
E/MP-Decision( 1293): 
E/MP-Decision( 1293):  MP Decision Options:
E/MP-Decision( 1293): --poll_ms --decision_ms --no_sleep --avg_comp --debug
E/MP-Decision( 1293): --Nw=[1..3]:[value] --Tw=[1..3]:[value] --Ns=[1..3]:[value] --Ts=[1..3]:[value]
E/Sensors (  399): sensors_poll_context_t::pollEvents, line 202: receive event #### i=3, nb=1
D/dalvikvm(  399): GC_EXPLICIT freed 110K, 39% free 5655K/9159K, paused 4ms+5ms, total 56ms
D/dalvikvm(  399): GC_EXPLICIT freed 111K, 39% free 5655K/9159K, paused 3ms+4ms, total 56ms
D/dalvikvm(  573): GC_EXPLICIT freed 479K, 69% free 2569K/8195K, paused 2ms+5ms, total 28ms
D/dalvikvm(  399): GC_EXPLICIT freed 110K, 39% free 5655K/9159K, paused 3ms+5ms, total 53ms
D/dalvikvm(  399): GC_EXPLICIT freed 111K, 39% free 5655K/9159K, paused 3ms+4ms, total 53ms
E/Sensors (  399): sensors_poll_context_t::pollEvents, line 202: receive event #### i=3, nb=1
D/dalvikvm(  573): GC_EXPLICIT freed 461K, 69% free 2577K/8195K, paused 2ms+6ms, total 30ms
D/dalvikvm(  399): GC_EXPLICIT freed 110K, 39% free 5655K/9159K, paused 3ms+5ms, total 53ms
D/dalvikvm(  399): GC_EXPLICIT freed 111K, 39% free 5655K/9159K, paused 3ms+5ms, total 52ms
D/dalvikvm(  573): GC_EXPLICIT freed 490K, 69% free 2565K/8195K, paused 2ms+5ms, total 28ms
E/Sensors (  399): sensors_poll_context_t::pollEvents, line 202: receive event #### i=3, nb=1
D/dalvikvm(  573): GC_CONCURRENT freed 1935K, 71% free 2381K/8195K, paused 1ms+3ms, total 25ms
D/dalvikvm(  573): GC_CONCURRENT freed 1796K, 72% free 2344K/8195K, paused 1ms+3ms, total 21ms
E/MP-Decision( 1296): MPDecision server starting
E/MP-Decision( 1296): OPTION ENABLED: Control sleep modes
E/MP-Decision( 1296): OPTION ENABLED: Adjusting average
E/MP-Decision( 1296): 
E/MP-Decision( 1296):  MP Decision Options:
E/MP-Decision( 1296): --poll_ms --decision_ms --no_sleep --avg_comp --debug
E/MP-Decision( 1296): --Nw=[1..3]:[value] --Tw=[1..3]:[value] --Ns=[1..3]:[value] --Ts=[1..3]:[value]
D/dalvikvm(  573): GC_CONCURRENT freed 1754K, 72% free 2346K/8195K, paused 2ms+1ms, total 21ms
D/dalvikvm(  399): GC_EXPLICIT freed 119K, 39% free 5654K/9159K, paused 3ms+4ms, total 52ms
E/Sensors (  399): sensors_poll_context_t::pollEvents, line 202: receive event #### i=3, nb=1
D/dalvikvm(  399): GC_EXPLICIT freed 110K, 39% free 5655K/9159K, paused 3ms+4ms, total 52ms
D/dalvikvm(  573): GC_EXPLICIT freed 510K, 70% free 2514K/8195K, paused 2ms+6ms, total 28ms
D/dalvikvm(  399): GC_EXPLICIT freed 111K, 39% free 5654K/9159K, paused 2ms+4ms, total 52ms
W/MediaScanner(  573): Error opening directory '/storage/sdcard1/.android_secure/', skipping: Permission denied.
D/dalvikvm(  399): GC_EXPLICIT freed 110K, 39% free 5655K/9159K, paused 3ms+4ms, total 52ms
D/dalvikvm(  573): GC_EXPLICIT freed 429K, 69% free 2578K/8195K, paused 2ms+6ms, total 34ms
E/Sensors (  399): sensors_poll_context_t::pollEvents, line 202: receive event #### i=3, nb=1
D/dalvikvm(  399): GC_EXPLICIT freed 111K, 39% free 5654K/9159K, paused 3ms+5ms, total 52ms
D/dalvikvm(  399): GC_EXPLICIT freed 110K, 39% free 5655K/9159K, paused 3ms+4ms, total 52ms
D/dalvikvm(  573): GC_EXPLICIT freed 475K, 69% free 2578K/8195K, paused 2ms+5ms, total 35ms
D/dalvikvm(  399): GC_EXPLICIT freed 111K, 39% free 5654K/9159K, paused 3ms+4ms, total 53ms
D/dalvikvm(  399): GC_EXPLICIT freed 110K, 39% free 5655K/9159K, paused 3ms+5ms, total 53ms
D/dalvikvm(  573): GC_EXPLICIT freed 470K, 69% free 2579K/8195K, paused 2ms+5ms, total 28ms
E/Sensors (  399): sensors_poll_context_t::pollEvents, line 202: receive event #### i=3, nb=1
D/dalvikvm(  399): GC_EXPLICIT freed 113K, 39% free 5655K/9159K, paused 3ms+4ms, total 54ms
D/dalvikvm(  399): GC_EXPLICIT freed 110K, 39% free 5655K/9159K, paused 3ms+4ms, total 52ms
D/dalvikvm(  573): GC_EXPLICIT freed 476K, 69% free 2578K/8195K, paused 2ms+5ms, total 28ms
D/dalvikvm(  399): GC_EXPLICIT freed 111K, 39% free 5654K/9159K, paused 3ms+5ms, total 53ms
E/Sensors (  399): sensors_poll_context_t::pollEvents, line 202: receive event #### i=3, nb=1
D/dalvikvm(  399): GC_EXPLICIT freed 110K, 39% free 5655K/9159K, paused 3ms+4ms, total 56ms
D/dalvikvm(  573): GC_EXPLICIT freed 472K, 69% free 2576K/8195K, paused 2ms+5ms, total 29ms
E/MP-Decision( 1299): MPDecision server starting
E/MP-Decision( 1299): OPTION ENABLED: Control sleep modes
E/MP-Decision( 1299): OPTION ENABLED: Adjusting average
E/MP-Decision( 1299): 
E/MP-Decision( 1299):  MP Decision Options:
E/MP-Decision( 1299): --poll_ms --decision_ms --no_sleep --avg_comp --debug
E/MP-Decision( 1299): --Nw=[1..3]:[value] --Tw=[1..3]:[value] --Ns=[1..3]:[value] --Ts=[1..3]:[value]
D/dalvikvm(  399): GC_EXPLICIT freed 111K, 39% free 5654K/9159K, paused 3ms+5ms, total 56ms
D/dalvikvm(  399): GC_EXPLICIT freed 110K, 39% free 5655K/9159K, paused 3ms+5ms, total 56ms
D/dalvikvm(  573): GC_EXPLICIT freed 491K, 69% free 2577K/8195K, paused 2ms+5ms, total 29ms
D/dalvikvm(  399): GC_EXPLICIT freed 111K, 39% free 5654K/9159K, paused 3ms+5ms, total 56ms
E/Sensors (  399): sensors_poll_context_t::pollEvents, line 202: receive event #### i=3, nb=1
D/dalvikvm(  399): GC_EXPLICIT freed 110K, 39% free 5655K/9159K, paused 3ms+5ms, total 56ms
D/dalvikvm(  573): GC_EXPLICIT freed 496K, 69% free 2579K/8195K, paused 2ms+5ms, total 28ms
D/dalvikvm(  399): GC_EXPLICIT freed 111K, 39% free 5654K/9159K, paused 4ms+4ms, total 56ms
D/dalvikvm(  399): GC_EXPLICIT freed 110K, 39% free 5655K/9159K, paused 3ms+5ms, total 56ms
D/dalvikvm(  573): GC_EXPLICIT freed 498K, 69% free 2579K/8195K, paused 2ms+5ms, total 29ms
E/Sensors (  399): sensors_poll_context_t::pollEvents, line 202: receive event #### i=3, nb=1
D/dalvikvm(  399): GC_EXPLICIT freed 111K, 39% free 5654K/9159K, paused 3ms+4ms, total 55ms
D/dalvikvm(  399): GC_EXPLICIT freed 110K, 39% free 5655K/9159K, paused 3ms+4ms, total 56ms
D/dalvikvm(  573): GC_EXPLICIT freed 498K, 69% free 2579K/8195K, paused 2ms+5ms, total 28ms
D/dalvikvm(  399): GC_EXPLICIT freed 111K, 39% free 5654K/9159K, paused 3ms+5ms, total 55ms
D/dalvikvm(  399): GC_EXPLICIT freed 110K, 39% free 5655K/9159K, paused 3ms+4ms, total 56ms
E/Sensors (  399): sensors_poll_context_t::pollEvents, line 202: receive event #### i=3, nb=1
D/dalvikvm(  573): GC_EXPLICIT freed 498K, 69% free 2579K/8195K, paused 2ms+5ms, total 29ms
D/dalvikvm(  399): GC_EXPLICIT freed 111K, 39% free 5654K/9159K, paused 3ms+5ms, total 55ms
D/dalvikvm(  399): GC_EXPLICIT freed 110K, 39% free 5655K/9159K, paused 3ms+4ms, total 53ms
D/dalvikvm(  573): GC_EXPLICIT freed 498K, 69% free 2579K/8195K, paused 2ms+5ms, total 28ms
E/MP-Decision( 1302): MPDecision server starting
E/MP-Decision( 1302): OPTION ENABLED: Control sleep modes
E/MP-Decision( 1302): OPTION ENABLED: Adjusting average
E/MP-Decision( 1302): 
E/MP-Decision( 1302):  MP Decision Options:
E/MP-Decision( 1302): --poll_ms --decision_ms --no_sleep --avg_comp --debug
E/MP-Decision( 1302): --Nw=[1..3]:[value] --Tw=[1..3]:[value] --Ns=[1..3]:[value] --Ts=[1..3]:[value]
D/dalvikvm(  399): GC_EXPLICIT freed 111K, 39% free 5654K/9159K, paused 2ms+4ms, total 55ms
E/Sensors (  399): sensors_poll_context_t::pollEvents, line 202: receive event #### i=3, nb=1
D/dalvikvm(  399): GC_EXPLICIT freed 110K, 39% free 5655K/9159K, paused 3ms+5ms, total 55ms
D/dalvikvm(  573): GC_EXPLICIT freed 498K, 69% free 2579K/8195K, paused 2ms+5ms, total 28ms
D/dalvikvm(  399): GC_EXPLICIT freed 111K, 39% free 5654K/9159K, paused 3ms+5ms, total 55ms
D/dalvikvm(  399): GC_EXPLICIT freed 110K, 39% free 5655K/9159K, paused 3ms+4ms, total 55ms
D/dalvikvm(  573): GC_EXPLICIT freed 498K, 69% free 2579K/8195K, paused 2ms+6ms, total 28ms
E/Sensors (  399): sensors_poll_context_t::pollEvents, line 202: receive event #### i=3, nb=1
D/dalvikvm(  399): GC_EXPLICIT freed 111K, 39% free 5654K/9159K, paused 3ms+4ms, total 56ms
D/dalvikvm(  399): GC_EXPLICIT freed 110K, 39% free 5655K/9159K, paused 3ms+5ms, total 55ms
D/dalvikvm(  573): GC_EXPLICIT freed 498K, 69% free 2579K/8195K, paused 2ms+5ms, total 28ms
D/dalvikvm(  399): GC_EXPLICIT freed 111K, 39% free 5654K/9159K, paused 3ms+4ms, total 55ms
D/dalvikvm(  399): GC_EXPLICIT freed 110K, 39% free 5655K/9159K, paused 3ms+5ms, total 65ms
D/dalvikvm(  573): GC_EXPLICIT freed 498K, 69% free 2579K/8195K, paused 2ms+5ms, total 29ms
E/Sensors (  399): sensors_poll_context_t::pollEvents, line 202: receive event #### i=3, nb=1
D/dalvikvm(  399): GC_EXPLICIT freed 111K, 39% free 5654K/9159K, paused 3ms+4ms, total 53ms
D/dalvikvm(  399): GC_EXPLICIT freed 110K, 39% free 5655K/9159K, paused 3ms+4ms, total 56ms
D/dalvikvm(  573): GC_EXPLICIT freed 498K, 69% free 2579K/8195K, paused 2ms+6ms, total 30ms
D/dalvikvm(  399): GC_EXPLICIT freed 111K, 39% free 5654K/9159K, paused 3ms+4ms, total 56ms
E/Sensors (  399): sensors_poll_context_t::pollEvents, line 202: receive event #### i=3, nb=1
D/dalvikvm(  399): GC_EXPLICIT freed 110K, 39% free 5655K/9159K, paused 3ms+5ms, total 56ms
D/dalvikvm(  573): GC_EXPLICIT freed 498K, 69% free 2579K/8195K, paused 3ms+6ms, total 30ms
E/MP-Decision( 1305): MPDecision server starting
E/MP-Decision( 1305): OPTION ENABLED: Control sleep modes
E/MP-Decision( 1305): OPTION ENABLED: Adjusting average
E/MP-Decision( 1305): 
E/MP-Decision( 1305):  MP Decision Options:
E/MP-Decision( 1305): --poll_ms --decision_ms --no_sleep --avg_comp --debug
E/MP-Decision( 1305): --Nw=[1..3]:[value] --Tw=[1..3]:[value] --Ns=[1..3]:[value] --Ts=[1..3]:[value]
D/dalvikvm(  399): GC_EXPLICIT freed 111K, 39% free 5654K/9159K, paused 3ms+4ms, total 56ms
D/dalvikvm(  399): GC_EXPLICIT freed 110K, 39% free 5655K/9159K, paused 3ms+5ms, total 55ms
D/dalvikvm(  573): GC_EXPLICIT freed 498K, 69% free 2579K/8195K, paused 2ms+5ms, total 28ms
