E/Sensors (  399): sensors_poll_context_t::pollEvents, line 202: receive event #### i=3, nb=1
E/MP-Decision( 1526): MPDecision server starting
E/MP-Decision( 1526): OPTION ENABLED: Control sleep modes
E/MP-Decision( 1526): OPTION ENABLED: Adjusting average
E/MP-Decision( 1526): 
E/MP-Decision( 1526):  MP Decision Options:
E/MP-Decision( 1526): --poll_ms --decision_ms --no_sleep --avg_comp --debug
E/MP-Decision( 1526): --Nw=[1..3]:[value] --Tw=[1..3]:[value] --Ns=[1..3]:[value] --Ts=[1..3]:[value]
E/Sensors (  399): sensors_poll_context_t::pollEvents, line 202: receive event #### i=3, nb=1
E/Sensors (  399): sensors_poll_context_t::pollEvents, line 202: receive event #### i=3, nb=1
E/Sensors (  399): sensors_poll_context_t::pollEvents, line 202: receive event #### i=3, nb=1
E/MP-Decision( 1529): MPDecision server starting
E/MP-Decision( 1529): OPTION ENABLED: Control sleep modes
E/MP-Decision( 1529): OPTION ENABLED: Adjusting average
E/MP-Decision( 1529): 
E/MP-Decision( 1529):  MP Decision Options:
E/MP-Decision( 1529): --poll_ms --decision_ms --no_sleep --avg_comp --debug
E/MP-Decision( 1529): --Nw=[1..3]:[value] --Tw=[1..3]:[value] --Ns=[1..3]:[value] --Ts=[1..3]:[value]
E/Sensors (  399): sensors_poll_context_t::pollEvents, line 202: receive event #### i=3, nb=1
E/Sensors (  399): sensors_poll_context_t::pollEvents, line 202: receive event #### i=3, nb=1
E/Sensors (  399): sensors_poll_context_t::pollEvents, line 202: receive event #### i=3, nb=1
E/Sensors (  399): sensors_poll_context_t::pollEvents, line 202: receive event #### i=3, nb=1
E/MP-Decision( 1532): MPDecision server starting
E/MP-Decision( 1532): OPTION ENABLED: Control sleep modes
E/MP-Decision( 1532): OPTION ENABLED: Adjusting average
E/MP-Decision( 1532): 
E/MP-Decision( 1532):  MP Decision Options:
E/MP-Decision( 1532): --poll_ms --decision_ms --no_sleep --avg_comp --debug
E/MP-Decision( 1532): --Nw=[1..3]:[value] --Tw=[1..3]:[value] --Ns=[1..3]:[value] --Ts=[1..3]:[value]
E/Sensors (  399): sensors_poll_context_t::pollEvents, line 202: receive event #### i=3, nb=1
E/Sensors (  399): sensors_poll_context_t::pollEvents, line 202: receive event #### i=3, nb=1
E/Sensors (  399): sensors_poll_context_t::pollEvents, line 202: receive event #### i=3, nb=1
E/MP-Decision( 1535): MPDecision server starting
E/MP-Decision( 1535): OPTION ENABLED: Control sleep modes
E/MP-Decision( 1535): OPTION ENABLED: Adjusting average
E/MP-Decision( 1535): 
E/MP-Decision( 1535):  MP Decision Options:
E/MP-Decision( 1535): --poll_ms --decision_ms --no_sleep --avg_comp --debug
E/MP-Decision( 1535): --Nw=[1..3]:[value] --Tw=[1..3]:[value] --Ns=[1..3]:[value] --Ts=[1..3]:[value]
E/Sensors (  399): sensors_poll_context_t::pollEvents, line 202: receive event #### i=3, nb=1
E/Sensors (  399): sensors_poll_context_t::pollEvents, line 202: receive event #### i=3, nb=1
E/Sensors (  399): sensors_poll_context_t::pollEvents, line 202: receive event #### i=3, nb=1
E/Sensors (  399): sensors_poll_context_t::pollEvents, line 202: receive event #### i=3, nb=1
E/MP-Decision( 1538): MPDecision server starting
E/MP-Decision( 1538): OPTION ENABLED: Control sleep modes
E/MP-Decision( 1538): OPTION ENABLED: Adjusting average
E/MP-Decision( 1538): 
E/MP-Decision( 1538):  MP Decision Options:
E/MP-Decision( 1538): --poll_ms --decision_ms --no_sleep --avg_comp --debug
E/MP-Decision( 1538): --Nw=[1..3]:[value] --Tw=[1..3]:[value] --Ns=[1..3]:[value] --Ts=[1..3]:[value]
E/Sensors (  399): sensors_poll_context_t::pollEvents, line 202: receive event #### i=3, nb=1
E/Sensors (  399): sensors_poll_context_t::pollEvents, line 202: receive event #### i=3, nb=1
I/rmt_storage(  131): rmt_storage open event: handle=1
I/rmt_storage(  131): Opened /boot/modem_fs1
I/rmt_storage(  131): rmt_storage events processing done
I/rmt_storage(  131): rmt_storage send user data event
I/rmt_storage(  131): rmt_storage events processing done
I/rmt_storage(  131): rmt_storage client thread started 
I/rmt_storage(  131): rmt_storage open event: handle=2
I/rmt_storage(  131): Opened /boot/modem_fs2
I/rmt_storage(  131): rmt_storage events processing done
I/rmt_storage(  131): rmt_storage client thread started 
I/rmt_storage(  131): rmt_storage send user data event
I/rmt_storage(  131): rmt_storage events processing done
I/rmt_storage(  131): rmt_storage write event
I/rmt_storage(  131): rmt_storage events processing done
I/rmt_storage(  131): unblock rmt_storage client thread
E/Sensors (  399): sensors_poll_context_t::pollEvents, line 202: receive event #### i=3, nb=1
I/rmt_storage(  131): rmt_storage fop(1): bytes transferred = 3145216
I/rmt_storage(  131): rmt_storage fop(1): bytes transferred = 512
E/MP-Decision( 1543): MPDecision server starting
E/MP-Decision( 1543): OPTION ENABLED: Control sleep modes
E/MP-Decision( 1543): OPTION ENABLED: Adjusting average
E/MP-Decision( 1543): 
E/MP-Decision( 1543):  MP Decision Options:
E/MP-Decision( 1543): --poll_ms --decision_ms --no_sleep --avg_comp --debug
E/MP-Decision( 1543): --Nw=[1..3]:[value] --Tw=[1..3]:[value] --Ns=[1..3]:[value] --Ts=[1..3]:[value]
E/Sensors (  399): sensors_poll_context_t::pollEvents, line 202: receive event #### i=3, nb=1
E/Sensors (  399): sensors_poll_context_t::pollEvents, line 202: receive event #### i=3, nb=1
D/PhoneStatusBar(  526): disable: < expand icons alerts ticker system_info BACK HOME recent* CLOCK >
D/PhoneStatusBar(  526): disable: < expand icons alerts ticker system_info back* home* recent clock* >
E/Sensors (  399): sensors_poll_context_t::pollEvents, line 202: receive event #### i=3, nb=1
I/ActivityManager(  399): START {act=android.intent.action.MAIN cat=[android.intent.category.LAUNCHER] flg=0x10200000 cmp=com.android.contacts/.activities.DialtactsActivity bnds=[0,707][96,800] u=0} from pid 620
D/PermissionCache(  136): checking android.permission.READ_FRAME_BUFFER for uid=1000 => granted (263 us)
I/ActivityManager(  399): Start proc com.android.contacts for activity com.android.contacts/.activities.DialtactsActivity: pid=1550 uid=10001 gids={3003, 1015, 1028}
I/AccountTypeManager( 1550): Loaded meta-data for 1 account types, 0 accounts in 27ms(wall) 14ms(cpu)
I/ContactPhotoManager( 1550): Cache adj: 0.5
W/PhoneNumberUtil( 1550): Invalid or missing region code (,) provided.
W/NotificationMgr( 1332): updateInCallNotification: null connection, can't set exp view line 1.
D/libEGL  ( 1550): loaded /system/lib/egl/libEGL_adreno200.so
D/libEGL  ( 1550): loaded /system/lib/egl/libGLESv1_CM_adreno200.so
D/libEGL  ( 1550): loaded /system/lib/egl/libGLESv2_adreno200.so
I/Adreno200-EGL( 1550): <qeglDrvAPI_eglInitialize:299>: EGL 1.4 QUALCOMM build: AU_LINUX_ANDROID_JB_REL_2.0.3.04.01.01.21.010_msm8625_JB_REL_2.0.3_Merge_release_AU (Merge)
I/Adreno200-EGL( 1550): Build Date: 10/26/12 Fri
I/Adreno200-EGL( 1550): Local Branch: 
I/Adreno200-EGL( 1550): Remote Branch: quic/jb_rel_2.0.3
I/Adreno200-EGL( 1550): Local Patches: NONE
I/Adreno200-EGL( 1550): Reconstruct Branch: AU_LINUX_ANDROID_JB_REL_2.0.3.04.01.01.21.010 +  NOTHING
D/OpenGLRenderer( 1550): Enabling debug mode 0
E/Sensors (  399): sensors_poll_context_t::pollEvents, line 202: receive event #### i=3, nb=1
I/ActivityManager(  399): Displayed com.android.contacts/.activities.DialtactsActivity: +775ms
E/MP-Decision( 1575): MPDecision server starting
E/MP-Decision( 1575): OPTION ENABLED: Control sleep modes
E/MP-Decision( 1575): OPTION ENABLED: Adjusting average
E/MP-Decision( 1575): 
E/MP-Decision( 1575):  MP Decision Options:
E/MP-Decision( 1575): --poll_ms --decision_ms --no_sleep --avg_comp --debug
E/MP-Decision( 1575): --Nw=[1..3]:[value] --Tw=[1..3]:[value] --Ns=[1..3]:[value] --Ts=[1..3]:[value]
E/Sensors (  399): sensors_poll_context_t::pollEvents, line 202: receive event #### i=3, nb=1
D/dalvikvm(  399): GC_CONCURRENT freed 334K, 24% free 7039K/9159K, paused 5ms+6ms, total 70ms
E/Sensors (  399): sensors_poll_context_t::pollEvents, line 202: receive event #### i=3, nb=1
I/ActivityManager(  399): START {act=android.intent.action.MAIN flg=0x10000000 cmp=com.android.settings/.TestingSettings u=0} from pid 723
D/dalvikvm(  399): GC_FOR_ALLOC freed 1163K, 35% free 6212K/9415K, paused 47ms, total 48ms
W/DialpadFragment( 1550): stopTone: mToneGenerator == null
D/libEGL  (  723): loaded /system/lib/egl/libEGL_adreno200.so
D/libEGL  (  723): loaded /system/lib/egl/libGLESv1_CM_adreno200.so
D/libEGL  (  723): loaded /system/lib/egl/libGLESv2_adreno200.so
I/Adreno200-EGL(  723): <qeglDrvAPI_eglInitialize:299>: EGL 1.4 QUALCOMM build: AU_LINUX_ANDROID_JB_REL_2.0.3.04.01.01.21.010_msm8625_JB_REL_2.0.3_Merge_release_AU (Merge)
I/Adreno200-EGL(  723): Build Date: 10/26/12 Fri
I/Adreno200-EGL(  723): Local Branch: 
I/Adreno200-EGL(  723): Remote Branch: quic/jb_rel_2.0.3
I/Adreno200-EGL(  723): Local Patches: NONE
I/Adreno200-EGL(  723): Reconstruct Branch: AU_LINUX_ANDROID_JB_REL_2.0.3.04.01.01.21.010 +  NOTHING
D/OpenGLRenderer(  723): Enabling debug mode 0
I/ActivityManager(  399): Displayed com.android.settings/.TestingSettings: +435ms
W/IInputConnectionWrapper( 1550): showStatusIcon on inactive InputConnection
E/Sensors (  399): sensors_poll_context_t::pollEvents, line 202: receive event #### i=3, nb=1
W/NotificationMgr( 1332): updateInCallNotification: null connection, can't set exp view line 1.
I/ActivityManager(  399): START {act=android.intent.action.MAIN cmp=com.android.settings/.RadioInfo u=0} from pid 723
D/dalvikvm(  399): GC_FOR_ALLOC freed 47K, 23% free 7286K/9415K, paused 39ms, total 39ms
D/dalvikvm(  399): GC_FOR_ALLOC freed 1087K, 34% free 6426K/9671K, paused 43ms, total 43ms
W/ResourceType( 1332): getEntry failing because entryIndex 129 is beyond type entryCount 2
E/MP-Decision( 1598): MPDecision server starting
E/MP-Decision( 1598): OPTION ENABLED: Control sleep modes
E/MP-Decision( 1598): OPTION ENABLED: Adjusting average
E/MP-Decision( 1598): 
E/MP-Decision( 1598):  MP Decision Options:
E/MP-Decision( 1598): --poll_ms --decision_ms --no_sleep --avg_comp --debug
E/MP-Decision( 1598): --Nw=[1..3]:[value] --Tw=[1..3]:[value] --Ns=[1..3]:[value] --Ts=[1..3]:[value]
W/SignalStrength( 1332): getLTELevel - rsrp:2147483647 snr:2147483647 rsrpIconLevel:-1 snrIconLevel:-1
W/SignalStrength( 1332): getLTELevel - rssi:99 rssiIconLevel:0
W/SignalStrength( 1332): getGsmDbm=-1
W/SignalStrength( 1332): getDbm=-1
W/SignalStrength( 1332): getLTELevel - rsrp:2147483647 snr:2147483647 rsrpIconLevel:-1 snrIconLevel:-1
W/SignalStrength( 1332): getLTELevel - rssi:99 rssiIconLevel:0
W/SignalStrength( 1332): getGsmAsuLevel=99
W/SignalStrength( 1332): getAsuLevel=99
D/phone   ( 1332): updateImsRegRequiredState isImsRegRequired()=false
D/phone   ( 1332): updateSmsOverImsState isSmsOverImsEnabled()=false
D/phone   ( 1332): updateLteRamDumpState isLteRamDumpEnabled()=false
I/phone   ( 1332): [RadioInfo] onResume: register phone & data intents
D/dalvikvm(  399): GC_EXPLICIT freed 220K, 25% free 7257K/9671K, paused 4ms+4ms, total 78ms
I/ActivityManager(  399): Displayed com.android.settings/.RadioInfo: +749ms
E/Sensors (  399): sensors_poll_context_t::pollEvents, line 202: receive event #### i=3, nb=1
E/Sensors (  399): sensors_poll_context_t::pollEvents, line 202: receive event #### i=3, nb=1
E/Sensors (  399): sensors_poll_context_t::pollEvents, line 202: receive event #### i=3, nb=1
E/Sensors (  399): sensors_poll_context_t::pollEvents, line 202: receive event #### i=3, nb=1
E/MP-Decision( 1610): MPDecision server starting
E/MP-Decision( 1610): OPTION ENABLED: Control sleep modes
E/MP-Decision( 1610): OPTION ENABLED: Adjusting average
E/MP-Decision( 1610): 
E/MP-Decision( 1610):  MP Decision Options:
E/MP-Decision( 1610): --poll_ms --decision_ms --no_sleep --avg_comp --debug
E/MP-Decision( 1610): --Nw=[1..3]:[value] --Tw=[1..3]:[value] --Ns=[1..3]:[value] --Ts=[1..3]:[value]
E/Sensors (  399): sensors_poll_context_t::pollEvents, line 202: receive event #### i=3, nb=1
E/Sensors (  399): sensors_poll_context_t::pollEvents, line 202: receive event #### i=3, nb=1
E/Sensors (  399): sensors_poll_context_t::pollEvents, line 202: receive event #### i=3, nb=1
E/MP-Decision( 1613): MPDecision server starting
E/MP-Decision( 1613): OPTION ENABLED: Control sleep modes
E/MP-Decision( 1613): OPTION ENABLED: Adjusting average
E/MP-Decision( 1613): 
E/MP-Decision( 1613):  MP Decision Options:
E/MP-Decision( 1613): --poll_ms --decision_ms --no_sleep --avg_comp --debug
E/MP-Decision( 1613): --Nw=[1..3]:[value] --Tw=[1..3]:[value] --Ns=[1..3]:[value] --Ts=[1..3]:[value]
E/Sensors (  399): sensors_poll_context_t::pollEvents, line 202: receive event #### i=3, nb=1
E/Sensors (  399): sensors_poll_context_t::pollEvents, line 202: receive event #### i=3, nb=1
E/Sensors (  399): sensors_poll_context_t::pollEvents, line 202: receive event #### i=3, nb=1
E/MP-Decision( 1616): MPDecision server starting
E/MP-Decision( 1616): OPTION ENABLED: Control sleep modes
E/MP-Decision( 1616): OPTION ENABLED: Adjusting average
E/MP-Decision( 1616): 
E/MP-Decision( 1616):  MP Decision Options:
E/MP-Decision( 1616): --poll_ms --decision_ms --no_sleep --avg_comp --debug
E/MP-Decision( 1616): --Nw=[1..3]:[value] --Tw=[1..3]:[value] --Ns=[1..3]:[value] --Ts=[1..3]:[value]
E/Sensors (  399): sensors_poll_context_t::pollEvents, line 202: receive event #### i=3, nb=1
E/Sensors (  399): sensors_poll_context_t::pollEvents, line 202: receive event #### i=3, nb=1
E/Sensors (  399): sensors_poll_context_t::pollEvents, line 202: receive event #### i=3, nb=1
E/Sensors (  399): sensors_poll_context_t::pollEvents, line 202: receive event #### i=3, nb=1
E/MP-Decision( 1619): MPDecision server starting
E/MP-Decision( 1619): OPTION ENABLED: Control sleep modes
E/MP-Decision( 1619): OPTION ENABLED: Adjusting average
E/MP-Decision( 1619): 
E/MP-Decision( 1619):  MP Decision Options:
E/MP-Decision( 1619): --poll_ms --decision_ms --no_sleep --avg_comp --debug
E/MP-Decision( 1619): --Nw=[1..3]:[value] --Tw=[1..3]:[value] --Ns=[1..3]:[value] --Ts=[1..3]:[value]
E/Sensors (  399): sensors_poll_context_t::pollEvents, line 202: receive event #### i=3, nb=1
E/Sensors (  399): sensors_poll_context_t::pollEvents, line 202: receive event #### i=3, nb=1
E/Sensors (  399): sensors_poll_context_t::pollEvents, line 202: receive event #### i=3, nb=1
E/MP-Decision( 1622): MPDecision server starting
E/MP-Decision( 1622): OPTION ENABLED: Control sleep modes
E/MP-Decision( 1622): OPTION ENABLED: Adjusting average
E/MP-Decision( 1622): 
E/MP-Decision( 1622):  MP Decision Options:
E/MP-Decision( 1622): --poll_ms --decision_ms --no_sleep --avg_comp --debug
E/MP-Decision( 1622): --Nw=[1..3]:[value] --Tw=[1..3]:[value] --Ns=[1..3]:[value] --Ts=[1..3]:[value]
E/Sensors (  399): sensors_poll_context_t::pollEvents, line 202: receive event #### i=3, nb=1
E/Sensors (  399): sensors_poll_context_t::pollEvents, line 202: receive event #### i=3, nb=1
E/Sensors (  399): sensors_poll_context_t::pollEvents, line 202: receive event #### i=3, nb=1
E/Sensors (  399): sensors_poll_context_t::pollEvents, line 202: receive event #### i=3, nb=1
E/MP-Decision( 1625): MPDecision server starting
E/MP-Decision( 1625): OPTION ENABLED: Control sleep modes
E/MP-Decision( 1625): OPTION ENABLED: Adjusting average
E/MP-Decision( 1625): 
E/MP-Decision( 1625):  MP Decision Options:
E/MP-Decision( 1625): --poll_ms --decision_ms --no_sleep --avg_comp --debug
E/MP-Decision( 1625): --Nw=[1..3]:[value] --Tw=[1..3]:[value] --Ns=[1..3]:[value] --Ts=[1..3]:[value]
E/Sensors (  399): sensors_poll_context_t::pollEvents, line 202: receive event #### i=3, nb=1
E/Sensors (  399): sensors_poll_context_t::pollEvents, line 202: receive event #### i=3, nb=1
E/Sensors (  399): sensors_poll_context_t::pollEvents, line 202: receive event #### i=3, nb=1
E/MP-Decision( 1628): MPDecision server starting
E/MP-Decision( 1628): OPTION ENABLED: Control sleep modes
E/MP-Decision( 1628): OPTION ENABLED: Adjusting average
E/MP-Decision( 1628): 
E/MP-Decision( 1628):  MP Decision Options:
E/MP-Decision( 1628): --poll_ms --decision_ms --no_sleep --avg_comp --debug
E/MP-Decision( 1628): --Nw=[1..3]:[value] --Tw=[1..3]:[value] --Ns=[1..3]:[value] --Ts=[1..3]:[value]
E/Sensors (  399): sensors_poll_context_t::pollEvents, line 202: receive event #### i=3, nb=1
E/Sensors (  399): sensors_poll_context_t::pollEvents, line 202: receive event #### i=3, nb=1
E/Sensors (  399): sensors_poll_context_t::pollEvents, line 202: receive event #### i=3, nb=1
E/Sensors (  399): sensors_poll_context_t::pollEvents, line 202: receive event #### i=3, nb=1
E/MP-Decision( 1631): MPDecision server starting
E/MP-Decision( 1631): OPTION ENABLED: Control sleep modes
E/MP-Decision( 1631): OPTION ENABLED: Adjusting average
E/MP-Decision( 1631): 
E/MP-Decision( 1631):  MP Decision Options:
E/MP-Decision( 1631): --poll_ms --decision_ms --no_sleep --avg_comp --debug
E/MP-Decision( 1631): --Nw=[1..3]:[value] --Tw=[1..3]:[value] --Ns=[1..3]:[value] --Ts=[1..3]:[value]
E/Sensors (  399): sensors_poll_context_t::pollEvents, line 202: receive event #### i=3, nb=1
E/Sensors (  399): sensors_poll_context_t::pollEvents, line 202: receive event #### i=3, nb=1
E/Sensors (  399): sensors_poll_context_t::pollEvents, line 202: receive event #### i=3, nb=1
E/MP-Decision( 1634): MPDecision server starting
E/MP-Decision( 1634): OPTION ENABLED: Control sleep modes
E/MP-Decision( 1634): OPTION ENABLED: Adjusting average
E/MP-Decision( 1634): 
E/MP-Decision( 1634):  MP Decision Options:
E/MP-Decision( 1634): --poll_ms --decision_ms --no_sleep --avg_comp --debug
E/MP-Decision( 1634): --Nw=[1..3]:[value] --Tw=[1..3]:[value] --Ns=[1..3]:[value] --Ts=[1..3]:[value]
E/Sensors (  399): sensors_poll_context_t::pollEvents, line 202: receive event #### i=3, nb=1
E/Sensors (  399): sensors_poll_context_t::pollEvents, line 202: receive event #### i=3, nb=1
E/Sensors (  399): sensors_poll_context_t::pollEvents, line 202: receive event #### i=3, nb=1
E/Sensors (  399): sensors_poll_context_t::pollEvents, line 202: receive event #### i=3, nb=1
E/MP-Decision( 1637): MPDecision server starting
E/MP-Decision( 1637): OPTION ENABLED: Control sleep modes
E/MP-Decision( 1637): OPTION ENABLED: Adjusting average
E/MP-Decision( 1637): 
E/MP-Decision( 1637):  MP Decision Options:
E/MP-Decision( 1637): --poll_ms --decision_ms --no_sleep --avg_comp --debug
E/MP-Decision( 1637): --Nw=[1..3]:[value] --Tw=[1..3]:[value] --Ns=[1..3]:[value] --Ts=[1..3]:[value]
E/Sensors (  399): sensors_poll_context_t::pollEvents, line 202: receive event #### i=3, nb=1
E/Sensors (  399): sensors_poll_context_t::pollEvents, line 202: receive event #### i=3, nb=1
E/Sensors (  399): sensors_poll_context_t::pollEvents, line 202: receive event #### i=3, nb=1
E/MP-Decision( 1640): MPDecision server starting
E/MP-Decision( 1640): OPTION ENABLED: Control sleep modes
E/MP-Decision( 1640): OPTION ENABLED: Adjusting average
E/MP-Decision( 1640): 
E/MP-Decision( 1640):  MP Decision Options:
E/MP-Decision( 1640): --poll_ms --decision_ms --no_sleep --avg_comp --debug
E/MP-Decision( 1640): --Nw=[1..3]:[value] --Tw=[1..3]:[value] --Ns=[1..3]:[value] --Ts=[1..3]:[value]
E/Sensors (  399): sensors_poll_context_t::pollEvents, line 202: receive event #### i=3, nb=1
E/Sensors (  399): sensors_poll_context_t::pollEvents, line 202: receive event #### i=3, nb=1
E/Sensors (  399): sensors_poll_context_t::pollEvents, line 202: receive event #### i=3, nb=1
E/Sensors (  399): sensors_poll_context_t::pollEvents, line 202: receive event #### i=3, nb=1
E/MP-Decision( 1643): MPDecision server starting
E/MP-Decision( 1643): OPTION ENABLED: Control sleep modes
E/MP-Decision( 1643): OPTION ENABLED: Adjusting average
E/MP-Decision( 1643): 
E/MP-Decision( 1643):  MP Decision Options:
E/MP-Decision( 1643): --poll_ms --decision_ms --no_sleep --avg_comp --debug
E/MP-Decision( 1643): --Nw=[1..3]:[value] --Tw=[1..3]:[value] --Ns=[1..3]:[value] --Ts=[1..3]:[value]
E/Sensors (  399): sensors_poll_context_t::pollEvents, line 202: receive event #### i=3, nb=1
E/Sensors (  399): sensors_poll_context_t::pollEvents, line 202: receive event #### i=3, nb=1
E/Sensors (  399): sensors_poll_context_t::pollEvents, line 202: receive event #### i=3, nb=1
E/MP-Decision( 1646): MPDecision server starting
E/MP-Decision( 1646): OPTION ENABLED: Control sleep modes
E/MP-Decision( 1646): OPTION ENABLED: Adjusting average
E/MP-Decision( 1646): 
E/MP-Decision( 1646):  MP Decision Options:
E/MP-Decision( 1646): --poll_ms --decision_ms --no_sleep --avg_comp --debug
E/MP-Decision( 1646): --Nw=[1..3]:[value] --Tw=[1..3]:[value] --Ns=[1..3]:[value] --Ts=[1..3]:[value]
E/Sensors (  399): sensors_poll_context_t::pollEvents, line 202: receive event #### i=3, nb=1
E/Sensors (  399): sensors_poll_context_t::pollEvents, line 202: receive event #### i=3, nb=1
E/Sensors (  399): sensors_poll_context_t::pollEvents, line 202: receive event #### i=3, nb=1
E/Sensors (  399): sensors_poll_context_t::pollEvents, line 202: receive event #### i=3, nb=1
E/MP-Decision( 1649): MPDecision server starting
E/MP-Decision( 1649): OPTION ENABLED: Control sleep modes
E/MP-Decision( 1649): OPTION ENABLED: Adjusting average
E/MP-Decision( 1649): 
E/MP-Decision( 1649):  MP Decision Options:
E/MP-Decision( 1649): --poll_ms --decision_ms --no_sleep --avg_comp --debug
E/MP-Decision( 1649): --Nw=[1..3]:[value] --Tw=[1..3]:[value] --Ns=[1..3]:[value] --Ts=[1..3]:[value]
E/Sensors (  399): sensors_poll_context_t::pollEvents, line 202: receive event #### i=3, nb=1
E/Sensors (  399): sensors_poll_context_t::pollEvents, line 202: receive event #### i=3, nb=1
E/Sensors (  399): sensors_poll_context_t::pollEvents, line 202: receive event #### i=3, nb=1
E/MP-Decision( 1652): MPDecision server starting
E/MP-Decision( 1652): OPTION ENABLED: Control sleep modes
E/MP-Decision( 1652): OPTION ENABLED: Adjusting average
E/MP-Decision( 1652): 
E/MP-Decision( 1652):  MP Decision Options:
E/MP-Decision( 1652): --poll_ms --decision_ms --no_sleep --avg_comp --debug
E/MP-Decision( 1652): --Nw=[1..3]:[value] --Tw=[1..3]:[value] --Ns=[1..3]:[value] --Ts=[1..3]:[value]
E/Sensors (  399): sensors_poll_context_t::pollEvents, line 202: receive event #### i=3, nb=1
E/Sensors (  399): sensors_poll_context_t::pollEvents, line 202: receive event #### i=3, nb=1
E/Sensors (  399): sensors_poll_context_t::pollEvents, line 202: receive event #### i=3, nb=1
E/Sensors (  399): sensors_poll_context_t::pollEvents, line 202: receive event #### i=3, nb=1
E/MP-Decision( 1655): MPDecision server starting
E/MP-Decision( 1655): OPTION ENABLED: Control sleep modes
E/MP-Decision( 1655): OPTION ENABLED: Adjusting average
E/MP-Decision( 1655): 
E/MP-Decision( 1655):  MP Decision Options:
E/MP-Decision( 1655): --poll_ms --decision_ms --no_sleep --avg_comp --debug
E/MP-Decision( 1655): --Nw=[1..3]:[value] --Tw=[1..3]:[value] --Ns=[1..3]:[value] --Ts=[1..3]:[value]
E/Sensors (  399): sensors_poll_context_t::pollEvents, line 202: receive event #### i=3, nb=1
E/Sensors (  399): sensors_poll_context_t::pollEvents, line 202: receive event #### i=3, nb=1
E/Sensors (  399): sensors_poll_context_t::pollEvents, line 202: receive event #### i=3, nb=1
E/MP-Decision( 1658): MPDecision server starting
E/MP-Decision( 1658): OPTION ENABLED: Control sleep modes
E/MP-Decision( 1658): OPTION ENABLED: Adjusting average
E/MP-Decision( 1658): 
E/MP-Decision( 1658):  MP Decision Options:
E/MP-Decision( 1658): --poll_ms --decision_ms --no_sleep --avg_comp --debug
E/MP-Decision( 1658): --Nw=[1..3]:[value] --Tw=[1..3]:[value] --Ns=[1..3]:[value] --Ts=[1..3]:[value]
E/Sensors (  399): sensors_poll_context_t::pollEvents, line 202: receive event #### i=3, nb=1
E/Sensors (  399): sensors_poll_context_t::pollEvents, line 202: receive event #### i=3, nb=1
E/Sensors (  399): sensors_poll_context_t::pollEvents, line 202: receive event #### i=3, nb=1
E/Sensors (  399): sensors_poll_context_t::pollEvents, line 202: receive event #### i=3, nb=1
E/MP-Decision( 1661): MPDecision server starting
E/MP-Decision( 1661): OPTION ENABLED: Control sleep modes
E/MP-Decision( 1661): OPTION ENABLED: Adjusting average
E/MP-Decision( 1661): 
E/MP-Decision( 1661):  MP Decision Options:
E/MP-Decision( 1661): --poll_ms --decision_ms --no_sleep --avg_comp --debug
E/MP-Decision( 1661): --Nw=[1..3]:[value] --Tw=[1..3]:[value] --Ns=[1..3]:[value] --Ts=[1..3]:[value]
E/Sensors (  399): sensors_poll_context_t::pollEvents, line 202: receive event #### i=3, nb=1
E/Sensors (  399): sensors_poll_context_t::pollEvents, line 202: receive event #### i=3, nb=1
E/MP-Decision( 1664): MPDecision server starting
E/MP-Decision( 1664): OPTION ENABLED: Control sleep modes
E/MP-Decision( 1664): OPTION ENABLED: Adjusting average
E/MP-Decision( 1664): 
E/MP-Decision( 1664):  MP Decision Options:
E/MP-Decision( 1664): --poll_ms --decision_ms --no_sleep --avg_comp --debug
E/MP-Decision( 1664): --Nw=[1..3]:[value] --Tw=[1..3]:[value] --Ns=[1..3]:[value] --Ts=[1..3]:[value]
E/Sensors (  399): sensors_poll_context_t::pollEvents, line 202: receive event #### i=3, nb=1
E/Sensors (  399): sensors_poll_context_t::pollEvents, line 202: receive event #### i=3, nb=1
W/ThrottleService(  399): unable to find stats for iface rmnet0
E/Sensors (  399): sensors_poll_context_t::pollEvents, line 202: receive event #### i=3, nb=1
E/Sensors (  399): sensors_poll_context_t::pollEvents, line 202: receive event #### i=3, nb=1
E/MP-Decision( 1668): MPDecision server starting
E/MP-Decision( 1668): OPTION ENABLED: Control sleep modes
E/MP-Decision( 1668): OPTION ENABLED: Adjusting average
E/MP-Decision( 1668): 
E/MP-Decision( 1668):  MP Decision Options:
E/MP-Decision( 1668): --poll_ms --decision_ms --no_sleep --avg_comp --debug
E/MP-Decision( 1668): --Nw=[1..3]:[value] --Tw=[1..3]:[value] --Ns=[1..3]:[value] --Ts=[1..3]:[value]
E/Sensors (  399): sensors_poll_context_t::pollEvents, line 202: receive event #### i=3, nb=1
E/Sensors (  399): sensors_poll_context_t::pollEvents, line 202: receive event #### i=3, nb=1
E/Sensors (  399): sensors_poll_context_t::pollEvents, line 202: receive event #### i=3, nb=1
E/MP-Decision( 1671): MPDecision server starting
E/MP-Decision( 1671): OPTION ENABLED: Control sleep modes
E/MP-Decision( 1671): OPTION ENABLED: Adjusting average
E/MP-Decision( 1671): 
E/MP-Decision( 1671):  MP Decision Options:
E/MP-Decision( 1671): --poll_ms --decision_ms --no_sleep --avg_comp --debug
E/MP-Decision( 1671): --Nw=[1..3]:[value] --Tw=[1..3]:[value] --Ns=[1..3]:[value] --Ts=[1..3]:[value]
E/Sensors (  399): sensors_poll_context_t::pollEvents, line 202: receive event #### i=3, nb=1
E/Sensors (  399): sensors_poll_context_t::pollEvents, line 202: receive event #### i=3, nb=1
E/Sensors (  399): sensors_poll_context_t::pollEvents, line 202: receive event #### i=3, nb=1
E/Sensors (  399): sensors_poll_context_t::pollEvents, line 202: receive event #### i=3, nb=1
E/MP-Decision( 1674): MPDecision server starting
E/MP-Decision( 1674): OPTION ENABLED: Control sleep modes
E/MP-Decision( 1674): OPTION ENABLED: Adjusting average
E/MP-Decision( 1674): 
E/MP-Decision( 1674):  MP Decision Options:
E/MP-Decision( 1674): --poll_ms --decision_ms --no_sleep --avg_comp --debug
E/MP-Decision( 1674): --Nw=[1..3]:[value] --Tw=[1..3]:[value] --Ns=[1..3]:[value] --Ts=[1..3]:[value]
E/Sensors (  399): sensors_poll_context_t::pollEvents, line 202: receive event #### i=3, nb=1
E/Sensors (  399): sensors_poll_context_t::pollEvents, line 202: receive event #### i=3, nb=1
E/Sensors (  399): sensors_poll_context_t::pollEvents, line 202: receive event #### i=3, nb=1
E/MP-Decision( 1677): MPDecision server starting
E/MP-Decision( 1677): OPTION ENABLED: Control sleep modes
E/MP-Decision( 1677): OPTION ENABLED: Adjusting average
E/MP-Decision( 1677): 
E/MP-Decision( 1677):  MP Decision Options:
E/MP-Decision( 1677): --poll_ms --decision_ms --no_sleep --avg_comp --debug
E/MP-Decision( 1677): --Nw=[1..3]:[value] --Tw=[1..3]:[value] --Ns=[1..3]:[value] --Ts=[1..3]:[value]
E/Sensors (  399): sensors_poll_context_t::pollEvents, line 202: receive event #### i=3, nb=1
E/Sensors (  399): sensors_poll_context_t::pollEvents, line 202: receive event #### i=3, nb=1
E/Sensors (  399): sensors_poll_context_t::pollEvents, line 202: receive event #### i=3, nb=1
E/Sensors (  399): sensors_poll_context_t::pollEvents, line 202: receive event #### i=3, nb=1
E/MP-Decision( 1680): MPDecision server starting
E/MP-Decision( 1680): OPTION ENABLED: Control sleep modes
E/MP-Decision( 1680): OPTION ENABLED: Adjusting average
E/MP-Decision( 1680): 
E/MP-Decision( 1680):  MP Decision Options:
E/MP-Decision( 1680): --poll_ms --decision_ms --no_sleep --avg_comp --debug
E/MP-Decision( 1680): --Nw=[1..3]:[value] --Tw=[1..3]:[value] --Ns=[1..3]:[value] --Ts=[1..3]:[value]
E/Sensors (  399): sensors_poll_context_t::pollEvents, line 202: receive event #### i=3, nb=1
E/Sensors (  399): sensors_poll_context_t::pollEvents, line 202: receive event #### i=3, nb=1
E/Sensors (  399): sensors_poll_context_t::pollEvents, line 202: receive event #### i=3, nb=1
E/MP-Decision( 1683): MPDecision server starting
E/MP-Decision( 1683): OPTION ENABLED: Control sleep modes
E/MP-Decision( 1683): OPTION ENABLED: Adjusting average
E/MP-Decision( 1683): 
E/MP-Decision( 1683):  MP Decision Options:
E/MP-Decision( 1683): --poll_ms --decision_ms --no_sleep --avg_comp --debug
E/MP-Decision( 1683): --Nw=[1..3]:[value] --Tw=[1..3]:[value] --Ns=[1..3]:[value] --Ts=[1..3]:[value]
E/Sensors (  399): sensors_poll_context_t::pollEvents, line 202: receive event #### i=3, nb=1
E/Sensors (  399): sensors_poll_context_t::pollEvents, line 202: receive event #### i=3, nb=1
E/Sensors (  399): sensors_poll_context_t::pollEvents, line 202: receive event #### i=3, nb=1
E/MP-Decision( 1686): MPDecision server starting
E/MP-Decision( 1686): OPTION ENABLED: Control sleep modes
E/MP-Decision( 1686): OPTION ENABLED: Adjusting average
E/MP-Decision( 1686): 
E/MP-Decision( 1686):  MP Decision Options:
E/MP-Decision( 1686): --poll_ms --decision_ms --no_sleep --avg_comp --debug
E/MP-Decision( 1686): --Nw=[1..3]:[value] --Tw=[1..3]:[value] --Ns=[1..3]:[value] --Ts=[1..3]:[value]
E/Sensors (  399): sensors_poll_context_t::pollEvents, line 202: receive event #### i=3, nb=1
E/Sensors (  399): sensors_poll_context_t::pollEvents, line 202: receive event #### i=3, nb=1
E/Sensors (  399): sensors_poll_context_t::pollEvents, line 202: receive event #### i=3, nb=1
E/Sensors (  399): sensors_poll_context_t::pollEvents, line 202: receive event #### i=3, nb=1
E/MP-Decision( 1689): MPDecision server starting
E/MP-Decision( 1689): OPTION ENABLED: Control sleep modes
E/MP-Decision( 1689): OPTION ENABLED: Adjusting average
E/MP-Decision( 1689): 
E/MP-Decision( 1689):  MP Decision Options:
E/MP-Decision( 1689): --poll_ms --decision_ms --no_sleep --avg_comp --debug
E/MP-Decision( 1689): --Nw=[1..3]:[value] --Tw=[1..3]:[value] --Ns=[1..3]:[value] --Ts=[1..3]:[value]
E/Sensors (  399): sensors_poll_context_t::pollEvents, line 202: receive event #### i=3, nb=1
E/Sensors (  399): sensors_poll_context_t::pollEvents, line 202: receive event #### i=3, nb=1
E/Sensors (  399): sensors_poll_context_t::pollEvents, line 202: receive event #### i=3, nb=1
E/MP-Decision( 1692): MPDecision server starting
E/MP-Decision( 1692): OPTION ENABLED: Control sleep modes
E/MP-Decision( 1692): OPTION ENABLED: Adjusting average
E/MP-Decision( 1692): 
E/MP-Decision( 1692):  MP Decision Options:
E/MP-Decision( 1692): --poll_ms --decision_ms --no_sleep --avg_comp --debug
E/MP-Decision( 1692): --Nw=[1..3]:[value] --Tw=[1..3]:[value] --Ns=[1..3]:[value] --Ts=[1..3]:[value]
E/Sensors (  399): sensors_poll_context_t::pollEvents, line 202: receive event #### i=3, nb=1
E/Sensors (  399): sensors_poll_context_t::pollEvents, line 202: receive event #### i=3, nb=1
E/Sensors (  399): sensors_poll_context_t::pollEvents, line 202: receive event #### i=3, nb=1
E/Sensors (  399): sensors_poll_context_t::pollEvents, line 202: receive event #### i=3, nb=1
E/MP-Decision( 1695): MPDecision server starting
E/MP-Decision( 1695): OPTION ENABLED: Control sleep modes
E/MP-Decision( 1695): OPTION ENABLED: Adjusting average
E/MP-Decision( 1695): 
E/MP-Decision( 1695):  MP Decision Options:
E/MP-Decision( 1695): --poll_ms --decision_ms --no_sleep --avg_comp --debug
E/MP-Decision( 1695): --Nw=[1..3]:[value] --Tw=[1..3]:[value] --Ns=[1..3]:[value] --Ts=[1..3]:[value]
E/Sensors (  399): sensors_poll_context_t::pollEvents, line 202: receive event #### i=3, nb=1
E/Sensors (  399): sensors_poll_context_t::pollEvents, line 202: receive event #### i=3, nb=1
E/Sensors (  399): sensors_poll_context_t::pollEvents, line 202: receive event #### i=3, nb=1
E/MP-Decision( 1698): MPDecision server starting
E/MP-Decision( 1698): OPTION ENABLED: Control sleep modes
E/MP-Decision( 1698): OPTION ENABLED: Adjusting average
E/MP-Decision( 1698): 
E/MP-Decision( 1698):  MP Decision Options:
E/MP-Decision( 1698): --poll_ms --decision_ms --no_sleep --avg_comp --debug
E/MP-Decision( 1698): --Nw=[1..3]:[value] --Tw=[1..3]:[value] --Ns=[1..3]:[value] --Ts=[1..3]:[value]
E/Sensors (  399): sensors_poll_context_t::pollEvents, line 202: receive event #### i=3, nb=1
E/Sensors (  399): sensors_poll_context_t::pollEvents, line 202: receive event #### i=3, nb=1
E/Sensors (  399): sensors_poll_context_t::pollEvents, line 202: receive event #### i=3, nb=1
E/Sensors (  399): sensors_poll_context_t::pollEvents, line 202: receive event #### i=3, nb=1
E/MP-Decision( 1701): MPDecision server starting
E/MP-Decision( 1701): OPTION ENABLED: Control sleep modes
E/MP-Decision( 1701): OPTION ENABLED: Adjusting average
E/MP-Decision( 1701): 
E/MP-Decision( 1701):  MP Decision Options:
E/MP-Decision( 1701): --poll_ms --decision_ms --no_sleep --avg_comp --debug
E/MP-Decision( 1701): --Nw=[1..3]:[value] --Tw=[1..3]:[value] --Ns=[1..3]:[value] --Ts=[1..3]:[value]
E/Sensors (  399): sensors_poll_context_t::pollEvents, line 202: receive event #### i=3, nb=1
E/Sensors (  399): sensors_poll_context_t::pollEvents, line 202: receive event #### i=3, nb=1
E/Sensors (  399): sensors_poll_context_t::pollEvents, line 202: receive event #### i=3, nb=1
E/MP-Decision( 1704): MPDecision server starting
E/MP-Decision( 1704): OPTION ENABLED: Control sleep modes
E/MP-Decision( 1704): OPTION ENABLED: Adjusting average
E/MP-Decision( 1704): 
E/MP-Decision( 1704):  MP Decision Options:
E/MP-Decision( 1704): --poll_ms --decision_ms --no_sleep --avg_comp --debug
E/MP-Decision( 1704): --Nw=[1..3]:[value] --Tw=[1..3]:[value] --Ns=[1..3]:[value] --Ts=[1..3]:[value]
E/Sensors (  399): sensors_poll_context_t::pollEvents, line 202: receive event #### i=3, nb=1
E/Sensors (  399): sensors_poll_context_t::pollEvents, line 202: receive event #### i=3, nb=1
E/Sensors (  399): sensors_poll_context_t::pollEvents, line 202: receive event #### i=3, nb=1
E/Sensors (  399): sensors_poll_context_t::pollEvents, line 202: receive event #### i=3, nb=1
E/MP-Decision( 1707): MPDecision server starting
E/MP-Decision( 1707): OPTION ENABLED: Control sleep modes
E/MP-Decision( 1707): OPTION ENABLED: Adjusting average
E/MP-Decision( 1707): 
E/MP-Decision( 1707):  MP Decision Options:
E/MP-Decision( 1707): --poll_ms --decision_ms --no_sleep --avg_comp --debug
E/MP-Decision( 1707): --Nw=[1..3]:[value] --Tw=[1..3]:[value] --Ns=[1..3]:[value] --Ts=[1..3]:[value]
E/Sensors (  399): sensors_poll_context_t::pollEvents, line 202: receive event #### i=3, nb=1
E/Sensors (  399): sensors_poll_context_t::pollEvents, line 202: receive event #### i=3, nb=1
E/Sensors (  399): sensors_poll_context_t::pollEvents, line 202: receive event #### i=3, nb=1
E/MP-Decision( 1710): MPDecision server starting
E/MP-Decision( 1710): OPTION ENABLED: Control sleep modes
E/MP-Decision( 1710): OPTION ENABLED: Adjusting average
E/MP-Decision( 1710): 
E/MP-Decision( 1710):  MP Decision Options:
E/MP-Decision( 1710): --poll_ms --decision_ms --no_sleep --avg_comp --debug
E/MP-Decision( 1710): --Nw=[1..3]:[value] --Tw=[1..3]:[value] --Ns=[1..3]:[value] --Ts=[1..3]:[value]
E/Sensors (  399): sensors_poll_context_t::pollEvents, line 202: receive event #### i=3, nb=1
E/Sensors (  399): sensors_poll_context_t::pollEvents, line 202: receive event #### i=3, nb=1
E/Sensors (  399): sensors_poll_context_t::pollEvents, line 202: receive event #### i=3, nb=1
E/Sensors (  399): sensors_poll_context_t::pollEvents, line 202: receive event #### i=3, nb=1
E/MP-Decision( 1713): MPDecision server starting
E/MP-Decision( 1713): OPTION ENABLED: Control sleep modes
E/MP-Decision( 1713): OPTION ENABLED: Adjusting average
E/MP-Decision( 1713): 
E/MP-Decision( 1713):  MP Decision Options:
E/MP-Decision( 1713): --poll_ms --decision_ms --no_sleep --avg_comp --debug
E/MP-Decision( 1713): --Nw=[1..3]:[value] --Tw=[1..3]:[value] --Ns=[1..3]:[value] --Ts=[1..3]:[value]
E/Sensors (  399): sensors_poll_context_t::pollEvents, line 202: receive event #### i=3, nb=1
E/Sensors (  399): sensors_poll_context_t::pollEvents, line 202: receive event #### i=3, nb=1
E/Sensors (  399): sensors_poll_context_t::pollEvents, line 202: receive event #### i=3, nb=1
E/MP-Decision( 1716): MPDecision server starting
E/MP-Decision( 1716): OPTION ENABLED: Control sleep modes
E/MP-Decision( 1716): OPTION ENABLED: Adjusting average
E/MP-Decision( 1716): 
E/MP-Decision( 1716):  MP Decision Options:
E/MP-Decision( 1716): --poll_ms --decision_ms --no_sleep --avg_comp --debug
E/MP-Decision( 1716): --Nw=[1..3]:[value] --Tw=[1..3]:[value] --Ns=[1..3]:[value] --Ts=[1..3]:[value]
E/Sensors (  399): sensors_poll_context_t::pollEvents, line 202: receive event #### i=3, nb=1
E/Sensors (  399): sensors_poll_context_t::pollEvents, line 202: receive event #### i=3, nb=1
E/Sensors (  399): sensors_poll_context_t::pollEvents, line 202: receive event #### i=3, nb=1
E/MP-Decision( 1719): MPDecision server starting
E/MP-Decision( 1719): OPTION ENABLED: Control sleep modes
E/MP-Decision( 1719): OPTION ENABLED: Adjusting average
E/MP-Decision( 1719): 
E/MP-Decision( 1719):  MP Decision Options:
E/MP-Decision( 1719): --poll_ms --decision_ms --no_sleep --avg_comp --debug
E/MP-Decision( 1719): --Nw=[1..3]:[value] --Tw=[1..3]:[value] --Ns=[1..3]:[value] --Ts=[1..3]:[value]
E/Sensors (  399): sensors_poll_context_t::pollEvents, line 202: receive event #### i=3, nb=1
E/Sensors (  399): sensors_poll_context_t::pollEvents, line 202: receive event #### i=3, nb=1
E/Sensors (  399): sensors_poll_context_t::pollEvents, line 202: receive event #### i=3, nb=1
E/Sensors (  399): sensors_poll_context_t::pollEvents, line 202: receive event #### i=3, nb=1
E/MP-Decision( 1722): MPDecision server starting
E/MP-Decision( 1722): OPTION ENABLED: Control sleep modes
E/MP-Decision( 1722): OPTION ENABLED: Adjusting average
E/MP-Decision( 1722): 
E/MP-Decision( 1722):  MP Decision Options:
E/MP-Decision( 1722): --poll_ms --decision_ms --no_sleep --avg_comp --debug
E/MP-Decision( 1722): --Nw=[1..3]:[value] --Tw=[1..3]:[value] --Ns=[1..3]:[value] --Ts=[1..3]:[value]
E/Sensors (  399): sensors_poll_context_t::pollEvents, line 202: receive event #### i=3, nb=1
E/Sensors (  399): sensors_poll_context_t::pollEvents, line 202: receive event #### i=3, nb=1
E/Sensors (  399): sensors_poll_context_t::pollEvents, line 202: receive event #### i=3, nb=1
E/MP-Decision( 1725): MPDecision server starting
E/MP-Decision( 1725): OPTION ENABLED: Control sleep modes
E/MP-Decision( 1725): OPTION ENABLED: Adjusting average
E/MP-Decision( 1725): 
E/MP-Decision( 1725):  MP Decision Options:
E/MP-Decision( 1725): --poll_ms --decision_ms --no_sleep --avg_comp --debug
E/MP-Decision( 1725): --Nw=[1..3]:[value] --Tw=[1..3]:[value] --Ns=[1..3]:[value] --Ts=[1..3]:[value]
E/Sensors (  399): sensors_poll_context_t::pollEvents, line 202: receive event #### i=3, nb=1
E/Sensors (  399): sensors_poll_context_t::pollEvents, line 202: receive event #### i=3, nb=1
E/Sensors (  399): sensors_poll_context_t::pollEvents, line 202: receive event #### i=3, nb=1
E/Sensors (  399): sensors_poll_context_t::pollEvents, line 202: receive event #### i=3, nb=1
E/MP-Decision( 1728): MPDecision server starting
E/MP-Decision( 1728): OPTION ENABLED: Control sleep modes
E/MP-Decision( 1728): OPTION ENABLED: Adjusting average
E/MP-Decision( 1728): 
E/MP-Decision( 1728):  MP Decision Options:
E/MP-Decision( 1728): --poll_ms --decision_ms --no_sleep --avg_comp --debug
E/MP-Decision( 1728): --Nw=[1..3]:[value] --Tw=[1..3]:[value] --Ns=[1..3]:[value] --Ts=[1..3]:[value]
E/Sensors (  399): sensors_poll_context_t::pollEvents, line 202: receive event #### i=3, nb=1
E/Sensors (  399): sensors_poll_context_t::pollEvents, line 202: receive event #### i=3, nb=1
E/Sensors (  399): sensors_poll_context_t::pollEvents, line 202: receive event #### i=3, nb=1
E/MP-Decision( 1731): MPDecision server starting
E/MP-Decision( 1731): OPTION ENABLED: Control sleep modes
E/MP-Decision( 1731): OPTION ENABLED: Adjusting average
E/MP-Decision( 1731): 
E/MP-Decision( 1731):  MP Decision Options:
E/MP-Decision( 1731): --poll_ms --decision_ms --no_sleep --avg_comp --debug
E/MP-Decision( 1731): --Nw=[1..3]:[value] --Tw=[1..3]:[value] --Ns=[1..3]:[value] --Ts=[1..3]:[value]
E/Sensors (  399): sensors_poll_context_t::pollEvents, line 202: receive event #### i=3, nb=1
E/Sensors (  399): sensors_poll_context_t::pollEvents, line 202: receive event #### i=3, nb=1
E/Sensors (  399): sensors_poll_context_t::pollEvents, line 202: receive event #### i=3, nb=1
E/Sensors (  399): sensors_poll_context_t::pollEvents, line 202: receive event #### i=3, nb=1
E/MP-Decision( 1734): MPDecision server starting
E/MP-Decision( 1734): OPTION ENABLED: Control sleep modes
E/MP-Decision( 1734): OPTION ENABLED: Adjusting average
E/MP-Decision( 1734): 
E/MP-Decision( 1734):  MP Decision Options:
E/MP-Decision( 1734): --poll_ms --decision_ms --no_sleep --avg_comp --debug
E/MP-Decision( 1734): --Nw=[1..3]:[value] --Tw=[1..3]:[value] --Ns=[1..3]:[value] --Ts=[1..3]:[value]
E/Sensors (  399): sensors_poll_context_t::pollEvents, line 202: receive event #### i=3, nb=1
E/Sensors (  399): sensors_poll_context_t::pollEvents, line 202: receive event #### i=3, nb=1
E/Sensors (  399): sensors_poll_context_t::pollEvents, line 202: receive event #### i=3, nb=1
E/MP-Decision( 1737): MPDecision server starting
E/MP-Decision( 1737): OPTION ENABLED: Control sleep modes
E/MP-Decision( 1737): OPTION ENABLED: Adjusting average
E/MP-Decision( 1737): 
E/MP-Decision( 1737):  MP Decision Options:
E/MP-Decision( 1737): --poll_ms --decision_ms --no_sleep --avg_comp --debug
E/MP-Decision( 1737): --Nw=[1..3]:[value] --Tw=[1..3]:[value] --Ns=[1..3]:[value] --Ts=[1..3]:[value]
E/Sensors (  399): sensors_poll_context_t::pollEvents, line 202: receive event #### i=3, nb=1
E/Sensors (  399): sensors_poll_context_t::pollEvents, line 202: receive event #### i=3, nb=1
E/Sensors (  399): sensors_poll_context_t::pollEvents, line 202: receive event #### i=3, nb=1
E/MP-Decision( 1740): MPDecision server starting
E/MP-Decision( 1740): OPTION ENABLED: Control sleep modes
E/MP-Decision( 1740): OPTION ENABLED: Adjusting average
E/MP-Decision( 1740): 
E/MP-Decision( 1740):  MP Decision Options:
E/MP-Decision( 1740): --poll_ms --decision_ms --no_sleep --avg_comp --debug
E/MP-Decision( 1740): --Nw=[1..3]:[value] --Tw=[1..3]:[value] --Ns=[1..3]:[value] --Ts=[1..3]:[value]
E/Sensors (  399): sensors_poll_context_t::pollEvents, line 202: receive event #### i=3, nb=1
E/Sensors (  399): sensors_poll_context_t::pollEvents, line 202: receive event #### i=3, nb=1
E/Sensors (  399): sensors_poll_context_t::pollEvents, line 202: receive event #### i=3, nb=1
E/Sensors (  399): sensors_poll_context_t::pollEvents, line 202: receive event #### i=3, nb=1
E/MP-Decision( 1743): MPDecision server starting
E/MP-Decision( 1743): OPTION ENABLED: Control sleep modes
E/MP-Decision( 1743): OPTION ENABLED: Adjusting average
E/MP-Decision( 1743): 
E/MP-Decision( 1743):  MP Decision Options:
E/MP-Decision( 1743): --poll_ms --decision_ms --no_sleep --avg_comp --debug
E/MP-Decision( 1743): --Nw=[1..3]:[value] --Tw=[1..3]:[value] --Ns=[1..3]:[value] --Ts=[1..3]:[value]
E/Sensors (  399): sensors_poll_context_t::pollEvents, line 202: receive event #### i=3, nb=1
E/Sensors (  399): sensors_poll_context_t::pollEvents, line 202: receive event #### i=3, nb=1
E/Sensors (  399): sensors_poll_context_t::pollEvents, line 202: receive event #### i=3, nb=1
E/MP-Decision( 1746): MPDecision server starting
E/MP-Decision( 1746): OPTION ENABLED: Control sleep modes
E/MP-Decision( 1746): OPTION ENABLED: Adjusting average
E/MP-Decision( 1746): 
E/MP-Decision( 1746):  MP Decision Options:
E/MP-Decision( 1746): --poll_ms --decision_ms --no_sleep --avg_comp --debug
E/MP-Decision( 1746): --Nw=[1..3]:[value] --Tw=[1..3]:[value] --Ns=[1..3]:[value] --Ts=[1..3]:[value]
E/Sensors (  399): sensors_poll_context_t::pollEvents, line 202: receive event #### i=3, nb=1
E/Sensors (  399): sensors_poll_context_t::pollEvents, line 202: receive event #### i=3, nb=1
E/Sensors (  399): sensors_poll_context_t::pollEvents, line 202: receive event #### i=3, nb=1
E/Sensors (  399): sensors_poll_context_t::pollEvents, line 202: receive event #### i=3, nb=1
E/MP-Decision( 1749): MPDecision server starting
E/MP-Decision( 1749): OPTION ENABLED: Control sleep modes
E/MP-Decision( 1749): OPTION ENABLED: Adjusting average
E/MP-Decision( 1749): 
E/MP-Decision( 1749):  MP Decision Options:
E/MP-Decision( 1749): --poll_ms --decision_ms --no_sleep --avg_comp --debug
E/MP-Decision( 1749): --Nw=[1..3]:[value] --Tw=[1..3]:[value] --Ns=[1..3]:[value] --Ts=[1..3]:[value]
E/Sensors (  399): sensors_poll_context_t::pollEvents, line 202: receive event #### i=3, nb=1
E/Sensors (  399): sensors_poll_context_t::pollEvents, line 202: receive event #### i=3, nb=1
E/Sensors (  399): sensors_poll_context_t::pollEvents, line 202: receive event #### i=3, nb=1
E/MP-Decision( 1752): MPDecision server starting
E/MP-Decision( 1752): OPTION ENABLED: Control sleep modes
E/MP-Decision( 1752): OPTION ENABLED: Adjusting average
E/MP-Decision( 1752): 
E/MP-Decision( 1752):  MP Decision Options:
E/MP-Decision( 1752): --poll_ms --decision_ms --no_sleep --avg_comp --debug
E/MP-Decision( 1752): --Nw=[1..3]:[value] --Tw=[1..3]:[value] --Ns=[1..3]:[value] --Ts=[1..3]:[value]
E/Sensors (  399): sensors_poll_context_t::pollEvents, line 202: receive event #### i=3, nb=1
E/Sensors (  399): sensors_poll_context_t::pollEvents, line 202: receive event #### i=3, nb=1
E/Sensors (  399): sensors_poll_context_t::pollEvents, line 202: receive event #### i=3, nb=1
E/Sensors (  399): sensors_poll_context_t::pollEvents, line 202: receive event #### i=3, nb=1
E/MP-Decision( 1755): MPDecision server starting
E/MP-Decision( 1755): OPTION ENABLED: Control sleep modes
E/MP-Decision( 1755): OPTION ENABLED: Adjusting average
E/MP-Decision( 1755): 
E/MP-Decision( 1755):  MP Decision Options:
E/MP-Decision( 1755): --poll_ms --decision_ms --no_sleep --avg_comp --debug
E/MP-Decision( 1755): --Nw=[1..3]:[value] --Tw=[1..3]:[value] --Ns=[1..3]:[value] --Ts=[1..3]:[value]
E/Sensors (  399): sensors_poll_context_t::pollEvents, line 202: receive event #### i=3, nb=1
E/Sensors (  399): sensors_poll_context_t::pollEvents, line 202: receive event #### i=3, nb=1
E/Sensors (  399): sensors_poll_context_t::pollEvents, line 202: receive event #### i=3, nb=1
E/MP-Decision( 1758): MPDecision server starting
E/MP-Decision( 1758): OPTION ENABLED: Control sleep modes
E/MP-Decision( 1758): OPTION ENABLED: Adjusting average
E/MP-Decision( 1758): 
E/MP-Decision( 1758):  MP Decision Options:
E/MP-Decision( 1758): --poll_ms --decision_ms --no_sleep --avg_comp --debug
E/MP-Decision( 1758): --Nw=[1..3]:[value] --Tw=[1..3]:[value] --Ns=[1..3]:[value] --Ts=[1..3]:[value]
E/Sensors (  399): sensors_poll_context_t::pollEvents, line 202: receive event #### i=3, nb=1
E/Sensors (  399): sensors_poll_context_t::pollEvents, line 202: receive event #### i=3, nb=1
E/Sensors (  399): sensors_poll_context_t::pollEvents, line 202: receive event #### i=3, nb=1
E/Sensors (  399): sensors_poll_context_t::pollEvents, line 202: receive event #### i=3, nb=1
E/MP-Decision( 1761): MPDecision server starting
E/MP-Decision( 1761): OPTION ENABLED: Control sleep modes
E/MP-Decision( 1761): OPTION ENABLED: Adjusting average
E/MP-Decision( 1761): 
E/MP-Decision( 1761):  MP Decision Options:
E/MP-Decision( 1761): --poll_ms --decision_ms --no_sleep --avg_comp --debug
E/MP-Decision( 1761): --Nw=[1..3]:[value] --Tw=[1..3]:[value] --Ns=[1..3]:[value] --Ts=[1..3]:[value]
E/Sensors (  399): sensors_poll_context_t::pollEvents, line 202: receive event #### i=3, nb=1
E/Sensors (  399): sensors_poll_context_t::pollEvents, line 202: receive event #### i=3, nb=1
E/MP-Decision( 1764): MPDecision server starting
E/MP-Decision( 1764): OPTION ENABLED: Control sleep modes
E/MP-Decision( 1764): OPTION ENABLED: Adjusting average
E/MP-Decision( 1764): 
E/MP-Decision( 1764):  MP Decision Options:
E/MP-Decision( 1764): --poll_ms --decision_ms --no_sleep --avg_comp --debug
E/MP-Decision( 1764): --Nw=[1..3]:[value] --Tw=[1..3]:[value] --Ns=[1..3]:[value] --Ts=[1..3]:[value]
E/Sensors (  399): sensors_poll_context_t::pollEvents, line 202: receive event #### i=3, nb=1
E/Sensors (  399): sensors_poll_context_t::pollEvents, line 202: receive event #### i=3, nb=1
E/Sensors (  399): sensors_poll_context_t::pollEvents, line 202: receive event #### i=3, nb=1
E/Sensors (  399): sensors_poll_context_t::pollEvents, line 202: receive event #### i=3, nb=1
E/MP-Decision( 1767): MPDecision server starting
E/MP-Decision( 1767): OPTION ENABLED: Control sleep modes
E/MP-Decision( 1767): OPTION ENABLED: Adjusting average
E/MP-Decision( 1767): 
E/MP-Decision( 1767):  MP Decision Options:
E/MP-Decision( 1767): --poll_ms --decision_ms --no_sleep --avg_comp --debug
E/MP-Decision( 1767): --Nw=[1..3]:[value] --Tw=[1..3]:[value] --Ns=[1..3]:[value] --Ts=[1..3]:[value]
E/Sensors (  399): sensors_poll_context_t::pollEvents, line 202: receive event #### i=3, nb=1
