D/StatusBar.MSimNetworkController(  526): refreshViews connected={ } level=0 mMSimcombinedSignalIconId=0x0/(null) mMSimcombinedActivityIconId=0x0 mAirplaneMode=false mMSimDataActivity=0 mMSimPhoneSignalIconId=0x7f0200f8 mMSimDataDirectionIconId=0x0 mMSimDataSignalIconId=0x0 mMSimDataTypeIconId=0x0 mNoMSimIconId=0x0 mWifiIconId=0x0 mBluetoothTetherIconId=0x1080580
D/StatusBar.MSimNetworkController(  526): updateDataIcon subscription =0
D/StatusBar.MSimNetworkController(  526): updateDataIcon dataSub =0
D/StatusBar.MSimNetworkController(  526): updateDataIcon  when SimState =UNKNOWN
D/StatusBar.MSimNetworkController(  526): updateDataIcon when mMSimDataConnected =false
D/StatusBar.MSimNetworkController(  526): updateDataIcon subscription =0
D/StatusBar.MSimNetworkController(  526): updateDataIcon dataSub =0
D/StatusBar.MSimNetworkController(  526): updateDataIcon  when SimState =UNKNOWN
W/SignalStrength(  526): getLTELevel - rsrp:2147483647 snr:2147483647 rsrpIconLevel:-1 snrIconLevel:-1
W/SignalStrength(  526): getLTELevel - rssi:99 rssiIconLevel:0
W/SignalStrength(  526): getGsmLevel=0
W/SignalStrength(  526): getLevel=0
D/StatusBar.MSimNetworkController(  526): updateDataIcon when mMSimDataConnected =false
D/StatusBar.MSimNetworkController(  526): refreshViews subscription =0mMSimDataConnected =false
D/StatusBar.MSimNetworkController(  526): refreshViews mMSimDataActivity =0
D/StatusBar.MSimNetworkController(  526): refreshViews connected={ } level=0 mMSimcombinedSignalIconId=0x0/(null) mMSimcombinedActivityIconId=0x0 mAirplaneMode=false mMSimDataActivity=0 mMSimPhoneSignalIconId=0x7f0200f8 mMSimDataDirectionIconId=0x0 mMSimDataSignalIconId=0x0 mMSimDataTypeIconId=0x0 mNoMSimIconId=0x0 mWifiIconId=0x0 mBluetoothTetherIconId=0x1080580
D/PhoneStatusBarPolicy(  526): updateSimState for subscription :0
W/SignalStrength(  526): getLTELevel - rsrp:2147483647 snr:2147483647 rsrpIconLevel:-1 snrIconLevel:-1
W/SignalStrength(  526): getLTELevel - rssi:99 rssiIconLevel:0
W/SignalStrength(  526): getGsmLevel=0
W/SignalStrength(  526): getLevel=0
D/StatusBar.MSimNetworkController(  526): onServiceStateChanged received on subscription :0state=3
D/StatusBar.MSimNetworkController(  526): updateTelephonySignalStrength: subscription =0
D/StatusBar.MSimNetworkController(  526):  No service
D/StatusBar.MSimNetworkController(  526): updateDataNetType sub = 0 mDataNetType = 0
E/StatusBar.MSimNetworkController(  526): updateDataNetType NETWORK_TYPE_UNKNOWN
D/StatusBar.MSimNetworkController(  526): updateDataIcon subscription =0
D/StatusBar.MSimNetworkController(  526): updateDataIcon dataSub =0
D/StatusBar.MSimNetworkController(  526): updateDataIcon  when SimState =UNKNOWN
D/StatusBar.MSimNetworkController(  526): updateDataIcon when mMSimDataConnected =false
D/StatusBar.MSimNetworkController(  526): refreshViews subscription =0mMSimDataConnected =false
D/StatusBar.MSimNetworkController(  526): refreshViews mMSimDataActivity =0
D/StatusBar.MSimNetworkController(  526): refreshViews connected={ } level=0 mMSimcombinedSignalIconId=0x7f0200f8/com.android.systemui:drawable/stat_sys_signal_null mMSimcombinedActivityIconId=0x0 mAirplaneMode=false mMSimDataActivity=0 mMSimPhoneSignalIconId=0x7f0200f8 mMSimDataDirectionIconId=0x0 mMSimDataSignalIconId=0x7f0200f8 mMSimDataTypeIconId=0x0 mNoMSimIconId=0x0 mWifiIconId=0x0 mBluetoothTetherIconId=0x1080580
W/SignalStrength(  526): getLTELevel - rsrp:2147483647 snr:2147483647 rsrpIconLevel:-1 snrIconLevel:-1
W/SignalStrength(  526): getLTELevel - rssi:99 rssiIconLevel:0
W/SignalStrength(  526): getGsmLevel=0
W/SignalStrength(  526): getLevel=0
D/StatusBar.MSimNetworkController(  526): onServiceStateChanged received on subscription :1state=3
D/StatusBar.MSimNetworkController(  526): updateTelephonySignalStrength: subscription =1
D/StatusBar.MSimNetworkController(  526):  No service
D/StatusBar.MSimNetworkController(  526): updateDataNetType sub = 1 mDataNetType = 0
E/StatusBar.MSimNetworkController(  526): updateDataNetType NETWORK_TYPE_UNKNOWN
D/StatusBar.MSimNetworkController(  526): updateDataIcon subscription =1
D/StatusBar.MSimNetworkController(  526): updateDataIcon dataSub =0
D/StatusBar.MSimNetworkController(  526): updateDataIcon return
D/StatusBar.MSimNetworkController(  526): refreshViews subscription =1mMSimDataConnected =false
D/StatusBar.MSimNetworkController(  526): refreshViews mMSimDataActivity =0
D/StatusBar.MSimNetworkController(  526): refreshViews connected={ } level=0 mMSimcombinedSignalIconId=0x7f0200f8/com.android.systemui:drawable/stat_sys_signal_null mMSimcombinedActivityIconId=0x0 mAirplaneMode=false mMSimDataActivity=0 mMSimPhoneSignalIconId=0x7f0200f8 mMSimDataDirectionIconId=0x0 mMSimDataSignalIconId=0x7f0200f8 mMSimDataTypeIconId=0x0 mNoMSimIconId=0x0 mWifiIconId=0x0 mBluetoothTetherIconId=0x1080580
D/OpenGLRenderer(  620): Enabling debug mode 0
I/StorageNotification(  526): UMS connection changed to false (media state unmounted)
D/dalvikvm(  526): GC_CONCURRENT freed 379K, 39% free 6937K/11207K, paused 5ms+5ms, total 65ms
D/LocalBluetoothProfileManager(  723): LocalBluetoothProfileManager construction complete
V/SipBroadcastReceiver(  605): start auto registration
D/SizeAdaptiveLayout(  526): com.android.internal.widget.SizeAdaptiveLayout@4232a970child view android.widget.FrameLayout@42330e20 measured out of bounds at 95px clamped to 96px
I/ActivityManager(  399): Start proc com.android.deskclock for broadcast com.android.deskclock/com.android.alarmclock.AnalogAppWidgetProvider: pid=739 uid=10015 gids={1028}
I/ActivityManager(  399): Displayed com.cyanogenmod.trebuchet/.Launcher: +2s829ms
D/dalvikvm(  137): GC_EXPLICIT freed 34K, 74% free 2164K/8195K, paused 2ms+2ms, total 33ms
D/dalvikvm(  137): GC_EXPLICIT freed <1K, 74% free 2164K/8195K, paused 2ms+2ms, total 33ms
D/dalvikvm(  137): GC_EXPLICIT freed <1K, 74% free 2164K/8195K, paused 2ms+2ms, total 30ms
I/ActivityThread(  739): Pub com.android.deskclock: com.android.deskclock.AlarmProvider
I/ActivityThread(  739): Pub com.android.deskclock.timers: com.android.deskclock.TimersProvider
W/ActivityManager(  399): Permission denied: checkComponentPermission() owningUid=1000
W/BroadcastQueue(  399): Permission Denial: broadcasting Intent { act=android.appwidget.action.APPWIDGET_UPDATE_OPTIONS flg=0x10 cmp=com.android.settings/.widget.SettingsAppWidgetProvider (has extras) } from android (pid=620, uid=10042) is not exported from uid 1000 due to receiver com.android.settings/com.android.settings.widget.SettingsAppWidgetProvider
D/PowerManagerService(  399): bootCompleted
V/DevicePolicyManagerService(  399): Sending password expiration notifications for action android.intent.action.BOOT_COMPLETED
I/ActivityManager(  399): Start proc com.android.contacts for broadcast com.android.contacts/.calllog.CallLogReceiver: pid=756 uid=10001 gids={3003, 1015, 1028}
D/VoldCmdListener(  130): volume mount /storage/sdcard1
I/Vold    (  130): /dev/block/vold/179:33 being considered for volume sdcard
D/Vold    (  130): Volume sdcard state changing 1 (Idle-Unmounted) -> 3 (Checking)
D/MountService(  399): volume state changed for /storage/sdcard1 (unmounted -> checking)
I/StorageNotification(  526): Media {/storage/sdcard1} state changed from {unmounted} -> {checking} (primary = true)
D/PhoneStatusBar(  526): addNotification score=0
I/SurfaceFlinger(  136): Boot is finished (11417 ms)
D/MountService(  399): sendStorageIntent Intent { act=android.intent.action.MEDIA_CHECKING dat=file:///storage/sdcard1 (has extras) }
D/MtpService(  573): onStorageStateChanged /storage/sdcard1 unmounted -> checking
W/WVMExtractor(  139): Failed to open libwvm.so
W/QComExtractorFactory(  139): Didn't match the sniff <=== status = 5 
W/QComExtractorFactory(  139): Didn't match the sniff <=== status = 1 
W/QComExtractorFactory(  139): Didn't match the sniff <=== status = 1 
W/QComExtractorFactory(  139): Didn't match the sniff <=== status = 1 
E/MM_OSAL (  139): ValidateAACFile failed
W/QComExtractorFactory(  139): Didn't match the sniff <=== status = 1 
W/QComExtractorFactory(  139): Didn't match the sniff <=== status = 1 
V/WiredAccessoryObserver(  399): init()
E/MP-Decision(  796): MPDecision server starting
E/MP-Decision(  796): OPTION ENABLED: Control sleep modes
E/MP-Decision(  796): OPTION ENABLED: Adjusting average
E/MP-Decision(  796): 
E/MP-Decision(  796):  MP Decision Options:
E/MP-Decision(  796): --poll_ms --decision_ms --no_sleep --avg_comp --debug
E/MP-Decision(  796): --Nw=[1..3]:[value] --Tw=[1..3]:[value] --Ns=[1..3]:[value] --Ts=[1..3]:[value]
W/WVMExtractor(  139): Failed to open libwvm.so
W/QComExtractorFactory(  139): Didn't match the sniff <=== status = 5 
W/QComExtractorFactory(  139): Didn't match the sniff <=== status = 1 
W/QComExtractorFactory(  139): Didn't match the sniff <=== status = 1 
W/QComExtractorFactory(  139): Didn't match the sniff <=== status = 1 
E/MM_OSAL (  139): ValidateAACFile failed
W/QComExtractorFactory(  139): Didn't match the sniff <=== status = 1 
W/QComExtractorFactory(  139): Didn't match the sniff <=== status = 1 
I//system/bin/fsck_msdos(  130): ** /dev/block/vold/179:33
I//system/bin/fsck_msdos(  130): ** Phase 1 - Read FAT (compare skipped)
I//system/bin/fsck_msdos(  130): Attempting to allocate 7483 KB for FAT
D/SizeAdaptiveLayout(  526): com.android.internal.widget.SizeAdaptiveLayout@4234c0f8child view android.widget.FrameLayout@4234e128 measured out of bounds at 95px clamped to 96px
W/WVMExtractor(  139): Failed to open libwvm.so
W/QComExtractorFactory(  139): Didn't match the sniff <=== status = 5 
W/QComExtractorFactory(  139): Didn't match the sniff <=== status = 1 
W/QComExtractorFactory(  139): Didn't match the sniff <=== status = 1 
W/QComExtractorFactory(  139): Didn't match the sniff <=== status = 1 
E/MM_OSAL (  139): ValidateAACFile failed
W/QComExtractorFactory(  139): Didn't match the sniff <=== status = 1 
W/QComExtractorFactory(  139): Didn't match the sniff <=== status = 1 
E/Sensors (  399): sensors_poll_context_t::pollEvents, line 202: receive event #### i=3, nb=1
I/ActivityManager(  399): Start proc com.bel.android.dspmanager for broadcast com.bel.android.dspmanager/.receiver.BootCompletedReceiver: pid=812 uid=10013 gids={3002, 1028}
W/WVMExtractor(  139): Failed to open libwvm.so
W/QComExtractorFactory(  139): Didn't match the sniff <=== status = 5 
W/QComExtractorFactory(  139): Didn't match the sniff <=== status = 1 
W/QComExtractorFactory(  139): Didn't match the sniff <=== status = 1 
W/QComExtractorFactory(  139): Didn't match the sniff <=== status = 1 
E/MM_OSAL (  139): ValidateAACFile failed
W/QComExtractorFactory(  139): Didn't match the sniff <=== status = 1 
W/QComExtractorFactory(  139): Didn't match the sniff <=== status = 1 
I/HeadsetService(  812): Starting service.
W/WVMExtractor(  139): Failed to open libwvm.so
W/QComExtractorFactory(  139): Didn't match the sniff <=== status = 5 
W/QComExtractorFactory(  139): Didn't match the sniff <=== status = 1 
W/QComExtractorFactory(  139): Didn't match the sniff <=== status = 1 
W/QComExtractorFactory(  139): Didn't match the sniff <=== status = 1 
E/MM_OSAL (  139): ValidateAACFile failed
W/QComExtractorFactory(  139): Didn't match the sniff <=== status = 1 
W/QComExtractorFactory(  139): Didn't match the sniff <=== status = 1 
I/RecoverySystem(  399): No recovery log file
I/ActivityManager(  399): Start proc com.cyanogenmod.updater for broadcast com.cyanogenmod.updater/.receiver.UpdateCheckReceiver: pid=838 uid=10007 gids={3003, 1015, 2001, 1028}
I/AccountTypeManager(  756): Loaded meta-data for 1 account types, 0 accounts in 236ms(wall) 19ms(cpu)
I/UpdateCheckReceiver(  838): Scheduling future, repeating update checks.
I/ActivityManager(  399): Start proc com.cyanogenmod.updater.updater.service.UpdateCheckService for service com.cyanogenmod.updater/.service.UpdateCheckService: pid=856 uid=10007 gids={3003, 1015, 2001, 1028}
I/ActivityManager(  399): Start proc com.android.providers.calendar for broadcast com.android.providers.calendar/.CalendarReceiver: pid=864 uid=10011 gids={3003, 1015, 1028}
I/UpdateCheckService(  856): Checking for updates...
I/UpdateCheckService(  856): Could not check for updates. Not connected to the network.
I/ActivityThread(  864): Pub com.android.calendar: com.android.providers.calendar.CalendarProvider2
V/AlarmClock(  739): AlarmInitReceiver finished
I/ActivityManager(  399): Start proc com.android.email for broadcast com.android.email/.service.EmailBroadcastReceiver: pid=891 uid=10018 gids={3003, 1015, 1028}
I/ActivityThread(  891): Pub com.android.email.provider;com.android.email.notifier: com.android.email.provider.EmailProvider
I//system/bin/fsck_msdos(  130): ** Phase 2 - Check Cluster Chains
I/ActivityThread(  891): Pub com.android.email.attachmentprovider: com.android.email.provider.AttachmentProvider
D/ActivityThread(  891): Loading provider com.android.email.provider;com.android.email.notifier: com.android.email.provider.EmailProvider
I/ActivityManager(  399): Start proc com.android.exchange for service com.android.exchange/.ExchangeService: pid=909 uid=10019 gids={3003, 1015, 1028}
I/ActivityThread(  909): Pub com.android.exchange.directory.provider: com.android.exchange.provider.ExchangeDirectoryProvider
D/ExchangeService(  909): !!! EAS ExchangeService, onCreate
D/ExchangeService(  909): !!! EAS ExchangeService, onStartCommand, startingUp = false, running = false
D/ExchangeService(  909): !!! EAS ExchangeService, onStartCommand, startingUp = true, running = false
D/Eas Debug(  909): Logging: 
D/EmailProvider(  891): fromDatabase accounts: 0
D/EmailProvider(  891): ending toDatabase transaction; copyCount = 0
I/ActivityManager(  399): Start proc com.android.mms for broadcast com.android.mms/.transaction.MmsSystemEventReceiver: pid=929 uid=10028 gids={3003, 1015, 1028}
E/Sensors (  399): sensors_poll_context_t::pollEvents, line 202: receive event #### i=3, nb=1
D/ExchangeService(  909): !!! EAS ExchangeService, onStartCommand, startingUp = true, running = false
D/ExchangeService(  909): Received deviceId from Email app: android1382008413924
D/ExchangeService(  909): Reconciling accounts...
D/Eas Debug(  909): Logging: 
D/EmailProvider(  891): ending fromDatabase transaction; copyCount = 0
I//system/bin/fsck_msdos(  130): ** Phase 3 - Checking Directories
I/ActivityThread(  929): Pub mms_temp_file: com.android.mms.TempFileProvider
I/ActivityThread(  929): Pub com.android.mms.SuggestionsProvider: com.android.mms.SuggestionsProvider
I/ActivityThread(  929): Pub com.android.cm.mms: com.android.mms.templates.TemplatesProvider
D/dalvikvm(  399): GC_EXPLICIT freed 632K, 31% free 5664K/8195K, paused 3ms+6ms, total 67ms
D/CountryDetector(  399): The first listener is added
V/MmsConfig(  929): mnc/mcc: ,
V/MmsConfig(  929): tag: bool value: enabledMMS - true
V/MmsConfig(  929): tag: int value: maxMessageSize - 307200
V/MmsConfig(  929): tag: int value: maxImageHeight - 480
V/MmsConfig(  929): tag: int value: maxImageWidth - 640
V/MmsConfig(  929): tag: int value: defaultSMSMessagesPerThread - 500
V/MmsConfig(  929): tag: int value: defaultMMSMessagesPerThread - 50
V/MmsConfig(  929): tag: int value: minMessageCountPerThread - 10
V/MmsConfig(  929): tag: int value: maxMessageCountPerThread - 5000
V/MmsConfig(  929): tag: string value: uaProfUrl - http://www.google.com/oha/rdf/ua-profile-kila.xml
V/MmsConfig(  929): tag: int value: recipientLimit - -1
V/MmsConfig(  929): tag: bool value: enableMultipartSMS - true
V/MmsConfig(  929): tag: bool value: enableSplitSMS - false
V/MmsConfig(  929): tag: int value: smsToMmsTextThreshold - -1
V/MmsConfig(  929): tag: bool value: enableSlideDuration - true
V/MmsConfig(  929): tag: int value: maxMessageTextSize - -1
V/MmsConfig(  929): tag: bool value: enableSprintVVM - false
D/su      (  965): Executing exec /system/bin/am broadcast -a com.noshufou.android.su.RESULT --es socket '' --ei caller_uid 2000 --ei allow 1 --ei version_code 18
I/CalendarProvider2(  864): Sending notification intent: Intent { act=android.intent.action.PROVIDER_CHANGED dat=content://com.android.calendar }
W/ContentResolver(  864): Failed to get type for: content://com.android.calendar (Unknown URL content://com.android.calendar)
D/CMStats (  723): Next sync attempt in : 1 days
D/AndroidRuntime(  965): 
D/AndroidRuntime(  965): >>>>>> AndroidRuntime START com.android.internal.os.RuntimeInit <<<<<<
D/AndroidRuntime(  965): CheckJNI is OFF
D/dalvikvm(  965): Trying to load lib libjavacore.so 0x0
I/BootReceiver(  723): Restore disabled by user preference.
D/dalvikvm(  965): Added shared lib libjavacore.so 0x0
I/BootReceiver(  723): Restore disabled by user preference.
D/dalvikvm(  965): Trying to load lib libnativehelper.so 0x0
D/dalvikvm(  965): Added shared lib libnativehelper.so 0x0
D/CAT     (  605): StkAppService:  Unable to get Service handle
I/ActivityManager(  399): Start proc com.android.voicedialer for broadcast com.android.voicedialer/.VoiceDialerReceiver: pid=974 uid=10045 gids={3002, 1028}
D/ExchangeService(  909): !!! EAS ExchangeService, onStartCommand, startingUp = false, running = false
D/ExchangeService(  909): Reconciling accounts...
I/ActivityManager(  399): Start proc com.android.calendar for broadcast com.android.calendar/.alerts.AlertReceiver: pid=997 uid=10010 gids={3003, 1028}
D/AndroidRuntime(  965): Calling main entry com.android.commands.am.Am
D/MmsSmsDatabaseHelper(  605): [MmsSmsDb] tableName: threads hasAutoIncrement: CREATE TABLE threads (_id INTEGER PRIMARY KEY AUTOINCREMENT,date INTEGER DEFAULT 0,message_count INTEGER DEFAULT 0,recipient_ids TEXT,snippet TEXT,snippet_cs INTEGER DEFAULT 0,read INTEGER DEFAULT 1,type INTEGER DEFAULT 0,error INTEGER DEFAULT 0,has_attachment INTEGER DEFAULT 0) result: true
D/MmsSmsDatabaseHelper(  605): [MmsSmsDb] tableName: canonical_addresses hasAutoIncrement: CREATE TABLE canonical_addresses (_id INTEGER PRIMARY KEY AUTOINCREMENT,address TEXT) result: true
D/MmsSmsDatabaseHelper(  605): [getWritableDatabase] hasAutoIncrementThreads: true hasAutoIncrementAddresses: true
I/ActivityThread(  997): Pub com.android.calendar.CalendarRecentSuggestionsProvider: com.android.calendar.CalendarRecentSuggestionsProvider
D/AlertReceiver(  997): onReceive: a=android.intent.action.PROVIDER_CHANGED Intent { act=android.intent.action.PROVIDER_CHANGED dat=content://com.android.calendar flg=0x10 cmp=com.android.calendar/.alerts.AlertReceiver }
D/AlertService(  997): 0 Action = android.intent.action.PROVIDER_CHANGED
D/AlertService(  997): Beginning updateAlertNotification
I/ActivityManager(  399): Start proc com.noshufou.android.su for broadcast com.noshufou.android.su/.SuResultReceiver: pid=1020 uid=10038 gids={3003, 1015, 1028}
I/dalvikvm( 1020): Turning on JNI app bug workarounds for target SDK version 11...
D/dalvikvm(  137): GC_EXPLICIT freed 38K, 74% free 2164K/8195K, paused 2ms+3ms, total 25ms
D/dalvikvm(  137): GC_EXPLICIT freed <1K, 74% free 2164K/8195K, paused 2ms+1ms, total 23ms
D/dalvikvm(  137): GC_EXPLICIT freed <1K, 74% free 2164K/8195K, paused 2ms+2ms, total 21ms
I/ActivityThread( 1020): Pub com.noshufou.android.su.provider: com.noshufou.android.su.provider.PermissionsProvider
D/AlertService(  997): No fired or scheduled alerts
D/AndroidRuntime(  965): Shutting down VM
D/dalvikvm(  965): GC_CONCURRENT freed 99K, 81% free 499K/2560K, paused 1ms+0ms, total 5ms
I/ActivityManager(  399): No longer want com.android.contacts (pid 756): hidden #11
D/su      (  964): 2000 /system/bin/mksh executing 0 /system/bin/sh using shell /system/bin/sh : sh
E/Sensors (  399): sensors_poll_context_t::pollEvents, line 202: receive event #### i=3, nb=1
D/dalvikvm(  399): GC_EXPLICIT freed 288K, 32% free 5636K/8195K, paused 4ms+11ms, total 122ms
D/dalvikvm(  399): GC_EXPLICIT freed 127K, 32% free 5625K/8195K, paused 4ms+5ms, total 59ms
D/dalvikvm(  573): GC_EXPLICIT freed 393K, 70% free 2504K/8195K, paused 3ms+5ms, total 31ms
E/Sensors (  399): sensors_poll_context_t::pollEvents, line 202: receive event #### i=3, nb=1
I/ActivityManager(  399): No longer want android.process.acore (pid 676): hidden #11
E/MP-Decision( 1041): MPDecision server starting
E/MP-Decision( 1041): OPTION ENABLED: Control sleep modes
E/MP-Decision( 1041): OPTION ENABLED: Adjusting average
E/MP-Decision( 1041): 
E/MP-Decision( 1041):  MP Decision Options:
E/MP-Decision( 1041): --poll_ms --decision_ms --no_sleep --avg_comp --debug
E/MP-Decision( 1041): --Nw=[1..3]:[value] --Tw=[1..3]:[value] --Ns=[1..3]:[value] --Ts=[1..3]:[value]
E/Sensors (  399): sensors_poll_context_t::pollEvents, line 202: receive event #### i=3, nb=1
I//system/bin/fsck_msdos(  130): ** Phase 4 - Checking for Lost Files
E/Sensors (  399): sensors_poll_context_t::pollEvents, line 202: receive event #### i=3, nb=1
I//system/bin/fsck_msdos(  130): 26584 files, 1158464 free (144808 clusters)
I/Vold    (  130): Filesystem check completed OK
I/PackageManager(  399): Updating external media status from unmounted to mounted
I/Vold    (  130): Device /dev/block/vold/179:33, target /storage/sdcard1 mounted @ /mnt/secure/staging
D/Vold    (  130): Volume sdcard state changing 3 (Checking) -> 4 (Mounted)
D/MountService(  399): volume state changed for /storage/sdcard1 (checking -> mounted)
I//system/bin/fsck_msdos(  130): ** /dev/block/vold/179:19
E/VoldConnector(  399): NDC Command {3 volume mount /storage/sdcard1} took too long (7749ms)
I/StorageNotification(  526): Media {/storage/sdcard1} state changed from {checking} -> {mounted} (primary = true)
D/VoldCmdListener(  130): volume mount /storage/sdcard0
I/Vold    (  130): /dev/block/vold/179:19 being considered for volume emmc
D/Vold    (  130): Volume emmc state changing 1 (Idle-Unmounted) -> 3 (Checking)
D/MountService(  399): sendStorageIntent Intent { act=android.intent.action.MEDIA_MOUNTED dat=file:///storage/sdcard1 (has extras) }
D/MtpService(  573): onStorageStateChanged /storage/sdcard1 checking -> mounted
I//system/bin/fsck_msdos(  130): ** Phase 1 - Read and Compare FATs
D/MtpService(  573): addStorageLocked 65537 /storage/sdcard1
I//system/bin/fsck_msdos(  130): Attempting to allocate 1123 KB for FAT
D/MtpService(  573): onStorageStateChanged /storage/sdcard0 unmounted -> checking
D/MountService(  399): volume state changed for /storage/sdcard0 (unmounted -> checking)
D/MountService(  399): sendStorageIntent Intent { act=android.intent.action.MEDIA_CHECKING dat=file:///storage/sdcard0 (has extras) }
I/StorageNotification(  526): Media {/storage/sdcard0} state changed from {unmounted} -> {checking} (primary = false)
D/PhoneStatusBar(  526): addNotification score=0
D/MediaScannerReceiver(  573): action: android.intent.action.MEDIA_MOUNTED path: /storage/sdcard1
D/SizeAdaptiveLayout(  526): com.android.internal.widget.SizeAdaptiveLayout@421ea520child view android.widget.FrameLayout@42297638 measured out of bounds at 95px clamped to 96px
I//system/bin/fsck_msdos(  130): Attempting to allocate 1123 KB for FAT
W/MediaProvider(  573): no database for scanned volume external
I//system/bin/fsck_msdos(  130): ** Phase 2 - Check Cluster Chains
I//system/bin/fsck_msdos(  130): ** Phase 3 - Checking Directories
I//system/bin/fsck_msdos(  130): ** Phase 4 - Checking for Lost Files
I//system/bin/fsck_msdos(  130): 505 files, 1085060 free (271265 clusters)
I/Vold    (  130): Filesystem check completed OK
I/Vold    (  130): Device /dev/block/vold/179:19, target /storage/sdcard0 mounted @ /mnt/secure/staging
D/Vold    (  130): Volume emmc state changing 3 (Checking) -> 4 (Mounted)
D/VoldCmdListener(  130): asec list
D/MountService(  399): volume state changed for /storage/sdcard0 (checking -> mounted)
E/VoldConnector(  399): NDC Command {4 volume mount /storage/sdcard0} took too long (608ms)
D/MountService(  399): sendStorageIntent Intent { act=android.intent.action.MEDIA_MOUNTED dat=file:///storage/sdcard0 (has extras) }
D/MtpService(  573): onStorageStateChanged /storage/sdcard0 checking -> mounted
D/MtpService(  573): addStorageLocked 131073 /storage/sdcard0
I/StorageNotification(  526): Media {/storage/sdcard0} state changed from {checking} -> {mounted} (primary = false)
I/PackageManager(  399): No secure containers on sdcard
E/VoldConnector(  399): NDC Command {5 asec list} took too long (913ms)
W/PackageManager(  399): Unknown permission com.google.android.googleapps.permission.GOOGLE_AUTH.mail in package com.android.contacts
W/PackageManager(  399): Unknown permission android.permission.ADD_SYSTEM_SERVICE in package com.android.phone
W/PackageManager(  399): Unknown permission com.google.android.googleapps.permission.GOOGLE_AUTH in package com.android.providers.calendar
W/PackageManager(  399): Unknown permission com.google.android.googleapps.permission.GOOGLE_AUTH.cl in package com.android.providers.calendar
W/PackageManager(  399): Unknown permission com.google.android.googleapps.permission.GOOGLE_AUTH.mail in package com.android.calendar
W/PackageManager(  399): Not granting permission android.permission.SEND_DOWNLOAD_COMPLETED_INTENTS to package com.android.browser (protectionLevel=2 flags=0x9be45)
W/PackageManager(  399): Unknown permission com.cyanogenmod.filemanager.permissions.READ_THEME in package com.cyanogenmod.filemanager
W/PackageManager(  399): Unknown permission com.google.android.googleapps.permission.GOOGLE_AUTH in package com.android.settings
W/PackageManager(  399): Unknown permission com.google.android.googleapps.permission.GOOGLE_AUTH in package com.android.providers.contacts
W/PackageManager(  399): Unknown permission com.google.android.googleapps.permission.GOOGLE_AUTH.cp in package com.android.providers.contacts
W/PackageManager(  399): Unknown permission android.permission.ACCESS_SUPERUSER in package jackpal.androidterm
W/PackageManager(  399): Unknown permission android.permission.ACCESS_4G_RADIO_DISABLE in package com.android.systemui
W/PackageManager(  399): Unknown permission android.permission.ACCESS_4G_STATE in package com.android.systemui
W/PackageManager(  399): Unknown permission android.permission.CHANGE_4G_STATE in package com.android.systemui
W/PackageManager(  399): Unknown permission com.google.android.googleapps.permission.ACCESS_GOOGLE_PASSWORD in package com.android.development
W/PackageManager(  399): Unknown permission com.google.android.googleapps.permission.GOOGLE_AUTH in package com.android.development
W/PackageManager(  399): Unknown permission com.google.android.googleapps.permission.GOOGLE_AUTH.ALL_SERVICES in package com.android.development
W/PackageManager(  399): Unknown permission com.google.android.googleapps.permission.GOOGLE_AUTH.YouTubeUser in package com.android.development
W/PackageManager(  399): Not granting permission android.permission.DEVICE_POWER to package com.android.deskclock (protectionLevel=2 flags=0x8be45)
D/MediaScannerReceiver(  573): action: android.intent.action.MEDIA_MOUNTED path: /storage/sdcard0
E/Sensors (  399): sensors_poll_context_t::pollEvents, line 202: receive event #### i=3, nb=1
E/Sensors (  399): sensors_poll_context_t::pollEvents, line 202: receive event #### i=3, nb=1
E/MP-Decision( 1053): MPDecision server starting
E/MP-Decision( 1053): OPTION ENABLED: Control sleep modes
E/MP-Decision( 1053): OPTION ENABLED: Adjusting average
E/MP-Decision( 1053): 
E/MP-Decision( 1053):  MP Decision Options:
E/MP-Decision( 1053): --poll_ms --decision_ms --no_sleep --avg_comp --debug
E/MP-Decision( 1053): --Nw=[1..3]:[value] --Tw=[1..3]:[value] --Ns=[1..3]:[value] --Ts=[1..3]:[value]
E/Sensors (  399): sensors_poll_context_t::pollEvents, line 202: receive event #### i=3, nb=1
E/Sensors (  399): sensors_poll_context_t::pollEvents, line 202: receive event #### i=3, nb=1
E/Sensors (  399): sensors_poll_context_t::pollEvents, line 202: receive event #### i=3, nb=1
E/MP-Decision( 1056): MPDecision server starting
E/MP-Decision( 1056): OPTION ENABLED: Control sleep modes
E/MP-Decision( 1056): OPTION ENABLED: Adjusting average
E/MP-Decision( 1056): 
E/MP-Decision( 1056):  MP Decision Options:
E/MP-Decision( 1056): --poll_ms --decision_ms --no_sleep --avg_comp --debug
E/MP-Decision( 1056): --Nw=[1..3]:[value] --Tw=[1..3]:[value] --Ns=[1..3]:[value] --Ts=[1..3]:[value]
E/Sensors (  399): sensors_poll_context_t::pollEvents, line 202: receive event #### i=3, nb=1
E/Sensors (  399): sensors_poll_context_t::pollEvents, line 202: receive event #### i=3, nb=1
E/Sensors (  399): sensors_poll_context_t::pollEvents, line 202: receive event #### i=3, nb=1
E/Sensors (  399): sensors_poll_context_t::pollEvents, line 202: receive event #### i=3, nb=1
E/MP-Decision( 1060): MPDecision server starting
E/MP-Decision( 1060): OPTION ENABLED: Control sleep modes
E/MP-Decision( 1060): OPTION ENABLED: Adjusting average
E/MP-Decision( 1060): 
E/MP-Decision( 1060):  MP Decision Options:
E/MP-Decision( 1060): --poll_ms --decision_ms --no_sleep --avg_comp --debug
E/MP-Decision( 1060): --Nw=[1..3]:[value] --Tw=[1..3]:[value] --Ns=[1..3]:[value] --Ts=[1..3]:[value]
D/su      ( 1069): Executing exec /system/bin/am broadcast -a com.noshufou.android.su.RESULT --es socket '' --ei caller_uid 2000 --ei allow 1 --ei version_code 18
E/Sensors (  399): sensors_poll_context_t::pollEvents, line 202: receive event #### i=3, nb=1
D/AndroidRuntime( 1069): 
D/AndroidRuntime( 1069): >>>>>> AndroidRuntime START com.android.internal.os.RuntimeInit <<<<<<
D/AndroidRuntime( 1069): CheckJNI is OFF
D/dalvikvm( 1069): Trying to load lib libjavacore.so 0x0
D/dalvikvm( 1069): Added shared lib libjavacore.so 0x0
D/dalvikvm( 1069): Trying to load lib libnativehelper.so 0x0
D/dalvikvm( 1069): Added shared lib libnativehelper.so 0x0
D/AndroidRuntime( 1069): Calling main entry com.android.commands.am.Am
D/AndroidRuntime( 1069): Shutting down VM
D/dalvikvm( 1069): GC_CONCURRENT freed 99K, 81% free 499K/2560K, paused 1ms+0ms, total 5ms
W/ActivityManager(  399): Timeout executing service: ServiceRecord{4249bbd0 com.android.stk/.StkAppService}
I/Process (  399): Sending signal. PID: 605 SIG: 3
I/dalvikvm(  605): threadid=3: reacting to signal 3
I/dalvikvm(  605): Wrote stack traces to '/data/anr/traces.txt'
I/Process (  399): Sending signal. PID: 399 SIG: 3
I/dalvikvm(  399): threadid=3: reacting to signal 3
D/su      ( 1068): 2000 /system/bin/mksh executing 0 /system/bin/sh using shell /system/bin/sh : sh
I/dalvikvm(  399): Wrote stack traces to '/data/anr/traces.txt'
I/Process (  399): Sending signal. PID: 526 SIG: 3
I/dalvikvm(  526): threadid=3: reacting to signal 3
I/dalvikvm(  526): Wrote stack traces to '/data/anr/traces.txt'
D/dalvikvm(  399): GC_EXPLICIT freed 1041K, 28% free 5945K/8195K, paused 3ms+6ms, total 68ms
E/Sensors (  399): sensors_poll_context_t::pollEvents, line 202: receive event #### i=3, nb=1
I/Process (  399): Sending signal. PID: 573 SIG: 3
I/dalvikvm(  573): threadid=3: reacting to signal 3
I/dalvikvm(  573): Wrote stack traces to '/data/anr/traces.txt'
E/ActivityManager(  399): ANR in com.android.phone
E/ActivityManager(  399): Reason: Executing service com.android.stk/.StkAppService
E/ActivityManager(  399): Load: 7.44 / 1.95 / 0.66
E/ActivityManager(  399): CPU usage from 11147ms to 0ms ago:
E/ActivityManager(  399):   97% 573/android.process.media: 1.7% user + 95% kernel / faults: 300 minor
E/ActivityManager(  399):   0.9% 399/system_server: 0.3% user + 0.6% kernel / faults: 93 minor
E/ActivityManager(  399):   0.6% 526/com.android.systemui: 0.5% user + 0% kernel / faults: 30 minor
E/ActivityManager(  399):   0.5% 26/kworker/u:2: 0% user + 0.5% kernel
E/ActivityManager(  399):   0.2% 136/surfaceflinger: 0% user + 0.2% kernel
E/ActivityManager(  399):   0.1% 25/kworker/0:1: 0.1% user + 0% kernel
E/ActivityManager(  399):   0% 85/kworker/u:3: 0% user + 0% kernel
E/ActivityManager(  399):   0% 94/mmcqd/0: 0% user + 0% kernel
E/ActivityManager(  399):   0% 97/mmcqd/1: 0% user + 0% kernel
E/ActivityManager(  399):   0% 155/thermald: 0% user + 0% kernel
E/ActivityManager(  399):   0% 532/logcat: 0% user + 0% kernel
E/ActivityManager(  399):   0% 605/com.android.phone: 0% user + 0% kernel / faults: 5 minor
E/ActivityManager(  399):   0% 1020/com.noshufou.android.su: 0% user + 0% kernel / faults: 23 minor
E/ActivityManager(  399):  +0% 1059/flush-179:32: 0% user + 0% kernel
E/ActivityManager(  399):  +0% 1063/sh: 0% user + 0% kernel
E/ActivityManager(  399):  +0% 1068/su: 0% user + 0% kernel
E/ActivityManager(  399):  +0% 1069/app_process: 0% user + 0% kernel
E/ActivityManager(  399): 52% TOTAL: 2.7% user + 49% kernel + 0.2% iowait
E/ActivityManager(  399): CPU usage from 576ms to 1096ms later:
E/ActivityManager(  399):   98% 573/android.process.media: 1.9% user + 96% kernel / faults: 3 minor
E/ActivityManager(  399):     100% 1048/MediaScannerSer: 1.9% user + 98% kernel
E/ActivityManager(  399):   3.8% 399/system_server: 0% user + 3.8% kernel / faults: 2 minor
E/ActivityManager(  399):     3.8% 414/ActivityManager: 1.9% user + 1.9% kernel
E/ActivityManager(  399):   1.2% 26/kworker/u:2: 0% user + 1.2% kernel
E/ActivityManager(  399): 51% TOTAL: 0.9% user + 50% kernel
W/ActivityManager(  399): Killing ProcessRecord{42220438 605:com.android.phone/1001}: background ANR
I/ServiceManager(  129): service 'isms_msim' died
I/ServiceManager(  129): service 'simphonebook_msim' died
I/ServiceManager(  129): service 'iphonesubinfo_msim' died
I/ServiceManager(  129): service 'isms' died
I/ServiceManager(  129): service 'simphonebook' died
I/ServiceManager(  129): service 'iphonesubinfo' died
I/ServiceManager(  129): service 'phone' died
I/ServiceManager(  129): service 'phone_msim' died
I/ServiceManager(  129): service 'sip' died
D/dalvikvm(  399): GC_FOR_ALLOC freed 498K, 30% free 5938K/8391K, paused 43ms, total 44ms
I/dalvikvm-heap(  399): Grow heap (frag case) to 14.218MB for 333656-byte allocation
I/ActivityManager(  399): Process com.android.phone (pid 605) has died.
W/ActivityManager(  399): Scheduling restart of crashed service com.android.phone/.TelephonyDebugService in 1250ms
W/ActivityManager(  399): Scheduling restart of crashed service com.android.phone/.BluetoothHeadsetService in 11249ms
W/ActivityManager(  399): Scheduling restart of crashed service com.android.stk/.StkAppService in 42424ms
I/ActivityManager(  399): Start proc com.android.phone for restart com.android.phone: pid=1084 uid=1001 gids={3002, 3001, 3003, 1015, 1028}
I/ActivityThread( 1084): Pub mms: com.android.providers.telephony.MmsProvider
I/ActivityThread( 1084): Pub iccmsim: com.android.phone.MSimIccProvider
I/ActivityThread( 1084): Pub sms: com.android.providers.telephony.SmsProvider
I/ActivityThread( 1084): Pub telephony: com.android.providers.telephony.TelephonyProvider
W/TelephonyProvider( 1084): onCreate: confFile=/system/etc/apns-conf.xml oldCheckSum=-1
I/ActivityThread( 1084): Pub icc: com.android.phone.IccProvider
I/ActivityThread( 1084): Pub mms-sms: com.android.providers.telephony.MmsSmsProvider
V/PhoneApp( 1084): PhoneApp onCreate() DSDS Enabled!!!!
D/MSimPhoneApp( 1084): MSPhoneApp creation
D/MSimPhoneApp( 1084): MSPhoneApp creationcom.android.phone.MSimPhoneApp@4219a010
D/MSimPhoneApp( 1084): MSimPhoneApp:com.android.phone.MSimPhoneApp@4219a010
D/MSimPhoneApp( 1084):  DSDS PhoneApp:
D/CardSubscriptionManager( 1084): getInstance
D/CardSubscriptionManager( 1084): Constructor - Enter
D/CardSubscriptionManager( 1084): Constructor - Exit
D/SubscriptionManager( 1084): getUserPreferredSubs: strUserSub = ,,,4,-1,-1
D/SubscriptionManager( 1084): getUserPreferredSubs: mUserPrefSubs.subscription[0] = Subscription = { slotId = -1, 3gppIndex = -1, 3gpp2Index = -1, subId = 0, subStatus = SUB_INVALID, appId = null, appLabel = null, appType = null, iccId = null }
D/SubscriptionManager( 1084): getUserPreferredSubs: strUserSub = ,,,4,-1,-1
D/SubscriptionManager( 1084): getUserPreferredSubs: mUserPrefSubs.subscription[1] = Subscription = { slotId = -1, 3gppIndex = -1, 3gpp2Index = -1, subId = 1, subStatus = SUB_INVALID, appId = null, appLabel = null, appType = null, iccId = null }
D/CardSubscriptionManager( 1084): getInstance
D/        ( 1084): [ApnContext:default] set reason as dataEnabled,current state IDLE
D/        ( 1084): [ApnContext:mms] set reason as dataEnabled,current state IDLE
D/        ( 1084): [ApnContext:supl] set reason as dataEnabled,current state IDLE
D/        ( 1084): [ApnContext:dun] set reason as dataEnabled,current state IDLE
D/        ( 1084): [ApnContext:hipri] set reason as dataEnabled,current state IDLE
D/        ( 1084): [ApnContext:fota] set reason as dataEnabled,current state IDLE
D/        ( 1084): [ApnContext:ims] set reason as dataEnabled,current state IDLE
D/        ( 1084): [ApnContext:cbs] set reason as dataEnabled,current state IDLE
W/SignalStrength(  526): getLTELevel - rsrp:2147483647 snr:2147483647 rsrpIconLevel:-1 snrIconLevel:-1
W/SignalStrength(  526): getLTELevel - rssi:99 rssiIconLevel:0
W/SignalStrength(  526): getGsmLevel=0
W/SignalStrength(  526): getLevel=0
D/StatusBar.MSimNetworkController(  526): updateSimState for subscription :0
D/StatusBar.MSimNetworkController(  526): updateSimState simState =UNKNOWN
D/StatusBar.MSimNetworkController(  526): In updateSimIcon card =0, simState= UNKNOWN
D/StatusBar.MSimNetworkController(  526): refreshViews subscription =0mMSimDataConnected =false
D/StatusBar.MSimNetworkController(  526): refreshViews mMSimDataActivity =0
D/StatusBar.MSimNetworkController(  526): refreshViews connected={ } level=0 mMSimcombinedSignalIconId=0x7f0200f8/com.android.systemui:drawable/stat_sys_signal_null mMSimcombinedActivityIconId=0x0 mAirplaneMode=false mMSimDataActivity=0 mMSimPhoneSignalIconId=0x7f0200f8 mMSimDataDirectionIconId=0x0 mMSimDataSignalIconId=0x7f0200f8 mMSimDataTypeIconId=0x0 mNoMSimIconId=0x0 mWifiIconId=0x0 mBluetoothTetherIconId=0x1080580
D/StatusBar.MSimNetworkController(  526): updateDataIcon subscription =0
D/StatusBar.MSimNetworkController(  526): updateDataIcon dataSub =0
D/StatusBar.MSimNetworkController(  526): updateDataIcon  when SimState =UNKNOWN
W/SignalStrength(  526): getLTELevel - rsrp:2147483647 snr:2147483647 rsrpIconLevel:-1 snrIconLevel:-1
W/SignalStrength(  526): getLTELevel - rssi:99 rssiIconLevel:0
W/SignalStrength(  526): getGsmLevel=0
W/SignalStrength(  526): getLevel=0
D/StatusBar.MSimNetworkController(  526): updateDataIcon when mMSimDataConnected =false
D/StatusBar.MSimNetworkController(  526): updateDataIcon subscription =0
D/StatusBar.MSimNetworkController(  526): updateDataIcon dataSub =0
D/StatusBar.MSimNetworkController(  526): updateDataIcon  when SimState =UNKNOWN
D/StatusBar.MSimNetworkController(  526): updateDataIcon when mMSimDataConnected =false
D/StatusBar.MSimNetworkController(  526): refreshViews subscription =0mMSimDataConnected =false
D/StatusBar.MSimNetworkController(  526): refreshViews mMSimDataActivity =0
D/StatusBar.MSimNetworkController(  526): refreshViews connected={ } level=0 mMSimcombinedSignalIconId=0x7f0200f8/com.android.systemui:drawable/stat_sys_signal_null mMSimcombinedActivityIconId=0x0 mAirplaneMode=false mMSimDataActivity=0 mMSimPhoneSignalIconId=0x7f0200f8 mMSimDataDirectionIconId=0x0 mMSimDataSignalIconId=0x7f0200f8 mMSimDataTypeIconId=0x0 mNoMSimIconId=0x0 mWifiIconId=0x0 mBluetoothTetherIconId=0x1080580
D/PhoneStatusBarPolicy(  526): updateSimState for subscription :0
D/        ( 1084): [ApnContext:default] set reason as dataEnabled,current state IDLE
D/        ( 1084): [ApnContext:mms] set reason as dataEnabled,current state IDLE
D/        ( 1084): [ApnContext:supl] set reason as dataEnabled,current state IDLE
D/        ( 1084): [ApnContext:dun] set reason as dataEnabled,current state IDLE
D/        ( 1084): [ApnContext:hipri] set reason as dataEnabled,current state IDLE
D/        ( 1084): [ApnContext:fota] set reason as dataEnabled,current state IDLE
D/        ( 1084): [ApnContext:ims] set reason as dataEnabled,current state IDLE
D/        ( 1084): [ApnContext:cbs] set reason as dataEnabled,current state IDLE
W/SignalStrength(  526): getLTELevel - rsrp:2147483647 snr:2147483647 rsrpIconLevel:-1 snrIconLevel:-1
W/SignalStrength(  526): getLTELevel - rssi:99 rssiIconLevel:0
W/SignalStrength(  526): getGsmLevel=0
W/SignalStrength(  526): getLevel=0
D/PROXY   ( 1084): Constructor - Enter
W/SignalStrength(  526): getLTELevel - rsrp:2147483647 snr:2147483647 rsrpIconLevel:-1 snrIconLevel:-1
W/SignalStrength(  526): getLTELevel - rssi:99 rssiIconLevel:0
W/SignalStrength(  526): getGsmLevel=0
W/SignalStrength(  526): getLevel=0
D/CardSubscriptionManager( 1084): getInstance
D/PROXY   ( 1084): Constructor - Exit
D/StatusBar.MSimNetworkController(  526): updateSimState for subscription :0
D/StatusBar.MSimNetworkController(  526): updateSimState simState =UNKNOWN
D/StatusBar.MSimNetworkController(  526): In updateSimIcon card =0, simState= UNKNOWN
D/StatusBar.MSimNetworkController(  526): refreshViews subscription =0mMSimDataConnected =false
D/StatusBar.MSimNetworkController(  526): refreshViews mMSimDataActivity =0
D/StatusBar.MSimNetworkController(  526): refreshViews connected={ } level=0 mMSimcombinedSignalIconId=0x7f0200f8/com.android.systemui:drawable/stat_sys_signal_null mMSimcombinedActivityIconId=0x0 mAirplaneMode=false mMSimDataActivity=0 mMSimPhoneSignalIconId=0x7f0200f8 mMSimDataDirectionIconId=0x0 mMSimDataSignalIconId=0x7f0200f8 mMSimDataTypeIconId=0x0 mNoMSimIconId=0x0 mWifiIconId=0x0 mBluetoothTetherIconId=0x1080580
D/StatusBar.MSimNetworkController(  526): updateDataIcon subscription =0
D/StatusBar.MSimNetworkController(  526): updateDataIcon dataSub =0
D/StatusBar.MSimNetworkController(  526): updateDataIcon  when SimState =UNKNOWN
D/StatusBar.MSimNetworkController(  526): updateDataIcon when mMSimDataConnected =false
D/StatusBar.MSimNetworkController(  526): updateDataIcon subscription =0
D/StatusBar.MSimNetworkController(  526): updateDataIcon dataSub =0
D/StatusBar.MSimNetworkController(  526): updateDataIcon  when SimState =UNKNOWN
D/StatusBar.MSimNetworkController(  526): updateDataIcon when mMSimDataConnected =false
D/StatusBar.MSimNetworkController(  526): refreshViews subscription =0mMSimDataConnected =false
D/StatusBar.MSimNetworkController(  526): refreshViews mMSimDataActivity =0
D/StatusBar.MSimNetworkController(  526): refreshViews connected={ } level=0 mMSimcombinedSignalIconId=0x7f0200f8/com.android.systemui:drawable/stat_sys_signal_null mMSimcombinedActivityIconId=0x0 mAirplaneMode=false mMSimDataActivity=0 mMSimPhoneSignalIconId=0x7f0200f8 mMSimDataDirectionIconId=0x0 mMSimDataSignalIconId=0x7f0200f8 mMSimDataTypeIconId=0x0 mNoMSimIconId=0x0 mWifiIconId=0x0 mBluetoothTetherIconId=0x1080580
D/CallManager( 1084): registerPhone(GSM Handler (com.android.internal.telephony.msim.MSimPhoneProxy) {421ac4a8})
D/CallManager( 1084): registerPhone(GSM Handler (com.android.internal.telephony.msim.MSimPhoneProxy) {421cce98})
D/PhoneStatusBarPolicy(  526): updateSimState for subscription :0
D/dalvikvm(  399): GC_EXPLICIT freed 1237K, 39% free 5649K/9159K, paused 4ms+4ms, total 55ms
V/MSimPhoneApp( 1084): updatePhoneAppCdmaVariables0
D/PhoneInterfaceManager( 1084):  Registering for UNSOL OEM HOOK Responses to deliver external apps
D/MSimPhoneInterfaceManager( 1084):  Registering for UNSOL OEM HOOK Responses to deliver external apps
I/ActivityManager(  399): Start proc android.process.acore for content provider com.android.providers.contacts/.CallLogProvider: pid=1104 uid=10001 gids={3003, 1015, 1028}
D/MSimCallNotifier( 1084): getPhoneStateListener: SUBSCRIPTION == 0
D/MSimCallNotifier( 1084): getPhoneStateListener: SUBSCRIPTION == 1
W/ActivityManager(  399): Unable to start service Intent { act=com.android.ussd.IExtendedNetworkService }: not found
D/CallManager( 1084): setAudioMode useInCallMode = false, Baseband = msm
D/CardSubscriptionManager( 1084): EVENT_RADIO_OFF_OR_NOT_AVAILABLE
D/CardSubscriptionManager( 1084): processRadioUnavailable on cardIndex = 0
D/CardSubscriptionManager( 1084): resetCardInfo(): cardIndex = 0
I/ActivityThread( 1104): Pub com.android.voicemail: com.android.providers.contacts.VoicemailContentProvider
D/CardSubscriptionManager( 1084): EVENT_RADIO_OFF_OR_NOT_AVAILABLE
D/CardSubscriptionManager( 1084): processRadioUnavailable on cardIndex = 1
D/CardSubscriptionManager( 1084): resetCardInfo(): cardIndex = 1
D/CardSubscriptionManager( 1084): EVENT_ICC_CHANGED
D/CardSubscriptionManager( 1084): handleIccChanged: ENTER
D/CardSubscriptionManager( 1084): handleIccChanged: EXIT
D/SubscriptionManager( 1084): EVENT_RADIO_OFF_OR_NOT_AVAILABLE on SUB: 0
D/SubscriptionManager( 1084): EVENT_RADIO_OFF_OR_NOT_AVAILABLE on SUB: 1
I/ActivityThread( 1104): Pub applications: com.android.providers.applications.ApplicationsProvider
W/SignalStrength(  526): getLTELevel - rsrp:2147483647 snr:2147483647 rsrpIconLevel:-1 snrIconLevel:-1
W/SignalStrength(  526): getLTELevel - rssi:99 rssiIconLevel:0
W/SignalStrength(  526): getGsmLevel=0
W/SignalStrength(  526): getLevel=0
I/MSimTelephonyRegistry(  399): notifyServiceState: 3 home null null null  Unknown CSS not supported -1 -1 mDataState=3 RoamInd=-1 DefRoamInd=-1 EmergOnly=false
D/StatusBar.MSimNetworkController(  526): onServiceStateChanged received on subscription :0state=3
D/StatusBar.MSimNetworkController(  526): updateTelephonySignalStrength: subscription =0
D/StatusBar.MSimNetworkController(  526):  No service
D/StatusBar.MSimNetworkController(  526): updateDataNetType sub = 0 mDataNetType = 0
E/StatusBar.MSimNetworkController(  526): updateDataNetType NETWORK_TYPE_UNKNOWN
D/StatusBar.MSimNetworkController(  526): updateDataIcon subscription =0
D/StatusBar.MSimNetworkController(  526): updateDataIcon dataSub =0
D/StatusBar.MSimNetworkController(  526): updateDataIcon  when SimState =UNKNOWN
D/StatusBar.MSimNetworkController(  526): updateDataIcon when mMSimDataConnected =false
D/StatusBar.MSimNetworkController(  526): refreshViews subscription =0mMSimDataConnected =false
D/StatusBar.MSimNetworkController(  526): refreshViews mMSimDataActivity =0
D/StatusBar.MSimNetworkController(  526): refreshViews connected={ } level=0 mMSimcombinedSignalIconId=0x7f0200f8/com.android.systemui:drawable/stat_sys_signal_null mMSimcombinedActivityIconId=0x0 mAirplaneMode=false mMSimDataActivity=0 mMSimPhoneSignalIconId=0x7f0200f8 mMSimDataDirectionIconId=0x0 mMSimDataSignalIconId=0x7f0200f8 mMSimDataTypeIconId=0x0 mNoMSimIconId=0x0 mWifiIconId=0x0 mBluetoothTetherIconId=0x1080580
I/ActivityThread( 1104): Pub contacts;com.android.contacts: com.android.providers.contacts.ContactsProvider2
I/MSimTelephonyRegistry(  399): notifyServiceState: 3 home null null null  Unknown CSS not supported -1 -1 mDataState=3 RoamInd=-1 DefRoamInd=-1 EmergOnly=false
W/SignalStrength(  526): getLTELevel - rsrp:2147483647 snr:2147483647 rsrpIconLevel:-1 snrIconLevel:-1
W/SignalStrength(  526): getLTELevel - rssi:99 rssiIconLevel:0
W/SignalStrength(  526): getGsmLevel=0
W/SignalStrength(  526): getLevel=0
D/DebugService( 1084): DebugService DebugService:
D/TelephonyDebugService( 1084): TelephonyDebugService()
D/StatusBar.MSimNetworkController(  526): onServiceStateChanged received on subscription :1state=3
D/StatusBar.MSimNetworkController(  526): updateTelephonySignalStrength: subscription =1
D/StatusBar.MSimNetworkController(  526):  No service
D/StatusBar.MSimNetworkController(  526): updateDataNetType sub = 1 mDataNetType = 0
E/StatusBar.MSimNetworkController(  526): updateDataNetType NETWORK_TYPE_UNKNOWN
D/StatusBar.MSimNetworkController(  526): updateDataIcon subscription =1
D/StatusBar.MSimNetworkController(  526): updateDataIcon dataSub =0
D/StatusBar.MSimNetworkController(  526): updateDataIcon return
D/StatusBar.MSimNetworkController(  526): refreshViews subscription =1mMSimDataConnected =false
D/StatusBar.MSimNetworkController(  526): refreshViews mMSimDataActivity =0
D/StatusBar.MSimNetworkController(  526): refreshViews connected={ } level=0 mMSimcombinedSignalIconId=0x7f0200f8/com.android.systemui:drawable/stat_sys_signal_null mMSimcombinedActivityIconId=0x0 mAirplaneMode=false mMSimDataActivity=0 mMSimPhoneSignalIconId=0x7f0200f8 mMSimDataDirectionIconId=0x0 mMSimDataSignalIconId=0x7f0200f8 mMSimDataTypeIconId=0x0 mNoMSimIconId=0x0 mWifiIconId=0x0 mBluetoothTetherIconId=0x1080580
D/Bluetooth HSHFP( 1084): Starting BluetoothHeadsetService
I/ActivityThread( 1104): Pub call_log: com.android.providers.contacts.CallLogProvider
V/MSimPhoneApp( 1084): Action intent recieved:android.intent.action.ANY_DATA_STATE
I/ActivityThread( 1104): Pub user_dictionary: com.android.providers.userdictionary.UserDictionaryProvider
V/MSimPhoneApp( 1084): Action intent recieved:android.intent.action.SIM_STATE_CHANGED
V/MSimPhoneApp( 1084): Action intent recieved:android.intent.action.SERVICE_STATE
V/MSimPhoneApp( 1084): Action intent recieved:android.media.RINGER_MODE_CHANGED
D/SubscriptionManager( 1084): EVENT_CARD_INFO_NOT_AVAILABLE
D/SubscriptionManager( 1084): processCardInfoNotAvailable on cardIndex = 0 reason = REASON_RADIO_UNAVAILABLE
D/SubscriptionManager( 1084): processCardInfoNotAvailable mSetSubsModeRequired = true
D/SubscriptionManager( 1084): EVENT_CARD_INFO_NOT_AVAILABLE
D/SubscriptionManager( 1084): processCardInfoNotAvailable on cardIndex = 1 reason = REASON_RADIO_UNAVAILABLE
D/SubscriptionManager( 1084): processCardInfoNotAvailable mSetSubsModeRequired = true
V/MSimPhoneApp( 1084): Action intent recieved:android.intent.action.SERVICE_STATE
V/MSimPhoneApp( 1084): Action intent recieved:android.intent.action.ANY_DATA_STATE
V/MSimPhoneApp( 1084): Action intent recieved:android.intent.action.ANY_DATA_STATE
V/MSimPhoneApp( 1084): Action intent recieved:android.intent.action.ANY_DATA_STATE
V/MSimPhoneApp( 1084): Action intent recieved:android.intent.action.ANY_DATA_STATE
V/MSimPhoneApp( 1084): Action intent recieved:android.intent.action.ANY_DATA_STATE
V/MSimPhoneApp( 1084): Action intent recieved:android.intent.action.ANY_DATA_STATE
V/MSimPhoneApp( 1084): Action intent recieved:android.intent.action.ANY_DATA_STATE
