D/dalvikvm(  399): GC_EXPLICIT freed 111K, 39% free 5654K/9159K, paused 3ms+4ms, total 55ms
E/Sensors (  399): sensors_poll_context_t::pollEvents, line 202: receive event #### i=3, nb=1
D/dalvikvm(  399): GC_EXPLICIT freed 110K, 39% free 5655K/9159K, paused 3ms+4ms, total 55ms
D/dalvikvm(  573): GC_EXPLICIT freed 498K, 69% free 2579K/8195K, paused 2ms+5ms, total 30ms
D/dalvikvm(  399): GC_EXPLICIT freed 111K, 39% free 5654K/9159K, paused 3ms+4ms, total 56ms
D/dalvikvm(  399): GC_EXPLICIT freed 110K, 39% free 5655K/9159K, paused 3ms+4ms, total 55ms
D/dalvikvm(  573): GC_EXPLICIT freed 498K, 69% free 2579K/8195K, paused 2ms+5ms, total 28ms
E/Sensors (  399): sensors_poll_context_t::pollEvents, line 202: receive event #### i=3, nb=1
D/dalvikvm(  399): GC_EXPLICIT freed 111K, 39% free 5654K/9159K, paused 3ms+4ms, total 55ms
D/dalvikvm(  399): GC_EXPLICIT freed 110K, 39% free 5655K/9159K, paused 3ms+4ms, total 56ms
D/dalvikvm(  573): GC_EXPLICIT freed 498K, 69% free 2579K/8195K, paused 2ms+5ms, total 29ms
D/dalvikvm(  399): WAIT_FOR_CONCURRENT_GC blocked 1ms
D/dalvikvm(  399): GC_EXPLICIT freed 111K, 39% free 5654K/9159K, paused 3ms+4ms, total 55ms
D/dalvikvm(  399): GC_EXPLICIT freed 110K, 39% free 5655K/9159K, paused 3ms+5ms, total 55ms
D/dalvikvm(  573): GC_EXPLICIT freed 498K, 69% free 2579K/8195K, paused 2ms+6ms, total 29ms
E/Sensors (  399): sensors_poll_context_t::pollEvents, line 202: receive event #### i=3, nb=1
D/dalvikvm(  399): GC_EXPLICIT freed 111K, 39% free 5654K/9159K, paused 3ms+4ms, total 57ms
D/dalvikvm(  399): GC_EXPLICIT freed 110K, 39% free 5655K/9159K, paused 3ms+5ms, total 56ms
D/dalvikvm(  573): GC_EXPLICIT freed 498K, 69% free 2579K/8195K, paused 3ms+6ms, total 30ms
E/MP-Decision( 1308): MPDecision server starting
E/MP-Decision( 1308): OPTION ENABLED: Control sleep modes
E/MP-Decision( 1308): OPTION ENABLED: Adjusting average
E/MP-Decision( 1308): 
E/MP-Decision( 1308):  MP Decision Options:
E/MP-Decision( 1308): --poll_ms --decision_ms --no_sleep --avg_comp --debug
E/MP-Decision( 1308): --Nw=[1..3]:[value] --Tw=[1..3]:[value] --Ns=[1..3]:[value] --Ts=[1..3]:[value]
D/dalvikvm(  399): GC_EXPLICIT freed 111K, 39% free 5654K/9159K, paused 3ms+5ms, total 55ms
E/Sensors (  399): sensors_poll_context_t::pollEvents, line 202: receive event #### i=3, nb=1
D/dalvikvm(  399): GC_EXPLICIT freed 110K, 39% free 5655K/9159K, paused 2ms+5ms, total 55ms
D/dalvikvm(  573): GC_EXPLICIT freed 498K, 69% free 2579K/8195K, paused 2ms+5ms, total 29ms
D/dalvikvm(  399): GC_EXPLICIT freed 111K, 39% free 5654K/9159K, paused 3ms+4ms, total 56ms
D/dalvikvm(  399): GC_EXPLICIT freed 110K, 39% free 5655K/9159K, paused 3ms+4ms, total 55ms
D/dalvikvm(  573): GC_EXPLICIT freed 498K, 69% free 2579K/8195K, paused 2ms+5ms, total 30ms
D/dalvikvm(  399): GC_EXPLICIT freed 111K, 39% free 5654K/9159K, paused 3ms+5ms, total 55ms
E/Sensors (  399): sensors_poll_context_t::pollEvents, line 202: receive event #### i=3, nb=1
D/dalvikvm(  399): GC_EXPLICIT freed 110K, 39% free 5655K/9159K, paused 3ms+5ms, total 56ms
D/dalvikvm(  573): GC_EXPLICIT freed 498K, 69% free 2579K/8195K, paused 2ms+6ms, total 35ms
D/dalvikvm(  399): GC_EXPLICIT freed 111K, 39% free 5654K/9159K, paused 3ms+4ms, total 55ms
D/dalvikvm(  399): GC_EXPLICIT freed 110K, 39% free 5655K/9159K, paused 3ms+5ms, total 55ms
D/dalvikvm(  573): GC_EXPLICIT freed 498K, 69% free 2579K/8195K, paused 2ms+5ms, total 29ms
E/Sensors (  399): sensors_poll_context_t::pollEvents, line 202: receive event #### i=3, nb=1
D/dalvikvm(  399): GC_EXPLICIT freed 111K, 39% free 5654K/9159K, paused 3ms+4ms, total 53ms
D/dalvikvm(  399): GC_EXPLICIT freed 126K, 39% free 5656K/9159K, paused 3ms+4ms, total 53ms
D/dalvikvm(  573): GC_EXPLICIT freed 498K, 69% free 2579K/8195K, paused 2ms+6ms, total 34ms
D/dalvikvm(  399): GC_EXPLICIT freed 113K, 39% free 5654K/9159K, paused 3ms+5ms, total 52ms
D/dalvikvm(  399): GC_EXPLICIT freed 110K, 39% free 5655K/9159K, paused 3ms+4ms, total 54ms
D/dalvikvm(  573): GC_EXPLICIT freed 498K, 69% free 2579K/8195K, paused 2ms+6ms, total 35ms
E/Sensors (  399): sensors_poll_context_t::pollEvents, line 202: receive event #### i=3, nb=1
E/MP-Decision( 1311): MPDecision server starting
E/MP-Decision( 1311): OPTION ENABLED: Control sleep modes
E/MP-Decision( 1311): OPTION ENABLED: Adjusting average
E/MP-Decision( 1311): 
E/MP-Decision( 1311):  MP Decision Options:
E/MP-Decision( 1311): --poll_ms --decision_ms --no_sleep --avg_comp --debug
E/MP-Decision( 1311): --Nw=[1..3]:[value] --Tw=[1..3]:[value] --Ns=[1..3]:[value] --Ts=[1..3]:[value]
D/dalvikvm(  399): GC_EXPLICIT freed 111K, 39% free 5654K/9159K, paused 4ms+4ms, total 55ms
D/dalvikvm(  399): GC_EXPLICIT freed 110K, 39% free 5655K/9159K, paused 3ms+5ms, total 52ms
D/dalvikvm(  573): GC_EXPLICIT freed 498K, 69% free 2579K/8195K, paused 2ms+5ms, total 34ms
D/dalvikvm(  399): GC_EXPLICIT freed 111K, 39% free 5654K/9159K, paused 3ms+4ms, total 53ms
E/Sensors (  399): sensors_poll_context_t::pollEvents, line 202: receive event #### i=3, nb=1
D/dalvikvm(  399): GC_EXPLICIT freed 110K, 39% free 5655K/9159K, paused 3ms+4ms, total 52ms
D/dalvikvm(  573): GC_EXPLICIT freed 498K, 69% free 2579K/8195K, paused 2ms+5ms, total 29ms
D/dalvikvm(  399): GC_EXPLICIT freed 111K, 39% free 5654K/9159K, paused 3ms+4ms, total 55ms
D/dalvikvm(  399): GC_EXPLICIT freed 110K, 39% free 5655K/9159K, paused 3ms+4ms, total 55ms
D/dalvikvm(  573): GC_EXPLICIT freed 498K, 69% free 2579K/8195K, paused 3ms+5ms, total 29ms
D/dalvikvm(  399): GC_EXPLICIT freed 111K, 39% free 5654K/9159K, paused 3ms+5ms, total 52ms
E/Sensors (  399): sensors_poll_context_t::pollEvents, line 202: receive event #### i=3, nb=1
D/dalvikvm(  399): GC_EXPLICIT freed 110K, 39% free 5655K/9159K, paused 3ms+4ms, total 56ms
D/dalvikvm(  573): GC_EXPLICIT freed 498K, 69% free 2579K/8195K, paused 2ms+6ms, total 29ms
D/dalvikvm(  399): GC_EXPLICIT freed 111K, 39% free 5654K/9159K, paused 4ms+4ms, total 53ms
D/dalvikvm(  399): GC_EXPLICIT freed 112K, 39% free 5655K/9159K, paused 3ms+5ms, total 56ms
D/dalvikvm(  573): GC_EXPLICIT freed 498K, 69% free 2579K/8195K, paused 2ms+6ms, total 29ms
E/Sensors (  399): sensors_poll_context_t::pollEvents, line 202: receive event #### i=3, nb=1
D/dalvikvm(  399): GC_EXPLICIT freed 111K, 39% free 5654K/9159K, paused 3ms+5ms, total 55ms
D/dalvikvm(  399): GC_EXPLICIT freed 110K, 39% free 5655K/9159K, paused 3ms+4ms, total 55ms
D/dalvikvm(  573): GC_EXPLICIT freed 498K, 69% free 2579K/8195K, paused 2ms+6ms, total 29ms
D/dalvikvm(  399): GC_EXPLICIT freed 111K, 39% free 5654K/9159K, paused 3ms+4ms, total 56ms
E/MP-Decision( 1314): MPDecision server starting
E/MP-Decision( 1314): OPTION ENABLED: Control sleep modes
E/MP-Decision( 1314): OPTION ENABLED: Adjusting average
E/MP-Decision( 1314): 
E/MP-Decision( 1314):  MP Decision Options:
E/MP-Decision( 1314): --poll_ms --decision_ms --no_sleep --avg_comp --debug
E/MP-Decision( 1314): --Nw=[1..3]:[value] --Tw=[1..3]:[value] --Ns=[1..3]:[value] --Ts=[1..3]:[value]
D/dalvikvm(  399): GC_EXPLICIT freed 110K, 39% free 5655K/9159K, paused 3ms+4ms, total 55ms
D/dalvikvm(  573): GC_EXPLICIT freed 498K, 69% free 2579K/8195K, paused 2ms+5ms, total 28ms
E/Sensors (  399): sensors_poll_context_t::pollEvents, line 202: receive event #### i=3, nb=1
D/dalvikvm(  399): GC_EXPLICIT freed 111K, 39% free 5654K/9159K, paused 3ms+4ms, total 55ms
D/dalvikvm(  399): GC_EXPLICIT freed 110K, 39% free 5655K/9159K, paused 3ms+4ms, total 55ms
D/dalvikvm(  573): GC_EXPLICIT freed 498K, 69% free 2579K/8195K, paused 2ms+5ms, total 28ms
D/dalvikvm(  399): GC_EXPLICIT freed 111K, 39% free 5654K/9159K, paused 3ms+4ms, total 55ms
D/CAT     ( 1180): StkAppService:  Unable to get Service handle
D/dalvikvm(  399): GC_EXPLICIT freed 114K, 39% free 5654K/9159K, paused 4ms+4ms, total 53ms
E/Sensors (  399): sensors_poll_context_t::pollEvents, line 202: receive event #### i=3, nb=1
D/dalvikvm(  573): GC_EXPLICIT freed 498K, 69% free 2579K/8195K, paused 2ms+6ms, total 29ms
D/dalvikvm(  399): GC_EXPLICIT freed 110K, 39% free 5655K/9159K, paused 3ms+4ms, total 52ms
D/dalvikvm(  399): GC_EXPLICIT freed 111K, 39% free 5654K/9159K, paused 3ms+4ms, total 52ms
D/dalvikvm(  573): GC_EXPLICIT freed 498K, 69% free 2579K/8195K, paused 2ms+5ms, total 34ms
D/dalvikvm(  399): GC_EXPLICIT freed 110K, 39% free 5655K/9159K, paused 3ms+5ms, total 53ms
E/Sensors (  399): sensors_poll_context_t::pollEvents, line 202: receive event #### i=3, nb=1
D/dalvikvm(  399): GC_EXPLICIT freed 111K, 39% free 5654K/9159K, paused 3ms+4ms, total 56ms
D/dalvikvm(  573): GC_EXPLICIT freed 498K, 69% free 2579K/8195K, paused 2ms+5ms, total 29ms
D/dalvikvm(  399): GC_EXPLICIT freed 110K, 39% free 5655K/9159K, paused 4ms+4ms, total 53ms
D/dalvikvm(  399): GC_EXPLICIT freed 111K, 39% free 5654K/9159K, paused 3ms+4ms, total 53ms
D/dalvikvm(  573): GC_EXPLICIT freed 498K, 69% free 2579K/8195K, paused 2ms+5ms, total 34ms
E/Sensors (  399): sensors_poll_context_t::pollEvents, line 202: receive event #### i=3, nb=1
D/dalvikvm(  399): GC_EXPLICIT freed 110K, 39% free 5655K/9159K, paused 3ms+5ms, total 52ms
E/MP-Decision( 1317): MPDecision server starting
E/MP-Decision( 1317): OPTION ENABLED: Control sleep modes
E/MP-Decision( 1317): OPTION ENABLED: Adjusting average
E/MP-Decision( 1317): 
E/MP-Decision( 1317):  MP Decision Options:
E/MP-Decision( 1317): --poll_ms --decision_ms --no_sleep --avg_comp --debug
E/MP-Decision( 1317): --Nw=[1..3]:[value] --Tw=[1..3]:[value] --Ns=[1..3]:[value] --Ts=[1..3]:[value]
D/dalvikvm(  399): GC_EXPLICIT freed 111K, 39% free 5654K/9159K, paused 3ms+4ms, total 55ms
D/dalvikvm(  573): GC_EXPLICIT freed 498K, 69% free 2579K/8195K, paused 2ms+6ms, total 30ms
D/dalvikvm(  399): GC_EXPLICIT freed 110K, 39% free 5655K/9159K, paused 3ms+5ms, total 53ms
D/dalvikvm(  399): GC_EXPLICIT freed 111K, 39% free 5654K/9159K, paused 3ms+5ms, total 55ms
D/dalvikvm(  573): GC_EXPLICIT freed 498K, 69% free 2579K/8195K, paused 2ms+6ms, total 28ms
E/Sensors (  399): sensors_poll_context_t::pollEvents, line 202: receive event #### i=3, nb=1
D/dalvikvm(  399): GC_EXPLICIT freed 110K, 39% free 5655K/9159K, paused 3ms+4ms, total 55ms
D/dalvikvm(  399): GC_EXPLICIT freed 111K, 39% free 5654K/9159K, paused 3ms+4ms, total 55ms
D/dalvikvm(  573): GC_EXPLICIT freed 498K, 69% free 2579K/8195K, paused 2ms+5ms, total 30ms
D/dalvikvm(  399): GC_EXPLICIT freed 110K, 39% free 5655K/9159K, paused 3ms+4ms, total 55ms
D/dalvikvm(  399): GC_EXPLICIT freed 111K, 39% free 5654K/9159K, paused 3ms+4ms, total 55ms
D/dalvikvm(  573): GC_EXPLICIT freed 497K, 69% free 2580K/8195K, paused 2ms+5ms, total 28ms
E/Sensors (  399): sensors_poll_context_t::pollEvents, line 202: receive event #### i=3, nb=1
D/dalvikvm(  399): GC_EXPLICIT freed 110K, 39% free 5655K/9159K, paused 3ms+4ms, total 55ms
D/dalvikvm(  399): GC_EXPLICIT freed 111K, 39% free 5654K/9159K, paused 3ms+4ms, total 55ms
D/dalvikvm(  573): GC_EXPLICIT freed 498K, 69% free 2580K/8195K, paused 2ms+5ms, total 29ms
D/dalvikvm(  399): GC_EXPLICIT freed 110K, 39% free 5655K/9159K, paused 3ms+5ms, total 55ms
E/Sensors (  399): sensors_poll_context_t::pollEvents, line 202: receive event #### i=3, nb=1
D/dalvikvm(  399): GC_EXPLICIT freed 111K, 39% free 5654K/9159K, paused 3ms+4ms, total 55ms
D/dalvikvm(  573): GC_EXPLICIT freed 498K, 69% free 2580K/8195K, paused 2ms+5ms, total 28ms
D/dalvikvm(  399): GC_EXPLICIT freed 110K, 39% free 5655K/9159K, paused 3ms+5ms, total 55ms
E/MP-Decision( 1320): MPDecision server starting
E/MP-Decision( 1320): OPTION ENABLED: Control sleep modes
E/MP-Decision( 1320): OPTION ENABLED: Adjusting average
E/MP-Decision( 1320): 
E/MP-Decision( 1320):  MP Decision Options:
E/MP-Decision( 1320): --poll_ms --decision_ms --no_sleep --avg_comp --debug
E/MP-Decision( 1320): --Nw=[1..3]:[value] --Tw=[1..3]:[value] --Ns=[1..3]:[value] --Ts=[1..3]:[value]
D/dalvikvm(  399): GC_EXPLICIT freed 111K, 39% free 5654K/9159K, paused 3ms+5ms, total 53ms
D/dalvikvm(  573): GC_EXPLICIT freed 498K, 69% free 2580K/8195K, paused 2ms+5ms, total 28ms
D/dalvikvm(  399): GC_EXPLICIT freed 110K, 39% free 5655K/9159K, paused 3ms+5ms, total 53ms
E/Sensors (  399): sensors_poll_context_t::pollEvents, line 202: receive event #### i=3, nb=1
D/dalvikvm(  399): GC_EXPLICIT freed 111K, 39% free 5654K/9159K, paused 3ms+4ms, total 56ms
D/dalvikvm(  573): GC_EXPLICIT freed 498K, 69% free 2580K/8195K, paused 2ms+5ms, total 29ms
D/dalvikvm(  399): GC_EXPLICIT freed 110K, 39% free 5655K/9159K, paused 3ms+5ms, total 54ms
D/dalvikvm(  399): GC_EXPLICIT freed 111K, 39% free 5654K/9159K, paused 3ms+4ms, total 55ms
D/dalvikvm(  573): GC_EXPLICIT freed 498K, 69% free 2580K/8195K, paused 3ms+6ms, total 30ms
E/Sensors (  399): sensors_poll_context_t::pollEvents, line 202: receive event #### i=3, nb=1
D/dalvikvm(  399): GC_EXPLICIT freed 110K, 39% free 5655K/9159K, paused 3ms+5ms, total 55ms
D/dalvikvm(  399): GC_EXPLICIT freed 111K, 39% free 5654K/9159K, paused 3ms+4ms, total 55ms
D/dalvikvm(  573): GC_EXPLICIT freed 498K, 69% free 2580K/8195K, paused 2ms+6ms, total 29ms
D/dalvikvm(  399): GC_EXPLICIT freed 110K, 39% free 5655K/9159K, paused 4ms+4ms, total 55ms
D/dalvikvm(  399): GC_EXPLICIT freed 111K, 39% free 5654K/9159K, paused 3ms+4ms, total 56ms
D/dalvikvm(  573): GC_EXPLICIT freed 498K, 69% free 2580K/8195K, paused 2ms+5ms, total 29ms
E/Sensors (  399): sensors_poll_context_t::pollEvents, line 202: receive event #### i=3, nb=1
D/dalvikvm(  399): GC_EXPLICIT freed 110K, 39% free 5655K/9159K, paused 3ms+4ms, total 55ms
D/dalvikvm(  399): GC_EXPLICIT freed 111K, 39% free 5654K/9159K, paused 3ms+4ms, total 56ms
D/dalvikvm(  573): GC_EXPLICIT freed 498K, 69% free 2580K/8195K, paused 2ms+5ms, total 28ms
D/dalvikvm(  399): GC_EXPLICIT freed 110K, 39% free 5655K/9159K, paused 3ms+4ms, total 54ms
E/MP-Decision( 1324): MPDecision server starting
E/MP-Decision( 1324): OPTION ENABLED: Control sleep modes
E/MP-Decision( 1324): OPTION ENABLED: Adjusting average
E/MP-Decision( 1324): 
E/MP-Decision( 1324):  MP Decision Options:
E/MP-Decision( 1324): --poll_ms --decision_ms --no_sleep --avg_comp --debug
E/MP-Decision( 1324): --Nw=[1..3]:[value] --Tw=[1..3]:[value] --Ns=[1..3]:[value] --Ts=[1..3]:[value]
E/Sensors (  399): sensors_poll_context_t::pollEvents, line 202: receive event #### i=3, nb=1
D/dalvikvm(  399): GC_EXPLICIT freed 111K, 39% free 5654K/9159K, paused 3ms+5ms, total 57ms
D/dalvikvm(  573): GC_EXPLICIT freed 498K, 69% free 2580K/8195K, paused 2ms+6ms, total 30ms
D/dalvikvm(  399): GC_EXPLICIT freed 110K, 39% free 5655K/9159K, paused 3ms+4ms, total 55ms
D/dalvikvm(  399): GC_EXPLICIT freed 111K, 39% free 5654K/9159K, paused 3ms+5ms, total 53ms
D/dalvikvm(  573): GC_EXPLICIT freed 498K, 69% free 2580K/8195K, paused 2ms+6ms, total 29ms
D/dalvikvm(  399): GC_EXPLICIT freed 110K, 39% free 5655K/9159K, paused 3ms+5ms, total 55ms
E/Sensors (  399): sensors_poll_context_t::pollEvents, line 202: receive event #### i=3, nb=1
D/dalvikvm(  399): GC_EXPLICIT freed 111K, 39% free 5654K/9159K, paused 3ms+5ms, total 57ms
D/dalvikvm(  573): GC_EXPLICIT freed 494K, 69% free 2579K/8195K, paused 2ms+6ms, total 30ms
D/dalvikvm(  399): GC_EXPLICIT freed 110K, 39% free 5655K/9159K, paused 3ms+4ms, total 53ms
D/dalvikvm(  399): GC_EXPLICIT freed 111K, 39% free 5654K/9159K, paused 3ms+4ms, total 56ms
D/dalvikvm(  573): GC_EXPLICIT freed 531K, 69% free 2579K/8195K, paused 2ms+5ms, total 29ms
E/Sensors (  399): sensors_poll_context_t::pollEvents, line 202: receive event #### i=3, nb=1
D/dalvikvm(  399): GC_EXPLICIT freed 110K, 39% free 5655K/9159K, paused 3ms+4ms, total 55ms
D/dalvikvm(  399): GC_EXPLICIT freed 111K, 39% free 5654K/9159K, paused 3ms+4ms, total 55ms
D/dalvikvm(  573): GC_EXPLICIT freed 534K, 69% free 2578K/8195K, paused 2ms+5ms, total 28ms
D/dalvikvm(  399): GC_EXPLICIT freed 110K, 39% free 5655K/9159K, paused 3ms+4ms, total 55ms
E/Sensors (  399): sensors_poll_context_t::pollEvents, line 202: receive event #### i=3, nb=1
D/dalvikvm(  399): WAIT_FOR_CONCURRENT_GC blocked 1ms
D/dalvikvm(  399): GC_EXPLICIT freed 111K, 39% free 5654K/9159K, paused 3ms+4ms, total 51ms
D/dalvikvm(  573): GC_EXPLICIT freed 539K, 69% free 2578K/8195K, paused 2ms+5ms, total 28ms
D/dalvikvm(  399): GC_EXPLICIT freed 110K, 39% free 5655K/9159K, paused 3ms+4ms, total 55ms
E/MP-Decision( 1327): MPDecision server starting
E/MP-Decision( 1327): OPTION ENABLED: Control sleep modes
E/MP-Decision( 1327): OPTION ENABLED: Adjusting average
E/MP-Decision( 1327): 
E/MP-Decision( 1327):  MP Decision Options:
E/MP-Decision( 1327): --poll_ms --decision_ms --no_sleep --avg_comp --debug
E/MP-Decision( 1327): --Nw=[1..3]:[value] --Tw=[1..3]:[value] --Ns=[1..3]:[value] --Ts=[1..3]:[value]
D/dalvikvm(  399): GC_EXPLICIT freed 111K, 39% free 5654K/9159K, paused 3ms+4ms, total 55ms
D/dalvikvm(  573): GC_EXPLICIT freed 540K, 69% free 2580K/8195K, paused 3ms+5ms, total 29ms
E/Sensors (  399): sensors_poll_context_t::pollEvents, line 202: receive event #### i=3, nb=1
D/dalvikvm(  399): GC_EXPLICIT freed 110K, 39% free 5655K/9159K, paused 3ms+4ms, total 55ms
D/dalvikvm(  399): GC_EXPLICIT freed 111K, 39% free 5654K/9159K, paused 3ms+4ms, total 55ms
D/dalvikvm(  573): GC_EXPLICIT freed 541K, 69% free 2580K/8195K, paused 2ms+5ms, total 29ms
D/dalvikvm(  399): GC_EXPLICIT freed 110K, 39% free 5655K/9159K, paused 3ms+4ms, total 52ms
W/ActivityManager(  399): Timeout executing service: ServiceRecord{4249bbd0 com.android.stk/.StkAppService}
I/Process (  399): Sending signal. PID: 1180 SIG: 3
I/dalvikvm( 1180): threadid=3: reacting to signal 3
I/dalvikvm( 1180): Wrote stack traces to '/data/anr/traces.txt'
I/Process (  399): Sending signal. PID: 399 SIG: 3
I/dalvikvm(  399): threadid=3: reacting to signal 3
I/dalvikvm(  399): Wrote stack traces to '/data/anr/traces.txt'
I/Process (  399): Sending signal. PID: 526 SIG: 3
I/dalvikvm(  526): threadid=3: reacting to signal 3
I/dalvikvm(  526): Wrote stack traces to '/data/anr/traces.txt'
E/Sensors (  399): sensors_poll_context_t::pollEvents, line 202: receive event #### i=3, nb=1
D/dalvikvm(  399): GC_EXPLICIT freed 680K, 36% free 5924K/9159K, paused 3ms+6ms, total 65ms
D/dalvikvm(  399): WAIT_FOR_CONCURRENT_GC blocked 27ms
D/dalvikvm(  573): GC_EXPLICIT freed 539K, 69% free 2580K/8195K, paused 2ms+6ms, total 37ms
D/dalvikvm(  399): GC_EXPLICIT freed 32K, 36% free 5896K/9159K, paused 4ms+5ms, total 64ms
D/dalvikvm(  399): GC_EXPLICIT freed 98K, 36% free 5903K/9159K, paused 3ms+5ms, total 57ms
I/Process (  399): Sending signal. PID: 573 SIG: 3
I/dalvikvm(  573): threadid=3: reacting to signal 3
I/dalvikvm(  573): Wrote stack traces to '/data/anr/traces.txt'
E/ActivityManager(  399): ANR in com.android.phone
E/ActivityManager(  399): Reason: Executing service com.android.stk/.StkAppService
E/ActivityManager(  399): Load: 12.4 / 7.98 / 3.49
E/ActivityManager(  399): CPU usage from 23302ms to 0ms ago:
E/ActivityManager(  399):   60% 573/android.process.media: 45% user + 15% kernel / faults: 8055 minor
E/ActivityManager(  399):   41% 399/system_server: 34% user + 7.4% kernel / faults: 4430 minor
E/ActivityManager(  399):   0.7% 85/kworker/u:3: 0% user + 0.7% kernel
E/ActivityManager(  399):   0.3% 532/logcat: 0% user + 0.2% kernel
E/ActivityManager(  399):   0.1% 1129/logcat: 0% user + 0.1% kernel
E/ActivityManager(  399):   0% 1180/com.android.phone: 0% user + 0% kernel / faults: 109 minor
E/ActivityManager(  399):   0.1% 25/kworker/0:1: 0.1% user + 0% kernel
E/ActivityManager(  399):   0% 1//init: 0% user + 0% kernel / faults: 30 minor
E/ActivityManager(  399):   0% 94/mmcqd/0: 0% user + 0% kernel
E/ActivityManager(  399):   0% 146/bridgemgrd: 0% user + 0% kernel
E/ActivityManager(  399):   0% 155/thermald: 0% user + 0% kernel
E/ActivityManager(  399): 52% TOTAL: 40% user + 12% kernel + 0% iowait
E/ActivityManager(  399): CPU usage from 656ms to 1180ms later with 99% awake:
E/ActivityManager(  399):   59% 573/android.process.media: 38% user + 21% kernel / faults: 137 minor
E/ActivityManager(  399):     57% 1048/MediaScannerSer: 38% user + 19% kernel
E/ActivityManager(  399):   48% 399/system_server: 36% user + 11% kernel / faults: 79 minor
E/ActivityManager(  399):     15% 1178/Binder_7: 15% user + 0% kernel
E/ActivityManager(  399):     3.8% 410/Binder_1: 1.9% user + 1.9% kernel
E/ActivityManager(  399):     3.8% 411/Binder_2: 3.8% user + 0% kernel
E/ActivityManager(  399):     3.8% 414/ActivityManager: 0% user + 3.8% kernel
E/ActivityManager(  399):     3.8% 1082/Binder_6: 3.8% user + 0% kernel
E/ActivityManager(  399):     3.8% 1179/Binder_8: 3.8% user + 0% kernel
E/ActivityManager(  399):     1.9% 399/system_server: 0% user + 1.9% kernel
E/ActivityManager(  399):     1.9% 408/FinalizerDaemon: 1.9% user + 0% kernel
E/ActivityManager(  399):     1.9% 611/Binder_3: 1.9% user + 0% kernel
E/ActivityManager(  399):     1.9% 615/Binder_4: 1.9% user + 0% kernel
E/ActivityManager(  399):     1.9% 701/Binder_5: 0% user + 1.9% kernel
E/ActivityManager(  399):   1.2% 85/kworker/u:3: 0% user + 1.2% kernel
E/ActivityManager(  399): 55% TOTAL: 32% user + 22% kernel
W/ActivityManager(  399): Killing ProcessRecord{42220438 605:com.android.phone/1001}: background ANR
I/ServiceManager(  129): service 'simphonebook' died
I/ServiceManager(  129): service 'iphonesubinfo' died
I/ServiceManager(  129): service 'isms_msim' died
I/ServiceManager(  129): service 'simphonebook_msim' died
I/ServiceManager(  129): service 'phone_msim' died
I/ServiceManager(  129): service 'phone' died
I/ServiceManager(  129): service 'iphonesubinfo_msim' died
I/ServiceManager(  129): service 'isms' died
I/ServiceManager(  129): service 'sip' died
I/ActivityManager(  399): Process com.android.phone (pid 1180) has died.
W/ActivityManager(  399): Scheduling restart of crashed service com.android.phone/.TelephonyDebugService in 1250ms
W/ActivityManager(  399): Scheduling restart of crashed service com.android.phone/.BluetoothHeadsetService in 11249ms
W/ActivityManager(  399): Canceling start item Intent { cmp=com.android.stk/.StkAppService (has extras) } in service ComponentInfo{com.android.stk/com.android.stk.StkAppService}
W/ActivityManager(  399): Scheduling restart of crashed service com.android.stk/.StkAppService in 678784ms
I/ActivityManager(  399): Start proc com.android.phone for restart com.android.phone: pid=1332 uid=1001 gids={3002, 3001, 3003, 1015, 1028}
I/ActivityThread( 1332): Pub mms: com.android.providers.telephony.MmsProvider
I/ActivityThread( 1332): Pub iccmsim: com.android.phone.MSimIccProvider
I/ActivityThread( 1332): Pub sms: com.android.providers.telephony.SmsProvider
I/ActivityThread( 1332): Pub telephony: com.android.providers.telephony.TelephonyProvider
W/TelephonyProvider( 1332): onCreate: confFile=/system/etc/apns-conf.xml oldCheckSum=-1
I/ActivityThread( 1332): Pub icc: com.android.phone.IccProvider
I/ActivityThread( 1332): Pub mms-sms: com.android.providers.telephony.MmsSmsProvider
V/PhoneApp( 1332): PhoneApp onCreate() DSDS Enabled!!!!
D/MSimPhoneApp( 1332): MSPhoneApp creation
D/MSimPhoneApp( 1332): MSPhoneApp creationcom.android.phone.MSimPhoneApp@4219cb10
D/MSimPhoneApp( 1332): MSimPhoneApp:com.android.phone.MSimPhoneApp@4219cb10
D/MSimPhoneApp( 1332):  DSDS PhoneApp:
D/CardSubscriptionManager( 1332): getInstance
D/CardSubscriptionManager( 1332): Constructor - Enter
D/CardSubscriptionManager( 1332): Constructor - Exit
D/SubscriptionManager( 1332): getUserPreferredSubs: strUserSub = ,,,4,-1,-1
D/SubscriptionManager( 1332): getUserPreferredSubs: mUserPrefSubs.subscription[0] = Subscription = { slotId = -1, 3gppIndex = -1, 3gpp2Index = -1, subId = 0, subStatus = SUB_INVALID, appId = null, appLabel = null, appType = null, iccId = null }
D/SubscriptionManager( 1332): getUserPreferredSubs: strUserSub = ,,,4,-1,-1
D/SubscriptionManager( 1332): getUserPreferredSubs: mUserPrefSubs.subscription[1] = Subscription = { slotId = -1, 3gppIndex = -1, 3gpp2Index = -1, subId = 1, subStatus = SUB_INVALID, appId = null, appLabel = null, appType = null, iccId = null }
D/CardSubscriptionManager( 1332): getInstance
D/        ( 1332): [ApnContext:default] set reason as dataEnabled,current state IDLE
D/        ( 1332): [ApnContext:mms] set reason as dataEnabled,current state IDLE
D/        ( 1332): [ApnContext:supl] set reason as dataEnabled,current state IDLE
D/        ( 1332): [ApnContext:dun] set reason as dataEnabled,current state IDLE
D/        ( 1332): [ApnContext:hipri] set reason as dataEnabled,current state IDLE
D/        ( 1332): [ApnContext:fota] set reason as dataEnabled,current state IDLE
D/        ( 1332): [ApnContext:ims] set reason as dataEnabled,current state IDLE
D/        ( 1332): [ApnContext:cbs] set reason as dataEnabled,current state IDLE
D/StatusBar.MSimNetworkController(  526): updateSimState for subscription :0
D/StatusBar.MSimNetworkController(  526): updateSimState simState =UNKNOWN
D/StatusBar.MSimNetworkController(  526): In updateSimIcon card =0, simState= UNKNOWN
D/StatusBar.MSimNetworkController(  526): refreshViews subscription =0mMSimDataConnected =false
W/SignalStrength(  526): getLTELevel - rsrp:2147483647 snr:2147483647 rsrpIconLevel:-1 snrIconLevel:-1
D/StatusBar.MSimNetworkController(  526): refreshViews mMSimDataActivity =0
W/SignalStrength(  526): getLTELevel - rssi:99 rssiIconLevel:0
W/SignalStrength(  526): getGsmLevel=0
W/SignalStrength(  526): getLevel=0
W/SignalStrength(  526): getLTELevel - rsrp:2147483647 snr:2147483647 rsrpIconLevel:-1 snrIconLevel:-1
W/SignalStrength(  526): getLTELevel - rssi:99 rssiIconLevel:0
W/SignalStrength(  526): getGsmLevel=0
W/SignalStrength(  526): getLevel=0
D/StatusBar.MSimNetworkController(  526): refreshViews connected={ } level=0 mMSimcombinedSignalIconId=0x7f0200f8/com.android.systemui:drawable/stat_sys_signal_null mMSimcombinedActivityIconId=0x0 mAirplaneMode=false mMSimDataActivity=0 mMSimPhoneSignalIconId=0x7f0200f8 mMSimDataDirectionIconId=0x0 mMSimDataSignalIconId=0x7f0200f8 mMSimDataTypeIconId=0x0 mNoMSimIconId=0x0 mWifiIconId=0x0 mBluetoothTetherIconId=0x1080580
D/StatusBar.MSimNetworkController(  526): updateDataIcon subscription =0
D/StatusBar.MSimNetworkController(  526): updateDataIcon dataSub =0
D/StatusBar.MSimNetworkController(  526): updateDataIcon  when SimState =UNKNOWN
D/StatusBar.MSimNetworkController(  526): updateDataIcon when mMSimDataConnected =false
D/StatusBar.MSimNetworkController(  526): updateDataIcon subscription =0
D/StatusBar.MSimNetworkController(  526): updateDataIcon dataSub =0
D/StatusBar.MSimNetworkController(  526): updateDataIcon  when SimState =UNKNOWN
D/StatusBar.MSimNetworkController(  526): updateDataIcon when mMSimDataConnected =false
D/StatusBar.MSimNetworkController(  526): refreshViews subscription =0mMSimDataConnected =false
D/StatusBar.MSimNetworkController(  526): refreshViews mMSimDataActivity =0
D/StatusBar.MSimNetworkController(  526): refreshViews connected={ } level=0 mMSimcombinedSignalIconId=0x7f0200f8/com.android.systemui:drawable/stat_sys_signal_null mMSimcombinedActivityIconId=0x0 mAirplaneMode=false mMSimDataActivity=0 mMSimPhoneSignalIconId=0x7f0200f8 mMSimDataDirectionIconId=0x0 mMSimDataSignalIconId=0x7f0200f8 mMSimDataTypeIconId=0x0 mNoMSimIconId=0x0 mWifiIconId=0x0 mBluetoothTetherIconId=0x1080580
D/PhoneStatusBarPolicy(  526): updateSimState for subscription :0
D/dalvikvm(  399): GC_EXPLICIT freed 1797K, 39% free 5653K/9159K, paused 7ms+4ms, total 64ms
D/        ( 1332): [ApnContext:default] set reason as dataEnabled,current state IDLE
D/        ( 1332): [ApnContext:mms] set reason as dataEnabled,current state IDLE
D/        ( 1332): [ApnContext:supl] set reason as dataEnabled,current state IDLE
D/        ( 1332): [ApnContext:dun] set reason as dataEnabled,current state IDLE
D/        ( 1332): [ApnContext:hipri] set reason as dataEnabled,current state IDLE
D/        ( 1332): [ApnContext:fota] set reason as dataEnabled,current state IDLE
D/        ( 1332): [ApnContext:ims] set reason as dataEnabled,current state IDLE
D/        ( 1332): [ApnContext:cbs] set reason as dataEnabled,current state IDLE
D/StatusBar.MSimNetworkController(  526): updateSimState for subscription :0
D/StatusBar.MSimNetworkController(  526): updateSimState simState =UNKNOWN
D/StatusBar.MSimNetworkController(  526): In updateSimIcon card =0, simState= UNKNOWN
D/StatusBar.MSimNetworkController(  526): refreshViews subscription =0mMSimDataConnected =false
W/SignalStrength(  526): getLTELevel - rsrp:2147483647 snr:2147483647 rsrpIconLevel:-1 snrIconLevel:-1
W/SignalStrength(  526): getLTELevel - rssi:99 rssiIconLevel:0
W/SignalStrength(  526): getGsmLevel=0
W/SignalStrength(  526): getLevel=0
D/StatusBar.MSimNetworkController(  526): refreshViews mMSimDataActivity =0
D/StatusBar.MSimNetworkController(  526): refreshViews connected={ } level=0 mMSimcombinedSignalIconId=0x7f0200f8/com.android.systemui:drawable/stat_sys_signal_null mMSimcombinedActivityIconId=0x0 mAirplaneMode=false mMSimDataActivity=0 mMSimPhoneSignalIconId=0x7f0200f8 mMSimDataDirectionIconId=0x0 mMSimDataSignalIconId=0x7f0200f8 mMSimDataTypeIconId=0x0 mNoMSimIconId=0x0 mWifiIconId=0x0 mBluetoothTetherIconId=0x1080580
D/StatusBar.MSimNetworkController(  526): updateDataIcon subscription =0
D/StatusBar.MSimNetworkController(  526): updateDataIcon dataSub =0
D/StatusBar.MSimNetworkController(  526): updateDataIcon  when SimState =UNKNOWN
D/PROXY   ( 1332): Constructor - Enter
W/SignalStrength(  526): getLTELevel - rsrp:2147483647 snr:2147483647 rsrpIconLevel:-1 snrIconLevel:-1
W/SignalStrength(  526): getLTELevel - rssi:99 rssiIconLevel:0
W/SignalStrength(  526): getGsmLevel=0
W/SignalStrength(  526): getLevel=0
D/CardSubscriptionManager( 1332): getInstance
D/PROXY   ( 1332): Constructor - Exit
D/StatusBar.MSimNetworkController(  526): updateDataIcon when mMSimDataConnected =false
D/StatusBar.MSimNetworkController(  526): updateDataIcon subscription =0
D/StatusBar.MSimNetworkController(  526): updateDataIcon dataSub =0
D/StatusBar.MSimNetworkController(  526): updateDataIcon  when SimState =UNKNOWN
D/StatusBar.MSimNetworkController(  526): updateDataIcon when mMSimDataConnected =false
D/StatusBar.MSimNetworkController(  526): refreshViews subscription =0mMSimDataConnected =false
D/StatusBar.MSimNetworkController(  526): refreshViews mMSimDataActivity =0
D/StatusBar.MSimNetworkController(  526): refreshViews connected={ } level=0 mMSimcombinedSignalIconId=0x7f0200f8/com.android.systemui:drawable/stat_sys_signal_null mMSimcombinedActivityIconId=0x0 mAirplaneMode=false mMSimDataActivity=0 mMSimPhoneSignalIconId=0x7f0200f8 mMSimDataDirectionIconId=0x0 mMSimDataSignalIconId=0x7f0200f8 mMSimDataTypeIconId=0x0 mNoMSimIconId=0x0 mWifiIconId=0x0 mBluetoothTetherIconId=0x1080580
D/PhoneStatusBarPolicy(  526): updateSimState for subscription :0
D/CallManager( 1332): registerPhone(GSM Handler (com.android.internal.telephony.msim.MSimPhoneProxy) {421aef50})
D/CallManager( 1332): registerPhone(GSM Handler (com.android.internal.telephony.msim.MSimPhoneProxy) {421cf140})
V/MSimPhoneApp( 1332): updatePhoneAppCdmaVariables0
D/PhoneInterfaceManager( 1332):  Registering for UNSOL OEM HOOK Responses to deliver external apps
D/MSimPhoneInterfaceManager( 1332):  Registering for UNSOL OEM HOOK Responses to deliver external apps
D/MSimCallNotifier( 1332): getPhoneStateListener: SUBSCRIPTION == 0
D/MSimCallNotifier( 1332): getPhoneStateListener: SUBSCRIPTION == 1
W/ActivityManager(  399): Unable to start service Intent { act=com.android.ussd.IExtendedNetworkService }: not found
D/CallManager( 1332): setAudioMode useInCallMode = false, Baseband = msm
D/CardSubscriptionManager( 1332): EVENT_RADIO_OFF_OR_NOT_AVAILABLE
D/CardSubscriptionManager( 1332): processRadioUnavailable on cardIndex = 0
D/CardSubscriptionManager( 1332): resetCardInfo(): cardIndex = 0
D/CardSubscriptionManager( 1332): EVENT_RADIO_OFF_OR_NOT_AVAILABLE
D/CardSubscriptionManager( 1332): processRadioUnavailable on cardIndex = 1
D/CardSubscriptionManager( 1332): resetCardInfo(): cardIndex = 1
D/CardSubscriptionManager( 1332): EVENT_ICC_CHANGED
D/CardSubscriptionManager( 1332): handleIccChanged: ENTER
D/CardSubscriptionManager( 1332): handleIccChanged: EXIT
D/SubscriptionManager( 1332): EVENT_RADIO_OFF_OR_NOT_AVAILABLE on SUB: 0
D/SubscriptionManager( 1332): EVENT_RADIO_OFF_OR_NOT_AVAILABLE on SUB: 1
I/MSimTelephonyRegistry(  399): notifyServiceState: 3 home null null null  Unknown CSS not supported -1 -1 mDataState=3 RoamInd=-1 DefRoamInd=-1 EmergOnly=false
D/StatusBar.MSimNetworkController(  526): onServiceStateChanged received on subscription :0state=3
D/StatusBar.MSimNetworkController(  526): updateTelephonySignalStrength: subscription =0
D/StatusBar.MSimNetworkController(  526):  No service
D/StatusBar.MSimNetworkController(  526): updateDataNetType sub = 0 mDataNetType = 0
E/StatusBar.MSimNetworkController(  526): updateDataNetType NETWORK_TYPE_UNKNOWN
D/StatusBar.MSimNetworkController(  526): updateDataIcon subscription =0
D/StatusBar.MSimNetworkController(  526): updateDataIcon dataSub =0
D/StatusBar.MSimNetworkController(  526): updateDataIcon  when SimState =UNKNOWN
D/StatusBar.MSimNetworkController(  526): updateDataIcon when mMSimDataConnected =false
D/StatusBar.MSimNetworkController(  526): refreshViews subscription =0mMSimDataConnected =false
W/SignalStrength(  526): getLTELevel - rsrp:2147483647 snr:2147483647 rsrpIconLevel:-1 snrIconLevel:-1
W/SignalStrength(  526): getLTELevel - rssi:99 rssiIconLevel:0
D/StatusBar.MSimNetworkController(  526): refreshViews mMSimDataActivity =0
W/SignalStrength(  526): getGsmLevel=0
W/SignalStrength(  526): getLevel=0
D/StatusBar.MSimNetworkController(  526): refreshViews connected={ } level=0 mMSimcombinedSignalIconId=0x7f0200f8/com.android.systemui:drawable/stat_sys_signal_null mMSimcombinedActivityIconId=0x0 mAirplaneMode=false mMSimDataActivity=0 mMSimPhoneSignalIconId=0x7f0200f8 mMSimDataDirectionIconId=0x0 mMSimDataSignalIconId=0x7f0200f8 mMSimDataTypeIconId=0x0 mNoMSimIconId=0x0 mWifiIconId=0x0 mBluetoothTetherIconId=0x1080580
D/dalvikvm(  573): GC_EXPLICIT freed 542K, 69% free 2580K/8195K, paused 3ms+21ms, total 106ms
I/MSimTelephonyRegistry(  399): notifyServiceState: 3 home null null null  Unknown CSS not supported -1 -1 mDataState=3 RoamInd=-1 DefRoamInd=-1 EmergOnly=false
D/StatusBar.MSimNetworkController(  526): onServiceStateChanged received on subscription :1state=3
D/StatusBar.MSimNetworkController(  526): updateTelephonySignalStrength: subscription =1
D/StatusBar.MSimNetworkController(  526):  No service
D/StatusBar.MSimNetworkController(  526): updateDataNetType sub = 1 mDataNetType = 0
E/StatusBar.MSimNetworkController(  526): updateDataNetType NETWORK_TYPE_UNKNOWN
D/StatusBar.MSimNetworkController(  526): updateDataIcon subscription =1
D/StatusBar.MSimNetworkController(  526): updateDataIcon dataSub =0
D/StatusBar.MSimNetworkController(  526): updateDataIcon return
D/StatusBar.MSimNetworkController(  526): refreshViews subscription =1mMSimDataConnected =false
W/SignalStrength(  526): getLTELevel - rsrp:2147483647 snr:2147483647 rsrpIconLevel:-1 snrIconLevel:-1
W/SignalStrength(  526): getLTELevel - rssi:99 rssiIconLevel:0
W/SignalStrength(  526): getGsmLevel=0
W/SignalStrength(  526): getLevel=0
D/StatusBar.MSimNetworkController(  526): refreshViews mMSimDataActivity =0
D/StatusBar.MSimNetworkController(  526): refreshViews connected={ } level=0 mMSimcombinedSignalIconId=0x7f0200f8/com.android.systemui:drawable/stat_sys_signal_null mMSimcombinedActivityIconId=0x0 mAirplaneMode=false mMSimDataActivity=0 mMSimPhoneSignalIconId=0x7f0200f8 mMSimDataDirectionIconId=0x0 mMSimDataSignalIconId=0x7f0200f8 mMSimDataTypeIconId=0x0 mNoMSimIconId=0x0 mWifiIconId=0x0 mBluetoothTetherIconId=0x1080580
D/DebugService( 1332): DebugService DebugService:
D/TelephonyDebugService( 1332): TelephonyDebugService()
E/Sensors (  399): sensors_poll_context_t::pollEvents, line 202: receive event #### i=3, nb=1
D/Bluetooth HSHFP( 1332): Starting BluetoothHeadsetService
V/MSimPhoneApp( 1332): Action intent recieved:android.intent.action.ANY_DATA_STATE
V/MSimPhoneApp( 1332): Action intent recieved:android.intent.action.SIM_STATE_CHANGED
V/MSimPhoneApp( 1332): Action intent recieved:android.intent.action.SERVICE_STATE
V/MSimPhoneApp( 1332): Action intent recieved:android.media.RINGER_MODE_CHANGED
D/SubscriptionManager( 1332): EVENT_CARD_INFO_NOT_AVAILABLE
D/SubscriptionManager( 1332): processCardInfoNotAvailable on cardIndex = 0 reason = REASON_RADIO_UNAVAILABLE
D/SubscriptionManager( 1332): processCardInfoNotAvailable mSetSubsModeRequired = true
D/SubscriptionManager( 1332): EVENT_CARD_INFO_NOT_AVAILABLE
D/SubscriptionManager( 1332): processCardInfoNotAvailable on cardIndex = 1 reason = REASON_RADIO_UNAVAILABLE
D/SubscriptionManager( 1332): processCardInfoNotAvailable mSetSubsModeRequired = true
V/MSimPhoneApp( 1332): Action intent recieved:android.intent.action.SERVICE_STATE
V/MSimPhoneApp( 1332): Action intent recieved:android.intent.action.ANY_DATA_STATE
V/MSimPhoneApp( 1332): Action intent recieved:android.intent.action.ANY_DATA_STATE
V/MSimPhoneApp( 1332): Action intent recieved:android.intent.action.ANY_DATA_STATE
V/MSimPhoneApp( 1332): Action intent recieved:android.intent.action.ANY_DATA_STATE
V/MSimPhoneApp( 1332): Action intent recieved:android.intent.action.ANY_DATA_STATE
V/MSimPhoneApp( 1332): Action intent recieved:android.intent.action.ANY_DATA_STATE
V/MSimPhoneApp( 1332): Action intent recieved:android.intent.action.ANY_DATA_STATE
V/MSimPhoneApp( 1332): Action intent recieved:android.intent.action.ANY_DATA_STATE
V/MSimPhoneApp( 1332): Action intent recieved:android.intent.action.ANY_DATA_STATE
V/MSimPhoneApp( 1332): Action intent recieved:android.intent.action.ANY_DATA_STATE
V/MSimPhoneApp( 1332): Action intent recieved:android.intent.action.ANY_DATA_STATE
V/MSimPhoneApp( 1332): Action intent recieved:android.intent.action.ANY_DATA_STATE
V/MSimPhoneApp( 1332): Action intent recieved:android.intent.action.ANY_DATA_STATE
V/MSimPhoneApp( 1332): Action intent recieved:android.intent.action.ANY_DATA_STATE
V/MSimPhoneApp( 1332): Action intent recieved:android.intent.action.ANY_DATA_STATE
V/MSimPhoneApp( 1332): Action intent recieved:android.intent.action.ANY_DATA_STATE
V/MSimPhoneApp( 1332): Action intent recieved:android.intent.action.ANY_DATA_STATE
V/MSimPhoneApp( 1332): Action intent recieved:android.intent.action.ANY_DATA_STATE
V/MSimPhoneApp( 1332): Action intent recieved:android.intent.action.ANY_DATA_STATE
V/MSimPhoneApp( 1332): Action intent recieved:android.intent.action.ANY_DATA_STATE
V/MSimPhoneApp( 1332): Action intent recieved:android.intent.action.ANY_DATA_STATE
V/MSimPhoneApp( 1332): Action intent recieved:android.intent.action.ANY_DATA_STATE
V/MSimPhoneApp( 1332): Action intent recieved:android.intent.action.ANY_DATA_STATE
V/MSimPhoneApp( 1332): Action intent recieved:android.intent.action.ANY_DATA_STATE
V/MSimPhoneApp( 1332): Action intent recieved:android.intent.action.ANY_DATA_STATE
V/MSimPhoneApp( 1332): Action intent recieved:android.intent.action.ANY_DATA_STATE
V/MSimPhoneApp( 1332): Action intent recieved:android.intent.action.ANY_DATA_STATE
V/MSimPhoneApp( 1332): Action intent recieved:android.intent.action.ANY_DATA_STATE
V/MSimPhoneApp( 1332): Action intent recieved:android.intent.action.ANY_DATA_STATE
V/MSimPhoneApp( 1332): Action intent recieved:android.intent.action.ANY_DATA_STATE
V/MSimPhoneApp( 1332): Action intent recieved:android.intent.action.ANY_DATA_STATE
V/MSimPhoneApp( 1332): Action intent recieved:android.intent.action.ANY_DATA_STATE
V/MSimPhoneApp( 1332): Action intent recieved:android.intent.action.ANY_DATA_STATE
V/MSimPhoneApp( 1332): Action intent recieved:android.intent.action.ANY_DATA_STATE
V/MSimPhoneApp( 1332): Action intent recieved:android.intent.action.ANY_DATA_STATE
V/MSimPhoneApp( 1332): Action intent recieved:android.intent.action.ANY_DATA_STATE
V/MSimPhoneApp( 1332): Action intent recieved:android.intent.action.ANY_DATA_STATE
V/MSimPhoneApp( 1332): Action intent recieved:android.intent.action.SERVICE_STATE
V/SipBroadcastReceiver( 1332): start auto registration
D/dalvikvm(  399): GC_EXPLICIT freed 352K, 38% free 5695K/9159K, paused 3ms+5ms, total 57ms
D/dalvikvm(  399): GC_EXPLICIT freed 146K, 39% free 5659K/9159K, paused 4ms+5ms, total 57ms
D/dalvikvm(  573): GC_EXPLICIT freed 539K, 69% free 2581K/8195K, paused 2ms+5ms, total 29ms
D/dalvikvm(  399): GC_EXPLICIT freed 110K, 39% free 5658K/9159K, paused 3ms+5ms, total 53ms
E/Sensors (  399): sensors_poll_context_t::pollEvents, line 202: receive event #### i=3, nb=1
D/dalvikvm(  399): GC_EXPLICIT freed 110K, 39% free 5659K/9159K, paused 3ms+5ms, total 54ms
D/dalvikvm(  573): GC_EXPLICIT freed 540K, 69% free 2583K/8195K, paused 2ms+6ms, total 29ms
E/MP-Decision( 1360): MPDecision server starting
D/dalvikvm(  399): GC_EXPLICIT freed 110K, 39% free 5658K/9159K, paused 4ms+6ms, total 56ms
E/MP-Decision( 1360): OPTION ENABLED: Control sleep modes
E/MP-Decision( 1360): OPTION ENABLED: Adjusting average
E/MP-Decision( 1360): 
E/MP-Decision( 1360):  MP Decision Options:
E/MP-Decision( 1360): --poll_ms --decision_ms --no_sleep --avg_comp --debug
E/MP-Decision( 1360): --Nw=[1..3]:[value] --Tw=[1..3]:[value] --Ns=[1..3]:[value] --Ts=[1..3]:[value]
D/dalvikvm(  399): GC_EXPLICIT freed 110K, 39% free 5659K/9159K, paused 3ms+5ms, total 54ms
D/dalvikvm(  573): GC_EXPLICIT freed 541K, 69% free 2583K/8195K, paused 2ms+5ms, total 29ms
D/dalvikvm(  399): GC_EXPLICIT freed 110K, 39% free 5658K/9159K, paused 2ms+4ms, total 56ms
E/Sensors (  399): sensors_poll_context_t::pollEvents, line 202: receive event #### i=3, nb=1
D/dalvikvm(  399): GC_EXPLICIT freed 110K, 39% free 5658K/9159K, paused 3ms+4ms, total 55ms
D/dalvikvm(  573): GC_EXPLICIT freed 540K, 69% free 2583K/8195K, paused 2ms+6ms, total 35ms
D/dalvikvm(  399): GC_EXPLICIT freed 111K, 39% free 5658K/9159K, paused 3ms+5ms, total 56ms
D/dalvikvm(  399): GC_EXPLICIT freed 110K, 39% free 5658K/9159K, paused 2ms+5ms, total 55ms
D/dalvikvm(  573): GC_EXPLICIT freed 540K, 69% free 2583K/8195K, paused 2ms+5ms, total 35ms
E/Sensors (  399): sensors_poll_context_t::pollEvents, line 202: receive event #### i=3, nb=1
D/dalvikvm(  399): GC_EXPLICIT freed 111K, 39% free 5658K/9159K, paused 3ms+5ms, total 55ms
D/dalvikvm(  399): GC_EXPLICIT freed 113K, 39% free 5659K/9159K, paused 3ms+5ms, total 53ms
D/dalvikvm(  573): GC_EXPLICIT freed 541K, 69% free 2583K/8195K, paused 2ms+5ms, total 28ms
D/dalvikvm(  399): GC_EXPLICIT freed 111K, 39% free 5658K/9159K, paused 3ms+5ms, total 55ms
E/Sensors (  399): sensors_poll_context_t::pollEvents, line 202: receive event #### i=3, nb=1
D/dalvikvm(  399): GC_EXPLICIT freed 109K, 39% free 5659K/9159K, paused 3ms+4ms, total 56ms
D/dalvikvm(  573): GC_EXPLICIT freed 541K, 69% free 2583K/8195K, paused 2ms+6ms, total 29ms
D/dalvikvm(  399): GC_EXPLICIT freed 110K, 39% free 5658K/9159K, paused 3ms+4ms, total 56ms
D/dalvikvm(  399): GC_EXPLICIT freed 110K, 39% free 5659K/9159K, paused 3ms+4ms, total 55ms
D/dalvikvm(  573): GC_EXPLICIT freed 540K, 69% free 2583K/8195K, paused 2ms+5ms, total 28ms
E/MP-Decision( 1363): MPDecision server starting
E/MP-Decision( 1363): OPTION ENABLED: Control sleep modes
E/MP-Decision( 1363): OPTION ENABLED: Adjusting average
E/MP-Decision( 1363): 
E/MP-Decision( 1363):  MP Decision Options:
E/MP-Decision( 1363): --poll_ms --decision_ms --no_sleep --avg_comp --debug
E/MP-Decision( 1363): --Nw=[1..3]:[value] --Tw=[1..3]:[value] --Ns=[1..3]:[value] --Ts=[1..3]:[value]
D/dalvikvm(  399): GC_EXPLICIT freed 111K, 39% free 5658K/9159K, paused 3ms+6ms, total 58ms
E/Sensors (  399): sensors_poll_context_t::pollEvents, line 202: receive event #### i=3, nb=1
D/dalvikvm(  399): GC_EXPLICIT freed 110K, 39% free 5659K/9159K, paused 3ms+4ms, total 55ms
D/dalvikvm(  573): GC_EXPLICIT freed 542K, 69% free 2583K/8195K, paused 2ms+6ms, total 30ms
D/dalvikvm(  399): GC_EXPLICIT freed 111K, 39% free 5658K/9159K, paused 3ms+4ms, total 54ms
D/dalvikvm(  399): GC_EXPLICIT freed 110K, 39% free 5658K/9159K, paused 3ms+4ms, total 64ms
D/dalvikvm(  573): GC_EXPLICIT freed 548K, 69% free 2581K/8195K, paused 2ms+5ms, total 28ms
E/Sensors (  399): sensors_poll_context_t::pollEvents, line 202: receive event #### i=3, nb=1
D/dalvikvm(  399): GC_EXPLICIT freed 110K, 39% free 5658K/9159K, paused 3ms+5ms, total 54ms
D/dalvikvm(  399): GC_EXPLICIT freed 109K, 39% free 5659K/9159K, paused 3ms+5ms, total 52ms
D/dalvikvm(  573): GC_EXPLICIT freed 549K, 69% free 2576K/8195K, paused 3ms+5ms, total 30ms
D/dalvikvm(  399): GC_EXPLICIT freed 110K, 39% free 5658K/9159K, paused 3ms+4ms, total 56ms
D/dalvikvm(  399): GC_EXPLICIT freed 110K, 39% free 5659K/9159K, paused 2ms+5ms, total 52ms
D/dalvikvm(  573): GC_EXPLICIT freed 548K, 69% free 2578K/8195K, paused 2ms+5ms, total 29ms
E/Sensors (  399): sensors_poll_context_t::pollEvents, line 202: receive event #### i=3, nb=1
D/dalvikvm(  399): GC_EXPLICIT freed 110K, 39% free 5658K/9159K, paused 3ms+5ms, total 56ms
D/dalvikvm(  399): GC_EXPLICIT freed 109K, 39% free 5659K/9159K, paused 3ms+5ms, total 52ms
D/dalvikvm(  573): GC_EXPLICIT freed 527K, 69% free 2577K/8195K, paused 2ms+5ms, total 29ms
D/dalvikvm(  399): GC_EXPLICIT freed 110K, 39% free 5658K/9159K, paused 3ms+5ms, total 55ms
E/Sensors (  399): sensors_poll_context_t::pollEvents, line 202: receive event #### i=3, nb=1
D/dalvikvm(  399): GC_EXPLICIT freed 109K, 39% free 5659K/9159K, paused 3ms+5ms, total 56ms
D/dalvikvm(  573): GC_EXPLICIT freed 486K, 69% free 2580K/8195K, paused 2ms+5ms, total 28ms
D/dalvikvm(  399): GC_EXPLICIT freed 110K, 39% free 5658K/9159K, paused 3ms+4ms, total 53ms
E/MP-Decision( 1366): MPDecision server starting
E/MP-Decision( 1366): OPTION ENABLED: Control sleep modes
E/MP-Decision( 1366): OPTION ENABLED: Adjusting average
E/MP-Decision( 1366): 
E/MP-Decision( 1366):  MP Decision Options:
E/MP-Decision( 1366): --poll_ms --decision_ms --no_sleep --avg_comp --debug
E/MP-Decision( 1366): --Nw=[1..3]:[value] --Tw=[1..3]:[value] --Ns=[1..3]:[value] --Ts=[1..3]:[value]
D/dalvikvm(  399): GC_EXPLICIT freed 109K, 39% free 5659K/9159K, paused 3ms+5ms, total 52ms
D/dalvikvm(  573): GC_EXPLICIT freed 486K, 69% free 2582K/8195K, paused 2ms+6ms, total 30ms
D/dalvikvm(  399): GC_EXPLICIT freed 110K, 39% free 5658K/9159K, paused 3ms+6ms, total 53ms
E/Sensors (  399): sensors_poll_context_t::pollEvents, line 202: receive event #### i=3, nb=1
D/dalvikvm(  399): GC_EXPLICIT freed 110K, 39% free 5659K/9159K, paused 3ms+5ms, total 53ms
D/dalvikvm(  573): GC_EXPLICIT freed 538K, 69% free 2581K/8195K, paused 2ms+6ms, total 29ms
D/dalvikvm(  399): GC_EXPLICIT freed 110K, 39% free 5658K/9159K, paused 3ms+5ms, total 56ms
D/dalvikvm(  399): GC_EXPLICIT freed 110K, 39% free 5659K/9159K, paused 3ms+5ms, total 53ms
D/dalvikvm(  573): GC_EXPLICIT freed 527K, 69% free 2581K/8195K, paused 2ms+6ms, total 29ms
E/Sensors (  399): sensors_poll_context_t::pollEvents, line 202: receive event #### i=3, nb=1
D/dalvikvm(  399): GC_EXPLICIT freed 111K, 39% free 5658K/9159K, paused 3ms+5ms, total 56ms
D/dalvikvm(  399): GC_EXPLICIT freed 110K, 39% free 5659K/9159K, paused 3ms+4ms, total 52ms
D/dalvikvm(  573): GC_EXPLICIT freed 516K, 69% free 2582K/8195K, paused 2ms+5ms, total 29ms
D/dalvikvm(  399): GC_EXPLICIT freed 110K, 39% free 5658K/9159K, paused 3ms+5ms, total 55ms
D/dalvikvm(  399): GC_EXPLICIT freed 110K, 39% free 5659K/9159K, paused 3ms+5ms, total 56ms
E/Sensors (  399): sensors_poll_context_t::pollEvents, line 202: receive event #### i=3, nb=1
D/dalvikvm(  573): GC_EXPLICIT freed 517K, 69% free 2582K/8195K, paused 2ms+5ms, total 29ms
D/dalvikvm(  399): GC_EXPLICIT freed 111K, 39% free 5658K/9159K, paused 3ms+4ms, total 56ms
D/dalvikvm(  399): GC_EXPLICIT freed 110K, 39% free 5659K/9159K, paused 3ms+4ms, total 56ms
D/dalvikvm(  573): GC_EXPLICIT freed 517K, 69% free 2582K/8195K, paused 2ms+6ms, total 34ms
D/dalvikvm(  399): GC_EXPLICIT freed 110K, 39% free 5658K/9159K, paused 3ms+4ms, total 52ms
E/MP-Decision( 1369): MPDecision server starting
E/MP-Decision( 1369): OPTION ENABLED: Control sleep modes
E/MP-Decision( 1369): OPTION ENABLED: Adjusting average
E/MP-Decision( 1369): 
E/MP-Decision( 1369):  MP Decision Options:
E/MP-Decision( 1369): --poll_ms --decision_ms --no_sleep --avg_comp --debug
E/MP-Decision( 1369): --Nw=[1..3]:[value] --Tw=[1..3]:[value] --Ns=[1..3]:[value] --Ts=[1..3]:[value]
E/Sensors (  399): sensors_poll_context_t::pollEvents, line 202: receive event #### i=3, nb=1
D/dalvikvm(  399): GC_EXPLICIT freed 110K, 39% free 5659K/9159K, paused 3ms+4ms, total 64ms
D/dalvikvm(  573): GC_EXPLICIT freed 499K, 69% free 2580K/8195K, paused 2ms+6ms, total 32ms
D/dalvikvm(  399): GC_EXPLICIT freed 110K, 39% free 5658K/9159K, paused 3ms+4ms, total 55ms
D/dalvikvm(  399): GC_EXPLICIT freed 110K, 39% free 5659K/9159K, paused 3ms+5ms, total 56ms
D/dalvikvm(  573): GC_EXPLICIT freed 506K, 69% free 2575K/8195K, paused 2ms+5ms, total 31ms
D/dalvikvm(  399): GC_EXPLICIT freed 111K, 39% free 5658K/9159K, paused 3ms+5ms, total 56ms
E/Sensors (  399): sensors_poll_context_t::pollEvents, line 202: receive event #### i=3, nb=1
D/dalvikvm(  399): GC_EXPLICIT freed 109K, 39% free 5659K/9159K, paused 3ms+5ms, total 53ms
D/dalvikvm(  573): GC_EXPLICIT freed 505K, 69% free 2574K/8195K, paused 2ms+5ms, total 29ms
D/dalvikvm(  399): GC_EXPLICIT freed 110K, 39% free 5658K/9159K, paused 3ms+5ms, total 55ms
D/dalvikvm(  399): GC_EXPLICIT freed 110K, 39% free 5659K/9159K, paused 3ms+4ms, total 55ms
D/dalvikvm(  573): GC_EXPLICIT freed 520K, 69% free 2573K/8195K, paused 2ms+5ms, total 33ms
E/Sensors (  399): sensors_poll_context_t::pollEvents, line 202: receive event #### i=3, nb=1
D/dalvikvm(  399): GC_EXPLICIT freed 110K, 39% free 5658K/9159K, paused 3ms+5ms, total 57ms
D/dalvikvm(  399): GC_EXPLICIT freed 110K, 39% free 5659K/9159K, paused 3ms+4ms, total 55ms
D/dalvikvm(  573): GC_EXPLICIT freed 519K, 69% free 2573K/8195K, paused 2ms+6ms, total 34ms
