V/MSimPhoneApp( 1084): Action intent recieved:android.intent.action.ANY_DATA_STATE
V/MSimPhoneApp( 1084): Action intent recieved:android.intent.action.ANY_DATA_STATE
V/MSimPhoneApp( 1084): Action intent recieved:android.intent.action.ANY_DATA_STATE
V/MSimPhoneApp( 1084): Action intent recieved:android.intent.action.ANY_DATA_STATE
V/MSimPhoneApp( 1084): Action intent recieved:android.intent.action.ANY_DATA_STATE
V/MSimPhoneApp( 1084): Action intent recieved:android.intent.action.ANY_DATA_STATE
V/MSimPhoneApp( 1084): Action intent recieved:android.intent.action.ANY_DATA_STATE
V/MSimPhoneApp( 1084): Action intent recieved:android.intent.action.ANY_DATA_STATE
V/MSimPhoneApp( 1084): Action intent recieved:android.intent.action.ANY_DATA_STATE
V/MSimPhoneApp( 1084): Action intent recieved:android.intent.action.ANY_DATA_STATE
V/MSimPhoneApp( 1084): Action intent recieved:android.intent.action.ANY_DATA_STATE
V/MSimPhoneApp( 1084): Action intent recieved:android.intent.action.ANY_DATA_STATE
V/MSimPhoneApp( 1084): Action intent recieved:android.intent.action.ANY_DATA_STATE
V/MSimPhoneApp( 1084): Action intent recieved:android.intent.action.ANY_DATA_STATE
V/MSimPhoneApp( 1084): Action intent recieved:android.intent.action.ANY_DATA_STATE
V/MSimPhoneApp( 1084): Action intent recieved:android.intent.action.ANY_DATA_STATE
V/MSimPhoneApp( 1084): Action intent recieved:android.intent.action.ANY_DATA_STATE
V/MSimPhoneApp( 1084): Action intent recieved:android.intent.action.ANY_DATA_STATE
V/MSimPhoneApp( 1084): Action intent recieved:android.intent.action.ANY_DATA_STATE
V/MSimPhoneApp( 1084): Action intent recieved:android.intent.action.ANY_DATA_STATE
V/MSimPhoneApp( 1084): Action intent recieved:android.intent.action.ANY_DATA_STATE
V/MSimPhoneApp( 1084): Action intent recieved:android.intent.action.ANY_DATA_STATE
V/MSimPhoneApp( 1084): Action intent recieved:android.intent.action.ANY_DATA_STATE
V/MSimPhoneApp( 1084): Action intent recieved:android.intent.action.ANY_DATA_STATE
V/MSimPhoneApp( 1084): Action intent recieved:android.intent.action.ANY_DATA_STATE
V/MSimPhoneApp( 1084): Action intent recieved:android.intent.action.ANY_DATA_STATE
V/MSimPhoneApp( 1084): Action intent recieved:android.intent.action.ANY_DATA_STATE
V/MSimPhoneApp( 1084): Action intent recieved:android.intent.action.ANY_DATA_STATE
V/MSimPhoneApp( 1084): Action intent recieved:android.intent.action.ANY_DATA_STATE
V/MSimPhoneApp( 1084): Action intent recieved:android.intent.action.ANY_DATA_STATE
V/MSimPhoneApp( 1084): Action intent recieved:android.intent.action.SERVICE_STATE
V/SipBroadcastReceiver( 1084): start auto registration
I/ActivityManager(  399): No longer want com.cyanogenmod.updater (pid 838): hidden #11
E/Sensors (  399): sensors_poll_context_t::pollEvents, line 202: receive event #### i=3, nb=1
E/MP-Decision( 1132): MPDecision server starting
E/MP-Decision( 1132): OPTION ENABLED: Control sleep modes
E/MP-Decision( 1132): OPTION ENABLED: Adjusting average
E/MP-Decision( 1132): 
E/MP-Decision( 1132):  MP Decision Options:
E/MP-Decision( 1132): --poll_ms --decision_ms --no_sleep --avg_comp --debug
E/MP-Decision( 1132): --Nw=[1..3]:[value] --Tw=[1..3]:[value] --Ns=[1..3]:[value] --Ts=[1..3]:[value]
E/Sensors (  399): sensors_poll_context_t::pollEvents, line 202: receive event #### i=3, nb=1
E/Sensors (  399): sensors_poll_context_t::pollEvents, line 202: receive event #### i=3, nb=1
E/Sensors (  399): sensors_poll_context_t::pollEvents, line 202: receive event #### i=3, nb=1
E/MP-Decision( 1135): MPDecision server starting
E/MP-Decision( 1135): OPTION ENABLED: Control sleep modes
E/MP-Decision( 1135): OPTION ENABLED: Adjusting average
E/MP-Decision( 1135): 
E/MP-Decision( 1135):  MP Decision Options:
E/MP-Decision( 1135): --poll_ms --decision_ms --no_sleep --avg_comp --debug
E/MP-Decision( 1135): --Nw=[1..3]:[value] --Tw=[1..3]:[value] --Ns=[1..3]:[value] --Ts=[1..3]:[value]
E/Sensors (  399): sensors_poll_context_t::pollEvents, line 202: receive event #### i=3, nb=1
E/Sensors (  399): sensors_poll_context_t::pollEvents, line 202: receive event #### i=3, nb=1
E/Sensors (  399): sensors_poll_context_t::pollEvents, line 202: receive event #### i=3, nb=1
E/Sensors (  399): sensors_poll_context_t::pollEvents, line 202: receive event #### i=3, nb=1
E/MP-Decision( 1140): MPDecision server starting
E/MP-Decision( 1140): OPTION ENABLED: Control sleep modes
E/MP-Decision( 1140): OPTION ENABLED: Adjusting average
E/MP-Decision( 1140): 
E/MP-Decision( 1140):  MP Decision Options:
E/MP-Decision( 1140): --poll_ms --decision_ms --no_sleep --avg_comp --debug
E/MP-Decision( 1140): --Nw=[1..3]:[value] --Tw=[1..3]:[value] --Ns=[1..3]:[value] --Ts=[1..3]:[value]
E/Sensors (  399): sensors_poll_context_t::pollEvents, line 202: receive event #### i=3, nb=1
E/Sensors (  399): sensors_poll_context_t::pollEvents, line 202: receive event #### i=3, nb=1
E/Sensors (  399): sensors_poll_context_t::pollEvents, line 202: receive event #### i=3, nb=1
E/MP-Decision( 1143): MPDecision server starting
E/MP-Decision( 1143): OPTION ENABLED: Control sleep modes
E/MP-Decision( 1143): OPTION ENABLED: Adjusting average
E/MP-Decision( 1143): 
E/MP-Decision( 1143):  MP Decision Options:
E/MP-Decision( 1143): --poll_ms --decision_ms --no_sleep --avg_comp --debug
E/MP-Decision( 1143): --Nw=[1..3]:[value] --Tw=[1..3]:[value] --Ns=[1..3]:[value] --Ts=[1..3]:[value]
E/Sensors (  399): sensors_poll_context_t::pollEvents, line 202: receive event #### i=3, nb=1
E/ThermalDaemon(  155): Sensor 'MSM_THERM' - alarm raised 2 at 45.0 degC
E/Sensors (  399): sensors_poll_context_t::pollEvents, line 202: receive event #### i=3, nb=1
E/Sensors (  399): sensors_poll_context_t::pollEvents, line 202: receive event #### i=3, nb=1
E/Sensors (  399): sensors_poll_context_t::pollEvents, line 202: receive event #### i=3, nb=1
E/MP-Decision( 1146): MPDecision server starting
E/MP-Decision( 1146): OPTION ENABLED: Control sleep modes
E/MP-Decision( 1146): OPTION ENABLED: Adjusting average
E/MP-Decision( 1146): 
E/MP-Decision( 1146):  MP Decision Options:
E/MP-Decision( 1146): --poll_ms --decision_ms --no_sleep --avg_comp --debug
E/MP-Decision( 1146): --Nw=[1..3]:[value] --Tw=[1..3]:[value] --Ns=[1..3]:[value] --Ts=[1..3]:[value]
E/Sensors (  399): sensors_poll_context_t::pollEvents, line 202: receive event #### i=3, nb=1
E/Sensors (  399): sensors_poll_context_t::pollEvents, line 202: receive event #### i=3, nb=1
E/Sensors (  399): sensors_poll_context_t::pollEvents, line 202: receive event #### i=3, nb=1
E/MP-Decision( 1149): MPDecision server starting
E/MP-Decision( 1149): OPTION ENABLED: Control sleep modes
E/MP-Decision( 1149): OPTION ENABLED: Adjusting average
E/MP-Decision( 1149): 
E/MP-Decision( 1149):  MP Decision Options:
E/MP-Decision( 1149): --poll_ms --decision_ms --no_sleep --avg_comp --debug
E/MP-Decision( 1149): --Nw=[1..3]:[value] --Tw=[1..3]:[value] --Ns=[1..3]:[value] --Ts=[1..3]:[value]
E/Sensors (  399): sensors_poll_context_t::pollEvents, line 202: receive event #### i=3, nb=1
E/Sensors (  399): sensors_poll_context_t::pollEvents, line 202: receive event #### i=3, nb=1
E/Sensors (  399): sensors_poll_context_t::pollEvents, line 202: receive event #### i=3, nb=1
E/Sensors (  399): sensors_poll_context_t::pollEvents, line 202: receive event #### i=3, nb=1
E/MP-Decision( 1152): MPDecision server starting
E/MP-Decision( 1152): OPTION ENABLED: Control sleep modes
E/MP-Decision( 1152): OPTION ENABLED: Adjusting average
E/MP-Decision( 1152): 
E/MP-Decision( 1152):  MP Decision Options:
E/MP-Decision( 1152): --poll_ms --decision_ms --no_sleep --avg_comp --debug
E/MP-Decision( 1152): --Nw=[1..3]:[value] --Tw=[1..3]:[value] --Ns=[1..3]:[value] --Ts=[1..3]:[value]
E/Sensors (  399): sensors_poll_context_t::pollEvents, line 202: receive event #### i=3, nb=1
E/Sensors (  399): sensors_poll_context_t::pollEvents, line 202: receive event #### i=3, nb=1
E/Sensors (  399): sensors_poll_context_t::pollEvents, line 202: receive event #### i=3, nb=1
E/MP-Decision( 1156): MPDecision server starting
E/MP-Decision( 1156): OPTION ENABLED: Control sleep modes
E/MP-Decision( 1156): OPTION ENABLED: Adjusting average
E/MP-Decision( 1156): 
E/MP-Decision( 1156):  MP Decision Options:
E/MP-Decision( 1156): --poll_ms --decision_ms --no_sleep --avg_comp --debug
E/MP-Decision( 1156): --Nw=[1..3]:[value] --Tw=[1..3]:[value] --Ns=[1..3]:[value] --Ts=[1..3]:[value]
E/Sensors (  399): sensors_poll_context_t::pollEvents, line 202: receive event #### i=3, nb=1
D/dalvikvm(  573): GC_CONCURRENT freed 1821K, 71% free 2397K/8195K, paused 2ms+2ms, total 33ms
E/Sensors (  399): sensors_poll_context_t::pollEvents, line 202: receive event #### i=3, nb=1
E/Sensors (  399): sensors_poll_context_t::pollEvents, line 202: receive event #### i=3, nb=1
E/Sensors (  399): sensors_poll_context_t::pollEvents, line 202: receive event #### i=3, nb=1
E/MP-Decision( 1159): MPDecision server starting
E/MP-Decision( 1159): OPTION ENABLED: Control sleep modes
E/MP-Decision( 1159): OPTION ENABLED: Adjusting average
E/MP-Decision( 1159): 
E/MP-Decision( 1159):  MP Decision Options:
E/MP-Decision( 1159): --poll_ms --decision_ms --no_sleep --avg_comp --debug
E/MP-Decision( 1159): --Nw=[1..3]:[value] --Tw=[1..3]:[value] --Ns=[1..3]:[value] --Ts=[1..3]:[value]
D/CAT     ( 1084): StkAppService:  Unable to get Service handle
E/Sensors (  399): sensors_poll_context_t::pollEvents, line 202: receive event #### i=3, nb=1
E/Sensors (  399): sensors_poll_context_t::pollEvents, line 202: receive event #### i=3, nb=1
E/Sensors (  399): sensors_poll_context_t::pollEvents, line 202: receive event #### i=3, nb=1
E/MP-Decision( 1162): MPDecision server starting
E/MP-Decision( 1162): OPTION ENABLED: Control sleep modes
E/MP-Decision( 1162): OPTION ENABLED: Adjusting average
E/MP-Decision( 1162): 
E/MP-Decision( 1162):  MP Decision Options:
E/MP-Decision( 1162): --poll_ms --decision_ms --no_sleep --avg_comp --debug
E/MP-Decision( 1162): --Nw=[1..3]:[value] --Tw=[1..3]:[value] --Ns=[1..3]:[value] --Ts=[1..3]:[value]
E/Sensors (  399): sensors_poll_context_t::pollEvents, line 202: receive event #### i=3, nb=1
E/Sensors (  399): sensors_poll_context_t::pollEvents, line 202: receive event #### i=3, nb=1
E/Sensors (  399): sensors_poll_context_t::pollEvents, line 202: receive event #### i=3, nb=1
E/Sensors (  399): sensors_poll_context_t::pollEvents, line 202: receive event #### i=3, nb=1
E/MP-Decision( 1165): MPDecision server starting
E/MP-Decision( 1165): OPTION ENABLED: Control sleep modes
E/MP-Decision( 1165): OPTION ENABLED: Adjusting average
E/MP-Decision( 1165): 
E/MP-Decision( 1165):  MP Decision Options:
E/MP-Decision( 1165): --poll_ms --decision_ms --no_sleep --avg_comp --debug
E/MP-Decision( 1165): --Nw=[1..3]:[value] --Tw=[1..3]:[value] --Ns=[1..3]:[value] --Ts=[1..3]:[value]
E/Sensors (  399): sensors_poll_context_t::pollEvents, line 202: receive event #### i=3, nb=1
E/Sensors (  399): sensors_poll_context_t::pollEvents, line 202: receive event #### i=3, nb=1
E/Sensors (  399): sensors_poll_context_t::pollEvents, line 202: receive event #### i=3, nb=1
E/MP-Decision( 1168): MPDecision server starting
E/MP-Decision( 1168): OPTION ENABLED: Control sleep modes
E/MP-Decision( 1168): OPTION ENABLED: Adjusting average
E/MP-Decision( 1168): 
E/MP-Decision( 1168):  MP Decision Options:
E/MP-Decision( 1168): --poll_ms --decision_ms --no_sleep --avg_comp --debug
E/MP-Decision( 1168): --Nw=[1..3]:[value] --Tw=[1..3]:[value] --Ns=[1..3]:[value] --Ts=[1..3]:[value]
E/Sensors (  399): sensors_poll_context_t::pollEvents, line 202: receive event #### i=3, nb=1
E/Sensors (  399): sensors_poll_context_t::pollEvents, line 202: receive event #### i=3, nb=1
E/Sensors (  399): sensors_poll_context_t::pollEvents, line 202: receive event #### i=3, nb=1
E/Sensors (  399): sensors_poll_context_t::pollEvents, line 202: receive event #### i=3, nb=1
E/MP-Decision( 1173): MPDecision server starting
E/MP-Decision( 1173): OPTION ENABLED: Control sleep modes
E/MP-Decision( 1173): OPTION ENABLED: Adjusting average
E/MP-Decision( 1173): 
E/MP-Decision( 1173):  MP Decision Options:
E/MP-Decision( 1173): --poll_ms --decision_ms --no_sleep --avg_comp --debug
E/MP-Decision( 1173): --Nw=[1..3]:[value] --Tw=[1..3]:[value] --Ns=[1..3]:[value] --Ts=[1..3]:[value]
W/ActivityManager(  399): Timeout executing service: ServiceRecord{4249bbd0 com.android.stk/.StkAppService}
I/Process (  399): Sending signal. PID: 1084 SIG: 3
I/dalvikvm( 1084): threadid=3: reacting to signal 3
I/dalvikvm( 1084): Wrote stack traces to '/data/anr/traces.txt'
I/Process (  399): Sending signal. PID: 399 SIG: 3
I/dalvikvm(  399): threadid=3: reacting to signal 3
I/dalvikvm(  399): Wrote stack traces to '/data/anr/traces.txt'
I/Process (  399): Sending signal. PID: 526 SIG: 3
I/dalvikvm(  526): threadid=3: reacting to signal 3
I/dalvikvm(  526): Wrote stack traces to '/data/anr/traces.txt'
D/dalvikvm(  399): GC_EXPLICIT freed 916K, 35% free 5969K/9159K, paused 3ms+6ms, total 63ms
E/Sensors (  399): sensors_poll_context_t::pollEvents, line 202: receive event #### i=3, nb=1
W/ThrottleService(  399): unable to find stats for iface rmnet0
I/Process (  399): Sending signal. PID: 573 SIG: 3
I/dalvikvm(  573): threadid=3: reacting to signal 3
I/dalvikvm(  573): Wrote stack traces to '/data/anr/traces.txt'
E/ActivityManager(  399): ANR in com.android.phone
E/ActivityManager(  399): Reason: Executing service com.android.stk/.StkAppService
E/ActivityManager(  399): Load: 10.42 / 3.81 / 1.38
E/ActivityManager(  399): CPU usage from 12452ms to 0ms ago:
E/ActivityManager(  399):   98% 573/android.process.media: 0.5% user + 98% kernel
E/ActivityManager(  399):   0.7% 399/system_server: 0.3% user + 0.4% kernel / faults: 3 minor
E/ActivityManager(  399):   0.4% 26/kworker/u:2: 0% user + 0.4% kernel
E/ActivityManager(  399):   0.1% 1084/com.android.phone: 0% user + 0% kernel / faults: 11 minor
E/ActivityManager(  399):   0% 1//init: 0% user + 0% kernel / faults: 36 minor
E/ActivityManager(  399):   0% 146/bridgemgrd: 0% user + 0% kernel
E/ActivityManager(  399):   0% 156/adbd: 0% user + 0% kernel
E/ActivityManager(  399):   0% 532/logcat: 0% user + 0% kernel
E/ActivityManager(  399):   0% 1129/logcat: 0% user + 0% kernel
E/ActivityManager(  399): 50% TOTAL: 0.3% user + 50% kernel + 0% iowait
E/ActivityManager(  399): CPU usage from 498ms to 1018ms later with 99% awake:
E/ActivityManager(  399):   100% 573/android.process.media: 1.9% user + 98% kernel
E/ActivityManager(  399):     98% 1048/MediaScannerSer: 1.9% user + 96% kernel
E/ActivityManager(  399):   5.7% 399/system_server: 3.8% user + 1.9% kernel / faults: 10 minor
E/ActivityManager(  399):     1.9% 414/ActivityManager: 1.9% user + 0% kernel
E/ActivityManager(  399):     1.9% 600/ThrottleService: 1.9% user + 0% kernel
E/ActivityManager(  399): 53% TOTAL: 2.8% user + 50% kernel
W/ActivityManager(  399): Killing ProcessRecord{42220438 605:com.android.phone/1001}: background ANR
I/ServiceManager(  129): service 'iphonesubinfo' died
I/ServiceManager(  129): service 'simphonebook' died
I/ServiceManager(  129): service 'isms_msim' died
I/ServiceManager(  129): service 'isms' died
I/ServiceManager(  129): service 'phone' died
I/ServiceManager(  129): service 'simphonebook_msim' died
I/ServiceManager(  129): service 'iphonesubinfo_msim' died
I/ServiceManager(  129): service 'phone_msim' died
I/ServiceManager(  129): service 'sip' died
D/dalvikvm(  399): GC_FOR_ALLOC freed 1294K, 36% free 5896K/9159K, paused 43ms, total 43ms
I/ActivityManager(  399): Process com.android.phone (pid 1084) has died.
W/ActivityManager(  399): Scheduling restart of crashed service com.android.phone/.TelephonyDebugService in 1250ms
W/ActivityManager(  399): Scheduling restart of crashed service com.android.phone/.BluetoothHeadsetService in 11249ms
W/ActivityManager(  399): Scheduling restart of crashed service com.android.stk/.StkAppService in 169696ms
I/ActivityManager(  399): Start proc com.android.phone for restart com.android.phone: pid=1180 uid=1001 gids={3002, 3001, 3003, 1015, 1028}
I/ActivityManager(  399): No longer want com.android.mms (pid 929): hidden #11
D/CountryDetector(  399): No listener is left
I/ActivityThread( 1180): Pub mms: com.android.providers.telephony.MmsProvider
I/ActivityThread( 1180): Pub iccmsim: com.android.phone.MSimIccProvider
I/ActivityThread( 1180): Pub sms: com.android.providers.telephony.SmsProvider
I/ActivityThread( 1180): Pub telephony: com.android.providers.telephony.TelephonyProvider
W/TelephonyProvider( 1180): onCreate: confFile=/system/etc/apns-conf.xml oldCheckSum=-1
I/ActivityThread( 1180): Pub icc: com.android.phone.IccProvider
I/ActivityThread( 1180): Pub mms-sms: com.android.providers.telephony.MmsSmsProvider
V/PhoneApp( 1180): PhoneApp onCreate() DSDS Enabled!!!!
D/MSimPhoneApp( 1180): MSPhoneApp creation
D/MSimPhoneApp( 1180): MSPhoneApp creationcom.android.phone.MSimPhoneApp@4219bbb8
D/MSimPhoneApp( 1180): MSimPhoneApp:com.android.phone.MSimPhoneApp@4219bbb8
D/MSimPhoneApp( 1180):  DSDS PhoneApp:
D/CardSubscriptionManager( 1180): getInstance
D/CardSubscriptionManager( 1180): Constructor - Enter
D/CardSubscriptionManager( 1180): Constructor - Exit
D/SubscriptionManager( 1180): getUserPreferredSubs: strUserSub = ,,,4,-1,-1
D/SubscriptionManager( 1180): getUserPreferredSubs: mUserPrefSubs.subscription[0] = Subscription = { slotId = -1, 3gppIndex = -1, 3gpp2Index = -1, subId = 0, subStatus = SUB_INVALID, appId = null, appLabel = null, appType = null, iccId = null }
D/SubscriptionManager( 1180): getUserPreferredSubs: strUserSub = ,,,4,-1,-1
D/SubscriptionManager( 1180): getUserPreferredSubs: mUserPrefSubs.subscription[1] = Subscription = { slotId = -1, 3gppIndex = -1, 3gpp2Index = -1, subId = 1, subStatus = SUB_INVALID, appId = null, appLabel = null, appType = null, iccId = null }
D/CardSubscriptionManager( 1180): getInstance
D/        ( 1180): [ApnContext:default] set reason as dataEnabled,current state IDLE
D/        ( 1180): [ApnContext:mms] set reason as dataEnabled,current state IDLE
D/        ( 1180): [ApnContext:supl] set reason as dataEnabled,current state IDLE
D/        ( 1180): [ApnContext:dun] set reason as dataEnabled,current state IDLE
D/        ( 1180): [ApnContext:hipri] set reason as dataEnabled,current state IDLE
D/        ( 1180): [ApnContext:fota] set reason as dataEnabled,current state IDLE
D/        ( 1180): [ApnContext:ims] set reason as dataEnabled,current state IDLE
D/        ( 1180): [ApnContext:cbs] set reason as dataEnabled,current state IDLE
D/StatusBar.MSimNetworkController(  526): updateSimState for subscription :0
D/StatusBar.MSimNetworkController(  526): updateSimState simState =UNKNOWN
D/StatusBar.MSimNetworkController(  526): In updateSimIcon card =0, simState= UNKNOWN
D/StatusBar.MSimNetworkController(  526): refreshViews subscription =0mMSimDataConnected =false
W/SignalStrength(  526): getLTELevel - rsrp:2147483647 snr:2147483647 rsrpIconLevel:-1 snrIconLevel:-1
D/StatusBar.MSimNetworkController(  526): refreshViews mMSimDataActivity =0
W/SignalStrength(  526): getLTELevel - rssi:99 rssiIconLevel:0
W/SignalStrength(  526): getGsmLevel=0
W/SignalStrength(  526): getLevel=0
W/SignalStrength(  526): getLTELevel - rsrp:2147483647 snr:2147483647 rsrpIconLevel:-1 snrIconLevel:-1
W/SignalStrength(  526): getLTELevel - rssi:99 rssiIconLevel:0
W/SignalStrength(  526): getGsmLevel=0
W/SignalStrength(  526): getLevel=0
D/        ( 1180): [ApnContext:default] set reason as dataEnabled,current state IDLE
D/StatusBar.MSimNetworkController(  526): refreshViews connected={ } level=0 mMSimcombinedSignalIconId=0x7f0200f8/com.android.systemui:drawable/stat_sys_signal_null mMSimcombinedActivityIconId=0x0 mAirplaneMode=false mMSimDataActivity=0 mMSimPhoneSignalIconId=0x7f0200f8 mMSimDataDirectionIconId=0x0 mMSimDataSignalIconId=0x7f0200f8 mMSimDataTypeIconId=0x0 mNoMSimIconId=0x0 mWifiIconId=0x0 mBluetoothTetherIconId=0x1080580
D/StatusBar.MSimNetworkController(  526): updateDataIcon subscription =0
D/StatusBar.MSimNetworkController(  526): updateDataIcon dataSub =0
D/StatusBar.MSimNetworkController(  526): updateDataIcon  when SimState =UNKNOWN
D/StatusBar.MSimNetworkController(  526): updateDataIcon when mMSimDataConnected =false
D/StatusBar.MSimNetworkController(  526): updateDataIcon subscription =0
D/StatusBar.MSimNetworkController(  526): updateDataIcon dataSub =0
D/StatusBar.MSimNetworkController(  526): updateDataIcon  when SimState =UNKNOWN
D/StatusBar.MSimNetworkController(  526): updateDataIcon when mMSimDataConnected =false
D/StatusBar.MSimNetworkController(  526): refreshViews subscription =0mMSimDataConnected =false
D/StatusBar.MSimNetworkController(  526): refreshViews mMSimDataActivity =0
D/StatusBar.MSimNetworkController(  526): refreshViews connected={ } level=0 mMSimcombinedSignalIconId=0x7f0200f8/com.android.systemui:drawable/stat_sys_signal_null mMSimcombinedActivityIconId=0x0 mAirplaneMode=false mMSimDataActivity=0 mMSimPhoneSignalIconId=0x7f0200f8 mMSimDataDirectionIconId=0x0 mMSimDataSignalIconId=0x7f0200f8 mMSimDataTypeIconId=0x0 mNoMSimIconId=0x0 mWifiIconId=0x0 mBluetoothTetherIconId=0x1080580
D/PhoneStatusBarPolicy(  526): updateSimState for subscription :0
D/        ( 1180): [ApnContext:mms] set reason as dataEnabled,current state IDLE
D/        ( 1180): [ApnContext:supl] set reason as dataEnabled,current state IDLE
D/        ( 1180): [ApnContext:dun] set reason as dataEnabled,current state IDLE
D/        ( 1180): [ApnContext:hipri] set reason as dataEnabled,current state IDLE
D/        ( 1180): [ApnContext:fota] set reason as dataEnabled,current state IDLE
D/        ( 1180): [ApnContext:ims] set reason as dataEnabled,current state IDLE
D/        ( 1180): [ApnContext:cbs] set reason as dataEnabled,current state IDLE
D/StatusBar.MSimNetworkController(  526): updateSimState for subscription :0
D/StatusBar.MSimNetworkController(  526): updateSimState simState =UNKNOWN
D/StatusBar.MSimNetworkController(  526): In updateSimIcon card =0, simState= UNKNOWN
D/StatusBar.MSimNetworkController(  526): refreshViews subscription =0mMSimDataConnected =false
W/SignalStrength(  526): getLTELevel - rsrp:2147483647 snr:2147483647 rsrpIconLevel:-1 snrIconLevel:-1
W/SignalStrength(  526): getLTELevel - rssi:99 rssiIconLevel:0
W/SignalStrength(  526): getGsmLevel=0
W/SignalStrength(  526): getLevel=0
D/StatusBar.MSimNetworkController(  526): refreshViews mMSimDataActivity =0
D/StatusBar.MSimNetworkController(  526): refreshViews connected={ } level=0 mMSimcombinedSignalIconId=0x7f0200f8/com.android.systemui:drawable/stat_sys_signal_null mMSimcombinedActivityIconId=0x0 mAirplaneMode=false mMSimDataActivity=0 mMSimPhoneSignalIconId=0x7f0200f8 mMSimDataDirectionIconId=0x0 mMSimDataSignalIconId=0x7f0200f8 mMSimDataTypeIconId=0x0 mNoMSimIconId=0x0 mWifiIconId=0x0 mBluetoothTetherIconId=0x1080580
D/StatusBar.MSimNetworkController(  526): updateDataIcon subscription =0
D/StatusBar.MSimNetworkController(  526): updateDataIcon dataSub =0
D/StatusBar.MSimNetworkController(  526): updateDataIcon  when SimState =UNKNOWN
D/PROXY   ( 1180): Constructor - Enter
W/SignalStrength(  526): getLTELevel - rsrp:2147483647 snr:2147483647 rsrpIconLevel:-1 snrIconLevel:-1
D/CardSubscriptionManager( 1180): getInstance
D/PROXY   ( 1180): Constructor - Exit
W/SignalStrength(  526): getLTELevel - rssi:99 rssiIconLevel:0
W/SignalStrength(  526): getGsmLevel=0
W/SignalStrength(  526): getLevel=0
D/CallManager( 1180): registerPhone(GSM Handler (com.android.internal.telephony.msim.MSimPhoneProxy) {421ae050})
D/StatusBar.MSimNetworkController(  526): updateDataIcon when mMSimDataConnected =false
D/StatusBar.MSimNetworkController(  526): updateDataIcon subscription =0
D/StatusBar.MSimNetworkController(  526): updateDataIcon dataSub =0
D/StatusBar.MSimNetworkController(  526): updateDataIcon  when SimState =UNKNOWN
D/StatusBar.MSimNetworkController(  526): updateDataIcon when mMSimDataConnected =false
D/StatusBar.MSimNetworkController(  526): refreshViews subscription =0mMSimDataConnected =false
D/StatusBar.MSimNetworkController(  526): refreshViews mMSimDataActivity =0
D/StatusBar.MSimNetworkController(  526): refreshViews connected={ } level=0 mMSimcombinedSignalIconId=0x7f0200f8/com.android.systemui:drawable/stat_sys_signal_null mMSimcombinedActivityIconId=0x0 mAirplaneMode=false mMSimDataActivity=0 mMSimPhoneSignalIconId=0x7f0200f8 mMSimDataDirectionIconId=0x0 mMSimDataSignalIconId=0x7f0200f8 mMSimDataTypeIconId=0x0 mNoMSimIconId=0x0 mWifiIconId=0x0 mBluetoothTetherIconId=0x1080580
D/PhoneStatusBarPolicy(  526): updateSimState for subscription :0
D/CallManager( 1180): registerPhone(GSM Handler (com.android.internal.telephony.msim.MSimPhoneProxy) {421ce240})
V/MSimPhoneApp( 1180): updatePhoneAppCdmaVariables0
D/PhoneInterfaceManager( 1180):  Registering for UNSOL OEM HOOK Responses to deliver external apps
D/MSimPhoneInterfaceManager( 1180):  Registering for UNSOL OEM HOOK Responses to deliver external apps
D/MSimCallNotifier( 1180): getPhoneStateListener: SUBSCRIPTION == 0
D/MSimCallNotifier( 1180): getPhoneStateListener: SUBSCRIPTION == 1
W/ActivityManager(  399): Unable to start service Intent { act=com.android.ussd.IExtendedNetworkService }: not found
D/CallManager( 1180): setAudioMode useInCallMode = false, Baseband = msm
D/CardSubscriptionManager( 1180): EVENT_RADIO_OFF_OR_NOT_AVAILABLE
D/CardSubscriptionManager( 1180): processRadioUnavailable on cardIndex = 0
D/CardSubscriptionManager( 1180): resetCardInfo(): cardIndex = 0
D/CardSubscriptionManager( 1180): EVENT_RADIO_OFF_OR_NOT_AVAILABLE
D/CardSubscriptionManager( 1180): processRadioUnavailable on cardIndex = 1
D/CardSubscriptionManager( 1180): resetCardInfo(): cardIndex = 1
D/CardSubscriptionManager( 1180): EVENT_ICC_CHANGED
D/CardSubscriptionManager( 1180): handleIccChanged: ENTER
D/CardSubscriptionManager( 1180): handleIccChanged: EXIT
D/SubscriptionManager( 1180): EVENT_RADIO_OFF_OR_NOT_AVAILABLE on SUB: 0
D/SubscriptionManager( 1180): EVENT_RADIO_OFF_OR_NOT_AVAILABLE on SUB: 1
I/MSimTelephonyRegistry(  399): notifyServiceState: 3 home null null null  Unknown CSS not supported -1 -1 mDataState=3 RoamInd=-1 DefRoamInd=-1 EmergOnly=false
D/StatusBar.MSimNetworkController(  526): onServiceStateChanged received on subscription :0state=3
D/StatusBar.MSimNetworkController(  526): updateTelephonySignalStrength: subscription =0
D/StatusBar.MSimNetworkController(  526):  No service
D/StatusBar.MSimNetworkController(  526): updateDataNetType sub = 0 mDataNetType = 0
E/StatusBar.MSimNetworkController(  526): updateDataNetType NETWORK_TYPE_UNKNOWN
D/StatusBar.MSimNetworkController(  526): updateDataIcon subscription =0
D/StatusBar.MSimNetworkController(  526): updateDataIcon dataSub =0
D/StatusBar.MSimNetworkController(  526): updateDataIcon  when SimState =UNKNOWN
D/StatusBar.MSimNetworkController(  526): updateDataIcon when mMSimDataConnected =false
D/StatusBar.MSimNetworkController(  526): refreshViews subscription =0mMSimDataConnected =false
W/SignalStrength(  526): getLTELevel - rsrp:2147483647 snr:2147483647 rsrpIconLevel:-1 snrIconLevel:-1
W/SignalStrength(  526): getLTELevel - rssi:99 rssiIconLevel:0
W/SignalStrength(  526): getGsmLevel=0
W/SignalStrength(  526): getLevel=0
D/StatusBar.MSimNetworkController(  526): refreshViews mMSimDataActivity =0
D/StatusBar.MSimNetworkController(  526): refreshViews connected={ } level=0 mMSimcombinedSignalIconId=0x7f0200f8/com.android.systemui:drawable/stat_sys_signal_null mMSimcombinedActivityIconId=0x0 mAirplaneMode=false mMSimDataActivity=0 mMSimPhoneSignalIconId=0x7f0200f8 mMSimDataDirectionIconId=0x0 mMSimDataSignalIconId=0x7f0200f8 mMSimDataTypeIconId=0x0 mNoMSimIconId=0x0 mWifiIconId=0x0 mBluetoothTetherIconId=0x1080580
I/MSimTelephonyRegistry(  399): notifyServiceState: 3 home null null null  Unknown CSS not supported -1 -1 mDataState=3 RoamInd=-1 DefRoamInd=-1 EmergOnly=false
D/StatusBar.MSimNetworkController(  526): onServiceStateChanged received on subscription :1state=3
D/StatusBar.MSimNetworkController(  526): updateTelephonySignalStrength: subscription =1
D/StatusBar.MSimNetworkController(  526):  No service
D/StatusBar.MSimNetworkController(  526): updateDataNetType sub = 1 mDataNetType = 0
E/StatusBar.MSimNetworkController(  526): updateDataNetType NETWORK_TYPE_UNKNOWN
D/StatusBar.MSimNetworkController(  526): updateDataIcon subscription =1
D/StatusBar.MSimNetworkController(  526): updateDataIcon dataSub =0
D/StatusBar.MSimNetworkController(  526): updateDataIcon return
D/StatusBar.MSimNetworkController(  526): refreshViews subscription =1mMSimDataConnected =false
W/SignalStrength(  526): getLTELevel - rsrp:2147483647 snr:2147483647 rsrpIconLevel:-1 snrIconLevel:-1
W/SignalStrength(  526): getLTELevel - rssi:99 rssiIconLevel:0
W/SignalStrength(  526): getGsmLevel=0
W/SignalStrength(  526): getLevel=0
D/DebugService( 1180): DebugService DebugService:
D/TelephonyDebugService( 1180): TelephonyDebugService()
D/StatusBar.MSimNetworkController(  526): refreshViews mMSimDataActivity =0
D/StatusBar.MSimNetworkController(  526): refreshViews connected={ } level=0 mMSimcombinedSignalIconId=0x7f0200f8/com.android.systemui:drawable/stat_sys_signal_null mMSimcombinedActivityIconId=0x0 mAirplaneMode=false mMSimDataActivity=0 mMSimPhoneSignalIconId=0x7f0200f8 mMSimDataDirectionIconId=0x0 mMSimDataSignalIconId=0x7f0200f8 mMSimDataTypeIconId=0x0 mNoMSimIconId=0x0 mWifiIconId=0x0 mBluetoothTetherIconId=0x1080580
D/Bluetooth HSHFP( 1180): Starting BluetoothHeadsetService
V/MSimPhoneApp( 1180): Action intent recieved:android.intent.action.ANY_DATA_STATE
V/MSimPhoneApp( 1180): Action intent recieved:android.intent.action.SIM_STATE_CHANGED
V/MSimPhoneApp( 1180): Action intent recieved:android.intent.action.SERVICE_STATE
V/MSimPhoneApp( 1180): Action intent recieved:android.media.RINGER_MODE_CHANGED
D/SubscriptionManager( 1180): EVENT_CARD_INFO_NOT_AVAILABLE
D/SubscriptionManager( 1180): processCardInfoNotAvailable on cardIndex = 0 reason = REASON_RADIO_UNAVAILABLE
D/SubscriptionManager( 1180): processCardInfoNotAvailable mSetSubsModeRequired = true
D/SubscriptionManager( 1180): EVENT_CARD_INFO_NOT_AVAILABLE
D/SubscriptionManager( 1180): processCardInfoNotAvailable on cardIndex = 1 reason = REASON_RADIO_UNAVAILABLE
D/SubscriptionManager( 1180): processCardInfoNotAvailable mSetSubsModeRequired = true
V/MSimPhoneApp( 1180): Action intent recieved:android.intent.action.SERVICE_STATE
V/MSimPhoneApp( 1180): Action intent recieved:android.intent.action.ANY_DATA_STATE
V/MSimPhoneApp( 1180): Action intent recieved:android.intent.action.ANY_DATA_STATE
V/MSimPhoneApp( 1180): Action intent recieved:android.intent.action.ANY_DATA_STATE
V/MSimPhoneApp( 1180): Action intent recieved:android.intent.action.ANY_DATA_STATE
V/MSimPhoneApp( 1180): Action intent recieved:android.intent.action.ANY_DATA_STATE
V/MSimPhoneApp( 1180): Action intent recieved:android.intent.action.ANY_DATA_STATE
V/MSimPhoneApp( 1180): Action intent recieved:android.intent.action.ANY_DATA_STATE
V/MSimPhoneApp( 1180): Action intent recieved:android.intent.action.ANY_DATA_STATE
V/MSimPhoneApp( 1180): Action intent recieved:android.intent.action.ANY_DATA_STATE
V/MSimPhoneApp( 1180): Action intent recieved:android.intent.action.ANY_DATA_STATE
V/MSimPhoneApp( 1180): Action intent recieved:android.intent.action.ANY_DATA_STATE
V/MSimPhoneApp( 1180): Action intent recieved:android.intent.action.ANY_DATA_STATE
V/MSimPhoneApp( 1180): Action intent recieved:android.intent.action.ANY_DATA_STATE
V/MSimPhoneApp( 1180): Action intent recieved:android.intent.action.ANY_DATA_STATE
V/MSimPhoneApp( 1180): Action intent recieved:android.intent.action.ANY_DATA_STATE
V/MSimPhoneApp( 1180): Action intent recieved:android.intent.action.ANY_DATA_STATE
V/MSimPhoneApp( 1180): Action intent recieved:android.intent.action.ANY_DATA_STATE
V/MSimPhoneApp( 1180): Action intent recieved:android.intent.action.ANY_DATA_STATE
V/MSimPhoneApp( 1180): Action intent recieved:android.intent.action.ANY_DATA_STATE
V/MSimPhoneApp( 1180): Action intent recieved:android.intent.action.ANY_DATA_STATE
V/MSimPhoneApp( 1180): Action intent recieved:android.intent.action.ANY_DATA_STATE
V/MSimPhoneApp( 1180): Action intent recieved:android.intent.action.ANY_DATA_STATE
V/MSimPhoneApp( 1180): Action intent recieved:android.intent.action.ANY_DATA_STATE
V/MSimPhoneApp( 1180): Action intent recieved:android.intent.action.ANY_DATA_STATE
V/MSimPhoneApp( 1180): Action intent recieved:android.intent.action.ANY_DATA_STATE
V/MSimPhoneApp( 1180): Action intent recieved:android.intent.action.ANY_DATA_STATE
V/MSimPhoneApp( 1180): Action intent recieved:android.intent.action.ANY_DATA_STATE
V/MSimPhoneApp( 1180): Action intent recieved:android.intent.action.ANY_DATA_STATE
V/MSimPhoneApp( 1180): Action intent recieved:android.intent.action.ANY_DATA_STATE
V/MSimPhoneApp( 1180): Action intent recieved:android.intent.action.ANY_DATA_STATE
V/MSimPhoneApp( 1180): Action intent recieved:android.intent.action.ANY_DATA_STATE
V/MSimPhoneApp( 1180): Action intent recieved:android.intent.action.ANY_DATA_STATE
V/MSimPhoneApp( 1180): Action intent recieved:android.intent.action.ANY_DATA_STATE
V/MSimPhoneApp( 1180): Action intent recieved:android.intent.action.ANY_DATA_STATE
V/MSimPhoneApp( 1180): Action intent recieved:android.intent.action.ANY_DATA_STATE
V/MSimPhoneApp( 1180): Action intent recieved:android.intent.action.ANY_DATA_STATE
V/MSimPhoneApp( 1180): Action intent recieved:android.intent.action.ANY_DATA_STATE
V/MSimPhoneApp( 1180): Action intent recieved:android.intent.action.SERVICE_STATE
V/SipBroadcastReceiver( 1180): start auto registration
E/Sensors (  399): sensors_poll_context_t::pollEvents, line 202: receive event #### i=3, nb=1
E/Sensors (  399): sensors_poll_context_t::pollEvents, line 202: receive event #### i=3, nb=1
I/dalvikvm(  399): Jit: resizing JitTable from 4096 to 8192
E/MP-Decision( 1209): MPDecision server starting
E/MP-Decision( 1209): OPTION ENABLED: Control sleep modes
E/MP-Decision( 1209): OPTION ENABLED: Adjusting average
E/MP-Decision( 1209): 
E/MP-Decision( 1209):  MP Decision Options:
E/MP-Decision( 1209): --poll_ms --decision_ms --no_sleep --avg_comp --debug
E/MP-Decision( 1209): --Nw=[1..3]:[value] --Tw=[1..3]:[value] --Ns=[1..3]:[value] --Ts=[1..3]:[value]
E/Sensors (  399): sensors_poll_context_t::pollEvents, line 202: receive event #### i=3, nb=1
E/Sensors (  399): sensors_poll_context_t::pollEvents, line 202: receive event #### i=3, nb=1
D/dalvikvm(  573): GC_CONCURRENT freed 1776K, 72% free 2337K/8195K, paused 6ms+2ms, total 39ms
E/Sensors (  399): sensors_poll_context_t::pollEvents, line 202: receive event #### i=3, nb=1
E/Sensors (  399): sensors_poll_context_t::pollEvents, line 202: receive event #### i=3, nb=1
E/MP-Decision( 1212): MPDecision server starting
E/MP-Decision( 1212): OPTION ENABLED: Control sleep modes
E/MP-Decision( 1212): OPTION ENABLED: Adjusting average
E/MP-Decision( 1212): 
E/MP-Decision( 1212):  MP Decision Options:
E/MP-Decision( 1212): --poll_ms --decision_ms --no_sleep --avg_comp --debug
E/MP-Decision( 1212): --Nw=[1..3]:[value] --Tw=[1..3]:[value] --Ns=[1..3]:[value] --Ts=[1..3]:[value]
E/Sensors (  399): sensors_poll_context_t::pollEvents, line 202: receive event #### i=3, nb=1
E/Sensors (  399): sensors_poll_context_t::pollEvents, line 202: receive event #### i=3, nb=1
E/Sensors (  399): sensors_poll_context_t::pollEvents, line 202: receive event #### i=3, nb=1
E/MP-Decision( 1215): MPDecision server starting
E/MP-Decision( 1215): OPTION ENABLED: Control sleep modes
E/MP-Decision( 1215): OPTION ENABLED: Adjusting average
E/MP-Decision( 1215): 
E/MP-Decision( 1215):  MP Decision Options:
E/MP-Decision( 1215): --poll_ms --decision_ms --no_sleep --avg_comp --debug
E/MP-Decision( 1215): --Nw=[1..3]:[value] --Tw=[1..3]:[value] --Ns=[1..3]:[value] --Ts=[1..3]:[value]
E/Sensors (  399): sensors_poll_context_t::pollEvents, line 202: receive event #### i=3, nb=1
E/Sensors (  399): sensors_poll_context_t::pollEvents, line 202: receive event #### i=3, nb=1
E/Sensors (  399): sensors_poll_context_t::pollEvents, line 202: receive event #### i=3, nb=1
E/Sensors (  399): sensors_poll_context_t::pollEvents, line 202: receive event #### i=3, nb=1
E/MP-Decision( 1218): MPDecision server starting
E/MP-Decision( 1218): OPTION ENABLED: Control sleep modes
E/MP-Decision( 1218): OPTION ENABLED: Adjusting average
E/MP-Decision( 1218): 
E/MP-Decision( 1218):  MP Decision Options:
E/MP-Decision( 1218): --poll_ms --decision_ms --no_sleep --avg_comp --debug
E/MP-Decision( 1218): --Nw=[1..3]:[value] --Tw=[1..3]:[value] --Ns=[1..3]:[value] --Ts=[1..3]:[value]
E/Sensors (  399): sensors_poll_context_t::pollEvents, line 202: receive event #### i=3, nb=1
E/Sensors (  399): sensors_poll_context_t::pollEvents, line 202: receive event #### i=3, nb=1
E/Sensors (  399): sensors_poll_context_t::pollEvents, line 202: receive event #### i=3, nb=1
E/MP-Decision( 1221): MPDecision server starting
E/MP-Decision( 1221): OPTION ENABLED: Control sleep modes
E/MP-Decision( 1221): OPTION ENABLED: Adjusting average
E/MP-Decision( 1221): 
E/MP-Decision( 1221):  MP Decision Options:
E/MP-Decision( 1221): --poll_ms --decision_ms --no_sleep --avg_comp --debug
E/MP-Decision( 1221): --Nw=[1..3]:[value] --Tw=[1..3]:[value] --Ns=[1..3]:[value] --Ts=[1..3]:[value]
E/Sensors (  399): sensors_poll_context_t::pollEvents, line 202: receive event #### i=3, nb=1
D/dalvikvm(  573): GC_CONCURRENT freed 1735K, 72% free 2360K/8195K, paused 3ms+3ms, total 42ms
E/Sensors (  399): sensors_poll_context_t::pollEvents, line 202: receive event #### i=3, nb=1
D/dalvikvm(  399): GC_EXPLICIT freed 756K, 38% free 5705K/9159K, paused 4ms+5ms, total 55ms
D/dalvikvm(  399): GC_EXPLICIT freed 160K, 39% free 5656K/9159K, paused 3ms+5ms, total 52ms
D/dalvikvm(  573): GC_EXPLICIT freed 733K, 70% free 2488K/8195K, paused 2ms+4ms, total 33ms
D/dalvikvm(  399): GC_EXPLICIT freed 110K, 39% free 5656K/9159K, paused 3ms+5ms, total 55ms
W/MediaScanner(  573): Error opening directory '/storage/sdcard1/.android_secure/', skipping: Permission denied.
E/Sensors (  399): sensors_poll_context_t::pollEvents, line 202: receive event #### i=3, nb=1
D/dalvikvm(  399): GC_EXPLICIT freed 112K, 39% free 5656K/9159K, paused 3ms+5ms, total 56ms
D/dalvikvm(  573): GC_EXPLICIT freed 406K, 69% free 2576K/8195K, paused 2ms+5ms, total 29ms
D/dalvikvm(  399): WAIT_FOR_CONCURRENT_GC blocked 1ms
D/dalvikvm(  399): GC_EXPLICIT freed 110K, 39% free 5656K/9159K, paused 3ms+5ms, total 52ms
D/dalvikvm(  399): GC_EXPLICIT freed 111K, 39% free 5656K/9159K, paused 3ms+5ms, total 55ms
D/dalvikvm(  573): GC_EXPLICIT freed 477K, 69% free 2576K/8195K, paused 2ms+5ms, total 28ms
E/Sensors (  399): sensors_poll_context_t::pollEvents, line 202: receive event #### i=3, nb=1
D/dalvikvm(  399): GC_EXPLICIT freed 110K, 39% free 5656K/9159K, paused 3ms+6ms, total 53ms
D/dalvikvm(  399): GC_EXPLICIT freed 111K, 39% free 5656K/9159K, paused 3ms+5ms, total 56ms
D/dalvikvm(  573): GC_EXPLICIT freed 470K, 69% free 2577K/8195K, paused 2ms+6ms, total 29ms
E/MP-Decision( 1224): MPDecision server starting
E/MP-Decision( 1224): OPTION ENABLED: Control sleep modes
E/MP-Decision( 1224): OPTION ENABLED: Adjusting average
E/MP-Decision( 1224): 
E/MP-Decision( 1224):  MP Decision Options:
E/MP-Decision( 1224): --poll_ms --decision_ms --no_sleep --avg_comp --debug
E/MP-Decision( 1224): --Nw=[1..3]:[value] --Tw=[1..3]:[value] --Ns=[1..3]:[value] --Ts=[1..3]:[value]
D/dalvikvm(  399): GC_EXPLICIT freed 110K, 39% free 5656K/9159K, paused 3ms+5ms, total 57ms
D/dalvikvm(  399): GC_EXPLICIT freed 111K, 39% free 5656K/9159K, paused 3ms+5ms, total 52ms
D/dalvikvm(  573): GC_EXPLICIT freed 477K, 69% free 2577K/8195K, paused 2ms+6ms, total 29ms
E/Sensors (  399): sensors_poll_context_t::pollEvents, line 202: receive event #### i=3, nb=1
D/dalvikvm(  399): GC_EXPLICIT freed 110K, 39% free 5656K/9159K, paused 3ms+5ms, total 56ms
D/dalvikvm(  573): null clazz in OP_INSTANCE_OF, single-stepping
D/dalvikvm(  399): GC_EXPLICIT freed 118K, 39% free 5657K/9159K, paused 4ms+5ms, total 56ms
D/dalvikvm(  573): GC_EXPLICIT freed 469K, 69% free 2572K/8195K, paused 3ms+5ms, total 29ms
D/dalvikvm(  399): GC_EXPLICIT freed 111K, 39% free 5656K/9159K, paused 3ms+5ms, total 56ms
E/Sensors (  399): sensors_poll_context_t::pollEvents, line 202: receive event #### i=3, nb=1
D/dalvikvm(  399): GC_EXPLICIT freed 111K, 39% free 5655K/9159K, paused 4ms+4ms, total 56ms
D/dalvikvm(  573): GC_EXPLICIT freed 491K, 69% free 2575K/8195K, paused 2ms+6ms, total 29ms
D/dalvikvm(  399): GC_EXPLICIT freed 110K, 39% free 5656K/9159K, paused 3ms+5ms, total 56ms
D/dalvikvm(  399): GC_EXPLICIT freed 111K, 39% free 5655K/9159K, paused 3ms+6ms, total 54ms
D/dalvikvm(  573): GC_EXPLICIT freed 496K, 69% free 2577K/8195K, paused 2ms+5ms, total 34ms
D/dalvikvm(  399): GC_EXPLICIT freed 110K, 39% free 5656K/9159K, paused 3ms+5ms, total 56ms
E/Sensors (  399): sensors_poll_context_t::pollEvents, line 202: receive event #### i=3, nb=1
D/dalvikvm(  399): GC_EXPLICIT freed 111K, 39% free 5655K/9159K, paused 3ms+4ms, total 56ms
D/dalvikvm(  573): GC_EXPLICIT freed 498K, 69% free 2577K/8195K, paused 2ms+5ms, total 29ms
D/dalvikvm(  399): GC_EXPLICIT freed 110K, 39% free 5656K/9159K, paused 3ms+4ms, total 53ms
D/dalvikvm(  399): GC_EXPLICIT freed 111K, 39% free 5655K/9159K, paused 3ms+4ms, total 56ms
D/dalvikvm(  573): GC_EXPLICIT freed 497K, 69% free 2577K/8195K, paused 2ms+5ms, total 28ms
E/MP-Decision( 1228): MPDecision server starting
E/MP-Decision( 1228): OPTION ENABLED: Control sleep modes
E/MP-Decision( 1228): OPTION ENABLED: Adjusting average
E/MP-Decision( 1228): 
E/MP-Decision( 1228):  MP Decision Options:
E/MP-Decision( 1228): --poll_ms --decision_ms --no_sleep --avg_comp --debug
E/MP-Decision( 1228): --Nw=[1..3]:[value] --Tw=[1..3]:[value] --Ns=[1..3]:[value] --Ts=[1..3]:[value]
E/Sensors (  399): sensors_poll_context_t::pollEvents, line 202: receive event #### i=3, nb=1
D/dalvikvm(  399): GC_EXPLICIT freed 110K, 39% free 5656K/9159K, paused 3ms+5ms, total 56ms
D/dalvikvm(  399): GC_EXPLICIT freed 111K, 39% free 5655K/9159K, paused 3ms+5ms, total 55ms
D/dalvikvm(  573): GC_EXPLICIT freed 498K, 69% free 2577K/8195K, paused 2ms+5ms, total 29ms
D/dalvikvm(  399): GC_EXPLICIT freed 110K, 39% free 5656K/9159K, paused 3ms+5ms, total 53ms
D/dalvikvm(  399): GC_EXPLICIT freed 112K, 39% free 5656K/9159K, paused 3ms+4ms, total 56ms
D/dalvikvm(  573): GC_EXPLICIT freed 498K, 69% free 2577K/8195K, paused 2ms+5ms, total 28ms
E/Sensors (  399): sensors_poll_context_t::pollEvents, line 202: receive event #### i=3, nb=1
D/dalvikvm(  399): GC_EXPLICIT freed 110K, 39% free 5656K/9159K, paused 3ms+4ms, total 56ms
D/dalvikvm(  399): GC_EXPLICIT freed 111K, 39% free 5655K/9159K, paused 3ms+4ms, total 56ms
D/dalvikvm(  573): GC_EXPLICIT freed 497K, 69% free 2577K/8195K, paused 2ms+5ms, total 29ms
D/dalvikvm(  399): GC_EXPLICIT freed 110K, 39% free 5656K/9159K, paused 3ms+4ms, total 52ms
D/dalvikvm(  399): WAIT_FOR_CONCURRENT_GC blocked 1ms
D/dalvikvm(  399): GC_EXPLICIT freed 111K, 39% free 5655K/9159K, paused 3ms+5ms, total 52ms
E/Sensors (  399): sensors_poll_context_t::pollEvents, line 202: receive event #### i=3, nb=1
D/dalvikvm(  573): GC_EXPLICIT freed 498K, 69% free 2577K/8195K, paused 2ms+5ms, total 29ms
D/dalvikvm(  399): GC_EXPLICIT freed 110K, 39% free 5656K/9159K, paused 3ms+4ms, total 52ms
D/dalvikvm(  399): GC_EXPLICIT freed 111K, 39% free 5655K/9159K, paused 3ms+5ms, total 65ms
D/dalvikvm(  573): GC_EXPLICIT freed 498K, 69% free 2577K/8195K, paused 2ms+6ms, total 30ms
D/dalvikvm(  399): GC_EXPLICIT freed 110K, 39% free 5656K/9159K, paused 3ms+5ms, total 55ms
E/Sensors (  399): sensors_poll_context_t::pollEvents, line 202: receive event #### i=3, nb=1
D/dalvikvm(  399): GC_EXPLICIT freed 111K, 39% free 5655K/9159K, paused 3ms+4ms, total 53ms
D/dalvikvm(  573): GC_EXPLICIT freed 498K, 69% free 2577K/8195K, paused 2ms+5ms, total 29ms
E/MP-Decision( 1231): MPDecision server starting
E/MP-Decision( 1231): OPTION ENABLED: Control sleep modes
E/MP-Decision( 1231): OPTION ENABLED: Adjusting average
E/MP-Decision( 1231): 
E/MP-Decision( 1231):  MP Decision Options:
E/MP-Decision( 1231): --poll_ms --decision_ms --no_sleep --avg_comp --debug
E/MP-Decision( 1231): --Nw=[1..3]:[value] --Tw=[1..3]:[value] --Ns=[1..3]:[value] --Ts=[1..3]:[value]
D/dalvikvm(  399): GC_EXPLICIT freed 110K, 39% free 5656K/9159K, paused 3ms+5ms, total 52ms
D/dalvikvm(  399): GC_EXPLICIT freed 111K, 39% free 5656K/9159K, paused 3ms+4ms, total 53ms
D/dalvikvm(  573): GC_EXPLICIT freed 498K, 69% free 2577K/8195K, paused 2ms+6ms, total 29ms
E/Sensors (  399): sensors_poll_context_t::pollEvents, line 202: receive event #### i=3, nb=1
D/dalvikvm(  399): GC_EXPLICIT freed 110K, 39% free 5656K/9159K, paused 3ms+5ms, total 54ms
D/dalvikvm(  399): GC_EXPLICIT freed 111K, 39% free 5655K/9159K, paused 3ms+4ms, total 52ms
D/dalvikvm(  573): GC_EXPLICIT freed 498K, 69% free 2577K/8195K, paused 2ms+5ms, total 28ms
D/dalvikvm(  399): GC_EXPLICIT freed 110K, 39% free 5656K/9159K, paused 3ms+5ms, total 54ms
D/dalvikvm(  399): GC_EXPLICIT freed 111K, 39% free 5655K/9159K, paused 2ms+4ms, total 53ms
D/dalvikvm(  573): GC_EXPLICIT freed 498K, 69% free 2577K/8195K, paused 2ms+5ms, total 28ms
E/Sensors (  399): sensors_poll_context_t::pollEvents, line 202: receive event #### i=3, nb=1
D/dalvikvm(  399): GC_EXPLICIT freed 110K, 39% free 5656K/9159K, paused 3ms+4ms, total 52ms
D/dalvikvm(  399): GC_EXPLICIT freed 127K, 39% free 5657K/9159K, paused 3ms+5ms, total 53ms
D/dalvikvm(  573): GC_EXPLICIT freed 498K, 69% free 2577K/8195K, paused 2ms+6ms, total 29ms
D/dalvikvm(  399): GC_EXPLICIT freed 112K, 39% free 5656K/9159K, paused 3ms+5ms, total 53ms
D/dalvikvm(  399): GC_EXPLICIT freed 111K, 39% free 5655K/9159K, paused 3ms+4ms, total 53ms
E/Sensors (  399): sensors_poll_context_t::pollEvents, line 202: receive event #### i=3, nb=1
D/dalvikvm(  573): GC_EXPLICIT freed 498K, 69% free 2577K/8195K, paused 2ms+6ms, total 29ms
D/dalvikvm(  399): GC_EXPLICIT freed 110K, 39% free 5656K/9159K, paused 3ms+5ms, total 56ms
D/dalvikvm(  399): GC_EXPLICIT freed 111K, 39% free 5655K/9159K, paused 3ms+5ms, total 57ms
D/dalvikvm(  573): GC_EXPLICIT freed 498K, 69% free 2577K/8195K, paused 2ms+6ms, total 28ms
D/dalvikvm(  399): GC_EXPLICIT freed 110K, 39% free 5656K/9159K, paused 3ms+5ms, total 56ms
E/MP-Decision( 1235): MPDecision server starting
E/MP-Decision( 1235): OPTION ENABLED: Control sleep modes
E/MP-Decision( 1235): OPTION ENABLED: Adjusting average
E/MP-Decision( 1235): 
E/MP-Decision( 1235):  MP Decision Options:
E/MP-Decision( 1235): --poll_ms --decision_ms --no_sleep --avg_comp --debug
E/MP-Decision( 1235): --Nw=[1..3]:[value] --Tw=[1..3]:[value] --Ns=[1..3]:[value] --Ts=[1..3]:[value]
E/Sensors (  399): sensors_poll_context_t::pollEvents, line 202: receive event #### i=3, nb=1
D/dalvikvm(  399): GC_EXPLICIT freed 111K, 39% free 5655K/9159K, paused 3ms+4ms, total 56ms
D/dalvikvm(  573): GC_EXPLICIT freed 498K, 69% free 2577K/8195K, paused 2ms+5ms, total 29ms
D/dalvikvm(  399): GC_EXPLICIT freed 110K, 39% free 5656K/9159K, paused 4ms+4ms, total 53ms
D/dalvikvm(  399): GC_EXPLICIT freed 111K, 39% free 5655K/9159K, paused 3ms+5ms, total 53ms
D/dalvikvm(  573): GC_EXPLICIT freed 498K, 69% free 2577K/8195K, paused 2ms+6ms, total 29ms
E/Sensors (  399): sensors_poll_context_t::pollEvents, line 202: receive event #### i=3, nb=1
D/dalvikvm(  399): GC_EXPLICIT freed 110K, 39% free 5656K/9159K, paused 3ms+4ms, total 53ms
D/dalvikvm(  399): GC_EXPLICIT freed 111K, 39% free 5655K/9159K, paused 3ms+4ms, total 55ms
D/dalvikvm(  573): GC_EXPLICIT freed 498K, 69% free 2577K/8195K, paused 2ms+6ms, total 29ms
D/dalvikvm(  399): GC_EXPLICIT freed 110K, 39% free 5656K/9159K, paused 4ms+5ms, total 57ms
D/dalvikvm(  399): GC_EXPLICIT freed 113K, 39% free 5655K/9159K, paused 3ms+5ms, total 54ms
D/dalvikvm(  573): GC_EXPLICIT freed 498K, 69% free 2577K/8195K, paused 2ms+6ms, total 28ms
E/Sensors (  399): sensors_poll_context_t::pollEvents, line 202: receive event #### i=3, nb=1
D/dalvikvm(  399): GC_EXPLICIT freed 110K, 39% free 5656K/9159K, paused 3ms+5ms, total 56ms
D/dalvikvm(  399): GC_EXPLICIT freed 111K, 39% free 5655K/9159K, paused 3ms+4ms, total 56ms
D/dalvikvm(  573): GC_EXPLICIT freed 498K, 69% free 2577K/8195K, paused 2ms+5ms, total 29ms
D/dalvikvm(  399): GC_EXPLICIT freed 110K, 39% free 5656K/9159K, paused 3ms+5ms, total 57ms
