--------- beginning of /dev/log/system
I/Vold    (  130): Vold 2.1 (the revenge) firing up
D/Vold    (  130): Volume sdcard state changing -1 (Initializing) -> 0 (No-Media)
D/Vold    (  130): Volume emmc state changing -1 (Initializing) -> 0 (No-Media)
D/Vold    (  130): Volume emmc state changing 0 (No-Media) -> 2 (Pending)
D/DirectVolume(  130): DirectVolume::handlePartitionAdded -> MAJOR 179, MINOR 1, PARTN 1
D/DirectVolume(  130): DirectVolume::handlePartitionAdded -> MAJOR 179, MINOR 2, PARTN 2
D/DirectVolume(  130): DirectVolume::handlePartitionAdded -> MAJOR 179, MINOR 3, PARTN 3
D/DirectVolume(  130): DirectVolume::handlePartitionAdded -> MAJOR 179, MINOR 4, PARTN 4
D/DirectVolume(  130): DirectVolume::handlePartitionAdded -> MAJOR 179, MINOR 5, PARTN 5
D/DirectVolume(  130): DirectVolume::handlePartitionAdded -> MAJOR 179, MINOR 6, PARTN 6
D/DirectVolume(  130): DirectVolume::handlePartitionAdded -> MAJOR 179, MINOR 7, PARTN 7
D/Vold    (  130): Volume emmc state changing 2 (Pending) -> 1 (Idle-Unmounted)
D/DirectVolume(  130): DirectVolume::handlePartitionAdded -> MAJOR 179, MINOR 8, PARTN 8
W/Vold    (  130): Duplicate state (1)
D/DirectVolume(  130): DirectVolume::handlePartitionAdded -> MAJOR 179, MINOR 9, PARTN 9
W/Vold    (  130): Duplicate state (1)
D/DirectVolume(  130): DirectVolume::handlePartitionAdded -> MAJOR 179, MINOR 10, PARTN 10
W/Vold    (  130): Duplicate state (1)
D/DirectVolume(  130): DirectVolume::handlePartitionAdded -> MAJOR 179, MINOR 11, PARTN 11
W/Vold    (  130): Duplicate state (1)
D/DirectVolume(  130): DirectVolume::handlePartitionAdded -> MAJOR 179, MINOR 12, PARTN 12
W/Vold    (  130): Duplicate state (1)
D/DirectVolume(  130): DirectVolume::handlePartitionAdded -> MAJOR 179, MINOR 13, PARTN 13
W/Vold    (  130): Duplicate state (1)
D/DirectVolume(  130): DirectVolume::handlePartitionAdded -> MAJOR 179, MINOR 14, PARTN 14
W/Vold    (  130): Duplicate state (1)
D/DirectVolume(  130): DirectVolume::handlePartitionAdded -> MAJOR 179, MINOR 15, PARTN 15
W/Vold    (  130): Duplicate state (1)
D/DirectVolume(  130): DirectVolume::handlePartitionAdded -> MAJOR 179, MINOR 16, PARTN 16
W/Vold    (  130): Duplicate state (1)
D/DirectVolume(  130): DirectVolume::handlePartitionAdded -> MAJOR 179, MINOR 17, PARTN 17
W/Vold    (  130): Duplicate state (1)
D/DirectVolume(  130): DirectVolume::handlePartitionAdded -> MAJOR 179, MINOR 18, PARTN 18
W/Vold    (  130): Duplicate state (1)
D/DirectVolume(  130): DirectVolume::handlePartitionAdded -> MAJOR 179, MINOR 19, PARTN 19
W/Vold    (  130): Duplicate state (1)
D/Vold    (  130): Volume sdcard state changing 0 (No-Media) -> 2 (Pending)
D/DirectVolume(  130): DirectVolume::handlePartitionAdded -> MAJOR 179, MINOR 33, PARTN 1
D/Vold    (  130): Volume sdcard state changing 2 (Pending) -> 1 (Idle-Unmounted)
E/libdiag (  139):  Diag_LSM_Init: Failed to open handle to diag driver, error = 13
I/SystemServer(  399): Entered the Android system server!
I/SystemServer(  399): Entropy Mixer
I/SystemServer(  399): Power Manager
I/SystemServer(  399): Activity Manager
I/ActivityManager(  399): Memory class: 48
I/SystemServer(  399): Telephony Registry
I/SystemServer(  399): MSimTelephony Registry
I/SystemServer(  399): Scheduling Policy
I/SystemServer(  399): Package Manager
W/PackageManager(  399): Library not found: /system/framework/qcrilhook.jar
W/PackageManager(  399): Library not found: /system/framework/org.simalliance.openmobileapi.jar
W/PackageManager(  399): Library not found: /system/framework/qcnvitems.jar
W/PackageParser(  399): No actions in intent filter at /system/app/Bluetooth.apk Binary XML file line #167
W/PackageParser(  399): No actions in intent filter at /system/app/Bluetooth.apk Binary XML file line #191
W/PackageParser(  399): No actions in intent filter at /system/app/CMFileManager.apk Binary XML file line #127
W/PackageParser(  399): No actions in intent filter at /system/app/Contacts.apk Binary XML file line #546
W/PackageParser(  399): No actions in intent filter at /system/app/DeskClock.apk Binary XML file line #150
W/PackageParser(  399): No actions in intent filter at /system/app/DeskClock.apk Binary XML file line #159
W/PackageManager(  399): Package com.android.gallery3d desires unavailable shared library com.google.android.media.effects; ignoring!
I/Installer(  399): connecting...
I/PackageManager(  399): Time to scan packages: 1.912 seconds
W/PackageManager(  399): Unknown permission com.google.android.googleapps.permission.GOOGLE_AUTH.mail in package com.android.contacts
W/PackageManager(  399): Unknown permission android.permission.ADD_SYSTEM_SERVICE in package com.android.phone
W/PackageManager(  399): Unknown permission com.google.android.googleapps.permission.GOOGLE_AUTH in package com.android.providers.calendar
W/PackageManager(  399): Unknown permission com.google.android.googleapps.permission.GOOGLE_AUTH.cl in package com.android.providers.calendar
W/PackageManager(  399): Unknown permission com.google.android.googleapps.permission.GOOGLE_AUTH.mail in package com.android.calendar
W/PackageManager(  399): Not granting permission android.permission.SEND_DOWNLOAD_COMPLETED_INTENTS to package com.android.browser (protectionLevel=2 flags=0x9be45)
W/PackageManager(  399): Unknown permission com.cyanogenmod.filemanager.permissions.READ_THEME in package com.cyanogenmod.filemanager
W/PackageManager(  399): Unknown permission com.google.android.googleapps.permission.GOOGLE_AUTH in package com.android.settings
W/PackageManager(  399): Unknown permission com.google.android.googleapps.permission.GOOGLE_AUTH in package com.android.providers.contacts
W/PackageManager(  399): Unknown permission com.google.android.googleapps.permission.GOOGLE_AUTH.cp in package com.android.providers.contacts
W/PackageManager(  399): Unknown permission android.permission.ACCESS_SUPERUSER in package jackpal.androidterm
W/PackageManager(  399): Unknown permission android.permission.ACCESS_4G_RADIO_DISABLE in package com.android.systemui
W/PackageManager(  399): Unknown permission android.permission.ACCESS_4G_STATE in package com.android.systemui
W/PackageManager(  399): Unknown permission android.permission.CHANGE_4G_STATE in package com.android.systemui
W/PackageManager(  399): Unknown permission com.google.android.googleapps.permission.ACCESS_GOOGLE_PASSWORD in package com.android.development
W/PackageManager(  399): Unknown permission com.google.android.googleapps.permission.GOOGLE_AUTH in package com.android.development
W/PackageManager(  399): Unknown permission com.google.android.googleapps.permission.GOOGLE_AUTH.ALL_SERVICES in package com.android.development
W/PackageManager(  399): Unknown permission com.google.android.googleapps.permission.GOOGLE_AUTH.YouTubeUser in package com.android.development
W/PackageManager(  399): Not granting permission android.permission.DEVICE_POWER to package com.android.deskclock (protectionLevel=2 flags=0x8be45)
I/SystemServer(  399): Account Manager
--------- beginning of /dev/log/main
D/PackageManager(  399): generateServicesMap(android.accounts.AccountAuthenticator): 2 services unchanged
I/ActivityThread(  399): Pub settings: com.android.providers.settings.SettingsProvider
I/SystemServer(  399): Content Manager
I/SystemServer(  399): System Content Providers
D/SettingsProvider(  399): cache for settings table 'secure' rows=42; fullycached=true
D/SettingsProvider(  399): cache for settings table 'system' rows=55; fullycached=true
I/SystemServer(  399): Lights Service
I/SystemServer(  399): Battery Service
I/SystemServer(  399): Vibrator Service
I/libsuspend(  399): Selected early suspend
I/SystemServer(  399): Alarm Manager
I/SystemServer(  399): Init Watchdog
I/SystemServer(  399): Window Manager
I/InputManager(  399): Initializing input manager
W/StatusBarManager(  399): warning: no STATUS_BAR_SERVICE
E/Sensors (  399): GsSensor: line +83 ~~~handle===0~~en==1~~!n
E/Sensors (  399): GsSensor::setDelay: line +114 ~~~handle===0~~ns==200000000~~
E/Sensors (  399): GsSensor::setDelay: line +114 ~~~handle===0~~ns==66667000~~
D/EventHub(  399): No input device configuration file found for device 'ts_test_input'.
D/PermissionCache(  136): checking android.permission.ACCESS_SURFACE_FLINGER for uid=1000 => granted (461 us)
I/InputManager(  399): Starting input manager
I/SystemServer(  399): Bluetooth Service
W/WVMExtractor(  139): Failed to open libwvm.so
I/BluetoothProfileState(  399): Message:Entering Stable State
W/QComExtractorFactory(  139): Didn't match the sniff <=== status = 5 
W/QComExtractorFactory(  139): Didn't match the sniff <=== status = 1 
W/QComExtractorFactory(  139): Didn't match the sniff <=== status = 1 
W/QComExtractorFactory(  139): Didn't match the sniff <=== status = 1 
E/MM_OSAL (  139): ValidateAACFile failed
W/QComExtractorFactory(  139): Didn't match the sniff <=== status = 1 
W/QComExtractorFactory(  139): Didn't match the sniff <=== status = 1 
I/BluetoothProfileState(  399): Message:Entering Stable State
I/BluetoothProfileState(  399): Message:Entering Stable State
D/BluetoothA2dpService(  399): has_special_extra_keys: com.amazon.mp3.metachanged
D/BluetoothA2dpService(  399): key_name: com.amazon.mp3.metachanged_track
I/EventHub(  399): New device: id=1, fd=103, path='/dev/input/event5', name='ts_test_input', classes=0x15, configuration='', keyLayout='/system/usr/keylayout/Generic.kl', keyCharacterMap='/system/usr/keychars/Generic.kcm', builtinKeyboard=false, usingSuspendBlockIoctl=true, usingClockIoctl=true
D/EventHub(  399): No input device configuration file found for device '7k_handset'.
D/BluetoothAdapterStateMachine(  399): PowerOff process message: 5
I/EventHub(  399): New device: id=2, fd=117, path='/dev/input/event4', name='7k_handset', classes=0x81, configuration='', keyLayout='/system/usr/keylayout/7k_handset.kl', keyCharacterMap='/system/usr/keychars/Generic.kcm', builtinKeyboard=false, usingSuspendBlockIoctl=true, usingClockIoctl=true
D/EventHub(  399): No input device configuration file found for device 'sensors_aps'.
D/BluetoothA2dpService(  399): com.amazon.mp3.metachanged_track: com.amazon.mp3.track
D/BluetoothA2dpService(  399): key_name: com.amazon.mp3.metachanged_artist
D/BluetoothA2dpService(  399): com.amazon.mp3.metachanged_artist: com.amazon.mp3.artist
D/BluetoothA2dpService(  399): key_name: com.amazon.mp3.metachanged_album
D/BluetoothA2dpService(  399): com.amazon.mp3.metachanged_album: com.amazon.mp3.album
D/BluetoothA2dpService(  399): key_name: com.amazon.mp3.metachanged_id
D/BluetoothA2dpService(  399): com.amazon.mp3.metachanged_id: com.amazon.mp3.id
D/BluetoothA2dpService(  399): has_special_extra_keys: com.amazon.mp3.playstatechanged
D/BluetoothA2dpService(  399): key_name: com.amazon.mp3.playstatechanged_track
D/BluetoothA2dpService(  399): com.amazon.mp3.playstatechanged_track: com.amazon.mp3.track
D/BluetoothA2dpService(  399): key_name: com.amazon.mp3.playstatechanged_artist
D/BluetoothA2dpService(  399): com.amazon.mp3.playstatechanged_artist: com.amazon.mp3.artist
D/BluetoothA2dpService(  399): key_name: com.amazon.mp3.playstatechanged_album
D/BluetoothA2dpService(  399): com.amazon.mp3.playstatechanged_album: com.amazon.mp3.album
D/BluetoothA2dpService(  399): key_name: com.amazon.mp3.playstatechanged_id
D/BluetoothA2dpService(  399): com.amazon.mp3.playstatechanged_id: com.amazon.mp3.id
I/SystemServer(  399): Input Method Service
W/InputMethodManagerService(  399): Couldn't create dir.: /data/system/inputmethod
D/EventHub(  399): No input device configuration file found for device 'default_keypad'.
I/EventHub(  399): New device: id=4, fd=123, path='/dev/input/event2', name='default_keypad', classes=0x1, configuration='', keyLayout='/system/usr/keylayout/Generic.kl', keyCharacterMap='/system/usr/keychars/Generic.kcm', builtinKeyboard=false, usingSuspendBlockIoctl=true, usingClockIoctl=true
D/EventHub(  399): No input device configuration file found for device 'sensors'.
I/SystemServer(  399): Accessibility Manager
W/WVMExtractor(  139): Failed to open libwvm.so
W/QComExtractorFactory(  139): Didn't match the sniff <=== status = 5 
W/QComExtractorFactory(  139): Didn't match the sniff <=== status = 1 
W/QComExtractorFactory(  139): Didn't match the sniff <=== status = 1 
W/QComExtractorFactory(  139): Didn't match the sniff <=== status = 1 
E/MM_OSAL (  139): ValidateAACFile failed
W/QComExtractorFactory(  139): Didn't match the sniff <=== status = 1 
W/QComExtractorFactory(  139): Didn't match the sniff <=== status = 1 
I/ActivityManager(  399): Config changed: {1.0 0mcc0mnc en_US sw320dp w320dp h508dp nrml long port ?uimode ?night -touch -keyb/v/h -nav/h s.2 themeResource=null}
I/SystemServer(  399): Mount Service
D/MountService(  399): got storage path: /storage/sdcard1 description: SD card primary: true removable: true emulated: false mtpReserve: 0 allowMassStorage: true maxFileSize: 0
D/MountService(  399): got storage path: /storage/sdcard0 description: Internal storage primary: false removable: false emulated: false mtpReserve: 0 allowMassStorage: true maxFileSize: 0
I/SystemServer(  399): LockSettingsService
I/SystemServer(  399): Device Policy
I/SystemServer(  399): Status Bar
I/SystemServer(  399): Clipboard Service
I/SystemServer(  399): NetworkManagement Service
I/SystemServer(  399): Text Service Manager Service
I/SystemServer(  399): NetworkStats Service
D/VoldCmdListener(  130): volume list
D/EventHub(  399): No input device configuration file found for device 'synaptics'.
E/filemap (  399): mmap(0,4096) failed: No such device
I/PackageManager(  399): Updating external media status from unmounted to unmounted
I/SystemServer(  399): NetworkPolicy Service
D/MountService(  399): volume state changed for /storage/sdcard1 (null -> unmounted)
D/MountService(  399): volume state changed for /storage/sdcard0 (null -> unmounted)
W/MountService(  399): getSecureContainerList() called when storage not mounted
D/VoldCmdListener(  130): asec list
I/EventHub(  399): New device: id=6, fd=136, path='/dev/input/event0', name='synaptics', classes=0x15, configuration='', keyLayout='/system/usr/keylayout/Generic.kl', keyCharacterMap='/system/usr/keychars/Generic.kcm', builtinKeyboard=false, usingSuspendBlockIoctl=true, usingClockIoctl=true
I/PackageManager(  399): No secure containers on sdcard
W/PackageManager(  399): Unknown permission com.google.android.googleapps.permission.GOOGLE_AUTH.mail in package com.android.contacts
W/PackageManager(  399): Unknown permission android.permission.ADD_SYSTEM_SERVICE in package com.android.phone
W/PackageManager(  399): Unknown permission com.google.android.googleapps.permission.GOOGLE_AUTH in package com.android.providers.calendar
W/PackageManager(  399): Unknown permission com.google.android.googleapps.permission.GOOGLE_AUTH.cl in package com.android.providers.calendar
W/PackageManager(  399): Unknown permission com.google.android.googleapps.permission.GOOGLE_AUTH.mail in package com.android.calendar
W/PackageManager(  399): Not granting permission android.permission.SEND_DOWNLOAD_COMPLETED_INTENTS to package com.android.browser (protectionLevel=2 flags=0x9be45)
W/PackageManager(  399): Unknown permission com.cyanogenmod.filemanager.permissions.READ_THEME in package com.cyanogenmod.filemanager
W/PackageManager(  399): Unknown permission com.google.android.googleapps.permission.GOOGLE_AUTH in package com.android.settings
W/PackageManager(  399): Unknown permission com.google.android.googleapps.permission.GOOGLE_AUTH in package com.android.providers.contacts
W/PackageManager(  399): Unknown permission com.google.android.googleapps.permission.GOOGLE_AUTH.cp in package com.android.providers.contacts
W/PackageManager(  399): Unknown permission android.permission.ACCESS_SUPERUSER in package jackpal.androidterm
I/InputReader(  399): Device added: id=-1, name='Virtual', sources=0x00000301
I/InputReader(  399):   Touch device 'synaptics' could not query the properties of its associated display 0.  The device will be inoperable until the display size becomes available.
I/InputReader(  399): Device added: id=6, name='synaptics', sources=0x00001103
I/InputReader(  399): Device added: id=4, name='default_keypad', sources=0x00000101
I/InputReader(  399): Device added: id=2, name='7k_handset', sources=0x80000101
W/InputReader(  399):   Touch device 'ts_test_input' did not report support for X or Y axis!  The device will be inoperable.
I/InputReader(  399): Device added: id=1, name='ts_test_input', sources=0x00002103
I/InputReader(  399): Reconfiguring input devices.  changes=0x00000004
W/InputReader(  399):   Touch device 'ts_test_input' did not report support for X or Y axis!  The device will be inoperable.
I/InputReader(  399): Device reconfigured: id=6, name='synaptics', surface size is now 480x800, mode is 1
W/PackageManager(  399): Unknown permission android.permission.ACCESS_4G_RADIO_DISABLE in package com.android.systemui
W/PackageManager(  399): Unknown permission android.permission.ACCESS_4G_STATE in package com.android.systemui
W/PackageManager(  399): Unknown permission android.permission.CHANGE_4G_STATE in package com.android.systemui
I/ActivityManager(  399): Config changed: {1.0 0mcc0mnc en_US sw320dp w320dp h508dp nrml long port ?uimode ?night finger -keyb/v/h -nav/h s.3 themeResource=null}
W/PackageManager(  399): Unknown permission com.google.android.googleapps.permission.ACCESS_GOOGLE_PASSWORD in package com.android.development
W/PackageManager(  399): Unknown permission com.google.android.googleapps.permission.GOOGLE_AUTH in package com.android.development
W/PackageManager(  399): Unknown permission com.google.android.googleapps.permission.GOOGLE_AUTH.ALL_SERVICES in package com.android.development
W/PackageManager(  399): Unknown permission com.google.android.googleapps.permission.GOOGLE_AUTH.YouTubeUser in package com.android.development
W/PackageManager(  399): Not granting permission android.permission.DEVICE_POWER to package com.android.deskclock (protectionLevel=2 flags=0x8be45)
I/SystemServer(  399): Wi-Fi P2pService
I/bluedroid(  399): Starting hciattach daemon
I/qcom-bluetooth(  495): /system/etc/init.qcom.bt.sh: init.qcom.bt.sh config =  
I/qcom-bluetooth(  500): /system/etc/init.qcom.bt.sh: Transport :  
I/SystemServer(  399): Wi-Fi Service
I/qcom-bluetooth(  503): /system/etc/init.qcom.bt.sh: Power Class: Ignored. Default(1) used (1-CLASS1/2-CLASS2/3-CUSTOM) 
I/qcom-bluetooth(  504): /system/etc/init.qcom.bt.sh: Power Class: To override, Before turning BT ON; setprop qcom.bt.dev_power_class <1 or 2 or 3> 
E/CommandListener(  133): Failed to open /proc/sys/net/ipv6/conf/eth0/disable_ipv6: No such file or directory
I/SystemServer(  399): Connectivity Service
D/ConnectivityService(  399): ConnectivityService starting up
I/qcom-bluetooth(  507): /system/etc/init.qcom.bt.sh: LE Power Class: Ignored. Default(2) used (1-CLASS1/2-CLASS2/3-CUSTOM) 
E/WifiStateMachine(  399): Failed to disable IPv6: java.lang.IllegalStateException: command '1 interface ipv6 eth0 disable' failed with '400 1 Failed to change IPv6 state (No such file or directory)'
I/qcom-bluetooth(  508): /system/etc/init.qcom.bt.sh: LE Power Class: To override, Before turning BT ON; setprop qcom.bt.le_dev_pwr_class <1 or 2 or 3> 
E/MobileDataStateTracker(  399): default: Ignoring feature request because could not acquire MSim Phone Service
E/MobileDataStateTracker(  399): default: Could not enable APN type "default"
D/WifiWatchdogStateMachine(  399): Disabling poor network avoidance for wi-fi only device
E/libdiag (  510):  Diag_LSM_Init: Failed to open handle to diag driver, error = 13
I/WifiService(  399): WifiService starting up with Wi-Fi disabled
I/SystemServer(  399): Network Service Discovery Service
D/NsdService(  399): Network service discovery enabled true
I/SystemServer(  399): Throttle Service
I/SystemServer(  399): FM receiver Service
I/        (  399): registerAndroidFmRadioReceiver
I/        (  399): registerAndroidFmRadioTransmitter
I/FmReceiverService(  399): FmReceiverService created
I/FmTransmitterService(  399): FmTransmitterService created
D/ProfileService(  399): Found active: 29fda82f-a8eb-4cc7-9e44-0a1e7cf7ea5e
I/SystemServer(  399): FM transmitter Service
I/SystemServer(  399): UpdateLock Service
I/SystemServer(  399): Profile Manager
D/ProfileService(  399): Set active profile to: 29fda82f-a8eb-4cc7-9e44-0a1e7cf7ea5e - Default
D/ProfileService(  399): Saving profile data...
D/ProfileService(  399): Save completed.
D/PackageManager(  399): generateServicesMap(android.accounts.AccountAuthenticator): 2 services unchanged
D/PackageManager(  399): generateServicesMap(android.content.SyncAdapter): 4 services unchanged
I/SystemServer(  399): Notification Manager
I/SystemServer(  399): Device Storage Monitor
I/SystemServer(  399): Location Manager
I/SystemServer(  399): Country Detector
I/SystemServer(  399): Search Service
I/SystemServer(  399): DropBox Service
I/SystemServer(  399): Wallpaper Service
I/SystemServer(  399): Audio Service
D/AudioHardwareMSM76XXA(  139): setVoiceVolume(1.200000)
I/AudioHardwareMSM76XXA(  139): Setting in-call volume to 6 (available range is 2 to 7)
D/AudioHardwareMSM76XXA(  139): rpc_snd_set_volume(7, 6, 0, 6)
D/dalvikvm(  399): GC_CONCURRENT freed 1540K, 50% free 4102K/8195K, paused 2ms+3ms, total 47ms
I/SystemServer(  399): Dock Observer
W/DockObserver(  399): This kernel does not have dock station support
I/SystemServer(  399): Wired Accessory Observer
W/WiredAccessoryObserver(  399): This kernel does not have usb audio support
W/WiredAccessoryObserver(  399): This kernel does not have samsung usb dock audio support
W/WiredAccessoryObserver(  399): This kernel does not have HDMI audio support
I/SystemServer(  399): USB Service
I/SystemServer(  399): Serial Service
I/SystemServer(  399): UI Mode Manager Service
I/SystemServer(  399): Backup Service
V/BackupManagerService(  399): Initializing package tracking
V/BackupManagerService(  399): No ancestral data
V/BackupManagerService(  399): addPackageParticipantsLocked: all
I/BackupManagerService(  399): New app android never backed up; scheduling
D/BackupManagerService(  399): Now staging backup of android
I/BackupManagerService(  399): New app com.android.browser never backed up; scheduling
D/BackupManagerService(  399): Now staging backup of com.android.browser
I/BackupManagerService(  399): New app com.android.calendar never backed up; scheduling
D/BackupManagerService(  399): Now staging backup of com.android.calendar
I/BackupManagerService(  399): New app com.android.inputmethod.latin never backed up; scheduling
D/BackupManagerService(  399): Now staging backup of com.android.inputmethod.latin
I/BackupManagerService(  399): New app com.android.providers.settings never backed up; scheduling
D/BackupManagerService(  399): Now staging backup of com.android.providers.settings
I/BackupManagerService(  399): New app com.android.providers.userdictionary never backed up; scheduling
D/BackupManagerService(  399): Now staging backup of com.android.providers.userdictionary
I/BackupManagerService(  399): New app com.android.sharedstoragebackup never backed up; scheduling
D/BackupManagerService(  399): Now staging backup of com.android.sharedstoragebackup
V/BackupManagerService(  399): Registering transport android/com.android.internal.backup.LocalTransport = com.android.internal.backup.LocalTransport@4241a9b8
V/BackupManagerService(  399): Starting with transport com.google.android.backup/.BackupTransportService
V/BackupManagerService(  399): Google transport not present
I/BackupManagerService(  399): Found stale backup journal, scheduling
I/BackupManagerService(  399):   android
I/BackupManagerService(  399):   com.android.browser
I/BackupManagerService(  399):   com.android.calendar
I/BackupManagerService(  399):   com.android.inputmethod.latin
I/BackupManagerService(  399):   com.android.providers.settings
I/BackupManagerService(  399):   com.android.providers.userdictionary
I/BackupManagerService(  399):   com.android.sharedstoragebackup
I/BackupManagerService(  399): Backup enabled => false
I/BackupManagerService(  399): Opting out of backup
I/SystemServer(  399): AppWidget Service
I/SystemServer(  399): Recognition Service
I/SystemServer(  399): DiskStats Service
I/SystemServer(  399): SamplingProfiler Service
I/WindowManager(  399): SAFE MODE not enabled
D/dalvikvm(  399): JIT started for system_server
I/SystemServer(  399): NetworkTimeUpdateService
I/SystemServer(  399): CommonTimeManagementService
I/SystemServer(  399): CertBlacklister
I/SystemServer(  399): AssetRedirectionManager Service
D/PowerManagerService(  399): system ready!
I/ActivityManager(  399): System now ready
I/SystemServer(  399): Making services ready
D/SystemServer(  399): Starting service: Intent { cmp=com.android.systemui/.SystemUIService }
V/LockPatternKeyguardView(  399): Set visibility on com.android.internal.policy.impl.LockPatternKeyguardView$5@421c9648 to 0
I/Zygote  (  399): Process: zygote socket opened
I/ActivityManager(  399): Start proc com.android.systemui for service com.android.systemui/.SystemUIService: pid=526 uid=10039 gids={1028, 1015, 3002, 3001}
D/NetworkManagementService(  399): enabling bandwidth control
V/TransportControlView(  399): Create TCV com.android.internal.widget.TransportControlView@421d24a0
I/ActivityManager(  399): Config changed: {1.0 0mcc0mnc en_US sw320dp w320dp h508dp nrml long port finger -keyb/v/h -nav/h s.4 themeResource=null}
D/SystemUIService(  526): loading: class com.android.systemui.statusbar.phone.PhoneStatusBar
D/SystemUIService(  526): running: com.android.systemui.statusbar.phone.PhoneStatusBar@421a1230
W/RecognitionManagerService(  399): no available voice recognition services found
I/StatusBarManagerService(  399): registerStatusBar bar=com.android.internal.statusbar.IStatusBar$Stub$Proxy@424a3a20
V/KeyguardViewManager(  399): KGVM: Set visibility on com.android.internal.policy.impl.KeyguardViewManager$KeyguardViewHost@424a17a0 to 6291456
I/ActivityManager(  399): Start proc android.process.media for broadcast com.android.providers.media/.UsbReceiver: pid=573 uid=10017 gids={1015, 1023, 1024, 1028, 2001, 3003, 3007}
W/InputMethodManagerService(  399): Ignoring setImeWindowStatus of uid 1000 token: null
I/PowerWidget(  526): Clearing any old widget stuffs
I/PowerWidget(  526): Setting up widget
I/ActivityThread(  573): Pub media: com.android.providers.media.MediaProvider
I/PowerWidget(  526): Default buttons being loaded
I/PowerWidget(  526): Button list: toggleWifi|toggleBluetooth|toggleGPS|toggleSound
I/ActivityManager(  399): Start proc com.android.inputmethod.latin for service com.android.inputmethod.latin/.LatinIME: pid=587 uid=10024 gids={1028}
V/LockPatternKeyguardView(  399): Set visibility on com.android.internal.policy.impl.LockPatternKeyguardView$5@421c9648 to 8388608
I/ActivityThread(  573): Pub downloads: com.android.providers.downloads.DownloadProvider
D/dalvikvm(  399): GC_CONCURRENT freed 531K, 35% free 5388K/8195K, paused 7ms+35ms, total 163ms
I/CommonTimeManagementService(  399): No common time service detected on this platform.  Common time services will be unavailable.
I/InputReader(  399): Reconfiguring input devices.  changes=0x00000020
I/LocationManagerService(  399): Setting GPS Source to: 0
I/InputReader(  399): Reconfiguring input devices.  changes=0x00000010
I/ActivityManager(  399): Start proc com.android.phone for added application com.android.phone: pid=605 uid=1001 gids={3002, 3001, 3003, 1015, 1028}
I/ActivityManager(  399): START {act=android.intent.action.MAIN cat=[android.intent.category.HOME] flg=0x10000000 cmp=com.cyanogenmod.trebuchet/.Launcher u=0} from pid 0
W/ThrottleService(  399): unable to find stats for iface rmnet0
I/qcom-bluetooth(  616): /system/etc/init.qcom.bt.sh: Bluetooth QSoC firmware download succeeded, /dev/ttyHS0 qualcomm-ibs 3000000 24:69:a5:52:6e:2f 
I/qcom-bluetooth(  617): /system/etc/init.qcom.bt.sh: start hciattach 
I/ActivityManager(  399): Start proc com.cyanogenmod.trebuchet for activity com.cyanogenmod.trebuchet/.Launcher: pid=620 uid=10042 gids={1028}
I/qcom-bluetooth(  626): /system/etc/init.qcom.bt.sh: start_hciattach: pid = 625 
I/ActivityThread(  573): Pub drm: com.android.providers.drm.DrmProvider
I/DownloadManager(  573): in removeSpuriousFiles
V/LockPatternKeyguardView(  399): Set visibility on com.android.internal.policy.impl.LockPatternKeyguardView$5@421c9648 to 8388608
I/bluedroid(  399): Starting bluetoothd deamon
E/BluetoothEventLoop.cpp(  399): get_adapter_path: D-Bus error: org.freedesktop.DBus.Error.ServiceUnknown (The name org.bluez was not provided by any .service files)
E/BluetoothEventLoop.cpp(  399): get_adapter_path: D-Bus error: org.freedesktop.DBus.Error.ServiceUnknown (The name org.bluez was not provided by any .service files)
E/BluetoothEventLoop.cpp(  399): get_adapter_path: D-Bus error: org.bluez.Error.NoSuchAdapter (No such adapter)
E/BluetoothEventLoop.cpp(  399): failure setting up Event Loop!
D/MtpService(  573): starting MTP server in MTP mode
I/ActivityThread(  605): Pub mms: com.android.providers.telephony.MmsProvider
I/ActivityThread(  605): Pub iccmsim: com.android.phone.MSimIccProvider
I/ActivityThread(  605): Pub sms: com.android.providers.telephony.SmsProvider
I/ActivityThread(  620): Pub com.cyanogenmod.trebuchet.settings: com.cyanogenmod.trebuchet.LauncherProvider
I/ActivityThread(  605): Pub telephony: com.android.providers.telephony.TelephonyProvider
I/PowerWidget(  526): Clearing any old widget stuffs
I/PowerWidget(  526): Setting up widget
I/PowerWidget(  526): Default buttons being loaded
I/PowerWidget(  526): Button list: toggleWifi|toggleBluetooth|toggleGPS|toggleSound
W/TelephonyProvider(  605): onCreate: confFile=/system/etc/apns-conf.xml oldCheckSum=-1
I/ActivityThread(  605): Pub icc: com.android.phone.IccProvider
I/ActivityThread(  605): Pub mms-sms: com.android.providers.telephony.MmsSmsProvider
V/PhoneApp(  605): PhoneApp onCreate() DSDS Enabled!!!!
D/MSimPhoneApp(  605): MSPhoneApp creation
D/MSimPhoneApp(  605): MSPhoneApp creationcom.android.phone.MSimPhoneApp@4219cd78
D/MSimPhoneApp(  605): MSimPhoneApp:com.android.phone.MSimPhoneApp@4219cd78
D/MSimPhoneApp(  605):  DSDS PhoneApp:
D/PhoneStatusBar(  526): disable: < expand icons alerts ticker system_info back home recent clock >
D/StorageNotification(  526): Startup with UMS connection false (media state unmounted)
W/SubtypeLocale(  587): KeyboardLayoutSet not found, use QWERTY: locale=hu_ZZ extraValue=AsciiCapable,SupportTouchPositionCorrection
E/Sensors (  399): sensors_poll_context_t::pollEvents, line 202: receive event #### i=3, nb=1
I/StorageNotification(  526): UMS connection changed to false (media state unmounted)
D/SystemUIService(  526): loading: class com.android.systemui.power.PowerUI
D/SystemUIService(  526): running: com.android.systemui.power.PowerUI@4230f8c0
D/SystemUIService(  526): loading: class com.android.systemui.media.RingtonePlayer
D/SystemUIService(  526): running: com.android.systemui.media.RingtonePlayer@42310680
D/CardSubscriptionManager(  605): getInstance
D/CardSubscriptionManager(  605): Constructor - Enter
D/CardSubscriptionManager(  605): Constructor - Exit
D/SubscriptionManager(  605): getUserPreferredSubs: strUserSub = ,,,4,-1,-1
D/SubscriptionManager(  605): getUserPreferredSubs: mUserPrefSubs.subscription[0] = Subscription = { slotId = -1, 3gppIndex = -1, 3gpp2Index = -1, subId = 0, subStatus = SUB_INVALID, appId = null, appLabel = null, appType = null, iccId = null }
D/SubscriptionManager(  605): getUserPreferredSubs: strUserSub = ,,,4,-1,-1
D/SubscriptionManager(  605): getUserPreferredSubs: mUserPrefSubs.subscription[1] = Subscription = { slotId = -1, 3gppIndex = -1, 3gpp2Index = -1, subId = 1, subStatus = SUB_INVALID, appId = null, appLabel = null, appType = null, iccId = null }
D/CardSubscriptionManager(  605): getInstance
W/InputAttributes(  587): No editor info for this field. Bug?
D/PhoneStatusBar(  526): addNotification score=-10
E/BinaryDictionaryGetter(  587): Could not find a dictionary pack
E/ActivityThread(  587): Failed to find provider info for com.android.inputmethod.latin.dictionarypack
D/        (  605): [ApnContext:default] set reason as dataEnabled,current state IDLE
D/        (  605): [ApnContext:mms] set reason as dataEnabled,current state IDLE
D/        (  605): [ApnContext:supl] set reason as dataEnabled,current state IDLE
D/        (  605): [ApnContext:dun] set reason as dataEnabled,current state IDLE
D/        (  605): [ApnContext:hipri] set reason as dataEnabled,current state IDLE
D/        (  605): [ApnContext:fota] set reason as dataEnabled,current state IDLE
D/        (  605): [ApnContext:ims] set reason as dataEnabled,current state IDLE
D/        (  605): [ApnContext:cbs] set reason as dataEnabled,current state IDLE
I/ActivityManager(  399): Start proc android.process.acore for content provider com.android.providers.userdictionary/.UserDictionaryProvider: pid=676 uid=10001 gids={3003, 1015, 1028}
D/BluetoothEventLoop(  399): Property Changed: Pairable : false
D/BluetoothEventLoop(  399): Property Changed: Powered : false
D/BluetoothEventLoop(  399): Property Changed: UUIDs : 5
I/ActivityManager(  399): Start proc com.android.smspush for service com.android.smspush/.WapPushManager: pid=684 uid=10047 gids={1028}
E/BluetoothService.cpp(  399): setBluetoothTetheringNative true
D/BluetoothAdapterStateMachine(  399): WarmUp process message: 54
D/BluetoothEventLoop(  399): Property Changed: UUIDs : 6
D/BluetoothEventLoop(  399): Property Changed: UUIDs : 7
D/BluetoothEventLoop(  399): Property Changed: UUIDs : 8
D/BluetoothEventLoop(  399): Property Changed: UUIDs : 9
D/BluetoothEventLoop(  399): Property Changed: UUIDs : 10
I/Choreographer(  526): Skipped 63 frames!  The application may be doing too much work on its main thread.
D/BluetoothEventLoop(  399): Property Changed: UUIDs : 11
D/BluetoothAdapterStateMachine(  399): WarmUp process message: 51
I/ActivityThread(  676): Pub com.android.voicemail: com.android.providers.contacts.VoicemailContentProvider
I/ActivityThread(  676): Pub applications: com.android.providers.applications.ApplicationsProvider
W/ResourceType(  620): Attempt to retrieve bag 0x7f0d0017 which is invalid or in a cycle.
W/ResourceType(  620): Attempt to retrieve bag 0x7f0d0017 which is invalid or in a cycle.
W/ResourceType(  620): Attempt to retrieve bag 0x7f0d0017 which is invalid or in a cycle.
W/ResourceType(  620): Attempt to retrieve bag 0x7f0d0017 which is invalid or in a cycle.
W/ResourceType(  620): Attempt to retrieve bag 0x7f0d0017 which is invalid or in a cycle.
D/dalvikvm(  399): GC_EXPLICIT freed 360K, 34% free 5450K/8195K, paused 7ms+32ms, total 260ms
D/        (  605): [ApnContext:default] set reason as dataEnabled,current state IDLE
D/        (  605): [ApnContext:mms] set reason as dataEnabled,current state IDLE
D/        (  605): [ApnContext:supl] set reason as dataEnabled,current state IDLE
D/        (  605): [ApnContext:dun] set reason as dataEnabled,current state IDLE
D/        (  605): [ApnContext:hipri] set reason as dataEnabled,current state IDLE
D/        (  605): [ApnContext:fota] set reason as dataEnabled,current state IDLE
D/        (  605): [ApnContext:ims] set reason as dataEnabled,current state IDLE
D/        (  605): [ApnContext:cbs] set reason as dataEnabled,current state IDLE
D/PROXY   (  605): Constructor - Enter
D/CardSubscriptionManager(  605): getInstance
D/PROXY   (  605): Constructor - Exit
D/SizeAdaptiveLayout(  526): com.android.internal.widget.SizeAdaptiveLayout@4232a970child view android.widget.FrameLayout@42330e20 measured out of bounds at 95px clamped to 96px
D/CallManager(  605): registerPhone(GSM Handler (com.android.internal.telephony.msim.MSimPhoneProxy) {421af210})
D/CallManager(  605): registerPhone(GSM Handler (com.android.internal.telephony.msim.MSimPhoneProxy) {421cf360})
V/MSimPhoneApp(  605): updatePhoneAppCdmaVariables0
D/libEGL  (  526): loaded /system/lib/egl/libEGL_adreno200.so
I/ActivityThread(  676): Pub contacts;com.android.contacts: com.android.providers.contacts.ContactsProvider2
D/PhoneInterfaceManager(  605):  Registering for UNSOL OEM HOOK Responses to deliver external apps
D/MSimPhoneInterfaceManager(  605):  Registering for UNSOL OEM HOOK Responses to deliver external apps
D/libEGL  (  526): loaded /system/lib/egl/libGLESv1_CM_adreno200.so
D/libEGL  (  526): loaded /system/lib/egl/libGLESv2_adreno200.so
I/Adreno200-EGL(  526): <qeglDrvAPI_eglInitialize:299>: EGL 1.4 QUALCOMM build: AU_LINUX_ANDROID_JB_REL_2.0.3.04.01.01.21.010_msm8625_JB_REL_2.0.3_Merge_release_AU (Merge)
I/Adreno200-EGL(  526): Build Date: 10/26/12 Fri
I/Adreno200-EGL(  526): Local Branch: 
I/Adreno200-EGL(  526): Remote Branch: quic/jb_rel_2.0.3
I/Adreno200-EGL(  526): Local Patches: NONE
I/Adreno200-EGL(  526): Reconstruct Branch: AU_LINUX_ANDROID_JB_REL_2.0.3.04.01.01.21.010 +  NOTHING
I/ActivityThread(  676): Pub call_log: com.android.providers.contacts.CallLogProvider
I/ActivityThread(  676): Pub user_dictionary: com.android.providers.userdictionary.UserDictionaryProvider
D/OpenGLRenderer(  526): Enabling debug mode 0
D/loc_api_rpc_glue(  399): Loc API RPC client initialized.
D/GpsLocationProvider(  399): set_capabilities_callback: 7
D/libloc  (  399): loc_read_gps_conf: using /etc/gps.conf
I/LocationManagerService(  399): whitelist: []
D/RPC     (  399): 3000008c:00050000 sending call (XID 1).
D/libloc  (  399): loc_eng_init created client, id = 0
D/libloc  (  399): loc_eng_ni_init: entered.
D/libloc  (  399): loc_eng_set_server, type = 1, hostname = supl.google.com, port = 7276
D/libloc  (  399): loc_eng_set_server, addr = supl.google.com:7276
D/libloc  (  399): loc_eng_ioctl called: client = 0, ioctl_type = RPC_LOC_IOCTL_SET_UMTS_SLP_SERVER_ADDR
D/RPC     (  399): 3000008c:00050000 received REPLY (XID 1), grabbing mutex to wake up client.
D/RPC     (  399): 3000008c:00050000 call success.
D/RPC     (  399): 3000008c:00050000 sending call (XID 2).
D/libloc  (  399): loc_eng_deferred_action_thread started
D/libloc  (  399): loc_eng_set_gps_lock mode, client = 0, lock_type = 1
D/libloc  (  399): loc_eng_ioctl called: client = 0, ioctl_type = RPC_LOC_IOCTL_SET_ENGINE_LOCK
D/MSimCallNotifier(  605): getPhoneStateListener: SUBSCRIPTION == 0
I/LocationManagerService(  399): blacklist: []
D/MSimCallNotifier(  605): getPhoneStateListener: SUBSCRIPTION == 1
D/RPC     (  399): 3000008c:00050000 received REPLY (XID 2), grabbing mutex to wake up client.
D/RPC     (  399): 3000008c:00050000 waiting for XDR input buffer to be consumed.
W/ActivityManager(  399): Unable to start service Intent { act=com.android.ussd.IExtendedNetworkService }: not found
D/CallManager(  605): setAudioMode useInCallMode = false, Baseband = msm
D/CardSubscriptionManager(  605): EVENT_RADIO_OFF_OR_NOT_AVAILABLE
D/CardSubscriptionManager(  605): processRadioUnavailable on cardIndex = 0
D/CardSubscriptionManager(  605): resetCardInfo(): cardIndex = 0
D/CardSubscriptionManager(  605): EVENT_RADIO_OFF_OR_NOT_AVAILABLE
D/CardSubscriptionManager(  605): processRadioUnavailable on cardIndex = 1
D/CardSubscriptionManager(  605): resetCardInfo(): cardIndex = 1
D/CardSubscriptionManager(  605): EVENT_ICC_CHANGED
D/CardSubscriptionManager(  605): handleIccChanged: ENTER
D/CardSubscriptionManager(  605): handleIccChanged: EXIT
D/SubscriptionManager(  605): EVENT_RADIO_OFF_OR_NOT_AVAILABLE on SUB: 0
D/SubscriptionManager(  605): EVENT_RADIO_OFF_OR_NOT_AVAILABLE on SUB: 1
I/MSimTelephonyRegistry(  399): notifyServiceState: 3 home null null null  Unknown CSS not supported -1 -1 mDataState=3 RoamInd=-1 DefRoamInd=-1 EmergOnly=false
D/RPC     (  399): 3000008c:00050000 call success.
D/RPC     (  399): 3000008c:00050000 sending call (XID 3).
D/PhoneStatusBar(  526): disable: < expand icons alerts ticker system_info BACK* HOME* RECENT* CLOCK* >
D/RPC     (  399): 3000008c:00050000 received CALL.
D/RPC     (  399): 3000008c:00050000 waiting for XDR input buffer to be consumed.
D/RPC     (  399): 3000008c:00050000 dispatching RPC call (XID 14, xdr 0x51325008) for callback client 3100008c:00050001.
D/RPC     (  399): 3000008c:00050000 received REPLY (XID 3), grabbing mutex to wake up client.
D/RPC     (  399): 3000008c:00050000 call success.
D/RPC     (  399): 3100008c:327681 sending RPC reply (XID 14)
D/WifiService(  399): New client listening to asynchronous messages
D/RPC     (  399): 3000008c:00050000 received CALL.
D/libloc  (  399): loc_eng_ioctl result: client = 0, ioctl_type = RPC_LOC_IOCTL_SET_ENGINE_LOCK, RPC_LOC_API_SUCCESS
D/libloc  (  399): loc_eng_deferred_action_thread. waiting for events
D/libloc  (  399): loc_eng_ioctl result: client = 0, ioctl_type = RPC_LOC_IOCTL_SET_UMTS_SLP_SERVER_ADDR, RPC_LOC_API_SUCCESS
D/RPC     (  399): 3000008c:00050000 dispatching RPC call (XID 16, xdr 0x51325008) for callback client 3100008c:00050001.
D/RPC     (  399): 3100008c:327681 sending RPC reply (XID 16)
I/SearchManagerService(  399): Building list of searchable activities
E/Sensors (  399): sensors_poll_context_t::pollEvents, line 202: receive event #### i=3, nb=1
W/SignalStrength(  526): getLTELevel - rsrp:2147483647 snr:2147483647 rsrpIconLevel:-1 snrIconLevel:-1
W/SignalStrength(  526): getLTELevel - rssi:99 rssiIconLevel:0
W/SignalStrength(  526): getGsmLevel=0
W/SignalStrength(  526): getLevel=0
D/StatusBar.MSimNetworkController(  526): updateSimState for subscription :0
D/StatusBar.MSimNetworkController(  526): updateSimState simState =UNKNOWN
D/StatusBar.MSimNetworkController(  526): In updateSimIcon card =0, simState= UNKNOWN
D/StatusBar.MSimNetworkController(  526): refreshViews subscription =0mMSimDataConnected =false
D/StatusBar.MSimNetworkController(  526): refreshViews mMSimDataActivity =0
D/StatusBar.MSimNetworkController(  526): refreshViews connected={ } level=0 mMSimcombinedSignalIconId=0x0/(null) mMSimcombinedActivityIconId=0x0 mAirplaneMode=false mMSimDataActivity=0 mMSimPhoneSignalIconId=0x7f0200f8 mMSimDataDirectionIconId=0x0 mMSimDataSignalIconId=0x0 mMSimDataTypeIconId=0x0 mNoMSimIconId=0x0 mWifiIconId=0x0 mBluetoothTetherIconId=0x1080580
D/StatusBar.MSimNetworkController(  526): changing data overlay icon id to 0
D/StatusBar.MSimNetworkController(  526): updateDataIcon subscription =0
D/StatusBar.MSimNetworkController(  526): updateDataIcon dataSub =0
D/StatusBar.MSimNetworkController(  526): updateDataIcon  when SimState =UNKNOWN
W/SignalStrength(  526): getLTELevel - rsrp:2147483647 snr:2147483647 rsrpIconLevel:-1 snrIconLevel:-1
W/SignalStrength(  526): getLTELevel - rssi:99 rssiIconLevel:0
W/SignalStrength(  526): getGsmLevel=0
W/SignalStrength(  526): getLevel=0
D/StatusBar.MSimNetworkController(  526): updateDataIcon when mMSimDataConnected =false
D/StatusBar.MSimNetworkController(  526): updateDataIcon subscription =0
D/StatusBar.MSimNetworkController(  526): updateDataIcon dataSub =0
D/StatusBar.MSimNetworkController(  526): updateDataIcon  when SimState =UNKNOWN
D/StatusBar.MSimNetworkController(  526): updateDataIcon when mMSimDataConnected =false
D/StatusBar.MSimNetworkController(  526): refreshViews subscription =0mMSimDataConnected =false
D/StatusBar.MSimNetworkController(  526): refreshViews mMSimDataActivity =0
I/Choreographer(  526): Skipped 58 frames!  The application may be doing too much work on its main thread.
D/StatusBar.MSimNetworkController(  526): refreshViews connected={ } level=0 mMSimcombinedSignalIconId=0x0/(null) mMSimcombinedActivityIconId=0x0 mAirplaneMode=false mMSimDataActivity=0 mMSimPhoneSignalIconId=0x7f0200f8 mMSimDataDirectionIconId=0x0 mMSimDataSignalIconId=0x0 mMSimDataTypeIconId=0x0 mNoMSimIconId=0x0 mWifiIconId=0x0 mBluetoothTetherIconId=0x1080580
D/PhoneStatusBarPolicy(  526): updateSimState for subscription :0
I/MSimTelephonyRegistry(  399): notifyServiceState: 3 home null null null  Unknown CSS not supported -1 -1 mDataState=3 RoamInd=-1 DefRoamInd=-1 EmergOnly=false
I/LocationManagerService(  399): request passive (pid 399) 0 0
D/DebugService(  605): DebugService DebugService:
D/TelephonyDebugService(  605): TelephonyDebugService()
D/Bluetooth HSHFP(  605): Starting BluetoothHeadsetService
V/MSimPhoneApp(  605): Action intent recieved:android.intent.action.SIM_STATE_CHANGED
V/MSimPhoneApp(  605): Action intent recieved:android.media.RINGER_MODE_CHANGED
D/SubscriptionManager(  605): EVENT_CARD_INFO_NOT_AVAILABLE
D/SubscriptionManager(  605): processCardInfoNotAvailable on cardIndex = 0 reason = REASON_RADIO_UNAVAILABLE
D/SubscriptionManager(  605): processCardInfoNotAvailable mSetSubsModeRequired = true
D/SubscriptionManager(  605): EVENT_CARD_INFO_NOT_AVAILABLE
D/SubscriptionManager(  605): processCardInfoNotAvailable on cardIndex = 1 reason = REASON_RADIO_UNAVAILABLE
D/SubscriptionManager(  605): processCardInfoNotAvailable mSetSubsModeRequired = true
V/MSimPhoneApp(  605): Action intent recieved:android.intent.action.SERVICE_STATE
V/MSimPhoneApp(  605): Action intent recieved:android.intent.action.ANY_DATA_STATE
V/MSimPhoneApp(  605): Action intent recieved:android.intent.action.ANY_DATA_STATE
V/MSimPhoneApp(  605): Action intent recieved:android.intent.action.ANY_DATA_STATE
V/MSimPhoneApp(  605): Action intent recieved:android.intent.action.ANY_DATA_STATE
V/MSimPhoneApp(  605): Action intent recieved:android.intent.action.ANY_DATA_STATE
V/MSimPhoneApp(  605): Action intent recieved:android.intent.action.ANY_DATA_STATE
V/MSimPhoneApp(  605): Action intent recieved:android.intent.action.ANY_DATA_STATE
V/MSimPhoneApp(  605): Action intent recieved:android.intent.action.ANY_DATA_STATE
V/MSimPhoneApp(  605): Action intent recieved:android.intent.action.ANY_DATA_STATE
V/MSimPhoneApp(  605): Action intent recieved:android.intent.action.ANY_DATA_STATE
V/MSimPhoneApp(  605): Action intent recieved:android.intent.action.ANY_DATA_STATE
V/MSimPhoneApp(  605): Action intent recieved:android.intent.action.ANY_DATA_STATE
V/MSimPhoneApp(  605): Action intent recieved:android.intent.action.ANY_DATA_STATE
V/MSimPhoneApp(  605): Action intent recieved:android.intent.action.ANY_DATA_STATE
V/MSimPhoneApp(  605): Action intent recieved:android.intent.action.ANY_DATA_STATE
V/MSimPhoneApp(  605): Action intent recieved:android.intent.action.ANY_DATA_STATE
V/MSimPhoneApp(  605): Action intent recieved:android.intent.action.ANY_DATA_STATE
V/MSimPhoneApp(  605): Action intent recieved:android.intent.action.ANY_DATA_STATE
V/MSimPhoneApp(  605): Action intent recieved:android.intent.action.ANY_DATA_STATE
V/MSimPhoneApp(  605): Action intent recieved:android.intent.action.ANY_DATA_STATE
V/MSimPhoneApp(  605): Action intent recieved:android.intent.action.ANY_DATA_STATE
V/MSimPhoneApp(  605): Action intent recieved:android.intent.action.ANY_DATA_STATE
V/MSimPhoneApp(  605): Action intent recieved:android.intent.action.ANY_DATA_STATE
V/MSimPhoneApp(  605): Action intent recieved:android.intent.action.ANY_DATA_STATE
V/MSimPhoneApp(  605): Action intent recieved:android.intent.action.ANY_DATA_STATE
V/MSimPhoneApp(  605): Action intent recieved:android.intent.action.ANY_DATA_STATE
V/MSimPhoneApp(  605): Action intent recieved:android.intent.action.ANY_DATA_STATE
V/MSimPhoneApp(  605): Action intent recieved:android.intent.action.ANY_DATA_STATE
V/MSimPhoneApp(  605): Action intent recieved:android.intent.action.ANY_DATA_STATE
V/MSimPhoneApp(  605): Action intent recieved:android.intent.action.ANY_DATA_STATE
V/MSimPhoneApp(  605): Action intent recieved:android.intent.action.ANY_DATA_STATE
V/MSimPhoneApp(  605): Action intent recieved:android.intent.action.ANY_DATA_STATE
V/MSimPhoneApp(  605): Action intent recieved:android.intent.action.ANY_DATA_STATE
V/MSimPhoneApp(  605): Action intent recieved:android.intent.action.ANY_DATA_STATE
V/MSimPhoneApp(  605): Action intent recieved:android.intent.action.ANY_DATA_STATE
V/MSimPhoneApp(  605): Action intent recieved:android.intent.action.ANY_DATA_STATE
V/MSimPhoneApp(  605): Action intent recieved:android.intent.action.ANY_DATA_STATE
V/MSimPhoneApp(  605): Action intent recieved:android.intent.action.SERVICE_STATE
I/ActivityManager(  399): Start proc com.android.settings for broadcast com.android.settings/.widget.SettingsAppWidgetProvider: pid=723 uid=1000 gids={1015, 3002, 3001, 3003, 1028}
D/libEGL  (  620): loaded /system/lib/egl/libEGL_adreno200.so
D/libEGL  (  620): loaded /system/lib/egl/libGLESv1_CM_adreno200.so
D/libEGL  (  620): loaded /system/lib/egl/libGLESv2_adreno200.so
W/SignalStrength(  526): getLTELevel - rsrp:2147483647 snr:2147483647 rsrpIconLevel:-1 snrIconLevel:-1
W/SignalStrength(  526): getLTELevel - rssi:99 rssiIconLevel:0
W/SignalStrength(  526): getGsmLevel=0
W/SignalStrength(  526): getLevel=0
D/StatusBar.MSimNetworkController(  526): updateSimState for subscription :0
D/StatusBar.MSimNetworkController(  526): updateSimState simState =UNKNOWN
D/StatusBar.MSimNetworkController(  526): In updateSimIcon card =0, simState= UNKNOWN
D/StatusBar.MSimNetworkController(  526): refreshViews subscription =0mMSimDataConnected =false
D/StatusBar.MSimNetworkController(  526): refreshViews mMSimDataActivity =0
I/Adreno200-EGL(  620): <qeglDrvAPI_eglInitialize:299>: EGL 1.4 QUALCOMM build: AU_LINUX_ANDROID_JB_REL_2.0.3.04.01.01.21.010_msm8625_JB_REL_2.0.3_Merge_release_AU (Merge)
I/Adreno200-EGL(  620): Build Date: 10/26/12 Fri
I/Adreno200-EGL(  620): Local Branch: 
I/Adreno200-EGL(  620): Remote Branch: quic/jb_rel_2.0.3
I/Adreno200-EGL(  620): Local Patches: NONE
I/Adreno200-EGL(  620): Reconstruct Branch: AU_LINUX_ANDROID_JB_REL_2.0.3.04.01.01.21.010 +  NOTHING
