E/Sensors (  399): sensors_poll_context_t::pollEvents, line 202: receive event #### i=3, nb=1
E/Sensors (  399): sensors_poll_context_t::pollEvents, line 202: receive event #### i=3, nb=1
E/MP-Decision( 1770): MPDecision server starting
E/MP-Decision( 1770): OPTION ENABLED: Control sleep modes
E/MP-Decision( 1770): OPTION ENABLED: Adjusting average
E/MP-Decision( 1770): 
E/MP-Decision( 1770):  MP Decision Options:
E/MP-Decision( 1770): --poll_ms --decision_ms --no_sleep --avg_comp --debug
E/MP-Decision( 1770): --Nw=[1..3]:[value] --Tw=[1..3]:[value] --Ns=[1..3]:[value] --Ts=[1..3]:[value]
E/Sensors (  399): sensors_poll_context_t::pollEvents, line 202: receive event #### i=3, nb=1
E/Sensors (  399): sensors_poll_context_t::pollEvents, line 202: receive event #### i=3, nb=1
E/Sensors (  399): sensors_poll_context_t::pollEvents, line 202: receive event #### i=3, nb=1
E/Sensors (  399): sensors_poll_context_t::pollEvents, line 202: receive event #### i=3, nb=1
E/MP-Decision( 1773): MPDecision server starting
E/MP-Decision( 1773): OPTION ENABLED: Control sleep modes
E/MP-Decision( 1773): OPTION ENABLED: Adjusting average
E/MP-Decision( 1773): 
E/MP-Decision( 1773):  MP Decision Options:
E/MP-Decision( 1773): --poll_ms --decision_ms --no_sleep --avg_comp --debug
E/MP-Decision( 1773): --Nw=[1..3]:[value] --Tw=[1..3]:[value] --Ns=[1..3]:[value] --Ts=[1..3]:[value]
E/Sensors (  399): sensors_poll_context_t::pollEvents, line 202: receive event #### i=3, nb=1
E/Sensors (  399): sensors_poll_context_t::pollEvents, line 202: receive event #### i=3, nb=1
E/Sensors (  399): sensors_poll_context_t::pollEvents, line 202: receive event #### i=3, nb=1
E/MP-Decision( 1776): MPDecision server starting
E/MP-Decision( 1776): OPTION ENABLED: Control sleep modes
E/MP-Decision( 1776): OPTION ENABLED: Adjusting average
E/MP-Decision( 1776): 
E/MP-Decision( 1776):  MP Decision Options:
E/MP-Decision( 1776): --poll_ms --decision_ms --no_sleep --avg_comp --debug
E/MP-Decision( 1776): --Nw=[1..3]:[value] --Tw=[1..3]:[value] --Ns=[1..3]:[value] --Ts=[1..3]:[value]
E/Sensors (  399): sensors_poll_context_t::pollEvents, line 202: receive event #### i=3, nb=1
E/Sensors (  399): sensors_poll_context_t::pollEvents, line 202: receive event #### i=3, nb=1
E/Sensors (  399): sensors_poll_context_t::pollEvents, line 202: receive event #### i=3, nb=1
E/Sensors (  399): sensors_poll_context_t::pollEvents, line 202: receive event #### i=3, nb=1
E/MP-Decision( 1779): MPDecision server starting
E/MP-Decision( 1779): OPTION ENABLED: Control sleep modes
E/MP-Decision( 1779): OPTION ENABLED: Adjusting average
E/MP-Decision( 1779): 
E/MP-Decision( 1779):  MP Decision Options:
E/MP-Decision( 1779): --poll_ms --decision_ms --no_sleep --avg_comp --debug
E/MP-Decision( 1779): --Nw=[1..3]:[value] --Tw=[1..3]:[value] --Ns=[1..3]:[value] --Ts=[1..3]:[value]
E/Sensors (  399): sensors_poll_context_t::pollEvents, line 202: receive event #### i=3, nb=1
E/Sensors (  399): sensors_poll_context_t::pollEvents, line 202: receive event #### i=3, nb=1
E/Sensors (  399): sensors_poll_context_t::pollEvents, line 202: receive event #### i=3, nb=1
E/MP-Decision( 1782): MPDecision server starting
E/MP-Decision( 1782): OPTION ENABLED: Control sleep modes
E/MP-Decision( 1782): OPTION ENABLED: Adjusting average
E/MP-Decision( 1782): 
E/MP-Decision( 1782):  MP Decision Options:
E/MP-Decision( 1782): --poll_ms --decision_ms --no_sleep --avg_comp --debug
E/MP-Decision( 1782): --Nw=[1..3]:[value] --Tw=[1..3]:[value] --Ns=[1..3]:[value] --Ts=[1..3]:[value]
E/Sensors (  399): sensors_poll_context_t::pollEvents, line 202: receive event #### i=3, nb=1
W/SocketClient(  133): write error (Broken pipe)
E/Sensors (  399): sensors_poll_context_t::pollEvents, line 202: receive event #### i=3, nb=1
E/Sensors (  399): sensors_poll_context_t::pollEvents, line 202: receive event #### i=3, nb=1
E/Sensors (  399): sensors_poll_context_t::pollEvents, line 202: receive event #### i=3, nb=1
E/MP-Decision( 1786): MPDecision server starting
E/MP-Decision( 1786): OPTION ENABLED: Control sleep modes
E/MP-Decision( 1786): OPTION ENABLED: Adjusting average
E/MP-Decision( 1786): 
E/MP-Decision( 1786):  MP Decision Options:
E/MP-Decision( 1786): --poll_ms --decision_ms --no_sleep --avg_comp --debug
E/MP-Decision( 1786): --Nw=[1..3]:[value] --Tw=[1..3]:[value] --Ns=[1..3]:[value] --Ts=[1..3]:[value]
E/Sensors (  399): sensors_poll_context_t::pollEvents, line 202: receive event #### i=3, nb=1
E/Sensors (  399): sensors_poll_context_t::pollEvents, line 202: receive event #### i=3, nb=1
E/Sensors (  399): sensors_poll_context_t::pollEvents, line 202: receive event #### i=3, nb=1
E/MP-Decision( 1789): MPDecision server starting
E/MP-Decision( 1789): OPTION ENABLED: Control sleep modes
E/MP-Decision( 1789): OPTION ENABLED: Adjusting average
E/MP-Decision( 1789): 
E/MP-Decision( 1789):  MP Decision Options:
E/MP-Decision( 1789): --poll_ms --decision_ms --no_sleep --avg_comp --debug
E/MP-Decision( 1789): --Nw=[1..3]:[value] --Tw=[1..3]:[value] --Ns=[1..3]:[value] --Ts=[1..3]:[value]
E/Sensors (  399): sensors_poll_context_t::pollEvents, line 202: receive event #### i=3, nb=1
E/Sensors (  399): sensors_poll_context_t::pollEvents, line 202: receive event #### i=3, nb=1
E/Sensors (  399): sensors_poll_context_t::pollEvents, line 202: receive event #### i=3, nb=1
E/MP-Decision( 1792): MPDecision server starting
E/MP-Decision( 1792): OPTION ENABLED: Control sleep modes
E/MP-Decision( 1792): OPTION ENABLED: Adjusting average
E/MP-Decision( 1792): 
E/MP-Decision( 1792):  MP Decision Options:
E/MP-Decision( 1792): --poll_ms --decision_ms --no_sleep --avg_comp --debug
E/MP-Decision( 1792): --Nw=[1..3]:[value] --Tw=[1..3]:[value] --Ns=[1..3]:[value] --Ts=[1..3]:[value]
E/Sensors (  399): sensors_poll_context_t::pollEvents, line 202: receive event #### i=3, nb=1
E/Sensors (  399): sensors_poll_context_t::pollEvents, line 202: receive event #### i=3, nb=1
E/Sensors (  399): sensors_poll_context_t::pollEvents, line 202: receive event #### i=3, nb=1
E/Sensors (  399): sensors_poll_context_t::pollEvents, line 202: receive event #### i=3, nb=1
E/MP-Decision( 1795): MPDecision server starting
E/MP-Decision( 1795): OPTION ENABLED: Control sleep modes
E/MP-Decision( 1795): OPTION ENABLED: Adjusting average
E/MP-Decision( 1795): 
E/MP-Decision( 1795):  MP Decision Options:
E/MP-Decision( 1795): --poll_ms --decision_ms --no_sleep --avg_comp --debug
E/MP-Decision( 1795): --Nw=[1..3]:[value] --Tw=[1..3]:[value] --Ns=[1..3]:[value] --Ts=[1..3]:[value]
E/Sensors (  399): sensors_poll_context_t::pollEvents, line 202: receive event #### i=3, nb=1
E/Sensors (  399): sensors_poll_context_t::pollEvents, line 202: receive event #### i=3, nb=1
E/Sensors (  399): sensors_poll_context_t::pollEvents, line 202: receive event #### i=3, nb=1
E/MP-Decision( 1798): MPDecision server starting
E/MP-Decision( 1798): OPTION ENABLED: Control sleep modes
E/MP-Decision( 1798): OPTION ENABLED: Adjusting average
E/MP-Decision( 1798): 
E/MP-Decision( 1798):  MP Decision Options:
E/MP-Decision( 1798): --poll_ms --decision_ms --no_sleep --avg_comp --debug
E/MP-Decision( 1798): --Nw=[1..3]:[value] --Tw=[1..3]:[value] --Ns=[1..3]:[value] --Ts=[1..3]:[value]
E/Sensors (  399): sensors_poll_context_t::pollEvents, line 202: receive event #### i=3, nb=1
E/Sensors (  399): sensors_poll_context_t::pollEvents, line 202: receive event #### i=3, nb=1
E/Sensors (  399): sensors_poll_context_t::pollEvents, line 202: receive event #### i=3, nb=1
E/Sensors (  399): sensors_poll_context_t::pollEvents, line 202: receive event #### i=3, nb=1
E/MP-Decision( 1801): MPDecision server starting
E/MP-Decision( 1801): OPTION ENABLED: Control sleep modes
E/MP-Decision( 1801): OPTION ENABLED: Adjusting average
E/MP-Decision( 1801): 
E/MP-Decision( 1801):  MP Decision Options:
E/MP-Decision( 1801): --poll_ms --decision_ms --no_sleep --avg_comp --debug
E/MP-Decision( 1801): --Nw=[1..3]:[value] --Tw=[1..3]:[value] --Ns=[1..3]:[value] --Ts=[1..3]:[value]
E/Sensors (  399): sensors_poll_context_t::pollEvents, line 202: receive event #### i=3, nb=1
E/Sensors (  399): sensors_poll_context_t::pollEvents, line 202: receive event #### i=3, nb=1
E/Sensors (  399): sensors_poll_context_t::pollEvents, line 202: receive event #### i=3, nb=1
E/MP-Decision( 1804): MPDecision server starting
E/MP-Decision( 1804): OPTION ENABLED: Control sleep modes
E/MP-Decision( 1804): OPTION ENABLED: Adjusting average
E/MP-Decision( 1804): 
E/MP-Decision( 1804):  MP Decision Options:
E/MP-Decision( 1804): --poll_ms --decision_ms --no_sleep --avg_comp --debug
E/MP-Decision( 1804): --Nw=[1..3]:[value] --Tw=[1..3]:[value] --Ns=[1..3]:[value] --Ts=[1..3]:[value]
E/Sensors (  399): sensors_poll_context_t::pollEvents, line 202: receive event #### i=3, nb=1
E/Sensors (  399): sensors_poll_context_t::pollEvents, line 202: receive event #### i=3, nb=1
E/Sensors (  399): sensors_poll_context_t::pollEvents, line 202: receive event #### i=3, nb=1
E/Sensors (  399): sensors_poll_context_t::pollEvents, line 202: receive event #### i=3, nb=1
E/MP-Decision( 1807): MPDecision server starting
E/MP-Decision( 1807): OPTION ENABLED: Control sleep modes
E/MP-Decision( 1807): OPTION ENABLED: Adjusting average
E/MP-Decision( 1807): 
E/MP-Decision( 1807):  MP Decision Options:
E/MP-Decision( 1807): --poll_ms --decision_ms --no_sleep --avg_comp --debug
E/MP-Decision( 1807): --Nw=[1..3]:[value] --Tw=[1..3]:[value] --Ns=[1..3]:[value] --Ts=[1..3]:[value]
E/Sensors (  399): sensors_poll_context_t::pollEvents, line 202: receive event #### i=3, nb=1
E/Sensors (  399): sensors_poll_context_t::pollEvents, line 202: receive event #### i=3, nb=1
E/Sensors (  399): sensors_poll_context_t::pollEvents, line 202: receive event #### i=3, nb=1
E/MP-Decision( 1810): MPDecision server starting
E/MP-Decision( 1810): OPTION ENABLED: Control sleep modes
E/MP-Decision( 1810): OPTION ENABLED: Adjusting average
E/MP-Decision( 1810): 
E/MP-Decision( 1810):  MP Decision Options:
E/MP-Decision( 1810): --poll_ms --decision_ms --no_sleep --avg_comp --debug
E/MP-Decision( 1810): --Nw=[1..3]:[value] --Tw=[1..3]:[value] --Ns=[1..3]:[value] --Ts=[1..3]:[value]
E/Sensors (  399): sensors_poll_context_t::pollEvents, line 202: receive event #### i=3, nb=1
E/Sensors (  399): sensors_poll_context_t::pollEvents, line 202: receive event #### i=3, nb=1
E/Sensors (  399): sensors_poll_context_t::pollEvents, line 202: receive event #### i=3, nb=1
E/Sensors (  399): sensors_poll_context_t::pollEvents, line 202: receive event #### i=3, nb=1
E/MP-Decision( 1813): MPDecision server starting
E/MP-Decision( 1813): OPTION ENABLED: Control sleep modes
E/MP-Decision( 1813): OPTION ENABLED: Adjusting average
E/MP-Decision( 1813): 
E/MP-Decision( 1813):  MP Decision Options:
E/MP-Decision( 1813): --poll_ms --decision_ms --no_sleep --avg_comp --debug
E/MP-Decision( 1813): --Nw=[1..3]:[value] --Tw=[1..3]:[value] --Ns=[1..3]:[value] --Ts=[1..3]:[value]
E/Sensors (  399): sensors_poll_context_t::pollEvents, line 202: receive event #### i=3, nb=1
E/Sensors (  399): sensors_poll_context_t::pollEvents, line 202: receive event #### i=3, nb=1
E/Sensors (  399): sensors_poll_context_t::pollEvents, line 202: receive event #### i=3, nb=1
E/MP-Decision( 1816): MPDecision server starting
E/MP-Decision( 1816): OPTION ENABLED: Control sleep modes
E/MP-Decision( 1816): OPTION ENABLED: Adjusting average
E/MP-Decision( 1816): 
E/MP-Decision( 1816):  MP Decision Options:
E/MP-Decision( 1816): --poll_ms --decision_ms --no_sleep --avg_comp --debug
E/MP-Decision( 1816): --Nw=[1..3]:[value] --Tw=[1..3]:[value] --Ns=[1..3]:[value] --Ts=[1..3]:[value]
E/Sensors (  399): sensors_poll_context_t::pollEvents, line 202: receive event #### i=3, nb=1
E/Sensors (  399): sensors_poll_context_t::pollEvents, line 202: receive event #### i=3, nb=1
E/Sensors (  399): sensors_poll_context_t::pollEvents, line 202: receive event #### i=3, nb=1
E/Sensors (  399): sensors_poll_context_t::pollEvents, line 202: receive event #### i=3, nb=1
E/MP-Decision( 1819): MPDecision server starting
E/MP-Decision( 1819): OPTION ENABLED: Control sleep modes
E/MP-Decision( 1819): OPTION ENABLED: Adjusting average
E/MP-Decision( 1819): 
E/MP-Decision( 1819):  MP Decision Options:
E/MP-Decision( 1819): --poll_ms --decision_ms --no_sleep --avg_comp --debug
E/MP-Decision( 1819): --Nw=[1..3]:[value] --Tw=[1..3]:[value] --Ns=[1..3]:[value] --Ts=[1..3]:[value]
E/Sensors (  399): sensors_poll_context_t::pollEvents, line 202: receive event #### i=3, nb=1
E/Sensors (  399): sensors_poll_context_t::pollEvents, line 202: receive event #### i=3, nb=1
E/Sensors (  399): sensors_poll_context_t::pollEvents, line 202: receive event #### i=3, nb=1
E/MP-Decision( 1822): MPDecision server starting
E/MP-Decision( 1822): OPTION ENABLED: Control sleep modes
E/MP-Decision( 1822): OPTION ENABLED: Adjusting average
E/MP-Decision( 1822): 
E/MP-Decision( 1822):  MP Decision Options:
E/MP-Decision( 1822): --poll_ms --decision_ms --no_sleep --avg_comp --debug
E/MP-Decision( 1822): --Nw=[1..3]:[value] --Tw=[1..3]:[value] --Ns=[1..3]:[value] --Ts=[1..3]:[value]
E/Sensors (  399): sensors_poll_context_t::pollEvents, line 202: receive event #### i=3, nb=1
E/Sensors (  399): sensors_poll_context_t::pollEvents, line 202: receive event #### i=3, nb=1
E/Sensors (  399): sensors_poll_context_t::pollEvents, line 202: receive event #### i=3, nb=1
E/Sensors (  399): sensors_poll_context_t::pollEvents, line 202: receive event #### i=3, nb=1
E/MP-Decision( 1825): MPDecision server starting
E/MP-Decision( 1825): OPTION ENABLED: Control sleep modes
E/MP-Decision( 1825): OPTION ENABLED: Adjusting average
E/MP-Decision( 1825): 
E/MP-Decision( 1825):  MP Decision Options:
E/MP-Decision( 1825): --poll_ms --decision_ms --no_sleep --avg_comp --debug
E/MP-Decision( 1825): --Nw=[1..3]:[value] --Tw=[1..3]:[value] --Ns=[1..3]:[value] --Ts=[1..3]:[value]
E/Sensors (  399): sensors_poll_context_t::pollEvents, line 202: receive event #### i=3, nb=1
E/Sensors (  399): sensors_poll_context_t::pollEvents, line 202: receive event #### i=3, nb=1
E/Sensors (  399): sensors_poll_context_t::pollEvents, line 202: receive event #### i=3, nb=1
E/MP-Decision( 1828): MPDecision server starting
E/MP-Decision( 1828): OPTION ENABLED: Control sleep modes
E/MP-Decision( 1828): OPTION ENABLED: Adjusting average
E/MP-Decision( 1828): 
E/MP-Decision( 1828):  MP Decision Options:
E/MP-Decision( 1828): --poll_ms --decision_ms --no_sleep --avg_comp --debug
E/MP-Decision( 1828): --Nw=[1..3]:[value] --Tw=[1..3]:[value] --Ns=[1..3]:[value] --Ts=[1..3]:[value]
E/Sensors (  399): sensors_poll_context_t::pollEvents, line 202: receive event #### i=3, nb=1
E/Sensors (  399): sensors_poll_context_t::pollEvents, line 202: receive event #### i=3, nb=1
E/Sensors (  399): sensors_poll_context_t::pollEvents, line 202: receive event #### i=3, nb=1
E/Sensors (  399): sensors_poll_context_t::pollEvents, line 202: receive event #### i=3, nb=1
E/MP-Decision( 1831): MPDecision server starting
E/MP-Decision( 1831): OPTION ENABLED: Control sleep modes
E/MP-Decision( 1831): OPTION ENABLED: Adjusting average
E/MP-Decision( 1831): 
E/MP-Decision( 1831):  MP Decision Options:
E/MP-Decision( 1831): --poll_ms --decision_ms --no_sleep --avg_comp --debug
E/MP-Decision( 1831): --Nw=[1..3]:[value] --Tw=[1..3]:[value] --Ns=[1..3]:[value] --Ts=[1..3]:[value]
E/Sensors (  399): sensors_poll_context_t::pollEvents, line 202: receive event #### i=3, nb=1
E/Sensors (  399): sensors_poll_context_t::pollEvents, line 202: receive event #### i=3, nb=1
E/Sensors (  399): sensors_poll_context_t::pollEvents, line 202: receive event #### i=3, nb=1
E/MP-Decision( 1834): MPDecision server starting
E/MP-Decision( 1834): OPTION ENABLED: Control sleep modes
E/MP-Decision( 1834): OPTION ENABLED: Adjusting average
E/MP-Decision( 1834): 
E/MP-Decision( 1834):  MP Decision Options:
E/MP-Decision( 1834): --poll_ms --decision_ms --no_sleep --avg_comp --debug
E/MP-Decision( 1834): --Nw=[1..3]:[value] --Tw=[1..3]:[value] --Ns=[1..3]:[value] --Ts=[1..3]:[value]
E/Sensors (  399): sensors_poll_context_t::pollEvents, line 202: receive event #### i=3, nb=1
E/Sensors (  399): sensors_poll_context_t::pollEvents, line 202: receive event #### i=3, nb=1
E/Sensors (  399): sensors_poll_context_t::pollEvents, line 202: receive event #### i=3, nb=1
E/Sensors (  399): sensors_poll_context_t::pollEvents, line 202: receive event #### i=3, nb=1
E/MP-Decision( 1837): MPDecision server starting
E/MP-Decision( 1837): OPTION ENABLED: Control sleep modes
E/MP-Decision( 1837): OPTION ENABLED: Adjusting average
E/MP-Decision( 1837): 
E/MP-Decision( 1837):  MP Decision Options:
E/MP-Decision( 1837): --poll_ms --decision_ms --no_sleep --avg_comp --debug
E/MP-Decision( 1837): --Nw=[1..3]:[value] --Tw=[1..3]:[value] --Ns=[1..3]:[value] --Ts=[1..3]:[value]
E/Sensors (  399): sensors_poll_context_t::pollEvents, line 202: receive event #### i=3, nb=1
E/Sensors (  399): sensors_poll_context_t::pollEvents, line 202: receive event #### i=3, nb=1
E/Sensors (  399): sensors_poll_context_t::pollEvents, line 202: receive event #### i=3, nb=1
E/MP-Decision( 1840): MPDecision server starting
E/MP-Decision( 1840): OPTION ENABLED: Control sleep modes
E/MP-Decision( 1840): OPTION ENABLED: Adjusting average
E/MP-Decision( 1840): 
E/MP-Decision( 1840):  MP Decision Options:
E/MP-Decision( 1840): --poll_ms --decision_ms --no_sleep --avg_comp --debug
E/MP-Decision( 1840): --Nw=[1..3]:[value] --Tw=[1..3]:[value] --Ns=[1..3]:[value] --Ts=[1..3]:[value]
E/Sensors (  399): sensors_poll_context_t::pollEvents, line 202: receive event #### i=3, nb=1
E/Sensors (  399): sensors_poll_context_t::pollEvents, line 202: receive event #### i=3, nb=1
E/Sensors (  399): sensors_poll_context_t::pollEvents, line 202: receive event #### i=3, nb=1
E/Sensors (  399): sensors_poll_context_t::pollEvents, line 202: receive event #### i=3, nb=1
E/MP-Decision( 1843): MPDecision server starting
E/MP-Decision( 1843): OPTION ENABLED: Control sleep modes
E/MP-Decision( 1843): OPTION ENABLED: Adjusting average
E/MP-Decision( 1843): 
E/MP-Decision( 1843):  MP Decision Options:
E/MP-Decision( 1843): --poll_ms --decision_ms --no_sleep --avg_comp --debug
E/MP-Decision( 1843): --Nw=[1..3]:[value] --Tw=[1..3]:[value] --Ns=[1..3]:[value] --Ts=[1..3]:[value]
E/Sensors (  399): sensors_poll_context_t::pollEvents, line 202: receive event #### i=3, nb=1
E/Sensors (  399): sensors_poll_context_t::pollEvents, line 202: receive event #### i=3, nb=1
E/Sensors (  399): sensors_poll_context_t::pollEvents, line 202: receive event #### i=3, nb=1
E/MP-Decision( 1846): MPDecision server starting
E/MP-Decision( 1846): OPTION ENABLED: Control sleep modes
E/MP-Decision( 1846): OPTION ENABLED: Adjusting average
E/MP-Decision( 1846): 
E/MP-Decision( 1846):  MP Decision Options:
E/MP-Decision( 1846): --poll_ms --decision_ms --no_sleep --avg_comp --debug
E/MP-Decision( 1846): --Nw=[1..3]:[value] --Tw=[1..3]:[value] --Ns=[1..3]:[value] --Ts=[1..3]:[value]
E/Sensors (  399): sensors_poll_context_t::pollEvents, line 202: receive event #### i=3, nb=1
E/Sensors (  399): sensors_poll_context_t::pollEvents, line 202: receive event #### i=3, nb=1
E/Sensors (  399): sensors_poll_context_t::pollEvents, line 202: receive event #### i=3, nb=1
E/Sensors (  399): sensors_poll_context_t::pollEvents, line 202: receive event #### i=3, nb=1
E/MP-Decision( 1849): MPDecision server starting
E/MP-Decision( 1849): OPTION ENABLED: Control sleep modes
E/MP-Decision( 1849): OPTION ENABLED: Adjusting average
E/MP-Decision( 1849): 
E/MP-Decision( 1849):  MP Decision Options:
E/MP-Decision( 1849): --poll_ms --decision_ms --no_sleep --avg_comp --debug
E/MP-Decision( 1849): --Nw=[1..3]:[value] --Tw=[1..3]:[value] --Ns=[1..3]:[value] --Ts=[1..3]:[value]
E/Sensors (  399): sensors_poll_context_t::pollEvents, line 202: receive event #### i=3, nb=1
E/Sensors (  399): sensors_poll_context_t::pollEvents, line 202: receive event #### i=3, nb=1
E/Sensors (  399): sensors_poll_context_t::pollEvents, line 202: receive event #### i=3, nb=1
E/MP-Decision( 1852): MPDecision server starting
E/MP-Decision( 1852): OPTION ENABLED: Control sleep modes
E/MP-Decision( 1852): OPTION ENABLED: Adjusting average
E/MP-Decision( 1852): 
E/MP-Decision( 1852):  MP Decision Options:
E/MP-Decision( 1852): --poll_ms --decision_ms --no_sleep --avg_comp --debug
E/MP-Decision( 1852): --Nw=[1..3]:[value] --Tw=[1..3]:[value] --Ns=[1..3]:[value] --Ts=[1..3]:[value]
E/Sensors (  399): sensors_poll_context_t::pollEvents, line 202: receive event #### i=3, nb=1
E/Sensors (  399): sensors_poll_context_t::pollEvents, line 202: receive event #### i=3, nb=1
E/Sensors (  399): sensors_poll_context_t::pollEvents, line 202: receive event #### i=3, nb=1
E/Sensors (  399): sensors_poll_context_t::pollEvents, line 202: receive event #### i=3, nb=1
E/MP-Decision( 1855): MPDecision server starting
E/MP-Decision( 1855): OPTION ENABLED: Control sleep modes
E/MP-Decision( 1855): OPTION ENABLED: Adjusting average
E/MP-Decision( 1855): 
E/MP-Decision( 1855):  MP Decision Options:
E/MP-Decision( 1855): --poll_ms --decision_ms --no_sleep --avg_comp --debug
E/MP-Decision( 1855): --Nw=[1..3]:[value] --Tw=[1..3]:[value] --Ns=[1..3]:[value] --Ts=[1..3]:[value]
E/Sensors (  399): sensors_poll_context_t::pollEvents, line 202: receive event #### i=3, nb=1
E/Sensors (  399): sensors_poll_context_t::pollEvents, line 202: receive event #### i=3, nb=1
E/Sensors (  399): sensors_poll_context_t::pollEvents, line 202: receive event #### i=3, nb=1
E/MP-Decision( 1858): MPDecision server starting
E/MP-Decision( 1858): OPTION ENABLED: Control sleep modes
E/MP-Decision( 1858): OPTION ENABLED: Adjusting average
E/MP-Decision( 1858): 
E/MP-Decision( 1858):  MP Decision Options:
E/MP-Decision( 1858): --poll_ms --decision_ms --no_sleep --avg_comp --debug
E/MP-Decision( 1858): --Nw=[1..3]:[value] --Tw=[1..3]:[value] --Ns=[1..3]:[value] --Ts=[1..3]:[value]
E/Sensors (  399): sensors_poll_context_t::pollEvents, line 202: receive event #### i=3, nb=1
E/Sensors (  399): sensors_poll_context_t::pollEvents, line 202: receive event #### i=3, nb=1
E/Sensors (  399): sensors_poll_context_t::pollEvents, line 202: receive event #### i=3, nb=1
E/Sensors (  399): sensors_poll_context_t::pollEvents, line 202: receive event #### i=3, nb=1
E/MP-Decision( 1861): MPDecision server starting
E/MP-Decision( 1861): OPTION ENABLED: Control sleep modes
E/MP-Decision( 1861): OPTION ENABLED: Adjusting average
E/MP-Decision( 1861): 
E/MP-Decision( 1861):  MP Decision Options:
E/MP-Decision( 1861): --poll_ms --decision_ms --no_sleep --avg_comp --debug
E/MP-Decision( 1861): --Nw=[1..3]:[value] --Tw=[1..3]:[value] --Ns=[1..3]:[value] --Ts=[1..3]:[value]
E/Sensors (  399): sensors_poll_context_t::pollEvents, line 202: receive event #### i=3, nb=1
E/Sensors (  399): sensors_poll_context_t::pollEvents, line 202: receive event #### i=3, nb=1
E/Sensors (  399): sensors_poll_context_t::pollEvents, line 202: receive event #### i=3, nb=1
E/MP-Decision( 1864): MPDecision server starting
E/MP-Decision( 1864): OPTION ENABLED: Control sleep modes
E/MP-Decision( 1864): OPTION ENABLED: Adjusting average
E/MP-Decision( 1864): 
E/MP-Decision( 1864):  MP Decision Options:
E/MP-Decision( 1864): --poll_ms --decision_ms --no_sleep --avg_comp --debug
E/MP-Decision( 1864): --Nw=[1..3]:[value] --Tw=[1..3]:[value] --Ns=[1..3]:[value] --Ts=[1..3]:[value]
E/Sensors (  399): sensors_poll_context_t::pollEvents, line 202: receive event #### i=3, nb=1
E/Sensors (  399): sensors_poll_context_t::pollEvents, line 202: receive event #### i=3, nb=1
E/Sensors (  399): sensors_poll_context_t::pollEvents, line 202: receive event #### i=3, nb=1
E/Sensors (  399): sensors_poll_context_t::pollEvents, line 202: receive event #### i=3, nb=1
E/MP-Decision( 1867): MPDecision server starting
E/MP-Decision( 1867): OPTION ENABLED: Control sleep modes
E/MP-Decision( 1867): OPTION ENABLED: Adjusting average
E/MP-Decision( 1867): 
E/MP-Decision( 1867):  MP Decision Options:
E/MP-Decision( 1867): --poll_ms --decision_ms --no_sleep --avg_comp --debug
E/MP-Decision( 1867): --Nw=[1..3]:[value] --Tw=[1..3]:[value] --Ns=[1..3]:[value] --Ts=[1..3]:[value]
E/Sensors (  399): sensors_poll_context_t::pollEvents, line 202: receive event #### i=3, nb=1
E/Sensors (  399): sensors_poll_context_t::pollEvents, line 202: receive event #### i=3, nb=1
E/Sensors (  399): sensors_poll_context_t::pollEvents, line 202: receive event #### i=3, nb=1
E/MP-Decision( 1870): MPDecision server starting
E/MP-Decision( 1870): OPTION ENABLED: Control sleep modes
E/MP-Decision( 1870): OPTION ENABLED: Adjusting average
E/MP-Decision( 1870): 
E/MP-Decision( 1870):  MP Decision Options:
E/MP-Decision( 1870): --poll_ms --decision_ms --no_sleep --avg_comp --debug
E/MP-Decision( 1870): --Nw=[1..3]:[value] --Tw=[1..3]:[value] --Ns=[1..3]:[value] --Ts=[1..3]:[value]
E/Sensors (  399): sensors_poll_context_t::pollEvents, line 202: receive event #### i=3, nb=1
E/Sensors (  399): sensors_poll_context_t::pollEvents, line 202: receive event #### i=3, nb=1
E/Sensors (  399): sensors_poll_context_t::pollEvents, line 202: receive event #### i=3, nb=1
E/Sensors (  399): sensors_poll_context_t::pollEvents, line 202: receive event #### i=3, nb=1
E/MP-Decision( 1874): MPDecision server starting
E/MP-Decision( 1874): OPTION ENABLED: Control sleep modes
E/MP-Decision( 1874): OPTION ENABLED: Adjusting average
E/MP-Decision( 1874): 
E/MP-Decision( 1874):  MP Decision Options:
E/MP-Decision( 1874): --poll_ms --decision_ms --no_sleep --avg_comp --debug
E/MP-Decision( 1874): --Nw=[1..3]:[value] --Tw=[1..3]:[value] --Ns=[1..3]:[value] --Ts=[1..3]:[value]
E/Sensors (  399): sensors_poll_context_t::pollEvents, line 202: receive event #### i=3, nb=1
E/Sensors (  399): sensors_poll_context_t::pollEvents, line 202: receive event #### i=3, nb=1
E/Sensors (  399): sensors_poll_context_t::pollEvents, line 202: receive event #### i=3, nb=1
E/MP-Decision( 1877): MPDecision server starting
E/MP-Decision( 1877): OPTION ENABLED: Control sleep modes
E/MP-Decision( 1877): OPTION ENABLED: Adjusting average
E/MP-Decision( 1877): 
E/MP-Decision( 1877):  MP Decision Options:
E/MP-Decision( 1877): --poll_ms --decision_ms --no_sleep --avg_comp --debug
E/MP-Decision( 1877): --Nw=[1..3]:[value] --Tw=[1..3]:[value] --Ns=[1..3]:[value] --Ts=[1..3]:[value]
E/Sensors (  399): sensors_poll_context_t::pollEvents, line 202: receive event #### i=3, nb=1
E/Sensors (  399): sensors_poll_context_t::pollEvents, line 202: receive event #### i=3, nb=1
E/Sensors (  399): sensors_poll_context_t::pollEvents, line 202: receive event #### i=3, nb=1
E/Sensors (  399): sensors_poll_context_t::pollEvents, line 202: receive event #### i=3, nb=1
E/MP-Decision( 1880): MPDecision server starting
E/MP-Decision( 1880): OPTION ENABLED: Control sleep modes
E/MP-Decision( 1880): OPTION ENABLED: Adjusting average
E/MP-Decision( 1880): 
E/MP-Decision( 1880):  MP Decision Options:
E/MP-Decision( 1880): --poll_ms --decision_ms --no_sleep --avg_comp --debug
E/MP-Decision( 1880): --Nw=[1..3]:[value] --Tw=[1..3]:[value] --Ns=[1..3]:[value] --Ts=[1..3]:[value]
E/Sensors (  399): sensors_poll_context_t::pollEvents, line 202: receive event #### i=3, nb=1
E/Sensors (  399): sensors_poll_context_t::pollEvents, line 202: receive event #### i=3, nb=1
E/Sensors (  399): sensors_poll_context_t::pollEvents, line 202: receive event #### i=3, nb=1
E/MP-Decision( 1883): MPDecision server starting
E/MP-Decision( 1883): OPTION ENABLED: Control sleep modes
E/MP-Decision( 1883): OPTION ENABLED: Adjusting average
E/MP-Decision( 1883): 
E/MP-Decision( 1883):  MP Decision Options:
E/MP-Decision( 1883): --poll_ms --decision_ms --no_sleep --avg_comp --debug
E/MP-Decision( 1883): --Nw=[1..3]:[value] --Tw=[1..3]:[value] --Ns=[1..3]:[value] --Ts=[1..3]:[value]
E/Sensors (  399): sensors_poll_context_t::pollEvents, line 202: receive event #### i=3, nb=1
E/Sensors (  399): sensors_poll_context_t::pollEvents, line 202: receive event #### i=3, nb=1
I/phone   ( 1332): [RadioInfo] onPause: unregister phone & data intents
E/Sensors (  399): sensors_poll_context_t::pollEvents, line 202: receive event #### i=3, nb=1
E/Sensors (  399): sensors_poll_context_t::pollEvents, line 202: receive event #### i=3, nb=1
E/MP-Decision( 1894): MPDecision server starting
E/MP-Decision( 1894): OPTION ENABLED: Control sleep modes
E/MP-Decision( 1894): OPTION ENABLED: Adjusting average
E/MP-Decision( 1894): 
E/MP-Decision( 1894):  MP Decision Options:
E/MP-Decision( 1894): --poll_ms --decision_ms --no_sleep --avg_comp --debug
E/MP-Decision( 1894): --Nw=[1..3]:[value] --Tw=[1..3]:[value] --Ns=[1..3]:[value] --Ts=[1..3]:[value]
I/ActivityManager(  399): moveTaskToBack: 3
D/dalvikvm(  399): GC_FOR_ALLOC freed 719K, 27% free 7298K/9927K, paused 41ms, total 43ms
W/IInputConnectionWrapper( 1550): showStatusIcon on inactive InputConnection
E/Sensors (  399): sensors_poll_context_t::pollEvents, line 202: receive event #### i=3, nb=1
W/NotificationMgr( 1332): updateInCallNotification: null connection, can't set exp view line 1.
D/dalvikvm(  620): GC_EXPLICIT freed 1633K, 44% free 4653K/8195K, paused 3ms+4ms, total 33ms
E/Sensors (  399): sensors_poll_context_t::pollEvents, line 202: receive event #### i=3, nb=1
D/dalvikvm(  620): GC_FOR_ALLOC freed 984K, 39% free 5047K/8195K, paused 18ms, total 18ms
I/dalvikvm-heap(  620): Grow heap (frag case) to 13.913MB for 925072-byte allocation
D/dalvikvm(  620): GC_CONCURRENT freed 1382K, 37% free 6159K/9735K, paused 8ms+8ms, total 81ms
D/dalvikvm(  620): GC_FOR_ALLOC freed 959K, 41% free 5751K/9735K, paused 27ms, total 27ms
I/dalvikvm-heap(  620): Grow heap (frag case) to 14.944MB for 1286224-byte allocation
D/dalvikvm(  620): GC_CONCURRENT freed 158K, 29% free 7845K/11015K, paused 8ms+4ms, total 104ms
I/ActivityManager(  399): START {act=android.intent.action.MAIN cat=[android.intent.category.LAUNCHER] flg=0x10200000 cmp=com.speedsoftware.rootexplorer/.RootExplorer u=0} from pid 620
D/dalvikvm(  399): GC_FOR_ALLOC freed 1415K, 35% free 6497K/9927K, paused 47ms, total 50ms
I/ActivityManager(  399): Start proc com.speedsoftware.rootexplorer for activity com.speedsoftware.rootexplorer/.RootExplorer: pid=1906 uid=10048 gids={1015, 1028}
I/ActivityManager(  399): START {act=android.intent.action.MAIN cmp=com.speedsoftware.rootexplorer/.RootExplorerPhone u=0} from pid 1906
W/Resources( 1906): Converting to float: TypedValue{t=0x3/d=0x46 "0" a=2 r=0x7f090001}
D/su      ( 1923): Found file /data/data/com.noshufou.android.su/files/stored/10048-0
D/su      ( 1923): Comparing '/system/bin/sh' to '/system/bin/sh'
D/su      ( 1924): Executing exec /system/bin/am broadcast -a com.noshufou.android.su.RESULT --es socket '' --ei caller_uid 10048 --ei allow 1 --ei version_code 18
E/Sensors (  399): sensors_poll_context_t::pollEvents, line 202: receive event #### i=3, nb=1
D/AndroidRuntime( 1924): 
D/AndroidRuntime( 1924): >>>>>> AndroidRuntime START com.android.internal.os.RuntimeInit <<<<<<
D/AndroidRuntime( 1924): CheckJNI is OFF
D/dalvikvm( 1924): Trying to load lib libjavacore.so 0x0
D/dalvikvm( 1924): Added shared lib libjavacore.so 0x0
D/dalvikvm( 1924): Trying to load lib libnativehelper.so 0x0
D/dalvikvm( 1924): Added shared lib libnativehelper.so 0x0
E/MP-Decision( 1932): MPDecision server starting
E/MP-Decision( 1932): OPTION ENABLED: Control sleep modes
E/MP-Decision( 1932): OPTION ENABLED: Adjusting average
E/MP-Decision( 1932): 
E/MP-Decision( 1932):  MP Decision Options:
E/MP-Decision( 1932): --poll_ms --decision_ms --no_sleep --avg_comp --debug
E/MP-Decision( 1932): --Nw=[1..3]:[value] --Tw=[1..3]:[value] --Ns=[1..3]:[value] --Ts=[1..3]:[value]
D/AndroidRuntime( 1924): Calling main entry com.android.commands.am.Am
D/AndroidRuntime( 1924): Shutting down VM
D/dalvikvm( 1924): GC_CONCURRENT freed 99K, 81% free 499K/2560K, paused 11ms+1ms, total 16ms
D/su      ( 1923): 10048 /system/bin/mksh executing 0 /system/bin/sh using shell /system/bin/sh : sh
I/Choreographer( 1906): Skipped 76 frames!  The application may be doing too much work on its main thread.
D/libEGL  ( 1906): loaded /system/lib/egl/libEGL_adreno200.so
D/libEGL  ( 1906): loaded /system/lib/egl/libGLESv1_CM_adreno200.so
D/libEGL  ( 1906): loaded /system/lib/egl/libGLESv2_adreno200.so
I/Adreno200-EGL( 1906): <qeglDrvAPI_eglInitialize:299>: EGL 1.4 QUALCOMM build: AU_LINUX_ANDROID_JB_REL_2.0.3.04.01.01.21.010_msm8625_JB_REL_2.0.3_Merge_release_AU (Merge)
I/Adreno200-EGL( 1906): Build Date: 10/26/12 Fri
I/Adreno200-EGL( 1906): Local Branch: 
I/Adreno200-EGL( 1906): Remote Branch: quic/jb_rel_2.0.3
I/Adreno200-EGL( 1906): Local Patches: NONE
I/Adreno200-EGL( 1906): Reconstruct Branch: AU_LINUX_ANDROID_JB_REL_2.0.3.04.01.01.21.010 +  NOTHING
D/OpenGLRenderer( 1906): Enabling debug mode 0
E/Sensors (  399): sensors_poll_context_t::pollEvents, line 202: receive event #### i=3, nb=1
I/ActivityManager(  399): Displayed com.speedsoftware.rootexplorer/.RootExplorerPhone: +1s987ms (total +2s162ms)
E/Sensors (  399): sensors_poll_context_t::pollEvents, line 202: receive event #### i=3, nb=1
E/Sensors (  399): sensors_poll_context_t::pollEvents, line 202: receive event #### i=3, nb=1
E/MP-Decision( 1961): MPDecision server starting
E/MP-Decision( 1961): OPTION ENABLED: Control sleep modes
E/MP-Decision( 1961): OPTION ENABLED: Adjusting average
E/MP-Decision( 1961): 
E/MP-Decision( 1961):  MP Decision Options:
E/MP-Decision( 1961): --poll_ms --decision_ms --no_sleep --avg_comp --debug
E/MP-Decision( 1961): --Nw=[1..3]:[value] --Tw=[1..3]:[value] --Ns=[1..3]:[value] --Ts=[1..3]:[value]
E/Sensors (  399): sensors_poll_context_t::pollEvents, line 202: receive event #### i=3, nb=1
I/ActivityManager(  399): START {dat=file:///init.rc cmp=com.speedsoftware.rootexplorer/.DisplayText (has extras) u=0} from pid 1906
E/BinaryDictionaryGetter(  587): Could not find a dictionary pack
E/ActivityThread(  587): Failed to find provider info for com.android.inputmethod.latin.dictionarypack
I/ActivityManager(  399): Displayed com.speedsoftware.rootexplorer/.DisplayText: +532ms
E/Sensors (  399): sensors_poll_context_t::pollEvents, line 202: receive event #### i=3, nb=1
E/Sensors (  399): sensors_poll_context_t::pollEvents, line 202: receive event #### i=3, nb=1
E/Sensors (  399): sensors_poll_context_t::pollEvents, line 202: receive event #### i=3, nb=1
E/MP-Decision( 1972): MPDecision server starting
E/MP-Decision( 1972): OPTION ENABLED: Control sleep modes
E/MP-Decision( 1972): OPTION ENABLED: Adjusting average
E/MP-Decision( 1972): 
E/MP-Decision( 1972):  MP Decision Options:
E/MP-Decision( 1972): --poll_ms --decision_ms --no_sleep --avg_comp --debug
E/MP-Decision( 1972): --Nw=[1..3]:[value] --Tw=[1..3]:[value] --Ns=[1..3]:[value] --Ts=[1..3]:[value]
E/Sensors (  399): sensors_poll_context_t::pollEvents, line 202: receive event #### i=3, nb=1
E/Sensors (  399): sensors_poll_context_t::pollEvents, line 202: receive event #### i=3, nb=1
E/Sensors (  399): sensors_poll_context_t::pollEvents, line 202: receive event #### i=3, nb=1
E/MP-Decision( 1975): MPDecision server starting
E/MP-Decision( 1975): OPTION ENABLED: Control sleep modes
E/MP-Decision( 1975): OPTION ENABLED: Adjusting average
E/MP-Decision( 1975): 
E/MP-Decision( 1975):  MP Decision Options:
E/MP-Decision( 1975): --poll_ms --decision_ms --no_sleep --avg_comp --debug
E/MP-Decision( 1975): --Nw=[1..3]:[value] --Tw=[1..3]:[value] --Ns=[1..3]:[value] --Ts=[1..3]:[value]
E/Sensors (  399): sensors_poll_context_t::pollEvents, line 202: receive event #### i=3, nb=1
E/Sensors (  399): sensors_poll_context_t::pollEvents, line 202: receive event #### i=3, nb=1
E/Sensors (  399): sensors_poll_context_t::pollEvents, line 202: receive event #### i=3, nb=1
E/Sensors (  399): sensors_poll_context_t::pollEvents, line 202: receive event #### i=3, nb=1
E/MP-Decision( 1978): MPDecision server starting
E/MP-Decision( 1978): OPTION ENABLED: Control sleep modes
E/MP-Decision( 1978): OPTION ENABLED: Adjusting average
E/MP-Decision( 1978): 
E/MP-Decision( 1978):  MP Decision Options:
E/MP-Decision( 1978): --poll_ms --decision_ms --no_sleep --avg_comp --debug
E/MP-Decision( 1978): --Nw=[1..3]:[value] --Tw=[1..3]:[value] --Ns=[1..3]:[value] --Ts=[1..3]:[value]
D/dalvikvm( 1906): GC_CONCURRENT freed 1860K, 36% free 5313K/8195K, paused 2ms+5ms, total 37ms
E/Sensors (  399): sensors_poll_context_t::pollEvents, line 202: receive event #### i=3, nb=1
E/Sensors (  399): sensors_poll_context_t::pollEvents, line 202: receive event #### i=3, nb=1
E/Sensors (  399): sensors_poll_context_t::pollEvents, line 202: receive event #### i=3, nb=1
E/MP-Decision( 1981): MPDecision server starting
E/MP-Decision( 1981): OPTION ENABLED: Control sleep modes
E/MP-Decision( 1981): OPTION ENABLED: Adjusting average
E/MP-Decision( 1981): 
E/MP-Decision( 1981):  MP Decision Options:
E/MP-Decision( 1981): --poll_ms --decision_ms --no_sleep --avg_comp --debug
E/MP-Decision( 1981): --Nw=[1..3]:[value] --Tw=[1..3]:[value] --Ns=[1..3]:[value] --Ts=[1..3]:[value]
E/Sensors (  399): sensors_poll_context_t::pollEvents, line 202: receive event #### i=3, nb=1
E/Sensors (  399): sensors_poll_context_t::pollEvents, line 202: receive event #### i=3, nb=1
E/Sensors (  399): sensors_poll_context_t::pollEvents, line 202: receive event #### i=3, nb=1
E/Sensors (  399): sensors_poll_context_t::pollEvents, line 202: receive event #### i=3, nb=1
E/MP-Decision( 1984): MPDecision server starting
E/MP-Decision( 1984): OPTION ENABLED: Control sleep modes
E/MP-Decision( 1984): OPTION ENABLED: Adjusting average
E/MP-Decision( 1984): 
E/MP-Decision( 1984):  MP Decision Options:
E/MP-Decision( 1984): --poll_ms --decision_ms --no_sleep --avg_comp --debug
E/MP-Decision( 1984): --Nw=[1..3]:[value] --Tw=[1..3]:[value] --Ns=[1..3]:[value] --Ts=[1..3]:[value]
E/Sensors (  399): sensors_poll_context_t::pollEvents, line 202: receive event #### i=3, nb=1
E/Sensors (  399): sensors_poll_context_t::pollEvents, line 202: receive event #### i=3, nb=1
E/Sensors (  399): sensors_poll_context_t::pollEvents, line 202: receive event #### i=3, nb=1
E/MP-Decision( 1987): MPDecision server starting
E/MP-Decision( 1987): OPTION ENABLED: Control sleep modes
E/MP-Decision( 1987): OPTION ENABLED: Adjusting average
E/MP-Decision( 1987): 
E/MP-Decision( 1987):  MP Decision Options:
E/MP-Decision( 1987): --poll_ms --decision_ms --no_sleep --avg_comp --debug
E/MP-Decision( 1987): --Nw=[1..3]:[value] --Tw=[1..3]:[value] --Ns=[1..3]:[value] --Ts=[1..3]:[value]
E/Sensors (  399): sensors_poll_context_t::pollEvents, line 202: receive event #### i=3, nb=1
E/Sensors (  399): sensors_poll_context_t::pollEvents, line 202: receive event #### i=3, nb=1
E/Sensors (  399): sensors_poll_context_t::pollEvents, line 202: receive event #### i=3, nb=1
E/Sensors (  399): sensors_poll_context_t::pollEvents, line 202: receive event #### i=3, nb=1
E/MP-Decision( 1990): MPDecision server starting
E/MP-Decision( 1990): OPTION ENABLED: Control sleep modes
E/MP-Decision( 1990): OPTION ENABLED: Adjusting average
E/MP-Decision( 1990): 
E/MP-Decision( 1990):  MP Decision Options:
E/MP-Decision( 1990): --poll_ms --decision_ms --no_sleep --avg_comp --debug
E/MP-Decision( 1990): --Nw=[1..3]:[value] --Tw=[1..3]:[value] --Ns=[1..3]:[value] --Ts=[1..3]:[value]
E/Sensors (  399): sensors_poll_context_t::pollEvents, line 202: receive event #### i=3, nb=1
E/Sensors (  399): sensors_poll_context_t::pollEvents, line 202: receive event #### i=3, nb=1
E/Sensors (  399): sensors_poll_context_t::pollEvents, line 202: receive event #### i=3, nb=1
E/MP-Decision( 1993): MPDecision server starting
E/MP-Decision( 1993): OPTION ENABLED: Control sleep modes
E/MP-Decision( 1993): OPTION ENABLED: Adjusting average
E/MP-Decision( 1993): 
E/MP-Decision( 1993):  MP Decision Options:
E/MP-Decision( 1993): --poll_ms --decision_ms --no_sleep --avg_comp --debug
E/MP-Decision( 1993): --Nw=[1..3]:[value] --Tw=[1..3]:[value] --Ns=[1..3]:[value] --Ts=[1..3]:[value]
E/Sensors (  399): sensors_poll_context_t::pollEvents, line 202: receive event #### i=3, nb=1
D/dalvikvm( 1906): GC_CONCURRENT freed 1906K, 38% free 5136K/8195K, paused 3ms+13ms, total 37ms
E/Sensors (  399): sensors_poll_context_t::pollEvents, line 202: receive event #### i=3, nb=1
E/Sensors (  399): sensors_poll_context_t::pollEvents, line 202: receive event #### i=3, nb=1
E/Sensors (  399): sensors_poll_context_t::pollEvents, line 202: receive event #### i=3, nb=1
E/MP-Decision( 1996): MPDecision server starting
E/MP-Decision( 1996): OPTION ENABLED: Control sleep modes
E/MP-Decision( 1996): OPTION ENABLED: Adjusting average
E/MP-Decision( 1996): 
E/MP-Decision( 1996):  MP Decision Options:
E/MP-Decision( 1996): --poll_ms --decision_ms --no_sleep --avg_comp --debug
E/MP-Decision( 1996): --Nw=[1..3]:[value] --Tw=[1..3]:[value] --Ns=[1..3]:[value] --Ts=[1..3]:[value]
E/Sensors (  399): sensors_poll_context_t::pollEvents, line 202: receive event #### i=3, nb=1
E/Sensors (  399): sensors_poll_context_t::pollEvents, line 202: receive event #### i=3, nb=1
E/Sensors (  399): sensors_poll_context_t::pollEvents, line 202: receive event #### i=3, nb=1
E/MP-Decision( 1999): MPDecision server starting
E/MP-Decision( 1999): OPTION ENABLED: Control sleep modes
E/MP-Decision( 1999): OPTION ENABLED: Adjusting average
E/MP-Decision( 1999): 
E/MP-Decision( 1999):  MP Decision Options:
E/MP-Decision( 1999): --poll_ms --decision_ms --no_sleep --avg_comp --debug
E/MP-Decision( 1999): --Nw=[1..3]:[value] --Tw=[1..3]:[value] --Ns=[1..3]:[value] --Ts=[1..3]:[value]
E/Sensors (  399): sensors_poll_context_t::pollEvents, line 202: receive event #### i=3, nb=1
E/Sensors (  399): sensors_poll_context_t::pollEvents, line 202: receive event #### i=3, nb=1
E/Sensors (  399): sensors_poll_context_t::pollEvents, line 202: receive event #### i=3, nb=1
E/MP-Decision( 2002): MPDecision server starting
E/MP-Decision( 2002): OPTION ENABLED: Control sleep modes
E/MP-Decision( 2002): OPTION ENABLED: Adjusting average
E/MP-Decision( 2002): 
E/MP-Decision( 2002):  MP Decision Options:
E/MP-Decision( 2002): --poll_ms --decision_ms --no_sleep --avg_comp --debug
E/MP-Decision( 2002): --Nw=[1..3]:[value] --Tw=[1..3]:[value] --Ns=[1..3]:[value] --Ts=[1..3]:[value]
E/Sensors (  399): sensors_poll_context_t::pollEvents, line 202: receive event #### i=3, nb=1
E/Sensors (  399): sensors_poll_context_t::pollEvents, line 202: receive event #### i=3, nb=1
E/Sensors (  399): sensors_poll_context_t::pollEvents, line 202: receive event #### i=3, nb=1
E/Sensors (  399): sensors_poll_context_t::pollEvents, line 202: receive event #### i=3, nb=1
E/MP-Decision( 2005): MPDecision server starting
E/MP-Decision( 2005): OPTION ENABLED: Control sleep modes
E/MP-Decision( 2005): OPTION ENABLED: Adjusting average
E/MP-Decision( 2005): 
E/MP-Decision( 2005):  MP Decision Options:
E/MP-Decision( 2005): --poll_ms --decision_ms --no_sleep --avg_comp --debug
E/MP-Decision( 2005): --Nw=[1..3]:[value] --Tw=[1..3]:[value] --Ns=[1..3]:[value] --Ts=[1..3]:[value]
E/Sensors (  399): sensors_poll_context_t::pollEvents, line 202: receive event #### i=3, nb=1
D/dalvikvm( 1906): GC_CONCURRENT freed 1669K, 37% free 5212K/8195K, paused 5ms+3ms, total 44ms
E/Sensors (  399): sensors_poll_context_t::pollEvents, line 202: receive event #### i=3, nb=1
E/Sensors (  399): sensors_poll_context_t::pollEvents, line 202: receive event #### i=3, nb=1
E/MP-Decision( 2008): MPDecision server starting
E/MP-Decision( 2008): OPTION ENABLED: Control sleep modes
E/MP-Decision( 2008): OPTION ENABLED: Adjusting average
E/MP-Decision( 2008): 
E/MP-Decision( 2008):  MP Decision Options:
E/MP-Decision( 2008): --poll_ms --decision_ms --no_sleep --avg_comp --debug
E/MP-Decision( 2008): --Nw=[1..3]:[value] --Tw=[1..3]:[value] --Ns=[1..3]:[value] --Ts=[1..3]:[value]
E/Sensors (  399): sensors_poll_context_t::pollEvents, line 202: receive event #### i=3, nb=1
E/Sensors (  399): sensors_poll_context_t::pollEvents, line 202: receive event #### i=3, nb=1
E/Sensors (  399): sensors_poll_context_t::pollEvents, line 202: receive event #### i=3, nb=1
E/Sensors (  399): sensors_poll_context_t::pollEvents, line 202: receive event #### i=3, nb=1
E/MP-Decision( 2011): MPDecision server starting
E/MP-Decision( 2011): OPTION ENABLED: Control sleep modes
E/MP-Decision( 2011): OPTION ENABLED: Adjusting average
E/MP-Decision( 2011): 
E/MP-Decision( 2011):  MP Decision Options:
E/MP-Decision( 2011): --poll_ms --decision_ms --no_sleep --avg_comp --debug
E/MP-Decision( 2011): --Nw=[1..3]:[value] --Tw=[1..3]:[value] --Ns=[1..3]:[value] --Ts=[1..3]:[value]
E/Sensors (  399): sensors_poll_context_t::pollEvents, line 202: receive event #### i=3, nb=1
E/Sensors (  399): sensors_poll_context_t::pollEvents, line 202: receive event #### i=3, nb=1
E/Sensors (  399): sensors_poll_context_t::pollEvents, line 202: receive event #### i=3, nb=1
E/MP-Decision( 2014): MPDecision server starting
E/MP-Decision( 2014): OPTION ENABLED: Control sleep modes
E/MP-Decision( 2014): OPTION ENABLED: Adjusting average
E/MP-Decision( 2014): 
E/MP-Decision( 2014):  MP Decision Options:
E/MP-Decision( 2014): --poll_ms --decision_ms --no_sleep --avg_comp --debug
E/MP-Decision( 2014): --Nw=[1..3]:[value] --Tw=[1..3]:[value] --Ns=[1..3]:[value] --Ts=[1..3]:[value]
E/Sensors (  399): sensors_poll_context_t::pollEvents, line 202: receive event #### i=3, nb=1
E/Sensors (  399): sensors_poll_context_t::pollEvents, line 202: receive event #### i=3, nb=1
E/Sensors (  399): sensors_poll_context_t::pollEvents, line 202: receive event #### i=3, nb=1
E/Sensors (  399): sensors_poll_context_t::pollEvents, line 202: receive event #### i=3, nb=1
E/MP-Decision( 2017): MPDecision server starting
E/MP-Decision( 2017): OPTION ENABLED: Control sleep modes
E/MP-Decision( 2017): OPTION ENABLED: Adjusting average
E/MP-Decision( 2017): 
E/MP-Decision( 2017):  MP Decision Options:
E/MP-Decision( 2017): --poll_ms --decision_ms --no_sleep --avg_comp --debug
E/MP-Decision( 2017): --Nw=[1..3]:[value] --Tw=[1..3]:[value] --Ns=[1..3]:[value] --Ts=[1..3]:[value]
E/Sensors (  399): sensors_poll_context_t::pollEvents, line 202: receive event #### i=3, nb=1
E/Sensors (  399): sensors_poll_context_t::pollEvents, line 202: receive event #### i=3, nb=1
E/Sensors (  399): sensors_poll_context_t::pollEvents, line 202: receive event #### i=3, nb=1
E/MP-Decision( 2020): MPDecision server starting
E/MP-Decision( 2020): OPTION ENABLED: Control sleep modes
E/MP-Decision( 2020): OPTION ENABLED: Adjusting average
E/MP-Decision( 2020): 
E/MP-Decision( 2020):  MP Decision Options:
E/MP-Decision( 2020): --poll_ms --decision_ms --no_sleep --avg_comp --debug
E/MP-Decision( 2020): --Nw=[1..3]:[value] --Tw=[1..3]:[value] --Ns=[1..3]:[value] --Ts=[1..3]:[value]
E/Sensors (  399): sensors_poll_context_t::pollEvents, line 202: receive event #### i=3, nb=1
E/Sensors (  399): sensors_poll_context_t::pollEvents, line 202: receive event #### i=3, nb=1
E/Sensors (  399): sensors_poll_context_t::pollEvents, line 202: receive event #### i=3, nb=1
E/Sensors (  399): sensors_poll_context_t::pollEvents, line 202: receive event #### i=3, nb=1
E/MP-Decision( 2023): MPDecision server starting
E/MP-Decision( 2023): OPTION ENABLED: Control sleep modes
E/MP-Decision( 2023): OPTION ENABLED: Adjusting average
E/MP-Decision( 2023): 
E/MP-Decision( 2023):  MP Decision Options:
E/MP-Decision( 2023): --poll_ms --decision_ms --no_sleep --avg_comp --debug
E/MP-Decision( 2023): --Nw=[1..3]:[value] --Tw=[1..3]:[value] --Ns=[1..3]:[value] --Ts=[1..3]:[value]
E/Sensors (  399): sensors_poll_context_t::pollEvents, line 202: receive event #### i=3, nb=1
E/Sensors (  399): sensors_poll_context_t::pollEvents, line 202: receive event #### i=3, nb=1
E/Sensors (  399): sensors_poll_context_t::pollEvents, line 202: receive event #### i=3, nb=1
E/MP-Decision( 2026): MPDecision server starting
E/MP-Decision( 2026): OPTION ENABLED: Control sleep modes
E/MP-Decision( 2026): OPTION ENABLED: Adjusting average
E/MP-Decision( 2026): 
E/MP-Decision( 2026):  MP Decision Options:
E/MP-Decision( 2026): --poll_ms --decision_ms --no_sleep --avg_comp --debug
E/MP-Decision( 2026): --Nw=[1..3]:[value] --Tw=[1..3]:[value] --Ns=[1..3]:[value] --Ts=[1..3]:[value]
E/Sensors (  399): sensors_poll_context_t::pollEvents, line 202: receive event #### i=3, nb=1
E/Sensors (  399): sensors_poll_context_t::pollEvents, line 202: receive event #### i=3, nb=1
E/Sensors (  399): sensors_poll_context_t::pollEvents, line 202: receive event #### i=3, nb=1
E/Sensors (  399): sensors_poll_context_t::pollEvents, line 202: receive event #### i=3, nb=1
E/MP-Decision( 2029): MPDecision server starting
E/MP-Decision( 2029): OPTION ENABLED: Control sleep modes
E/MP-Decision( 2029): OPTION ENABLED: Adjusting average
E/MP-Decision( 2029): 
E/MP-Decision( 2029):  MP Decision Options:
E/MP-Decision( 2029): --poll_ms --decision_ms --no_sleep --avg_comp --debug
E/MP-Decision( 2029): --Nw=[1..3]:[value] --Tw=[1..3]:[value] --Ns=[1..3]:[value] --Ts=[1..3]:[value]
E/Sensors (  399): sensors_poll_context_t::pollEvents, line 202: receive event #### i=3, nb=1
E/Sensors (  399): sensors_poll_context_t::pollEvents, line 202: receive event #### i=3, nb=1
E/Sensors (  399): sensors_poll_context_t::pollEvents, line 202: receive event #### i=3, nb=1
E/MP-Decision( 2032): MPDecision server starting
E/MP-Decision( 2032): OPTION ENABLED: Control sleep modes
E/MP-Decision( 2032): OPTION ENABLED: Adjusting average
E/MP-Decision( 2032): 
E/MP-Decision( 2032):  MP Decision Options:
E/MP-Decision( 2032): --poll_ms --decision_ms --no_sleep --avg_comp --debug
E/MP-Decision( 2032): --Nw=[1..3]:[value] --Tw=[1..3]:[value] --Ns=[1..3]:[value] --Ts=[1..3]:[value]
E/Sensors (  399): sensors_poll_context_t::pollEvents, line 202: receive event #### i=3, nb=1
E/Sensors (  399): sensors_poll_context_t::pollEvents, line 202: receive event #### i=3, nb=1
